
          -------------------------------------------------------
          Amber 20 PMEMD                              2020
          -------------------------------------------------------

| PMEMD implementation of SANDER, Release 18

|  Compiled date/time: Tue Apr 28 09:19:54 2020
| Run on 09/12/2024 at 01:49:38

|   Executable path: pmemd.cuda_SPFP
| Working directory: /nfs/zli_gpu2/bin/developed_softwares/test_car/car/car/example/0.0_1.0_1.0
|          Hostname: compute-0-8

  [-O]verwriting output

File Assignments:
|   MDIN: prod0.in                                                              
|  MDOUT: prod0.out                                                             
| INPCRD: prev_cen.rst                                                          
|   PARM: ../lM2A.prmtop                                                        
| RESTRT: prod0.rst                                                             
|   REFC: refc                                                                  
|  MDVEL: mdvel                                                                 
|   MDEN: mden                                                                  
|  MDCRD: prod0.netcdf                                                          
| MDINFO: prod0.mdinfo                                                          
|  MDFRC: mdfrc                                                                 


 Here is the input file:

NVT MD w/No position restraints and PME (sander)                               
 &cntrl                                                                        
  ntx    = 5,                                                                  
  irest  = 1,                                                                  
  ntpr   = 50,                                                                 
  ntwx   = 10000,                                                              
  ntwe   = 10000,                                                              
  ntwr   = 10000,                                                              
  ig     = -1,                                                                 
                                                                               
  ntb    = 2,                                                                  
  ntp = 1, pres0 = 1.0, taup = 2.0,gamma_ln = 2.0,                             
  cut    = 10.0,                                                               
  iwrap  = 1,                                                                  
  barostat = 2,                                                                
                                                                               
  t      = 0.0,                                                                
  dt     = 0.002,                                                              
                                                                               
  temp0  = 300.0,                                                              
  tempi  = 300.0,                                                              
  ntt    = 3,                                                                  
  tautp  = 2.0,                                                                
                                                                               
  ntf    = 1,                                                                  
  ntc    = 2,                                                                  
  iwrap=1, ioutfm=1, ntwv=-1,ntave=1000,                                       
  bar_intervall = 50,                                                          
  icfe = 1, ifsc = 1,                                                          
  timask1=':1,2',                                                              
  timask2=':3',                                                                
  scmask1=':2',                                                                
  scmask2='',                                                                  
  ifmbar = 1,                                                                  
  nstlim = 1000,                                                               
  clambda = 1.0,                                                               
  mbar_states = 6,                                                             
  mbar_lambda = 0.5, 0.5, 0.6, 0.6, 1.0, 1.0,                                  
&end                                                                           
 /                                                                             


Note: ig = -1. Setting random seed to   833354 based on wallclock time in 
      microseconds.
| irandom = 1, using AMBER's internal random number generator (default).
 
|--------------------- INFORMATION ----------------------
| GPU (CUDA) Version of PMEMD in use: NVIDIA GPU IN USE.
|                    Version 18.0.0
| 
|                      03/25/2018
| 
| Implementation by:
|                    Ross C. Walker     (SDSC)
|                    Scott Le Grand     (nVIDIA)
| 
| Version 18 performance extensions by:
|                    David Cerutti     (Rutgers)
| 
| Precision model in use:
|      [SPFP] - Single Precision Forces, 64-bit Fixed Point
|               Accumulation. (Default)
| 
|--------------------------------------------------------
 
|----------------- CITATION INFORMATION -----------------
|
|    When publishing work that utilized the CUDA version
|    of AMBER, please cite the following in addition to
|    the regular AMBER citations:
|
|  - Romelia Salomon-Ferrer; Andreas W. Goetz; Duncan
|    Poole; Scott Le Grand; Ross C. Walker "Routine
|    microsecond molecular dynamics simulations with
|    AMBER - Part II: Particle Mesh Ewald", J. Chem.
|    Theory Comput., 2013, 9 (9), pp3878-3888,
|    DOI: 10.1021/ct400314y.
|
|  - Andreas W. Goetz; Mark J. Williamson; Dong Xu;
|    Duncan Poole; Scott Le Grand; Ross C. Walker
|    "Routine microsecond molecular dynamics simulations
|    with AMBER - Part I: Generalized Born", J. Chem.
|    Theory Comput., 2012, 8 (5), pp1542-1555.
|
|  - Scott Le Grand; Andreas W. Goetz; Ross C. Walker
|    "SPFP: Speed without compromise - a mixed precision
|    model for GPU accelerated molecular dynamics
|    simulations.", Comp. Phys. Comm., 2013, 184
|    pp374-380, DOI: 10.1016/j.cpc.2012.09.022
|
|    When publishing work that utilized the CUDA version
|    of TI, BAR, MBAR or FEP please cite the following 
|    publications in addition to the regular AMBER 
|    GPU citations:
|
|  - Daniel J. Mermelstein; Charles Lin; Gard Nelson; 
|    Rachael Kretsch; J. Andrew McCammon; Ross C. Walker
|    "Fast and Flexible GPU Accelerated Binding 
|    Free Energy Calculations within the AMBER Molecular
|    Dynamics Package" J. Comp. Chem., 2018,
|    DOI: 10.1002/jcc.25187
|
|  - Tai-Sung Lee; Yuan Hu; Brad Sherborne; Zhuyan Guo;
|    Darrin M. York
|    "Toward Fast and Accurate Binding Affinity Prediction with
|    pmemdGTI: An Efficient Implementation of GPU-Accelerated
|    Thermodynamic Integration"
|    J. Chem. Theory Comput., 2017, 13 (7), 3077
|
|
|--------------------------------------------------------
 
|------------------- GPU DEVICE INFO --------------------
|
|            CUDA_VISIBLE_DEVICES: not set
|   CUDA Capable Devices Detected:      8
|           CUDA Device ID in use:      0
|                CUDA Device Name: NVIDIA GeForce RTX 4090
|     CUDA Device Global Mem Size:  24217 MB
| CUDA Device Num Multiprocessors:    128
|           CUDA Device Core Freq:   2.52 GHz
|
|--------------------------------------------------------
 
 
| Conditional Compilation Defines Used:
| PUBFFT
| BINTRAJ
| CUDA
| EMIL

| Largest sphere to fit in unit cell has radius =    17.370

| New format PARM file being parsed.
| Version =    1.000 Date = 08/02/22 Time = 19:36:52

| Note: 1-4 EEL scale factors are being read from the topology file.

| Note: 1-4 VDW scale factors are being read from the topology file.
| Duplicated    0 dihedrals

| Duplicated    0 dihedrals

--------------------------------------------------------------------------------
   1.  RESOURCE   USE: 
--------------------------------------------------------------------------------

 getting new box info from bottom of inpcrd
 NATOM  =    4548 NTYPES =      17 NBONH =    4492 MBONA  =      62
 NTHETH =     105 MTHETA =      88 NPHIH =     188 MPHIA  =     154
 NHPARM =       0 NPARM  =       0 NNB   =    6494 NRES   =    1485
 NBONA  =      62 NTHETA =      88 NPHIA =     154 NUMBND =      22
 NUMANG =      36 NPTRA  =      19 NATYP =      18 NPHB   =       1
 IFBOX  =       1 NMXRS  =      50 IFCAP =       0 NEXTRA =       0
 NCOPY  =       0

| Coordinate Index Table dimensions:     6    6    6
| Direct force subcell size =     5.8781    6.1069    5.7900

     BOX TYPE: RECTILINEAR

--------------------------------------------------------------------------------
   2.  CONTROL  DATA  FOR  THE  RUN
--------------------------------------------------------------------------------

default_name                                                                    

General flags:
     imin    =       0, nmropt  =       0

Nature and format of input:
     ntx     =       5, irest   =       1, ntrx    =       1

Nature and format of output:
     ntxo    =       2, ntpr    =      50, ntrx    =       1, ntwr    =   10000
     iwrap   =       1, ntwx    =   10000, ntwv    =      -1, ntwe    =   10000
     ioutfm  =       1, ntwprt  =       0, idecomp =       0, rbornstat=      0

Potential function:
     ntf     =       1, ntb     =       2, igb     =       0, nsnb    =      25
     ipol    =       0, gbsa    =       0, iesp    =       0
     dielc   =   1.00000, cut     =  10.00000, intdiel =   1.00000

Frozen or restrained atoms:
     ibelly  =       0, ntr     =       0

Molecular dynamics:
     nstlim  =      1000, nscm    =      1000, nrespa  =         1
     t       =   0.00000, dt      =   0.00200, vlimit  =  -1.00000

Langevin dynamics temperature regulation:
     ig      =  833354
     temp0   = 300.00000, tempi   = 300.00000, gamma_ln=   2.00000

Pressure regulation:
     ntp     =       1
     pres0   =   1.00000, comp    =  44.60000, taup    =   2.00000
     Monte-Carlo Barostat:
     mcbarint  =     100

SHAKE:
     ntc     =       2, jfastw  =       0
     tol     =   0.00001

Free energy options:
     icfe    =       1, ifsc    =       1, klambda =       1
     clambda =  1.0000, scalpha =  0.5000, scbeta  = 12.0000
     sceeorder =       2
     dynlmb =  0.0000 logdvdl =       0

FEP MBAR options:
     ifmbar  =       1,  bar_intervall =       50
     mbar_states =       6

| Intermolecular bonds treatment:
|     no_intermolecular_bonds =       1

| Energy averages sample interval:
|     ene_avg_sampling =       1

Ewald parameters:
     verbose =       0, ew_type =       0, nbflag  =       1, use_pme =       1
     vdwmeth =       1, eedmeth =       1, netfrc  =       1
     Box X =   35.269   Box Y =   36.641   Box Z =   34.740
     Alpha =   90.000   Beta  =   90.000   Gamma =   90.000
     NFFT1 =   36       NFFT2 =   40       NFFT3 =   36
     Cutoff=   10.000   Tol   =0.100E-04
     Ewald Coefficient =  0.27511
     Interpolation order =    4
     TI Mask 1 :1,2; matches     52 atoms
     TI Mask 2 :3; matches     50 atoms
     TI region 1:    4498 atoms
     TI region 2:    4496 atoms
     SC Mask 1 :2; matches      2 atoms

    MBAR - lambda values considered:
       6 total:  0.5000 0.5000 0.6000 0.6000 1.0000 1.0000
    Extra energies will be computed     20 times.
| MONTE CARLO BAROSTAT IMPORTANT NOTE:
|   The Monte-Carlo barostat does not require the virial to adjust the system volume.
|   Since it is an expensive calculation, it is skipped for efficiency. A side-effect
|   is that the reported pressure is always 0 because it is not calculated.

--------------------------------------------------------------------------------
   3.  ATOMIC COORDINATES AND VELOCITIES
--------------------------------------------------------------------------------

Cpptraj Generated Restart                                                       
 begin time read from input coords =   326.000 ps

 
     Molecule     1 is partially softcore
     Molecule     2 is partially softcore
 Number of triangulated 3-point waters found:     1482
   Removing shake constraints from HX1   LBM   2 -- N26   LAM   1
   Removing shake constraints from H23   LBM   2 -- N26   LAM   1
 Number of shake restraints removed in TI region  1 :        2
 Number of shake restraints removed in TI region  2 :        0

     Sum of charges for TI region  1 =  -0.00249680
     Skip neutralizing charges...


     Sum of charges for TI region  2 =  -0.00299999
     Skip neutralizing charges...

| Dynamic Memory, Types Used:
| Reals              376219
| Integers           194647

| Nonbonded Pairs Initial Allocation:     1375656

| GPU memory information (estimate):
| KB of GPU memory in use:     52147
| KB of CPU memory in use:     28213

--------------------------------------------------------------------------------
   4.  RESULTS
--------------------------------------------------------------------------------

   DOF for the SC part  1 of the system:    6

MBAR Energy analysis:
Energy at 0.5000 =    -14439.450308
Energy at 0.5000 =    -14439.450308
Energy at 0.6000 =    -14461.710396
Energy at 0.6000 =    -14461.710396
Energy at 1.0000 =    -14550.661531
Energy at 1.0000 =    -14550.661531
 ------------------------------------------------------------------------------


| TI region  1


 NSTEP =       50   TIME(PS) =     326.100  TEMP(K) =   295.19  PRESS =     0.0
 Etot   =    -11903.3839  EKtot   =      2647.2776  EPtot      =    -14550.6615
 BOND   =        16.1717  ANGLE   =        58.5140  DIHED      =        34.5943
 1-4 NB =        15.4677  1-4 EEL =      -617.6319  VDWAALS    =      2137.8660
 EELEC  =    -16195.6432  EHBOND  =         0.0000  RESTRAINT  =         0.0000
 EKCMT  =         0.0000  VIRIAL  =         0.0000  VOLUME     =     44894.5507
                                                    Density    =         1.0025
 DV/DL  =      -222.2766
 ------------------------------------------------------------------------------

  Softcore part of the system:       2 atoms,       TEMP(K)    =         721.96
 SC_Etot=         8.4734  SC_EKtot=         4.3040  SC_EPtot   =         4.1694
 SC_BOND=         0.4953  SC_ANGLE=         2.2254  SC_DIHED   =         1.4487
 SC_14NB=         0.0000  SC_14EEL=         0.0000  SC_VDW     =         0.0000
 SC_EEL =         0.0000
 SC_RES_DIST=     0.0000  SC_RES_ANG=       0.0000  SC_RES_TORS=         0.0000
 SC_EEL_DER=      0.0000  SC_VDW_DER=       0.0000  SC_DERIV   =         0.0000
 ------------------------------------------------------------------------------


| TI region  2


 NSTEP =       50   TIME(PS) =     326.100  TEMP(K) =   294.90  PRESS =     0.0
 Etot   =    -11907.6879  EKtot   =      2642.9736  EPtot      =    -14550.6615
 BOND   =        16.1717  ANGLE   =        58.5140  DIHED      =        34.5943
 1-4 NB =        15.4677  1-4 EEL =      -617.6319  VDWAALS    =      2137.8660
 EELEC  =    -16195.6432  EHBOND  =         0.0000  RESTRAINT  =         0.0000
 EKCMT  =         0.0000  VIRIAL  =         0.0000  VOLUME     =     44894.5507
                                                    Density    =         1.0025
 DV/DL  =      -222.2766
 ------------------------------------------------------------------------------


MBAR Energy analysis:
Energy at 0.5000 =    -14460.240922
Energy at 0.5000 =    -14460.240922
Energy at 0.6000 =    -14481.893741
Energy at 0.6000 =    -14481.893741
Energy at 1.0000 =    -14568.456884
Energy at 1.0000 =    -14568.456884
 ------------------------------------------------------------------------------


| TI region  1


 NSTEP =      100   TIME(PS) =     326.200  TEMP(K) =   298.28  PRESS =     0.0
 Etot   =    -11893.4014  EKtot   =      2675.0555  EPtot      =    -14568.4569
 BOND   =        16.1839  ANGLE   =        43.1055  DIHED      =        41.6934
 1-4 NB =        16.1081  1-4 EEL =      -609.5686  VDWAALS    =      2040.6893
 EELEC  =    -16116.6685  EHBOND  =         0.0000  RESTRAINT  =         0.0000
 EKCMT  =         0.0000  VIRIAL  =         0.0000  VOLUME     =     44894.5507
                                                    Density    =         1.0025
 DV/DL  =      -216.3561
 ------------------------------------------------------------------------------

  Softcore part of the system:       2 atoms,       TEMP(K)    =         106.18
 SC_Etot=         7.9762  SC_EKtot=         0.6330  SC_EPtot   =         7.3432
 SC_BOND=         0.7597  SC_ANGLE=         5.3717  SC_DIHED   =         1.2118
 SC_14NB=         0.0000  SC_14EEL=         0.0000  SC_VDW     =         0.0000
 SC_EEL =         0.0000
 SC_RES_DIST=     0.0000  SC_RES_ANG=       0.0000  SC_RES_TORS=         0.0000
 SC_EEL_DER=      0.0000  SC_VDW_DER=       0.0000  SC_DERIV   =         0.0000
 ------------------------------------------------------------------------------


| TI region  2


 NSTEP =      100   TIME(PS) =     326.200  TEMP(K) =   298.41  PRESS =     0.0
 Etot   =    -11894.0344  EKtot   =      2674.4225  EPtot      =    -14568.4569
 BOND   =        16.1839  ANGLE   =        43.1055  DIHED      =        41.6934
 1-4 NB =        16.1081  1-4 EEL =      -609.5686  VDWAALS    =      2040.6893
 EELEC  =    -16116.6685  EHBOND  =         0.0000  RESTRAINT  =         0.0000
 EKCMT  =         0.0000  VIRIAL  =         0.0000  VOLUME     =     44894.5507
                                                    Density    =         1.0025
 DV/DL  =      -216.3561
 ------------------------------------------------------------------------------


MBAR Energy analysis:
Energy at 0.5000 =    -14464.077080
Energy at 0.5000 =    -14464.077080
Energy at 0.6000 =    -14486.933759
Energy at 0.6000 =    -14486.933759
Energy at 1.0000 =    -14578.257462
Energy at 1.0000 =    -14578.257462
 ------------------------------------------------------------------------------


| TI region  1


 NSTEP =      150   TIME(PS) =     326.300  TEMP(K) =   299.18  PRESS =     0.0
 Etot   =    -11895.1515  EKtot   =      2683.1060  EPtot      =    -14578.2575
 BOND   =        11.8393  ANGLE   =        54.8037  DIHED      =        37.7986
 1-4 NB =        16.2898  1-4 EEL =      -618.6589  VDWAALS    =      2298.8004
 EELEC  =    -16379.1304  EHBOND  =         0.0000  RESTRAINT  =         0.0000
 EKCMT  =         0.0000  VIRIAL  =         0.0000  VOLUME     =     44894.5507
                                                    Density    =         1.0025
 DV/DL  =      -228.1919
 ------------------------------------------------------------------------------

  Softcore part of the system:       2 atoms,       TEMP(K)    =          85.22
 SC_Etot=         5.3303  SC_EKtot=         0.5080  SC_EPtot   =         4.8223
 SC_BOND=         0.9581  SC_ANGLE=         2.3789  SC_DIHED   =         1.4853
 SC_14NB=         0.0000  SC_14EEL=         0.0000  SC_VDW     =         0.0000
 SC_EEL =         0.0000
 SC_RES_DIST=     0.0000  SC_RES_ANG=       0.0000  SC_RES_TORS=         0.0000
 SC_EEL_DER=      0.0000  SC_VDW_DER=       0.0000  SC_DERIV   =         0.0000
 ------------------------------------------------------------------------------


| TI region  2


 NSTEP =      150   TIME(PS) =     326.300  TEMP(K) =   299.32  PRESS =     0.0
 Etot   =    -11895.6595  EKtot   =      2682.5980  EPtot      =    -14578.2575
 BOND   =        11.8393  ANGLE   =        54.8037  DIHED      =        37.7986
 1-4 NB =        16.2898  1-4 EEL =      -618.6589  VDWAALS    =      2298.8004
 EELEC  =    -16379.1304  EHBOND  =         0.0000  RESTRAINT  =         0.0000
 EKCMT  =         0.0000  VIRIAL  =         0.0000  VOLUME     =     44894.5507
                                                    Density    =         1.0025
 DV/DL  =      -228.1919
 ------------------------------------------------------------------------------


MBAR Energy analysis:
Energy at 0.5000 =    -14455.231954
Energy at 0.5000 =    -14455.231954
Energy at 0.6000 =    -14478.798594
Energy at 0.6000 =    -14478.798594
Energy at 1.0000 =    -14572.430599
Energy at 1.0000 =    -14572.430599
 ------------------------------------------------------------------------------


| TI region  1


 NSTEP =      200   TIME(PS) =     326.400  TEMP(K) =   302.53  PRESS =     0.0
 Etot   =    -11859.2725  EKtot   =      2713.1581  EPtot      =    -14572.4306
 BOND   =        12.3966  ANGLE   =        57.7404  DIHED      =        39.2226
 1-4 NB =        16.4688  1-4 EEL =      -620.2427  VDWAALS    =      2069.5158
 EELEC  =    -16147.5321  EHBOND  =         0.0000  RESTRAINT  =         0.0000
 EKCMT  =         0.0000  VIRIAL  =         0.0000  VOLUME     =     44894.5507
                                                    Density    =         1.0025
 DV/DL  =      -233.4979
 ------------------------------------------------------------------------------

  Softcore part of the system:       2 atoms,       TEMP(K)    =         496.17
 SC_Etot=         6.1795  SC_EKtot=         2.9580  SC_EPtot   =         3.2216
 SC_BOND=         0.1165  SC_ANGLE=         2.3336  SC_DIHED   =         0.7714
 SC_14NB=         0.0000  SC_14EEL=         0.0000  SC_VDW     =         0.0000
 SC_EEL =         0.0000
 SC_RES_DIST=     0.0000  SC_RES_ANG=       0.0000  SC_RES_TORS=         0.0000
 SC_EEL_DER=      0.0000  SC_VDW_DER=       0.0000  SC_DERIV   =         0.0000
 ------------------------------------------------------------------------------


| TI region  2


 NSTEP =      200   TIME(PS) =     326.400  TEMP(K) =   302.40  PRESS =     0.0
 Etot   =    -11862.2305  EKtot   =      2710.2001  EPtot      =    -14572.4306
 BOND   =        12.3966  ANGLE   =        57.7404  DIHED      =        39.2226
 1-4 NB =        16.4688  1-4 EEL =      -620.2427  VDWAALS    =      2069.5158
 EELEC  =    -16147.5321  EHBOND  =         0.0000  RESTRAINT  =         0.0000
 EKCMT  =         0.0000  VIRIAL  =         0.0000  VOLUME     =     44894.5507
                                                    Density    =         1.0025
 DV/DL  =      -233.4979
 ------------------------------------------------------------------------------


MBAR Energy analysis:
Energy at 0.5000 =    -14473.075812
Energy at 0.5000 =    -14473.075812
Energy at 0.6000 =    -14494.768702
Energy at 0.6000 =    -14494.768702
Energy at 1.0000 =    -14581.285759
Energy at 1.0000 =    -14581.285759
 ------------------------------------------------------------------------------


| TI region  1


 NSTEP =      250   TIME(PS) =     326.500  TEMP(K) =   302.15  PRESS =     0.0
 Etot   =    -11871.5855  EKtot   =      2709.7003  EPtot      =    -14581.2858
 BOND   =        12.9712  ANGLE   =        43.1252  DIHED      =        39.4597
 1-4 NB =        18.2326  1-4 EEL =      -608.2195  VDWAALS    =      2128.5580
 EELEC  =    -16215.4129  EHBOND  =         0.0000  RESTRAINT  =         0.0000
 EKCMT  =         0.0000  VIRIAL  =         0.0000  VOLUME     =     44894.5507
                                                    Density    =         1.0025
 DV/DL  =      -216.0377
 ------------------------------------------------------------------------------

  Softcore part of the system:       2 atoms,       TEMP(K)    =         196.89
 SC_Etot=         2.0929  SC_EKtot=         1.1738  SC_EPtot   =         0.9191
 SC_BOND=         0.0253  SC_ANGLE=         0.7971  SC_DIHED   =         0.0967
 SC_14NB=         0.0000  SC_14EEL=         0.0000  SC_VDW     =         0.0000
 SC_EEL =         0.0000
 SC_RES_DIST=     0.0000  SC_RES_ANG=       0.0000  SC_RES_TORS=         0.0000
 SC_EEL_DER=      0.0000  SC_VDW_DER=       0.0000  SC_DERIV   =         0.0000
 ------------------------------------------------------------------------------


| TI region  2


 NSTEP =      250   TIME(PS) =     326.500  TEMP(K) =   302.22  PRESS =     0.0
 Etot   =    -11872.7593  EKtot   =      2708.5265  EPtot      =    -14581.2858
 BOND   =        12.9712  ANGLE   =        43.1252  DIHED      =        39.4597
 1-4 NB =        18.2326  1-4 EEL =      -608.2195  VDWAALS    =      2128.5580
 EELEC  =    -16215.4129  EHBOND  =         0.0000  RESTRAINT  =         0.0000
 EKCMT  =         0.0000  VIRIAL  =         0.0000  VOLUME     =     44894.5507
                                                    Density    =         1.0025
 DV/DL  =      -216.0377
 ------------------------------------------------------------------------------


MBAR Energy analysis:
Energy at 0.5000 =    -14470.497639
Energy at 0.5000 =    -14470.497639
Energy at 0.6000 =    -14493.081973
Energy at 0.6000 =    -14493.081973
Energy at 1.0000 =    -14583.046400
Energy at 1.0000 =    -14583.046400
 ------------------------------------------------------------------------------


| TI region  1


 NSTEP =      300   TIME(PS) =     326.600  TEMP(K) =   299.85  PRESS =     0.0
 Etot   =    -11893.9449  EKtot   =      2689.1015  EPtot      =    -14583.0464
 BOND   =        10.6158  ANGLE   =        53.7962  DIHED      =        36.8178
 1-4 NB =        15.4528  1-4 EEL =      -609.4095  VDWAALS    =      2044.7931
 EELEC  =    -16135.1126  EHBOND  =         0.0000  RESTRAINT  =         0.0000
 EKCMT  =         0.0000  VIRIAL  =         0.0000  VOLUME     =     44914.8138
                                                    Density    =         1.0021
 DV/DL  =      -224.5602
 ------------------------------------------------------------------------------

  Softcore part of the system:       2 atoms,       TEMP(K)    =         187.99
 SC_Etot=         4.3060  SC_EKtot=         1.1207  SC_EPtot   =         3.1853
 SC_BOND=         0.3957  SC_ANGLE=         2.7419  SC_DIHED   =         0.0477
 SC_14NB=         0.0000  SC_14EEL=         0.0000  SC_VDW     =         0.0000
 SC_EEL =         0.0000
 SC_RES_DIST=     0.0000  SC_RES_ANG=       0.0000  SC_RES_TORS=         0.0000
 SC_EEL_DER=      0.0000  SC_VDW_DER=       0.0000  SC_DERIV   =         0.0000
 ------------------------------------------------------------------------------


| TI region  2


 NSTEP =      300   TIME(PS) =     326.600  TEMP(K) =   299.92  PRESS =     0.0
 Etot   =    -11895.0656  EKtot   =      2687.9808  EPtot      =    -14583.0464
 BOND   =        10.6158  ANGLE   =        53.7962  DIHED      =        36.8178
 1-4 NB =        15.4528  1-4 EEL =      -609.4095  VDWAALS    =      2044.7931
 EELEC  =    -16135.1126  EHBOND  =         0.0000  RESTRAINT  =         0.0000
 EKCMT  =         0.0000  VIRIAL  =         0.0000  VOLUME     =     44914.8138
                                                    Density    =         1.0020
 DV/DL  =      -224.5602
 ------------------------------------------------------------------------------


MBAR Energy analysis:
Energy at 0.5000 =    -14493.494675
Energy at 0.5000 =    -14493.494675
Energy at 0.6000 =    -14515.832348
Energy at 0.6000 =    -14515.832348
Energy at 1.0000 =    -14604.992515
Energy at 1.0000 =    -14604.992515
 ------------------------------------------------------------------------------


| TI region  1


 NSTEP =      350   TIME(PS) =     326.700  TEMP(K) =   303.81  PRESS =     0.0
 Etot   =    -11880.3870  EKtot   =      2724.6055  EPtot      =    -14604.9925
 BOND   =        14.7690  ANGLE   =        47.2687  DIHED      =        38.9505
 1-4 NB =        16.4668  1-4 EEL =      -609.3024  VDWAALS    =      2049.1651
 EELEC  =    -16162.3102  EHBOND  =         0.0000  RESTRAINT  =         0.0000
 EKCMT  =         0.0000  VIRIAL  =         0.0000  VOLUME     =     44914.8138
                                                    Density    =         1.0021
 DV/DL  =      -222.7101
 ------------------------------------------------------------------------------

  Softcore part of the system:       2 atoms,       TEMP(K)    =         338.61
 SC_Etot=         4.7897  SC_EKtot=         2.0187  SC_EPtot   =         2.7710
 SC_BOND=         0.4438  SC_ANGLE=         2.3061  SC_DIHED   =         0.0211
 SC_14NB=         0.0000  SC_14EEL=         0.0000  SC_VDW     =         0.0000
 SC_EEL =         0.0000
 SC_RES_DIST=     0.0000  SC_RES_ANG=       0.0000  SC_RES_TORS=         0.0000
 SC_EEL_DER=      0.0000  SC_VDW_DER=       0.0000  SC_DERIV   =         0.0000
 ------------------------------------------------------------------------------


| TI region  2


 NSTEP =      350   TIME(PS) =     326.700  TEMP(K) =   303.78  PRESS =     0.0
 Etot   =    -11882.4057  EKtot   =      2722.5869  EPtot      =    -14604.9925
 BOND   =        14.7690  ANGLE   =        47.2687  DIHED      =        38.9505
 1-4 NB =        16.4668  1-4 EEL =      -609.3024  VDWAALS    =      2049.1651
 EELEC  =    -16162.3102  EHBOND  =         0.0000  RESTRAINT  =         0.0000
 EKCMT  =         0.0000  VIRIAL  =         0.0000  VOLUME     =     44914.8138
                                                    Density    =         1.0020
 DV/DL  =      -222.7101
 ------------------------------------------------------------------------------


MBAR Energy analysis:
Energy at 0.5000 =    -14470.431000
Energy at 0.5000 =    -14470.431000
Energy at 0.6000 =    -14491.771116
Energy at 0.6000 =    -14491.771116
Energy at 1.0000 =    -14576.993483
Energy at 1.0000 =    -14576.993483
 ------------------------------------------------------------------------------


| TI region  1


 NSTEP =      400   TIME(PS) =     326.800  TEMP(K) =   303.37  PRESS =     0.0
 Etot   =    -11856.3403  EKtot   =      2720.6532  EPtot      =    -14576.9935
 BOND   =        14.5860  ANGLE   =        50.6907  DIHED      =        36.0061
 1-4 NB =        12.9708  1-4 EEL =      -608.9324  VDWAALS    =      2007.4307
 EELEC  =    -16089.7454  EHBOND  =         0.0000  RESTRAINT  =         0.0000
 EKCMT  =         0.0000  VIRIAL  =         0.0000  VOLUME     =     45251.9302
                                                    Density    =         0.9946
 DV/DL  =      -212.9091
 ------------------------------------------------------------------------------

  Softcore part of the system:       2 atoms,       TEMP(K)    =         145.55
 SC_Etot=         3.4523  SC_EKtot=         0.8677  SC_EPtot   =         2.5846
 SC_BOND=         0.9848  SC_ANGLE=         1.4726  SC_DIHED   =         0.1272
 SC_14NB=         0.0000  SC_14EEL=         0.0000  SC_VDW     =         0.0000
 SC_EEL =         0.0000
 SC_RES_DIST=     0.0000  SC_RES_ANG=       0.0000  SC_RES_TORS=         0.0000
 SC_EEL_DER=      0.0000  SC_VDW_DER=       0.0000  SC_DERIV   =         0.0000
 ------------------------------------------------------------------------------


| TI region  2


 NSTEP =      400   TIME(PS) =     326.800  TEMP(K) =   303.47  PRESS =     0.0
 Etot   =    -11857.2080  EKtot   =      2719.7855  EPtot      =    -14576.9935
 BOND   =        14.5860  ANGLE   =        50.6907  DIHED      =        36.0061
 1-4 NB =        12.9708  1-4 EEL =      -608.9324  VDWAALS    =      2007.4307
 EELEC  =    -16089.7454  EHBOND  =         0.0000  RESTRAINT  =         0.0000
 EKCMT  =         0.0000  VIRIAL  =         0.0000  VOLUME     =     45251.9302
                                                    Density    =         0.9945
 DV/DL  =      -212.9091
 ------------------------------------------------------------------------------


MBAR Energy analysis:
Energy at 0.5000 =    -14380.059767
Energy at 0.5000 =    -14380.059767
Energy at 0.6000 =    -14402.820053
Energy at 0.6000 =    -14402.820053
Energy at 1.0000 =    -14493.207488
Energy at 1.0000 =    -14493.207488
 ------------------------------------------------------------------------------


| TI region  1


 NSTEP =      450   TIME(PS) =     326.900  TEMP(K) =   296.42  PRESS =     0.0
 Etot   =    -11834.8849  EKtot   =      2658.3226  EPtot      =    -14493.2075
 BOND   =        21.7853  ANGLE   =        47.6527  DIHED      =        38.5705
 1-4 NB =        17.0468  1-4 EEL =      -615.4540  VDWAALS    =      2034.0710
 EELEC  =    -16036.8799  EHBOND  =         0.0000  RESTRAINT  =         0.0000
 EKCMT  =         0.0000  VIRIAL  =         0.0000  VOLUME     =     45251.9302
                                                    Density    =         0.9946
 DV/DL  =      -225.4225
 ------------------------------------------------------------------------------

  Softcore part of the system:       2 atoms,       TEMP(K)    =         497.22
 SC_Etot=         4.4005  SC_EKtot=         2.9642  SC_EPtot   =         1.4362
 SC_BOND=         0.8155  SC_ANGLE=         0.6185  SC_DIHED   =         0.0022
 SC_14NB=         0.0000  SC_14EEL=         0.0000  SC_VDW     =         0.0000
 SC_EEL =         0.0000
 SC_RES_DIST=     0.0000  SC_RES_ANG=       0.0000  SC_RES_TORS=         0.0000
 SC_EEL_DER=      0.0000  SC_VDW_DER=       0.0000  SC_DERIV   =         0.0000
 ------------------------------------------------------------------------------


| TI region  2


 NSTEP =      450   TIME(PS) =     326.900  TEMP(K) =   296.28  PRESS =     0.0
 Etot   =    -11837.8491  EKtot   =      2655.3584  EPtot      =    -14493.2075
 BOND   =        21.7853  ANGLE   =        47.6527  DIHED      =        38.5705
 1-4 NB =        17.0468  1-4 EEL =      -615.4540  VDWAALS    =      2034.0710
 EELEC  =    -16036.8799  EHBOND  =         0.0000  RESTRAINT  =         0.0000
 EKCMT  =         0.0000  VIRIAL  =         0.0000  VOLUME     =     45251.9302
                                                    Density    =         0.9945
 DV/DL  =      -225.4225
 ------------------------------------------------------------------------------


MBAR Energy analysis:
Energy at 0.5000 =    -14459.083468
Energy at 0.5000 =    -14459.083468
Energy at 0.6000 =    -14481.426250
Energy at 0.6000 =    -14481.426250
Energy at 1.0000 =    -14570.439371
Energy at 1.0000 =    -14570.439371
 ------------------------------------------------------------------------------


| TI region  1


 NSTEP =      500   TIME(PS) =     327.000  TEMP(K) =   303.22  PRESS =     0.0
 Etot   =    -11851.1350  EKtot   =      2719.3044  EPtot      =    -14570.4394
 BOND   =        15.8970  ANGLE   =        62.9147  DIHED      =        37.6140
 1-4 NB =        17.2395  1-4 EEL =      -617.5545  VDWAALS    =      2014.0246
 EELEC  =    -16100.5746  EHBOND  =         0.0000  RESTRAINT  =         0.0000
 EKCMT  =         0.0000  VIRIAL  =         0.0000  VOLUME     =     45251.9302
                                                    Density    =         0.9946
 DV/DL  =      -222.1773
 ------------------------------------------------------------------------------

  Softcore part of the system:       2 atoms,       TEMP(K)    =         122.84
 SC_Etot=         3.3483  SC_EKtot=         0.7323  SC_EPtot   =         2.6160
 SC_BOND=         1.5253  SC_ANGLE=         0.6930  SC_DIHED   =         0.3978
 SC_14NB=         0.0000  SC_14EEL=         0.0000  SC_VDW     =         0.0000
 SC_EEL =         0.0000
 SC_RES_DIST=     0.0000  SC_RES_ANG=       0.0000  SC_RES_TORS=         0.0000
 SC_EEL_DER=      0.0000  SC_VDW_DER=       0.0000  SC_DERIV   =         0.0000
 ------------------------------------------------------------------------------


| TI region  2


 NSTEP =      500   TIME(PS) =     327.000  TEMP(K) =   303.34  PRESS =     0.0
 Etot   =    -11851.8673  EKtot   =      2718.5721  EPtot      =    -14570.4394
 BOND   =        15.8970  ANGLE   =        62.9147  DIHED      =        37.6140
 1-4 NB =        17.2395  1-4 EEL =      -617.5545  VDWAALS    =      2014.0246
 EELEC  =    -16100.5746  EHBOND  =         0.0000  RESTRAINT  =         0.0000
 EKCMT  =         0.0000  VIRIAL  =         0.0000  VOLUME     =     45251.9302
                                                    Density    =         0.9945
 DV/DL  =      -222.1773
 ------------------------------------------------------------------------------


MBAR Energy analysis:
Energy at 0.5000 =    -14401.201936
Energy at 0.5000 =    -14401.201936
Energy at 0.6000 =    -14424.064190
Energy at 0.6000 =    -14424.064190
Energy at 1.0000 =    -14514.170053
Energy at 1.0000 =    -14514.170053
 ------------------------------------------------------------------------------


| TI region  1


 NSTEP =      550   TIME(PS) =     327.100  TEMP(K) =   297.86  PRESS =     0.0
 Etot   =    -11842.8893  EKtot   =      2671.2807  EPtot      =    -14514.1701
 BOND   =        17.9870  ANGLE   =        48.6748  DIHED      =        38.2645
 1-4 NB =        15.9543  1-4 EEL =      -605.7071  VDWAALS    =      2104.1069
 EELEC  =    -16133.4504  EHBOND  =         0.0000  RESTRAINT  =         0.0000
 EKCMT  =         0.0000  VIRIAL  =         0.0000  VOLUME     =     45251.9302
                                                    Density    =         0.9946
 DV/DL  =      -224.1895
 ------------------------------------------------------------------------------

  Softcore part of the system:       2 atoms,       TEMP(K)    =         295.45
 SC_Etot=         4.0626  SC_EKtot=         1.7614  SC_EPtot   =         2.3013
 SC_BOND=         0.3784  SC_ANGLE=         1.7105  SC_DIHED   =         0.2123
 SC_14NB=         0.0000  SC_14EEL=         0.0000  SC_VDW     =         0.0000
 SC_EEL =         0.0000
 SC_RES_DIST=     0.0000  SC_RES_ANG=       0.0000  SC_RES_TORS=         0.0000
 SC_EEL_DER=      0.0000  SC_VDW_DER=       0.0000  SC_DERIV   =         0.0000
 ------------------------------------------------------------------------------


| TI region  2


 NSTEP =      550   TIME(PS) =     327.100  TEMP(K) =   297.86  PRESS =     0.0
 Etot   =    -11844.6507  EKtot   =      2669.5193  EPtot      =    -14514.1701
 BOND   =        17.9870  ANGLE   =        48.6748  DIHED      =        38.2645
 1-4 NB =        15.9543  1-4 EEL =      -605.7071  VDWAALS    =      2104.1069
 EELEC  =    -16133.4504  EHBOND  =         0.0000  RESTRAINT  =         0.0000
 EKCMT  =         0.0000  VIRIAL  =         0.0000  VOLUME     =     45251.9302
                                                    Density    =         0.9945
 DV/DL  =      -224.1895
 ------------------------------------------------------------------------------


MBAR Energy analysis:
Energy at 0.5000 =    -14477.168463
Energy at 0.5000 =    -14477.168463
Energy at 0.6000 =    -14500.242436
Energy at 0.6000 =    -14500.242436
Energy at 1.0000 =    -14592.017357
Energy at 1.0000 =    -14592.017357
 ------------------------------------------------------------------------------


| TI region  1


 NSTEP =      600   TIME(PS) =     327.200  TEMP(K) =   306.14  PRESS =     0.0
 Etot   =    -11846.4928  EKtot   =      2745.5245  EPtot      =    -14592.0174
 BOND   =        18.3349  ANGLE   =        42.5809  DIHED      =        39.1315
 1-4 NB =        15.0062  1-4 EEL =      -600.5753  VDWAALS    =      2066.8786
 EELEC  =    -16173.3741  EHBOND  =         0.0000  RESTRAINT  =         0.0000
 EKCMT  =         0.0000  VIRIAL  =         0.0000  VOLUME     =     45251.9302
                                                    Density    =         0.9946
 DV/DL  =      -228.9490
 ------------------------------------------------------------------------------

  Softcore part of the system:       2 atoms,       TEMP(K)    =         658.34
 SC_Etot=         4.6635  SC_EKtot=         3.9247  SC_EPtot   =         0.7388
 SC_BOND=         0.1059  SC_ANGLE=         0.6223  SC_DIHED   =         0.0107
 SC_14NB=         0.0000  SC_14EEL=         0.0000  SC_VDW     =         0.0000
 SC_EEL =         0.0000
 SC_RES_DIST=     0.0000  SC_RES_ANG=       0.0000  SC_RES_TORS=         0.0000
 SC_EEL_DER=      0.0000  SC_VDW_DER=       0.0000  SC_DERIV   =         0.0000
 ------------------------------------------------------------------------------


| TI region  2


 NSTEP =      600   TIME(PS) =     327.200  TEMP(K) =   305.91  PRESS =     0.0
 Etot   =    -11850.4175  EKtot   =      2741.5998  EPtot      =    -14592.0174
 BOND   =        18.3349  ANGLE   =        42.5809  DIHED      =        39.1315
 1-4 NB =        15.0062  1-4 EEL =      -600.5753  VDWAALS    =      2066.8786
 EELEC  =    -16173.3741  EHBOND  =         0.0000  RESTRAINT  =         0.0000
 EKCMT  =         0.0000  VIRIAL  =         0.0000  VOLUME     =     45251.9302
                                                    Density    =         0.9945
 DV/DL  =      -228.9490
 ------------------------------------------------------------------------------


MBAR Energy analysis:
Energy at 0.5000 =    -14448.706655
Energy at 0.5000 =    -14448.706655
Energy at 0.6000 =    -14471.702710
Energy at 0.6000 =    -14471.702710
Energy at 1.0000 =    -14563.229736
Energy at 1.0000 =    -14563.229736
 ------------------------------------------------------------------------------


| TI region  1


 NSTEP =      650   TIME(PS) =     327.300  TEMP(K) =   308.60  PRESS =     0.0
 Etot   =    -11795.6318  EKtot   =      2767.5979  EPtot      =    -14563.2297
 BOND   =        17.1337  ANGLE   =        52.8563  DIHED      =        40.9745
 1-4 NB =        16.5337  1-4 EEL =      -617.7605  VDWAALS    =      2059.6440
 EELEC  =    -16132.6114  EHBOND  =         0.0000  RESTRAINT  =         0.0000
 EKCMT  =         0.0000  VIRIAL  =         0.0000  VOLUME     =     45251.9302
                                                    Density    =         0.9946
 DV/DL  =      -228.3705
 ------------------------------------------------------------------------------

  Softcore part of the system:       2 atoms,       TEMP(K)    =         301.55
 SC_Etot=         2.7874  SC_EKtot=         1.7977  SC_EPtot   =         0.9897
 SC_BOND=         0.1420  SC_ANGLE=         0.5551  SC_DIHED   =         0.2927
 SC_14NB=         0.0000  SC_14EEL=         0.0000  SC_VDW     =         0.0000
 SC_EEL =         0.0000
 SC_RES_DIST=     0.0000  SC_RES_ANG=       0.0000  SC_RES_TORS=         0.0000
 SC_EEL_DER=      0.0000  SC_VDW_DER=       0.0000  SC_DERIV   =         0.0000
 ------------------------------------------------------------------------------


| TI region  2


 NSTEP =      650   TIME(PS) =     327.300  TEMP(K) =   308.61  PRESS =     0.0
 Etot   =    -11797.4295  EKtot   =      2765.8002  EPtot      =    -14563.2297
 BOND   =        17.1337  ANGLE   =        52.8563  DIHED      =        40.9745
 1-4 NB =        16.5337  1-4 EEL =      -617.7605  VDWAALS    =      2059.6440
 EELEC  =    -16132.6114  EHBOND  =         0.0000  RESTRAINT  =         0.0000
 EKCMT  =         0.0000  VIRIAL  =         0.0000  VOLUME     =     45251.9302
                                                    Density    =         0.9945
 DV/DL  =      -228.3705
 ------------------------------------------------------------------------------


MBAR Energy analysis:
Energy at 0.5000 =    -14387.483893
Energy at 0.5000 =    -14387.483893
Energy at 0.6000 =    -14410.238563
Energy at 0.6000 =    -14410.238563
Energy at 1.0000 =    -14500.850829
Energy at 1.0000 =    -14500.850829
 ------------------------------------------------------------------------------


| TI region  1


 NSTEP =      700   TIME(PS) =     327.400  TEMP(K) =   303.60  PRESS =     0.0
 Etot   =    -11778.1090  EKtot   =      2722.7418  EPtot      =    -14500.8508
 BOND   =        21.8299  ANGLE   =        34.8502  DIHED      =        43.3085
 1-4 NB =        14.6481  1-4 EEL =      -605.3116  VDWAALS    =      2181.8448
 EELEC  =    -16192.0206  EHBOND  =         0.0000  RESTRAINT  =         0.0000
 EKCMT  =         0.0000  VIRIAL  =         0.0000  VOLUME     =     45251.9302
                                                    Density    =         0.9946
 DV/DL  =      -226.1178
 ------------------------------------------------------------------------------

  Softcore part of the system:       2 atoms,       TEMP(K)    =         276.92
 SC_Etot=         5.4337  SC_EKtot=         1.6509  SC_EPtot   =         3.7828
 SC_BOND=         0.8178  SC_ANGLE=         2.7958  SC_DIHED   =         0.1693
 SC_14NB=         0.0000  SC_14EEL=         0.0000  SC_VDW     =         0.0000
 SC_EEL =         0.0000
 SC_RES_DIST=     0.0000  SC_RES_ANG=       0.0000  SC_RES_TORS=         0.0000
 SC_EEL_DER=      0.0000  SC_VDW_DER=       0.0000  SC_DERIV   =         0.0000
 ------------------------------------------------------------------------------


| TI region  2


 NSTEP =      700   TIME(PS) =     327.400  TEMP(K) =   303.62  PRESS =     0.0
 Etot   =    -11779.7599  EKtot   =      2721.0909  EPtot      =    -14500.8508
 BOND   =        21.8299  ANGLE   =        34.8502  DIHED      =        43.3085
 1-4 NB =        14.6481  1-4 EEL =      -605.3116  VDWAALS    =      2181.8448
 EELEC  =    -16192.0206  EHBOND  =         0.0000  RESTRAINT  =         0.0000
 EKCMT  =         0.0000  VIRIAL  =         0.0000  VOLUME     =     45251.9302
                                                    Density    =         0.9945
 DV/DL  =      -226.1178
 ------------------------------------------------------------------------------


MBAR Energy analysis:
Energy at 0.5000 =    -14406.274716
Energy at 0.5000 =    -14406.274716
Energy at 0.6000 =    -14429.090933
Energy at 0.6000 =    -14429.090933
Energy at 1.0000 =    -14519.490737
Energy at 1.0000 =    -14519.490737
 ------------------------------------------------------------------------------


| TI region  1


 NSTEP =      750   TIME(PS) =     327.500  TEMP(K) =   304.02  PRESS =     0.0
 Etot   =    -11792.9799  EKtot   =      2726.5108  EPtot      =    -14519.4907
 BOND   =        23.0539  ANGLE   =        43.6872  DIHED      =        36.4118
 1-4 NB =        15.6975  1-4 EEL =      -608.1511  VDWAALS    =      2104.7924
 EELEC  =    -16134.9824  EHBOND  =         0.0000  RESTRAINT  =         0.0000
 EKCMT  =         0.0000  VIRIAL  =         0.0000  VOLUME     =     45251.9302
                                                    Density    =         0.9946
 DV/DL  =      -225.2289
 ------------------------------------------------------------------------------

  Softcore part of the system:       2 atoms,       TEMP(K)    =         286.11
 SC_Etot=         2.4946  SC_EKtot=         1.7057  SC_EPtot   =         0.7889
 SC_BOND=         0.1065  SC_ANGLE=         0.6677  SC_DIHED   =         0.0147
 SC_14NB=         0.0000  SC_14EEL=         0.0000  SC_VDW     =         0.0000
 SC_EEL =         0.0000
 SC_RES_DIST=     0.0000  SC_RES_ANG=       0.0000  SC_RES_TORS=         0.0000
 SC_EEL_DER=      0.0000  SC_VDW_DER=       0.0000  SC_DERIV   =         0.0000
 ------------------------------------------------------------------------------


| TI region  2


 NSTEP =      750   TIME(PS) =     327.500  TEMP(K) =   304.03  PRESS =     0.0
 Etot   =    -11794.6856  EKtot   =      2724.8052  EPtot      =    -14519.4907
 BOND   =        23.0539  ANGLE   =        43.6872  DIHED      =        36.4118
 1-4 NB =        15.6975  1-4 EEL =      -608.1511  VDWAALS    =      2104.7924
 EELEC  =    -16134.9824  EHBOND  =         0.0000  RESTRAINT  =         0.0000
 EKCMT  =         0.0000  VIRIAL  =         0.0000  VOLUME     =     45251.9302
                                                    Density    =         0.9945
 DV/DL  =      -225.2289
 ------------------------------------------------------------------------------


MBAR Energy analysis:
Energy at 0.5000 =    -14444.677373
Energy at 0.5000 =    -14444.677373
Energy at 0.6000 =    -14466.773434
Energy at 0.6000 =    -14466.773434
Energy at 1.0000 =    -14553.926342
Energy at 1.0000 =    -14553.926342
 ------------------------------------------------------------------------------


| TI region  1


 NSTEP =      800   TIME(PS) =     327.600  TEMP(K) =   305.18  PRESS =     0.0
 Etot   =    -11817.0176  EKtot   =      2736.9088  EPtot      =    -14553.9263
 BOND   =        17.4397  ANGLE   =        42.5506  DIHED      =        40.5722
 1-4 NB =        17.7962  1-4 EEL =      -619.8544  VDWAALS    =      2086.4369
 EELEC  =    -16138.8676  EHBOND  =         0.0000  RESTRAINT  =         0.0000
 EKCMT  =         0.0000  VIRIAL  =         0.0000  VOLUME     =     45251.9302
                                                    Density    =         0.9946
 DV/DL  =      -216.8493
 ------------------------------------------------------------------------------

  Softcore part of the system:       2 atoms,       TEMP(K)    =         211.70
 SC_Etot=         4.1010  SC_EKtot=         1.2621  SC_EPtot   =         2.8390
 SC_BOND=         0.3499  SC_ANGLE=         2.3454  SC_DIHED   =         0.1437
 SC_14NB=         0.0000  SC_14EEL=         0.0000  SC_VDW     =         0.0000
 SC_EEL =         0.0000
 SC_RES_DIST=     0.0000  SC_RES_ANG=       0.0000  SC_RES_TORS=         0.0000
 SC_EEL_DER=      0.0000  SC_VDW_DER=       0.0000  SC_DERIV   =         0.0000
 ------------------------------------------------------------------------------


| TI region  2


 NSTEP =      800   TIME(PS) =     327.600  TEMP(K) =   305.24  PRESS =     0.0
 Etot   =    -11818.2796  EKtot   =      2735.6467  EPtot      =    -14553.9263
 BOND   =        17.4397  ANGLE   =        42.5506  DIHED      =        40.5722
 1-4 NB =        17.7962  1-4 EEL =      -619.8544  VDWAALS    =      2086.4369
 EELEC  =    -16138.8676  EHBOND  =         0.0000  RESTRAINT  =         0.0000
 EKCMT  =         0.0000  VIRIAL  =         0.0000  VOLUME     =     45251.9302
                                                    Density    =         0.9945
 DV/DL  =      -216.8493
 ------------------------------------------------------------------------------


MBAR Energy analysis:
Energy at 0.5000 =    -14358.224358
Energy at 0.5000 =    -14358.224358
Energy at 0.6000 =    -14381.430541
Energy at 0.6000 =    -14381.430541
Energy at 1.0000 =    -14473.641644
Energy at 1.0000 =    -14473.641644
 ------------------------------------------------------------------------------


| TI region  1


 NSTEP =      850   TIME(PS) =     327.700  TEMP(K) =   296.86  PRESS =     0.0
 Etot   =    -11811.3650  EKtot   =      2662.2766  EPtot      =    -14473.6416
 BOND   =        17.2144  ANGLE   =        51.8958  DIHED      =        38.9242
 1-4 NB =        14.3549  1-4 EEL =      -620.1646  VDWAALS    =      2011.3744
 EELEC  =    -15987.2407  EHBOND  =         0.0000  RESTRAINT  =         0.0000
 EKCMT  =         0.0000  VIRIAL  =         0.0000  VOLUME     =     45251.9302
                                                    Density    =         0.9946
 DV/DL  =      -229.9351
 ------------------------------------------------------------------------------

  Softcore part of the system:       2 atoms,       TEMP(K)    =         196.50
 SC_Etot=         5.6549  SC_EKtot=         1.1714  SC_EPtot   =         4.4835
 SC_BOND=         0.5473  SC_ANGLE=         2.7976  SC_DIHED   =         1.1385
 SC_14NB=         0.0000  SC_14EEL=         0.0000  SC_VDW     =         0.0000
 SC_EEL =         0.0000
 SC_RES_DIST=     0.0000  SC_RES_ANG=       0.0000  SC_RES_TORS=         0.0000
 SC_EEL_DER=      0.0000  SC_VDW_DER=       0.0000  SC_DERIV   =         0.0000
 ------------------------------------------------------------------------------


| TI region  2


 NSTEP =      850   TIME(PS) =     327.700  TEMP(K) =   296.92  PRESS =     0.0
 Etot   =    -11812.5365  EKtot   =      2661.1052  EPtot      =    -14473.6416
 BOND   =        17.2144  ANGLE   =        51.8958  DIHED      =        38.9242
 1-4 NB =        14.3549  1-4 EEL =      -620.1646  VDWAALS    =      2011.3744
 EELEC  =    -15987.2407  EHBOND  =         0.0000  RESTRAINT  =         0.0000
 EKCMT  =         0.0000  VIRIAL  =         0.0000  VOLUME     =     45251.9302
                                                    Density    =         0.9945
 DV/DL  =      -229.9351
 ------------------------------------------------------------------------------


MBAR Energy analysis:
Energy at 0.5000 =    -14391.862185
Energy at 0.5000 =    -14391.862185
Energy at 0.6000 =    -14414.911209
Energy at 0.6000 =    -14414.911209
Energy at 1.0000 =    -14505.752723
Energy at 1.0000 =    -14505.752723
 ------------------------------------------------------------------------------


| TI region  1


 NSTEP =      900   TIME(PS) =     327.800  TEMP(K) =   305.77  PRESS =     0.0
 Etot   =    -11763.5498  EKtot   =      2742.2030  EPtot      =    -14505.7527
 BOND   =        13.0363  ANGLE   =        36.8719  DIHED      =        38.8342
 1-4 NB =        18.3036  1-4 EEL =      -593.0854  VDWAALS    =      2050.3077
 EELEC  =    -16070.0210  EHBOND  =         0.0000  RESTRAINT  =         0.0000
 EKCMT  =         0.0000  VIRIAL  =         0.0000  VOLUME     =     45083.9382
                                                    Density    =         0.9983
 DV/DL  =      -225.9605
 ------------------------------------------------------------------------------

  Softcore part of the system:       2 atoms,       TEMP(K)    =         349.22
 SC_Etot=         5.5193  SC_EKtot=         2.0819  SC_EPtot   =         3.4374
 SC_BOND=         0.0653  SC_ANGLE=         2.9533  SC_DIHED   =         0.4187
 SC_14NB=         0.0000  SC_14EEL=         0.0000  SC_VDW     =         0.0000
 SC_EEL =         0.0000
 SC_RES_DIST=     0.0000  SC_RES_ANG=       0.0000  SC_RES_TORS=         0.0000
 SC_EEL_DER=      0.0000  SC_VDW_DER=       0.0000  SC_DERIV   =         0.0000
 ------------------------------------------------------------------------------


| TI region  2


 NSTEP =      900   TIME(PS) =     327.800  TEMP(K) =   305.74  PRESS =     0.0
 Etot   =    -11765.6316  EKtot   =      2740.1211  EPtot      =    -14505.7527
 BOND   =        13.0363  ANGLE   =        36.8719  DIHED      =        38.8342
 1-4 NB =        18.3036  1-4 EEL =      -593.0854  VDWAALS    =      2050.3077
 EELEC  =    -16070.0210  EHBOND  =         0.0000  RESTRAINT  =         0.0000
 EKCMT  =         0.0000  VIRIAL  =         0.0000  VOLUME     =     45083.9382
                                                    Density    =         0.9982
 DV/DL  =      -225.9605
 ------------------------------------------------------------------------------


MBAR Energy analysis:
Energy at 0.5000 =    -14384.576734
Energy at 0.5000 =    -14384.576734
Energy at 0.6000 =    -14408.550604
Energy at 0.6000 =    -14408.550604
Energy at 1.0000 =    -14503.107811
Energy at 1.0000 =    -14503.107811
 ------------------------------------------------------------------------------


| TI region  1


 NSTEP =      950   TIME(PS) =     327.900  TEMP(K) =   300.66  PRESS =     0.0
 Etot   =    -11806.7115  EKtot   =      2696.3963  EPtot      =    -14503.1078
 BOND   =         8.5855  ANGLE   =        53.1519  DIHED      =        38.0829
 1-4 NB =        16.6211  1-4 EEL =      -611.9446  VDWAALS    =      2111.6650
 EELEC  =    -16119.2696  EHBOND  =         0.0000  RESTRAINT  =         0.0000
 EKCMT  =         0.0000  VIRIAL  =         0.0000  VOLUME     =     45083.9382
                                                    Density    =         0.9983
 DV/DL  =      -235.2710
 ------------------------------------------------------------------------------

  Softcore part of the system:       2 atoms,       TEMP(K)    =         170.60
 SC_Etot=         4.6483  SC_EKtot=         1.0170  SC_EPtot   =         3.6312
 SC_BOND=         1.2781  SC_ANGLE=         1.8387  SC_DIHED   =         0.5145
 SC_14NB=         0.0000  SC_14EEL=         0.0000  SC_VDW     =         0.0000
 SC_EEL =         0.0000
 SC_RES_DIST=     0.0000  SC_RES_ANG=       0.0000  SC_RES_TORS=         0.0000
 SC_EEL_DER=      0.0000  SC_VDW_DER=       0.0000  SC_DERIV   =         0.0000
 ------------------------------------------------------------------------------


| TI region  2


 NSTEP =      950   TIME(PS) =     327.900  TEMP(K) =   300.75  PRESS =     0.0
 Etot   =    -11807.7286  EKtot   =      2695.3792  EPtot      =    -14503.1078
 BOND   =         8.5855  ANGLE   =        53.1519  DIHED      =        38.0829
 1-4 NB =        16.6211  1-4 EEL =      -611.9446  VDWAALS    =      2111.6650
 EELEC  =    -16119.2696  EHBOND  =         0.0000  RESTRAINT  =         0.0000
 EKCMT  =         0.0000  VIRIAL  =         0.0000  VOLUME     =     45083.9382
                                                    Density    =         0.9982
 DV/DL  =      -235.2710
 ------------------------------------------------------------------------------


MBAR Energy analysis:
Energy at 0.5000 =    -14479.083964
Energy at 0.5000 =    -14479.083964
Energy at 0.6000 =    -14500.863063
Energy at 0.6000 =    -14500.863063
Energy at 1.0000 =    -14586.299966
Energy at 1.0000 =    -14586.299966
 ------------------------------------------------------------------------------


| TI region  1


 NSTEP =     1000   TIME(PS) =     328.000  TEMP(K) =   306.21  PRESS =     0.0
 Etot   =    -11840.1343  EKtot   =      2746.1657  EPtot      =    -14586.3000
 BOND   =        14.1306  ANGLE   =        37.0265  DIHED      =        43.0074
 1-4 NB =        15.3973  1-4 EEL =      -608.6276  VDWAALS    =      2109.5648
 EELEC  =    -16196.7989  EHBOND  =         0.0000  RESTRAINT  =         0.0000
 EKCMT  =         0.0000  VIRIAL  =         0.0000  VOLUME     =     45246.8583
                                                    Density    =         0.9947
 DV/DL  =      -212.2787
 ------------------------------------------------------------------------------

  Softcore part of the system:       2 atoms,       TEMP(K)    =          46.36
 SC_Etot=         1.8489  SC_EKtot=         0.2764  SC_EPtot   =         1.5725
 SC_BOND=         0.1705  SC_ANGLE=         1.1811  SC_DIHED   =         0.2208
 SC_14NB=         0.0000  SC_14EEL=         0.0000  SC_VDW     =         0.0000
 SC_EEL =         0.0000
 SC_RES_DIST=     0.0000  SC_RES_ANG=       0.0000  SC_RES_TORS=         0.0000
 SC_EEL_DER=      0.0000  SC_VDW_DER=       0.0000  SC_DERIV   =         0.0000
 ------------------------------------------------------------------------------


| TI region  2


 NSTEP =     1000   TIME(PS) =     328.000  TEMP(K) =   306.38  PRESS =     0.0
 Etot   =    -11840.4107  EKtot   =      2745.8893  EPtot      =    -14586.3000
 BOND   =        14.1306  ANGLE   =        37.0265  DIHED      =        43.0074
 1-4 NB =        15.3973  1-4 EEL =      -608.6276  VDWAALS    =      2109.5648
 EELEC  =    -16196.7989  EHBOND  =         0.0000  RESTRAINT  =         0.0000
 EKCMT  =         0.0000  VIRIAL  =         0.0000  VOLUME     =     45246.8583
                                                    Density    =         0.9947
 DV/DL  =      -212.2787
 ------------------------------------------------------------------------------

|===============================================================================

| TI region  1


      A V E R A G E S   O V E R    1000 S T E P S


 NSTEP =     1000   TIME(PS) =     328.000  TEMP(K) =   301.96  PRESS =     0.0
 Etot   =    -11844.2319  EKtot   =      2708.0663  EPtot      =    -14552.2982
 BOND   =        15.5439  ANGLE   =        47.3539  DIHED      =        38.1408
 1-4 NB =        15.9521  1-4 EEL =      -610.2224  VDWAALS    =      2088.8410
 EELEC  =    -16147.9073  EHBOND  =         0.0000  RESTRAINT  =         0.0000
 EKCMT  =         0.0000  VIRIAL  =         0.0000  VOLUME     =     45094.5578
                                                    Density    =         0.9981
 DV/DL  =      -223.6323
 ------------------------------------------------------------------------------

  Softcore part of the system:       2 atoms,       TEMP(K)    =         294.73
 SC_Etot=         4.5336  SC_EKtot=         1.7570  SC_EPtot   =         2.7765
 SC_BOND=         0.4481  SC_ANGLE=         1.9493  SC_DIHED   =         0.3792
 SC_14NB=         0.0000  SC_14EEL=         0.0000  SC_VDW     =         0.0000
 SC_EEL =         0.0000
 SC_RES_DIST=     0.0000  SC_RES_ANG=       0.0000  SC_RES_TORS=         0.0000
 SC_EEL_DER=      0.0000  SC_VDW_DER=       0.0000  SC_DERIV   =         0.0000
 ------------------------------------------------------------------------------


      R M S  F L U C T U A T I O N S


 NSTEP =     1000   TIME(PS) =     328.000  TEMP(K) =     3.63  PRESS =     0.0
 Etot   =        41.7236  EKtot   =        32.5939  EPtot      =        37.5307
 BOND   =         3.9354  ANGLE   =         7.9536  DIHED      =         1.9167
 1-4 NB =         1.3101  1-4 EEL =         9.7728  VDWAALS    =        60.2579
 EELEC  =        75.8327  EHBOND  =         0.0000  RESTRAINT  =         0.0000
 EKCMT  =         0.0000  VIRIAL  =         0.0000  VOLUME     =       166.1600
                                                    Density    =         0.0037
 DV/DL  =         7.5800
 ------------------------------------------------------------------------------

  Softcore part of the system:       2 atoms,       TEMP(K)    =         162.03
 SC_Etot=         1.3638  SC_EKtot=         0.9659  SC_EPtot   =         1.1076
 SC_BOND=         0.3973  SC_ANGLE=         0.9097  SC_DIHED   =         0.4404
 SC_14NB=         0.0000  SC_14EEL=         0.0000  SC_VDW     =         0.0000
 SC_EEL =         0.0000
 SC_RES_DIST=     0.0000  SC_RES_ANG=       0.0000  SC_RES_TORS=         0.0000
 SC_EEL_DER=      0.0000  SC_VDW_DER=       0.0000  SC_DERIV   =         0.0000
 ------------------------------------------------------------------------------


| TI region  2


      A V E R A G E S   O V E R    1000 S T E P S


 NSTEP =     1000   TIME(PS) =     328.000  TEMP(K) =   301.97  PRESS =     0.0
 Etot   =    -11845.9889  EKtot   =      2706.3092  EPtot      =    -14552.2982
 BOND   =        15.5439  ANGLE   =        47.3539  DIHED      =        38.1408
 1-4 NB =        15.9521  1-4 EEL =      -610.2224  VDWAALS    =      2088.8410
 EELEC  =    -16147.9073  EHBOND  =         0.0000  RESTRAINT  =         0.0000
 EKCMT  =         0.0000  VIRIAL  =         0.0000  VOLUME     =     45094.5578
                                                    Density    =         0.9980
 DV/DL  =      -223.6323
 ------------------------------------------------------------------------------


      R M S  F L U C T U A T I O N S


 NSTEP =     1000   TIME(PS) =     328.000  TEMP(K) =     3.64  PRESS =     0.0
 Etot   =        41.8109  EKtot   =        32.6380  EPtot      =        37.5307
 BOND   =         3.9354  ANGLE   =         7.9536  DIHED      =         1.9167
 1-4 NB =         1.3101  1-4 EEL =         9.7728  VDWAALS    =        60.2579
 EELEC  =        75.8327  EHBOND  =         0.0000  RESTRAINT  =         0.0000
 EKCMT  =         0.0000  VIRIAL  =         0.0000  VOLUME     =       166.1600
                                                    Density    =         0.0037
 DV/DL  =         7.5800
 ------------------------------------------------------------------------------


      DV/DL, AVERAGES OVER    1000 STEPS


 NSTEP =     1000   TIME(PS) =     328.000  TEMP(K) =     3.64  PRESS =     0.0
 Etot   =         0.0000  EKtot   =         0.0000  EPtot      =      -221.4126
 BOND   =         0.0000  ANGLE   =         0.0000  DIHED      =         0.0000
 1-4 NB =        -0.2244  1-4 EEL =      -222.9131  VDWAALS    =        -0.2195
 EELEC  =        -0.2753  EHBOND  =         0.0000  RESTRAINT  =         0.0000
 EKCMT  =         0.0000  VIRIAL  =         0.0000  VOLUME     =         0.0000
                                                    Density    =         0.0000
 DV/DL  =      -221.4126
 ------------------------------------------------------------------------------

|===============================================================================

| TI region  1


      A V E R A G E S   O V E R    1000 S T E P S


 NSTEP =     1000   TIME(PS) =     328.000  TEMP(K) =   301.96  PRESS =     0.0
 Etot   =    -11844.2319  EKtot   =      2708.0663  EPtot      =    -14552.2982
 BOND   =        15.5439  ANGLE   =        47.3539  DIHED      =        38.1408
 1-4 NB =        15.9521  1-4 EEL =      -610.2224  VDWAALS    =      2088.8410
 EELEC  =    -16147.9073  EHBOND  =         0.0000  RESTRAINT  =         0.0000
 EKCMT  =         0.0000  VIRIAL  =         0.0000  VOLUME     =     45094.5578
                                                    Density    =         0.9981
 DV/DL  =      -223.6323
 ------------------------------------------------------------------------------

  Softcore part of the system:       2 atoms,       TEMP(K)    =         294.73
 SC_Etot=         4.5336  SC_EKtot=         1.7570  SC_EPtot   =         2.7765
 SC_BOND=         0.4481  SC_ANGLE=         1.9493  SC_DIHED   =         0.3792
 SC_14NB=         0.0000  SC_14EEL=         0.0000  SC_VDW     =         0.0000
 SC_EEL =         0.0000
 SC_RES_DIST=     0.0000  SC_RES_ANG=       0.0000  SC_RES_TORS=         0.0000
 SC_EEL_DER=      0.0000  SC_VDW_DER=       0.0000  SC_DERIV   =         0.0000
 ------------------------------------------------------------------------------


      R M S  F L U C T U A T I O N S


 NSTEP =     1000   TIME(PS) =     328.000  TEMP(K) =     3.63  PRESS =     0.0
 Etot   =        41.7236  EKtot   =        32.5939  EPtot      =        37.5307
 BOND   =         3.9354  ANGLE   =         7.9536  DIHED      =         1.9167
 1-4 NB =         1.3101  1-4 EEL =         9.7728  VDWAALS    =        60.2579
 EELEC  =        75.8327  EHBOND  =         0.0000  RESTRAINT  =         0.0000
 EKCMT  =         0.0000  VIRIAL  =         0.0000  VOLUME     =       166.1600
                                                    Density    =         0.0037
 DV/DL  =         7.5800
 ------------------------------------------------------------------------------

  Softcore part of the system:       2 atoms,       TEMP(K)    =         162.03
 SC_Etot=         1.3638  SC_EKtot=         0.9659  SC_EPtot   =         1.1076
 SC_BOND=         0.3973  SC_ANGLE=         0.9097  SC_DIHED   =         0.4404
 SC_14NB=         0.0000  SC_14EEL=         0.0000  SC_VDW     =         0.0000
 SC_EEL =         0.0000
 SC_RES_DIST=     0.0000  SC_RES_ANG=       0.0000  SC_RES_TORS=         0.0000
 SC_EEL_DER=      0.0000  SC_VDW_DER=       0.0000  SC_DERIV   =         0.0000
 ------------------------------------------------------------------------------


| TI region  2


      A V E R A G E S   O V E R    1000 S T E P S


 NSTEP =     1000   TIME(PS) =     328.000  TEMP(K) =   301.97  PRESS =     0.0
 Etot   =    -11845.9889  EKtot   =      2706.3092  EPtot      =    -14552.2982
 BOND   =        15.5439  ANGLE   =        47.3539  DIHED      =        38.1408
 1-4 NB =        15.9521  1-4 EEL =      -610.2224  VDWAALS    =      2088.8410
 EELEC  =    -16147.9073  EHBOND  =         0.0000  RESTRAINT  =         0.0000
 EKCMT  =         0.0000  VIRIAL  =         0.0000  VOLUME     =     45094.5578
                                                    Density    =         0.9980
 DV/DL  =      -223.6323
 ------------------------------------------------------------------------------


      R M S  F L U C T U A T I O N S


 NSTEP =     1000   TIME(PS) =     328.000  TEMP(K) =     3.64  PRESS =     0.0
 Etot   =        41.8109  EKtot   =        32.6380  EPtot      =        37.5307
 BOND   =         3.9354  ANGLE   =         7.9536  DIHED      =         1.9167
 1-4 NB =         1.3101  1-4 EEL =         9.7728  VDWAALS    =        60.2579
 EELEC  =        75.8327  EHBOND  =         0.0000  RESTRAINT  =         0.0000
 EKCMT  =         0.0000  VIRIAL  =         0.0000  VOLUME     =       166.1600
                                                    Density    =         0.0037
 DV/DL  =         7.5800
 ------------------------------------------------------------------------------


      DV/DL, AVERAGES OVER    1000 STEPS


 NSTEP =     1000   TIME(PS) =     328.000  TEMP(K) =     3.64  PRESS =     0.0
 Etot   =         0.0000  EKtot   =         0.0000  EPtot      =      -221.4126
 BOND   =         0.0000  ANGLE   =         0.0000  DIHED      =         0.0000
 1-4 NB =        -0.2244  1-4 EEL =      -222.9131  VDWAALS    =        -0.2195
 EELEC  =        -0.2753  EHBOND  =         0.0000  RESTRAINT  =         0.0000
 EKCMT  =         0.0000  VIRIAL  =         0.0000  VOLUME     =         0.0000
                                                    Density    =         0.0000
 DV/DL  =      -221.4126
 ------------------------------------------------------------------------------

| MC Barostat:         10 volume changes attempted.
| MC Barostat:          4 changes successful ( 40.00%)
 ------------------------------------------------------------------------------

--------------------------------------------------------------------------------
   5.  TIMINGS
--------------------------------------------------------------------------------

|  NonSetup CPU Time in Major Routines:
|
|     Routine           Sec        %
|     ------------------------------
|     Nonbond           0.29   80.00
|     Bond              0.00    0.00
|     Angle             0.00    0.00
|     Dihedral          0.00    0.00
|     Shake             0.00    0.79
|     RunMD             0.07   17.83
|     Other             0.01    1.39
|     ------------------------------
|     Total             0.37

|  PME Nonbond Pairlist CPU Time:
|
|     Routine              Sec        %
|     ---------------------------------
|     Set Up Cit           0.00    0.00
|     Build List           0.00    0.00
|     ---------------------------------
|     Total                0.00    0.00

|  PME Direct Force CPU Time:
|
|     Routine              Sec        %
|     ---------------------------------
|     NonBonded Calc       0.00    0.00
|     Exclude Masked       0.00    0.00
|     Other                0.00    0.47
|     ---------------------------------
|     Total                0.00    0.47

|  PME Reciprocal Force CPU Time:
|
|     Routine              Sec        %
|     ---------------------------------
|     1D bspline           0.00    0.00
|     Grid Charges         0.00    0.00
|     Scalar Sum           0.00    0.00
|     Gradient Sum         0.00    0.00
|     FFT                  0.00    0.00
|     ---------------------------------
|     Total                0.00    0.00

|  Final Performance Info:
|     -----------------------------------------------------
|     Average timings for last     950 steps:
|     Elapsed(s) =       0.36 Per Step(ms) =       0.38
|         ns/day =     457.99   seconds/ns =     188.65
|
|     Average timings for all steps:
|     Elapsed(s) =       0.38 Per Step(ms) =       0.38
|         ns/day =     453.04   seconds/ns =     190.71
|     -----------------------------------------------------

|  Setup CPU time:            1.06 seconds
|  NonSetup CPU time:         0.37 seconds
|  Total CPU time:            1.43 seconds     0.00 hours

|  Setup wall time:           1    seconds
|  NonSetup wall time:        0    seconds
|  Total wall time:           1    seconds     0.00 hours
