
          -------------------------------------------------------
          Amber 20 PMEMD                              2020
          -------------------------------------------------------

| PMEMD implementation of SANDER, Release 18

|  Compiled date/time: Tue Apr 28 09:19:54 2020
| Run on 09/12/2024 at 01:49:11

|   Executable path: pmemd.cuda_SPFP
| Working directory: /nfs/zli_gpu2/bin/developed_softwares/test_car/car/car/example/0.0_0.0_0.0
|          Hostname: compute-0-8

  [-O]verwriting output

File Assignments:
|   MDIN: prod0.in                                                              
|  MDOUT: prod0.out                                                             
| INPCRD: equi-5.rst                                                            
|   PARM: ../lM2A.prmtop                                                        
| RESTRT: prod0.rst                                                             
|   REFC: refc                                                                  
|  MDVEL: mdvel                                                                 
|   MDEN: mden                                                                  
|  MDCRD: prod0.netcdf                                                          
| MDINFO: prod0.mdinfo                                                          
|  MDFRC: mdfrc                                                                 


 Here is the input file:

NVT MD w/No position restraints and PME (sander)                               
 &cntrl                                                                        
  ntx    = 5,                                                                  
  irest  = 1,                                                                  
  ntpr   = 50,                                                                 
  ntwx   = 10000,                                                              
  ntwe   = 10000,                                                              
  ntwr   = 10000,                                                              
  ig     = -1,                                                                 
                                                                               
  ntb    = 2,                                                                  
  ntp = 1, pres0 = 1.0, taup = 2.0,gamma_ln = 2.0,                             
  cut    = 10.0,                                                               
  iwrap  = 1,                                                                  
  barostat = 2,                                                                
                                                                               
  t      = 0.0,                                                                
  dt     = 0.002,                                                              
                                                                               
  temp0  = 300.0,                                                              
  tempi  = 300.0,                                                              
  ntt    = 3,                                                                  
  tautp  = 2.0,                                                                
                                                                               
  ntf    = 1,                                                                  
  ntc    = 2,                                                                  
  iwrap=1, ioutfm=1, ntwv=-1,ntave=1000,                                       
  bar_intervall = 50,                                                          
  icfe = 1, ifsc = 1,                                                          
  timask1=':1,2',                                                              
  timask2=':3',                                                                
  scmask1=':2',                                                                
  scmask2='',                                                                  
  ifmbar = 1,                                                                  
  nstlim = 1000,                                                               
  clambda = 0.0,                                                               
  mbar_states = 6,                                                             
  mbar_lambda = 0.0, 0.0, 0.2, 0.2, 0.5, 0.5,                                  
&end                                                                           
 /                                                                             


Note: ig = -1. Setting random seed to   171145 based on wallclock time in 
      microseconds.
| irandom = 1, using AMBER's internal random number generator (default).
 
|--------------------- INFORMATION ----------------------
| GPU (CUDA) Version of PMEMD in use: NVIDIA GPU IN USE.
|                    Version 18.0.0
| 
|                      03/25/2018
| 
| Implementation by:
|                    Ross C. Walker     (SDSC)
|                    Scott Le Grand     (nVIDIA)
| 
| Version 18 performance extensions by:
|                    David Cerutti     (Rutgers)
| 
| Precision model in use:
|      [SPFP] - Single Precision Forces, 64-bit Fixed Point
|               Accumulation. (Default)
| 
|--------------------------------------------------------
 
|----------------- CITATION INFORMATION -----------------
|
|    When publishing work that utilized the CUDA version
|    of AMBER, please cite the following in addition to
|    the regular AMBER citations:
|
|  - Romelia Salomon-Ferrer; Andreas W. Goetz; Duncan
|    Poole; Scott Le Grand; Ross C. Walker "Routine
|    microsecond molecular dynamics simulations with
|    AMBER - Part II: Particle Mesh Ewald", J. Chem.
|    Theory Comput., 2013, 9 (9), pp3878-3888,
|    DOI: 10.1021/ct400314y.
|
|  - Andreas W. Goetz; Mark J. Williamson; Dong Xu;
|    Duncan Poole; Scott Le Grand; Ross C. Walker
|    "Routine microsecond molecular dynamics simulations
|    with AMBER - Part I: Generalized Born", J. Chem.
|    Theory Comput., 2012, 8 (5), pp1542-1555.
|
|  - Scott Le Grand; Andreas W. Goetz; Ross C. Walker
|    "SPFP: Speed without compromise - a mixed precision
|    model for GPU accelerated molecular dynamics
|    simulations.", Comp. Phys. Comm., 2013, 184
|    pp374-380, DOI: 10.1016/j.cpc.2012.09.022
|
|    When publishing work that utilized the CUDA version
|    of TI, BAR, MBAR or FEP please cite the following 
|    publications in addition to the regular AMBER 
|    GPU citations:
|
|  - Daniel J. Mermelstein; Charles Lin; Gard Nelson; 
|    Rachael Kretsch; J. Andrew McCammon; Ross C. Walker
|    "Fast and Flexible GPU Accelerated Binding 
|    Free Energy Calculations within the AMBER Molecular
|    Dynamics Package" J. Comp. Chem., 2018,
|    DOI: 10.1002/jcc.25187
|
|  - Tai-Sung Lee; Yuan Hu; Brad Sherborne; Zhuyan Guo;
|    Darrin M. York
|    "Toward Fast and Accurate Binding Affinity Prediction with
|    pmemdGTI: An Efficient Implementation of GPU-Accelerated
|    Thermodynamic Integration"
|    J. Chem. Theory Comput., 2017, 13 (7), 3077
|
|
|--------------------------------------------------------
 
|------------------- GPU DEVICE INFO --------------------
|
|            CUDA_VISIBLE_DEVICES: not set
|   CUDA Capable Devices Detected:      8
|           CUDA Device ID in use:      0
|                CUDA Device Name: NVIDIA GeForce RTX 4090
|     CUDA Device Global Mem Size:  24217 MB
| CUDA Device Num Multiprocessors:    128
|           CUDA Device Core Freq:   2.52 GHz
|
|--------------------------------------------------------
 
 
| Conditional Compilation Defines Used:
| PUBFFT
| BINTRAJ
| CUDA
| EMIL

| Largest sphere to fit in unit cell has radius =    17.459

| New format PARM file being parsed.
| Version =    1.000 Date = 08/02/22 Time = 19:36:52

| Note: 1-4 EEL scale factors are being read from the topology file.

| Note: 1-4 VDW scale factors are being read from the topology file.
| Duplicated    0 dihedrals

| Duplicated    0 dihedrals

--------------------------------------------------------------------------------
   1.  RESOURCE   USE: 
--------------------------------------------------------------------------------

 getting box info from netcdf restart file
 NATOM  =    4548 NTYPES =      17 NBONH =    4492 MBONA  =      62
 NTHETH =     105 MTHETA =      88 NPHIH =     188 MPHIA  =     154
 NHPARM =       0 NPARM  =       0 NNB   =    6494 NRES   =    1485
 NBONA  =      62 NTHETA =      88 NPHIA =     154 NUMBND =      22
 NUMANG =      36 NPTRA  =      19 NATYP =      18 NPHB   =       1
 IFBOX  =       1 NMXRS  =      50 IFCAP =       0 NEXTRA =       0
 NCOPY  =       0

| Coordinate Index Table dimensions:     6    6    6
| Direct force subcell size =     5.9082    6.1381    5.8196

     BOX TYPE: RECTILINEAR

--------------------------------------------------------------------------------
   2.  CONTROL  DATA  FOR  THE  RUN
--------------------------------------------------------------------------------

default_name                                                                    

General flags:
     imin    =       0, nmropt  =       0

Nature and format of input:
     ntx     =       5, irest   =       1, ntrx    =       1

Nature and format of output:
     ntxo    =       2, ntpr    =      50, ntrx    =       1, ntwr    =   10000
     iwrap   =       1, ntwx    =   10000, ntwv    =      -1, ntwe    =   10000
     ioutfm  =       1, ntwprt  =       0, idecomp =       0, rbornstat=      0

Potential function:
     ntf     =       1, ntb     =       2, igb     =       0, nsnb    =      25
     ipol    =       0, gbsa    =       0, iesp    =       0
     dielc   =   1.00000, cut     =  10.00000, intdiel =   1.00000

Frozen or restrained atoms:
     ibelly  =       0, ntr     =       0

Molecular dynamics:
     nstlim  =      1000, nscm    =      1000, nrespa  =         1
     t       =   0.00000, dt      =   0.00200, vlimit  =  -1.00000

Langevin dynamics temperature regulation:
     ig      =  171145
     temp0   = 300.00000, tempi   = 300.00000, gamma_ln=   2.00000

Pressure regulation:
     ntp     =       1
     pres0   =   1.00000, comp    =  44.60000, taup    =   2.00000
     Monte-Carlo Barostat:
     mcbarint  =     100

SHAKE:
     ntc     =       2, jfastw  =       0
     tol     =   0.00001

Free energy options:
     icfe    =       1, ifsc    =       1, klambda =       1
     clambda =  0.0000, scalpha =  0.5000, scbeta  = 12.0000
     sceeorder =       2
     dynlmb =  0.0000 logdvdl =       0

FEP MBAR options:
     ifmbar  =       1,  bar_intervall =       50
     mbar_states =       6

| Intermolecular bonds treatment:
|     no_intermolecular_bonds =       1

| Energy averages sample interval:
|     ene_avg_sampling =       1

Ewald parameters:
     verbose =       0, ew_type =       0, nbflag  =       1, use_pme =       1
     vdwmeth =       1, eedmeth =       1, netfrc  =       1
     Box X =   35.449   Box Y =   36.829   Box Z =   34.918
     Alpha =   90.000   Beta  =   90.000   Gamma =   90.000
     NFFT1 =   36       NFFT2 =   40       NFFT3 =   36
     Cutoff=   10.000   Tol   =0.100E-04
     Ewald Coefficient =  0.27511
     Interpolation order =    4
     TI Mask 1 :1,2; matches     52 atoms
     TI Mask 2 :3; matches     50 atoms
     TI region 1:    4498 atoms
     TI region 2:    4496 atoms
     SC Mask 1 :2; matches      2 atoms

    MBAR - lambda values considered:
       6 total:  0.0000 0.0000 0.2000 0.2000 0.5000 0.5000
    Extra energies will be computed     20 times.
| MONTE CARLO BAROSTAT IMPORTANT NOTE:
|   The Monte-Carlo barostat does not require the virial to adjust the system volume.
|   Since it is an expensive calculation, it is skipped for efficiency. A side-effect
|   is that the reported pressure is always 0 because it is not calculated.

--------------------------------------------------------------------------------
   3.  ATOMIC COORDINATES AND VELOCITIES
--------------------------------------------------------------------------------

default_name                                                                    
 begin time read from input coords =   300.000 ps

 
     Molecule     1 is partially softcore
     Molecule     2 is partially softcore
 Number of triangulated 3-point waters found:     1482
   Removing shake constraints from HX1   LBM   2 -- N26   LAM   1
   Removing shake constraints from H23   LBM   2 -- N26   LAM   1
 Number of shake restraints removed in TI region  1 :        2
 Number of shake restraints removed in TI region  2 :        0

     Sum of charges for TI region  1 =  -0.00249680
     Skip neutralizing charges...


     Sum of charges for TI region  2 =  -0.00299999
     Skip neutralizing charges...

| Dynamic Memory, Types Used:
| Reals              376219
| Integers           194647

| Nonbonded Pairs Initial Allocation:     1375656

| GPU memory information (estimate):
| KB of GPU memory in use:     52147
| KB of CPU memory in use:     28213

--------------------------------------------------------------------------------
   4.  RESULTS
--------------------------------------------------------------------------------

   DOF for the SC part  1 of the system:    6

MBAR Energy analysis:
Energy at 0.0000 =    -14365.422898
Energy at 0.0000 =    -14365.422898
Energy at 0.2000 =    -14394.899992
Energy at 0.2000 =    -14394.899992
Energy at 0.5000 =    -14438.594810
Energy at 0.5000 =    -14438.594810
 ------------------------------------------------------------------------------


| TI region  1


 NSTEP =       50   TIME(PS) =     300.100  TEMP(K) =   303.57  PRESS =     0.0
 Etot   =    -11642.9849  EKtot   =      2722.4380  EPtot      =    -14365.4229
 BOND   =        11.1853  ANGLE   =        24.1621  DIHED      =        35.4995
 1-4 NB =        16.2114  1-4 EEL =      -385.3934  VDWAALS    =      1982.2019
 EELEC  =    -16049.2898  EHBOND  =         0.0000  RESTRAINT  =         0.0000
 EKCMT  =         0.0000  VIRIAL  =         0.0000  VOLUME     =     45586.7941
                                                    Density    =         0.9873
 DV/DL  =      -148.8434
 ------------------------------------------------------------------------------

  Softcore part of the system:       2 atoms,       TEMP(K)    =         145.86
 SC_Etot=         3.7313  SC_EKtot=         0.8696  SC_EPtot   =         2.8617
 SC_BOND=         0.6014  SC_ANGLE=         1.6438  SC_DIHED   =         0.6165
 SC_14NB=         0.0000  SC_14EEL=         0.0000  SC_VDW     =         0.0000
 SC_EEL =         0.0000
 SC_RES_DIST=     0.0000  SC_RES_ANG=       0.0000  SC_RES_TORS=         0.0000
 SC_EEL_DER=      0.0000  SC_VDW_DER=      -3.2204  SC_DERIV   =        -3.2204
 ------------------------------------------------------------------------------


| TI region  2


 NSTEP =       50   TIME(PS) =     300.100  TEMP(K) =   303.67  PRESS =     0.0
 Etot   =    -11643.8545  EKtot   =      2721.5684  EPtot      =    -14365.4229
 BOND   =        11.1853  ANGLE   =        24.1621  DIHED      =        35.4995
 1-4 NB =        16.2114  1-4 EEL =      -385.3934  VDWAALS    =      1982.2019
 EELEC  =    -16049.2898  EHBOND  =         0.0000  RESTRAINT  =         0.0000
 EKCMT  =         0.0000  VIRIAL  =         0.0000  VOLUME     =     45586.7941
                                                    Density    =         0.9872
 DV/DL  =      -148.8434
 ------------------------------------------------------------------------------


MBAR Energy analysis:
Energy at 0.0000 =    -14337.474187
Energy at 0.0000 =    -14337.474187
Energy at 0.2000 =    -14366.972587
Energy at 0.2000 =    -14366.972587
Energy at 0.5000 =    -14410.784705
Energy at 0.5000 =    -14410.784705
 ------------------------------------------------------------------------------


| TI region  1


 NSTEP =      100   TIME(PS) =     300.200  TEMP(K) =   296.81  PRESS =     0.0
 Etot   =    -11675.6192  EKtot   =      2661.8549  EPtot      =    -14337.4742
 BOND   =        14.8151  ANGLE   =        26.2808  DIHED      =        41.4279
 1-4 NB =        14.9081  1-4 EEL =      -386.8424  VDWAALS    =      2135.9665
 EELEC  =    -16184.0303  EHBOND  =         0.0000  RESTRAINT  =         0.0000
 EKCMT  =         0.0000  VIRIAL  =         0.0000  VOLUME     =     45461.6293
                                                    Density    =         0.9900
 DV/DL  =      -148.5974
 ------------------------------------------------------------------------------

  Softcore part of the system:       2 atoms,       TEMP(K)    =         345.62
 SC_Etot=         4.0462  SC_EKtot=         2.0604  SC_EPtot   =         1.9858
 SC_BOND=         0.2437  SC_ANGLE=         0.2113  SC_DIHED   =         1.5308
 SC_14NB=         0.0000  SC_14EEL=         0.0000  SC_VDW     =         0.0000
 SC_EEL =         0.0000
 SC_RES_DIST=     0.0000  SC_RES_ANG=       0.0000  SC_RES_TORS=         0.0000
 SC_EEL_DER=      0.0000  SC_VDW_DER=      -2.6330  SC_DERIV   =        -2.6330
 ------------------------------------------------------------------------------


| TI region  2


 NSTEP =      100   TIME(PS) =     300.200  TEMP(K) =   296.78  PRESS =     0.0
 Etot   =    -11677.6797  EKtot   =      2659.7945  EPtot      =    -14337.4742
 BOND   =        14.8151  ANGLE   =        26.2808  DIHED      =        41.4279
 1-4 NB =        14.9081  1-4 EEL =      -386.8424  VDWAALS    =      2135.9665
 EELEC  =    -16184.0303  EHBOND  =         0.0000  RESTRAINT  =         0.0000
 EKCMT  =         0.0000  VIRIAL  =         0.0000  VOLUME     =     45461.6293
                                                    Density    =         0.9900
 DV/DL  =      -148.5974
 ------------------------------------------------------------------------------


MBAR Energy analysis:
Energy at 0.0000 =    -14334.497324
Energy at 0.0000 =    -14334.497324
Energy at 0.2000 =    -14364.903549
Energy at 0.2000 =    -14364.903549
Energy at 0.5000 =    -14410.455284
Energy at 0.5000 =    -14410.455284
 ------------------------------------------------------------------------------


| TI region  1


 NSTEP =      150   TIME(PS) =     300.300  TEMP(K) =   297.40  PRESS =     0.0
 Etot   =    -11667.3748  EKtot   =      2667.1225  EPtot      =    -14334.4973
 BOND   =        15.1275  ANGLE   =        33.6672  DIHED      =        41.7890
 1-4 NB =        20.6783  1-4 EEL =      -390.9731  VDWAALS    =      1991.4761
 EELEC  =    -16046.2624  EHBOND  =         0.0000  RESTRAINT  =         0.0000
 EKCMT  =         0.0000  VIRIAL  =         0.0000  VOLUME     =     45461.6293
                                                    Density    =         0.9900
 DV/DL  =      -152.1491
 ------------------------------------------------------------------------------

  Softcore part of the system:       2 atoms,       TEMP(K)    =         316.07
 SC_Etot=         4.2174  SC_EKtot=         1.8843  SC_EPtot   =         2.3331
 SC_BOND=         0.6394  SC_ANGLE=         0.7382  SC_DIHED   =         0.9555
 SC_14NB=         0.0000  SC_14EEL=         0.0000  SC_VDW     =         0.0000
 SC_EEL =         0.0000
 SC_RES_DIST=     0.0000  SC_RES_ANG=       0.0000  SC_RES_TORS=         0.0000
 SC_EEL_DER=      0.0000  SC_VDW_DER=      -0.3343  SC_DERIV   =        -0.3343
 ------------------------------------------------------------------------------


| TI region  2


 NSTEP =      150   TIME(PS) =     300.300  TEMP(K) =   297.39  PRESS =     0.0
 Etot   =    -11669.2591  EKtot   =      2665.2382  EPtot      =    -14334.4973
 BOND   =        15.1275  ANGLE   =        33.6672  DIHED      =        41.7890
 1-4 NB =        20.6783  1-4 EEL =      -390.9731  VDWAALS    =      1991.4761
 EELEC  =    -16046.2624  EHBOND  =         0.0000  RESTRAINT  =         0.0000
 EKCMT  =         0.0000  VIRIAL  =         0.0000  VOLUME     =     45461.6293
                                                    Density    =         0.9900
 DV/DL  =      -152.1491
 ------------------------------------------------------------------------------


MBAR Energy analysis:
Energy at 0.0000 =    -14344.015915
Energy at 0.0000 =    -14344.015915
Energy at 0.2000 =    -14373.793255
Energy at 0.2000 =    -14373.793255
Energy at 0.5000 =    -14418.414957
Energy at 0.5000 =    -14418.414957
 ------------------------------------------------------------------------------


| TI region  1


 NSTEP =      200   TIME(PS) =     300.400  TEMP(K) =   297.47  PRESS =     0.0
 Etot   =    -11676.2415  EKtot   =      2667.7744  EPtot      =    -14344.0159
 BOND   =        10.1992  ANGLE   =        30.1327  DIHED      =        41.5352
 1-4 NB =        14.2220  1-4 EEL =      -385.0119  VDWAALS    =      2005.8285
 EELEC  =    -16060.9217  EHBOND  =         0.0000  RESTRAINT  =         0.0000
 EKCMT  =         0.0000  VIRIAL  =         0.0000  VOLUME     =     45461.6293
                                                    Density    =         0.9900
 DV/DL  =      -148.9794
 ------------------------------------------------------------------------------

  Softcore part of the system:       2 atoms,       TEMP(K)    =         341.18
 SC_Etot=         6.9160  SC_EKtot=         2.0340  SC_EPtot   =         4.8820
 SC_BOND=         1.0083  SC_ANGLE=         3.7657  SC_DIHED   =         0.1080
 SC_14NB=         0.0000  SC_14EEL=         0.0000  SC_VDW     =         0.0000
 SC_EEL =         0.0000
 SC_RES_DIST=     0.0000  SC_RES_ANG=       0.0000  SC_RES_TORS=         0.0000
 SC_EEL_DER=      0.0000  SC_VDW_DER=      -0.2563  SC_DERIV   =        -0.2563
 ------------------------------------------------------------------------------


| TI region  2


 NSTEP =      200   TIME(PS) =     300.400  TEMP(K) =   297.44  PRESS =     0.0
 Etot   =    -11678.2755  EKtot   =      2665.7404  EPtot      =    -14344.0159
 BOND   =        10.1992  ANGLE   =        30.1327  DIHED      =        41.5352
 1-4 NB =        14.2220  1-4 EEL =      -385.0119  VDWAALS    =      2005.8285
 EELEC  =    -16060.9217  EHBOND  =         0.0000  RESTRAINT  =         0.0000
 EKCMT  =         0.0000  VIRIAL  =         0.0000  VOLUME     =     45461.6293
                                                    Density    =         0.9900
 DV/DL  =      -148.9794
 ------------------------------------------------------------------------------


MBAR Energy analysis:
Energy at 0.0000 =    -14321.694757
Energy at 0.0000 =    -14321.694757
Energy at 0.2000 =    -14352.838351
Energy at 0.2000 =    -14352.838351
Energy at 0.5000 =    -14399.344710
Energy at 0.5000 =    -14399.344710
 ------------------------------------------------------------------------------


| TI region  1


 NSTEP =      250   TIME(PS) =     300.500  TEMP(K) =   292.08  PRESS =     0.0
 Etot   =    -11702.2465  EKtot   =      2619.4482  EPtot      =    -14321.6948
 BOND   =        14.3865  ANGLE   =        24.7091  DIHED      =        38.0952
 1-4 NB =        15.0398  1-4 EEL =      -386.9631  VDWAALS    =      2015.3172
 EELEC  =    -16042.2795  EHBOND  =         0.0000  RESTRAINT  =         0.0000
 EKCMT  =         0.0000  VIRIAL  =         0.0000  VOLUME     =     45461.6293
                                                    Density    =         0.9900
 DV/DL  =      -156.2130
 ------------------------------------------------------------------------------

  Softcore part of the system:       2 atoms,       TEMP(K)    =         501.99
 SC_Etot=         8.3394  SC_EKtot=         2.9927  SC_EPtot   =         5.3468
 SC_BOND=         1.1498  SC_ANGLE=         3.3682  SC_DIHED   =         0.8289
 SC_14NB=         0.0000  SC_14EEL=         0.0000  SC_VDW     =         0.0000
 SC_EEL =         0.0000
 SC_RES_DIST=     0.0000  SC_RES_ANG=       0.0000  SC_RES_TORS=         0.0000
 SC_EEL_DER=      0.0000  SC_VDW_DER=      -1.2429  SC_DERIV   =        -1.2429
 ------------------------------------------------------------------------------


| TI region  2


 NSTEP =      250   TIME(PS) =     300.500  TEMP(K) =   291.94  PRESS =     0.0
 Etot   =    -11705.2392  EKtot   =      2616.4556  EPtot      =    -14321.6948
 BOND   =        14.3865  ANGLE   =        24.7091  DIHED      =        38.0952
 1-4 NB =        15.0398  1-4 EEL =      -386.9631  VDWAALS    =      2015.3172
 EELEC  =    -16042.2795  EHBOND  =         0.0000  RESTRAINT  =         0.0000
 EKCMT  =         0.0000  VIRIAL  =         0.0000  VOLUME     =     45461.6293
                                                    Density    =         0.9900
 DV/DL  =      -156.2130
 ------------------------------------------------------------------------------


MBAR Energy analysis:
Energy at 0.0000 =    -14383.320075
Energy at 0.0000 =    -14383.320075
Energy at 0.2000 =    -14411.568158
Energy at 0.2000 =    -14411.568158
Energy at 0.5000 =    -14453.670771
Energy at 0.5000 =    -14453.670771
 ------------------------------------------------------------------------------


| TI region  1


 NSTEP =      300   TIME(PS) =     300.600  TEMP(K) =   296.43  PRESS =     0.0
 Etot   =    -11724.8418  EKtot   =      2658.4783  EPtot      =    -14383.3201
 BOND   =        15.0060  ANGLE   =        35.3839  DIHED      =        37.0409
 1-4 NB =        20.4262  1-4 EEL =      -393.4206  VDWAALS    =      2091.0854
 EELEC  =    -16188.8420  EHBOND  =         0.0000  RESTRAINT  =         0.0000
 EKCMT  =         0.0000  VIRIAL  =         0.0000  VOLUME     =     45461.6293
                                                    Density    =         0.9900
 DV/DL  =      -141.9183
 ------------------------------------------------------------------------------

  Softcore part of the system:       2 atoms,       TEMP(K)    =         225.73
 SC_Etot=         6.6426  SC_EKtot=         1.3457  SC_EPtot   =         5.2969
 SC_BOND=         2.9940  SC_ANGLE=         1.8054  SC_DIHED   =         0.4975
 SC_14NB=         0.0000  SC_14EEL=         0.0000  SC_VDW     =         0.0000
 SC_EEL =         0.0000
 SC_RES_DIST=     0.0000  SC_RES_ANG=       0.0000  SC_RES_TORS=         0.0000
 SC_EEL_DER=      0.0000  SC_VDW_DER=      -1.6223  SC_DERIV   =        -1.6223
 ------------------------------------------------------------------------------


| TI region  2


 NSTEP =      300   TIME(PS) =     300.600  TEMP(K) =   296.48  PRESS =     0.0
 Etot   =    -11726.1875  EKtot   =      2657.1326  EPtot      =    -14383.3201
 BOND   =        15.0060  ANGLE   =        35.3839  DIHED      =        37.0409
 1-4 NB =        20.4262  1-4 EEL =      -393.4206  VDWAALS    =      2091.0854
 EELEC  =    -16188.8420  EHBOND  =         0.0000  RESTRAINT  =         0.0000
 EKCMT  =         0.0000  VIRIAL  =         0.0000  VOLUME     =     45461.6293
                                                    Density    =         0.9900
 DV/DL  =      -141.9183
 ------------------------------------------------------------------------------


MBAR Energy analysis:
Energy at 0.0000 =    -14418.141776
Energy at 0.0000 =    -14418.141776
Energy at 0.2000 =    -14447.349505
Energy at 0.2000 =    -14447.349505
Energy at 0.5000 =    -14491.157315
Energy at 0.5000 =    -14491.157315
 ------------------------------------------------------------------------------


| TI region  1


 NSTEP =      350   TIME(PS) =     300.700  TEMP(K) =   292.47  PRESS =     0.0
 Etot   =    -11795.2279  EKtot   =      2622.9138  EPtot      =    -14418.1418
 BOND   =         8.8558  ANGLE   =        34.9517  DIHED      =        37.9496
 1-4 NB =        15.9892  1-4 EEL =      -383.7217  VDWAALS    =      2085.9497
 EELEC  =    -16218.1161  EHBOND  =         0.0000  RESTRAINT  =         0.0000
 EKCMT  =         0.0000  VIRIAL  =         0.0000  VOLUME     =     45461.6293
                                                    Density    =         0.9900
 DV/DL  =      -146.0494
 ------------------------------------------------------------------------------

  Softcore part of the system:       2 atoms,       TEMP(K)    =         293.85
 SC_Etot=         5.9241  SC_EKtot=         1.7518  SC_EPtot   =         4.1723
 SC_BOND=         1.9071  SC_ANGLE=         0.7327  SC_DIHED   =         1.5325
 SC_14NB=         0.0000  SC_14EEL=         0.0000  SC_VDW     =         0.0000
 SC_EEL =         0.0000
 SC_RES_DIST=     0.0000  SC_RES_ANG=       0.0000  SC_RES_TORS=         0.0000
 SC_EEL_DER=      0.0000  SC_VDW_DER=      -0.0175  SC_DERIV   =        -0.0175
 ------------------------------------------------------------------------------


| TI region  2


 NSTEP =      350   TIME(PS) =     300.700  TEMP(K) =   292.47  PRESS =     0.0
 Etot   =    -11796.9797  EKtot   =      2621.1620  EPtot      =    -14418.1418
 BOND   =         8.8558  ANGLE   =        34.9517  DIHED      =        37.9496
 1-4 NB =        15.9892  1-4 EEL =      -383.7217  VDWAALS    =      2085.9497
 EELEC  =    -16218.1161  EHBOND  =         0.0000  RESTRAINT  =         0.0000
 EKCMT  =         0.0000  VIRIAL  =         0.0000  VOLUME     =     45461.6293
                                                    Density    =         0.9900
 DV/DL  =      -146.0494
 ------------------------------------------------------------------------------


MBAR Energy analysis:
Energy at 0.0000 =    -14333.028996
Energy at 0.0000 =    -14333.028996
Energy at 0.2000 =    -14360.631979
Energy at 0.2000 =    -14360.631979
Energy at 0.5000 =    -14402.034940
Energy at 0.5000 =    -14402.034940
 ------------------------------------------------------------------------------


| TI region  1


 NSTEP =      400   TIME(PS) =     300.800  TEMP(K) =   285.60  PRESS =     0.0
 Etot   =    -11771.7114  EKtot   =      2561.3176  EPtot      =    -14333.0290
 BOND   =         9.9984  ANGLE   =        35.8611  DIHED      =        39.6598
 1-4 NB =        14.7183  1-4 EEL =      -384.9035  VDWAALS    =      2015.4315
 EELEC  =    -16063.7945  EHBOND  =         0.0000  RESTRAINT  =         0.0000
 EKCMT  =         0.0000  VIRIAL  =         0.0000  VOLUME     =     45507.8278
                                                    Density    =         0.9890
 DV/DL  =      -138.0211
 ------------------------------------------------------------------------------

  Softcore part of the system:       2 atoms,       TEMP(K)    =         246.85
 SC_Etot=         2.7632  SC_EKtot=         1.4716  SC_EPtot   =         1.2916
 SC_BOND=         0.7598  SC_ANGLE=         0.3609  SC_DIHED   =         0.1709
 SC_14NB=         0.0000  SC_14EEL=         0.0000  SC_VDW     =         0.0000
 SC_EEL =         0.0000
 SC_RES_DIST=     0.0000  SC_RES_ANG=       0.0000  SC_RES_TORS=         0.0000
 SC_EEL_DER=      0.0000  SC_VDW_DER=      -0.0041  SC_DERIV   =        -0.0041
 ------------------------------------------------------------------------------


| TI region  2


 NSTEP =      400   TIME(PS) =     300.800  TEMP(K) =   285.63  PRESS =     0.0
 Etot   =    -11773.1830  EKtot   =      2559.8460  EPtot      =    -14333.0290
 BOND   =         9.9984  ANGLE   =        35.8611  DIHED      =        39.6598
 1-4 NB =        14.7183  1-4 EEL =      -384.9035  VDWAALS    =      2015.4315
 EELEC  =    -16063.7945  EHBOND  =         0.0000  RESTRAINT  =         0.0000
 EKCMT  =         0.0000  VIRIAL  =         0.0000  VOLUME     =     45507.8278
                                                    Density    =         0.9890
 DV/DL  =      -138.0211
 ------------------------------------------------------------------------------


MBAR Energy analysis:
Energy at 0.0000 =    -14387.754680
Energy at 0.0000 =    -14387.754680
Energy at 0.2000 =    -14415.529873
Energy at 0.2000 =    -14415.529873
Energy at 0.5000 =    -14457.114755
Energy at 0.5000 =    -14457.114755
 ------------------------------------------------------------------------------


| TI region  1


 NSTEP =      450   TIME(PS) =     300.900  TEMP(K) =   295.22  PRESS =     0.0
 Etot   =    -11740.1526  EKtot   =      2647.6021  EPtot      =    -14387.7547
 BOND   =        10.4117  ANGLE   =        29.9881  DIHED      =        40.9305
 1-4 NB =        17.7409  1-4 EEL =      -386.3174  VDWAALS    =      2045.4340
 EELEC  =    -16145.9426  EHBOND  =         0.0000  RESTRAINT  =         0.0000
 EKCMT  =         0.0000  VIRIAL  =         0.0000  VOLUME     =     45507.8278
                                                    Density    =         0.9890
 DV/DL  =      -139.0407
 ------------------------------------------------------------------------------

  Softcore part of the system:       2 atoms,       TEMP(K)    =         773.78
 SC_Etot=         6.5499  SC_EKtot=         4.6129  SC_EPtot   =         1.9369
 SC_BOND=         1.0528  SC_ANGLE=         0.8830  SC_DIHED   =         0.0011
 SC_14NB=         0.0000  SC_14EEL=         0.0000  SC_VDW     =         0.0000
 SC_EEL =         0.0000
 SC_RES_DIST=     0.0000  SC_RES_ANG=       0.0000  SC_RES_TORS=         0.0000
 SC_EEL_DER=      0.0000  SC_VDW_DER=      -0.4536  SC_DERIV   =        -0.4536
 ------------------------------------------------------------------------------


| TI region  2


 NSTEP =      450   TIME(PS) =     300.900  TEMP(K) =   294.90  PRESS =     0.0
 Etot   =    -11744.7655  EKtot   =      2642.9891  EPtot      =    -14387.7547
 BOND   =        10.4117  ANGLE   =        29.9881  DIHED      =        40.9305
 1-4 NB =        17.7409  1-4 EEL =      -386.3174  VDWAALS    =      2045.4340
 EELEC  =    -16145.9426  EHBOND  =         0.0000  RESTRAINT  =         0.0000
 EKCMT  =         0.0000  VIRIAL  =         0.0000  VOLUME     =     45507.8278
                                                    Density    =         0.9890
 DV/DL  =      -139.0407
 ------------------------------------------------------------------------------


MBAR Energy analysis:
Energy at 0.0000 =    -14375.598196
Energy at 0.0000 =    -14375.598196
Energy at 0.2000 =    -14404.217273
Energy at 0.2000 =    -14404.217273
Energy at 0.5000 =    -14447.099025
Energy at 0.5000 =    -14447.099025
 ------------------------------------------------------------------------------


| TI region  1


 NSTEP =      500   TIME(PS) =     301.000  TEMP(K) =   293.77  PRESS =     0.0
 Etot   =    -11740.9914  EKtot   =      2634.6068  EPtot      =    -14375.5982
 BOND   =        11.0320  ANGLE   =        33.3766  DIHED      =        41.0567
 1-4 NB =        16.7001  1-4 EEL =      -385.0982  VDWAALS    =      2050.6608
 EELEC  =    -16143.3264  EHBOND  =         0.0000  RESTRAINT  =         0.0000
 EKCMT  =         0.0000  VIRIAL  =         0.0000  VOLUME     =     45507.8278
                                                    Density    =         0.9890
 DV/DL  =      -143.1918
 ------------------------------------------------------------------------------

  Softcore part of the system:       2 atoms,       TEMP(K)    =         280.86
 SC_Etot=         3.0052  SC_EKtot=         1.6744  SC_EPtot   =         1.3308
 SC_BOND=         0.5485  SC_ANGLE=         0.4676  SC_DIHED   =         0.3147
 SC_14NB=         0.0000  SC_14EEL=         0.0000  SC_VDW     =         0.0000
 SC_EEL =         0.0000
 SC_RES_DIST=     0.0000  SC_RES_ANG=       0.0000  SC_RES_TORS=         0.0000
 SC_EEL_DER=      0.0000  SC_VDW_DER=      -0.2695  SC_DERIV   =        -0.2695
 ------------------------------------------------------------------------------


| TI region  2


 NSTEP =      500   TIME(PS) =     301.000  TEMP(K) =   293.78  PRESS =     0.0
 Etot   =    -11742.6658  EKtot   =      2632.9324  EPtot      =    -14375.5982
 BOND   =        11.0320  ANGLE   =        33.3766  DIHED      =        41.0567
 1-4 NB =        16.7001  1-4 EEL =      -385.0982  VDWAALS    =      2050.6608
 EELEC  =    -16143.3264  EHBOND  =         0.0000  RESTRAINT  =         0.0000
 EKCMT  =         0.0000  VIRIAL  =         0.0000  VOLUME     =     45507.8278
                                                    Density    =         0.9890
 DV/DL  =      -143.1918
 ------------------------------------------------------------------------------


MBAR Energy analysis:
Energy at 0.0000 =    -14483.304581
Energy at 0.0000 =    -14483.304581
Energy at 0.2000 =    -14513.473359
Energy at 0.2000 =    -14513.473359
Energy at 0.5000 =    -14558.076239
Energy at 0.5000 =    -14558.076239
 ------------------------------------------------------------------------------


| TI region  1


 NSTEP =      550   TIME(PS) =     301.100  TEMP(K) =   302.60  PRESS =     0.0
 Etot   =    -11769.5559  EKtot   =      2713.7486  EPtot      =    -14483.3046
 BOND   =        10.7427  ANGLE   =        28.5570  DIHED      =        35.0313
 1-4 NB =        15.4774  1-4 EEL =      -381.1014  VDWAALS    =      2054.5037
 EELEC  =    -16246.5154  EHBOND  =         0.0000  RESTRAINT  =         0.0000
 EKCMT  =         0.0000  VIRIAL  =         0.0000  VOLUME     =     45507.8278
                                                    Density    =         0.9890
 DV/DL  =      -152.6096
 ------------------------------------------------------------------------------

  Softcore part of the system:       2 atoms,       TEMP(K)    =         149.23
 SC_Etot=         3.4077  SC_EKtot=         0.8897  SC_EPtot   =         2.5180
 SC_BOND=         1.3838  SC_ANGLE=         1.0796  SC_DIHED   =         0.0547
 SC_14NB=         0.0000  SC_14EEL=         0.0000  SC_VDW     =         0.0000
 SC_EEL =         0.0000
 SC_RES_DIST=     0.0000  SC_RES_ANG=       0.0000  SC_RES_TORS=         0.0000
 SC_EEL_DER=      0.0000  SC_VDW_DER=      -3.9957  SC_DERIV   =        -3.9957
 ------------------------------------------------------------------------------


| TI region  2


 NSTEP =      550   TIME(PS) =     301.100  TEMP(K) =   302.70  PRESS =     0.0
 Etot   =    -11770.4456  EKtot   =      2712.8590  EPtot      =    -14483.3046
 BOND   =        10.7427  ANGLE   =        28.5570  DIHED      =        35.0313
 1-4 NB =        15.4774  1-4 EEL =      -381.1014  VDWAALS    =      2054.5037
 EELEC  =    -16246.5154  EHBOND  =         0.0000  RESTRAINT  =         0.0000
 EKCMT  =         0.0000  VIRIAL  =         0.0000  VOLUME     =     45507.8278
                                                    Density    =         0.9890
 DV/DL  =      -152.6096
 ------------------------------------------------------------------------------


MBAR Energy analysis:
Energy at 0.0000 =    -14469.802015
Energy at 0.0000 =    -14469.802015
Energy at 0.2000 =    -14500.326207
Energy at 0.2000 =    -14500.326207
Energy at 0.5000 =    -14545.589076
Energy at 0.5000 =    -14545.589076
 ------------------------------------------------------------------------------


| TI region  1


 NSTEP =      600   TIME(PS) =     301.200  TEMP(K) =   298.11  PRESS =     0.0
 Etot   =    -11796.2896  EKtot   =      2673.5124  EPtot      =    -14469.8020
 BOND   =        11.7032  ANGLE   =        28.5731  DIHED      =        37.5509
 1-4 NB =        15.3508  1-4 EEL =      -389.2236  VDWAALS    =      2235.0232
 EELEC  =    -16408.7796  EHBOND  =         0.0000  RESTRAINT  =         0.0000
 EKCMT  =         0.0000  VIRIAL  =         0.0000  VOLUME     =     45375.9603
                                                    Density    =         0.9919
 DV/DL  =      -154.0962
 ------------------------------------------------------------------------------

  Softcore part of the system:       2 atoms,       TEMP(K)    =         282.00
 SC_Etot=         2.9705  SC_EKtot=         1.6812  SC_EPtot   =         1.2894
 SC_BOND=         0.1857  SC_ANGLE=         0.8601  SC_DIHED   =         0.2435
 SC_14NB=         0.0000  SC_14EEL=         0.0000  SC_VDW     =         0.0000
 SC_EEL =         0.0000
 SC_RES_DIST=     0.0000  SC_RES_ANG=       0.0000  SC_RES_TORS=         0.0000
 SC_EEL_DER=      0.0000  SC_VDW_DER=      -3.2396  SC_DERIV   =        -3.2396
 ------------------------------------------------------------------------------


| TI region  2


 NSTEP =      600   TIME(PS) =     301.200  TEMP(K) =   298.12  PRESS =     0.0
 Etot   =    -11797.9708  EKtot   =      2671.8313  EPtot      =    -14469.8020
 BOND   =        11.7032  ANGLE   =        28.5731  DIHED      =        37.5509
 1-4 NB =        15.3508  1-4 EEL =      -389.2236  VDWAALS    =      2235.0232
 EELEC  =    -16408.7796  EHBOND  =         0.0000  RESTRAINT  =         0.0000
 EKCMT  =         0.0000  VIRIAL  =         0.0000  VOLUME     =     45375.9603
                                                    Density    =         0.9918
 DV/DL  =      -154.0962
 ------------------------------------------------------------------------------


MBAR Energy analysis:
Energy at 0.0000 =    -14480.665811
Energy at 0.0000 =    -14480.665811
Energy at 0.2000 =    -14509.555534
Energy at 0.2000 =    -14509.555534
Energy at 0.5000 =    -14552.640388
Energy at 0.5000 =    -14552.640388
 ------------------------------------------------------------------------------


| TI region  1


 NSTEP =      650   TIME(PS) =     301.300  TEMP(K) =   297.06  PRESS =     0.0
 Etot   =    -11816.5570  EKtot   =      2664.1088  EPtot      =    -14480.6658
 BOND   =        11.7209  ANGLE   =        30.7190  DIHED      =        41.2627
 1-4 NB =        14.1747  1-4 EEL =      -383.4424  VDWAALS    =      2162.1529
 EELEC  =    -16357.2536  EHBOND  =         0.0000  RESTRAINT  =         0.0000
 EKCMT  =         0.0000  VIRIAL  =         0.0000  VOLUME     =     45375.9603
                                                    Density    =         0.9919
 DV/DL  =      -145.0768
 ------------------------------------------------------------------------------

  Softcore part of the system:       2 atoms,       TEMP(K)    =         109.54
 SC_Etot=         2.8207  SC_EKtot=         0.6531  SC_EPtot   =         2.1677
 SC_BOND=         0.5992  SC_ANGLE=         0.8882  SC_DIHED   =         0.6802
 SC_14NB=         0.0000  SC_14EEL=         0.0000  SC_VDW     =         0.0000
 SC_EEL =         0.0000
 SC_RES_DIST=     0.0000  SC_RES_ANG=       0.0000  SC_RES_TORS=         0.0000
 SC_EEL_DER=      0.0000  SC_VDW_DER=      -1.5003  SC_DERIV   =        -1.5003
 ------------------------------------------------------------------------------


| TI region  2


 NSTEP =      650   TIME(PS) =     301.300  TEMP(K) =   297.19  PRESS =     0.0
 Etot   =    -11817.2101  EKtot   =      2663.4557  EPtot      =    -14480.6658
 BOND   =        11.7209  ANGLE   =        30.7190  DIHED      =        41.2627
 1-4 NB =        14.1747  1-4 EEL =      -383.4424  VDWAALS    =      2162.1529
 EELEC  =    -16357.2536  EHBOND  =         0.0000  RESTRAINT  =         0.0000
 EKCMT  =         0.0000  VIRIAL  =         0.0000  VOLUME     =     45375.9603
                                                    Density    =         0.9918
 DV/DL  =      -145.0768
 ------------------------------------------------------------------------------


MBAR Energy analysis:
Energy at 0.0000 =    -14466.217678
Energy at 0.0000 =    -14466.217678
Energy at 0.2000 =    -14492.942278
Energy at 0.2000 =    -14492.942278
Energy at 0.5000 =    -14533.021634
Energy at 0.5000 =    -14533.021634
 ------------------------------------------------------------------------------


| TI region  1


 NSTEP =      700   TIME(PS) =     301.400  TEMP(K) =   301.31  PRESS =     0.0
 Etot   =    -11764.0369  EKtot   =      2702.1807  EPtot      =    -14466.2177
 BOND   =        10.6244  ANGLE   =        32.7360  DIHED      =        42.2983
 1-4 NB =        16.7434  1-4 EEL =      -383.7695  VDWAALS    =      2218.3064
 EELEC  =    -16403.1566  EHBOND  =         0.0000  RESTRAINT  =         0.0000
 EKCMT  =         0.0000  VIRIAL  =         0.0000  VOLUME     =     45375.9603
                                                    Density    =         0.9919
 DV/DL  =      -133.6418
 ------------------------------------------------------------------------------

  Softcore part of the system:       2 atoms,       TEMP(K)    =         168.12
 SC_Etot=         3.4174  SC_EKtot=         1.0023  SC_EPtot   =         2.4151
 SC_BOND=         0.3094  SC_ANGLE=         1.0919  SC_DIHED   =         1.0139
 SC_14NB=         0.0000  SC_14EEL=         0.0000  SC_VDW     =         0.0000
 SC_EEL =         0.0000
 SC_RES_DIST=     0.0000  SC_RES_ANG=       0.0000  SC_RES_TORS=         0.0000
 SC_EEL_DER=      0.0000  SC_VDW_DER=      -0.0386  SC_DERIV   =        -0.0386
 ------------------------------------------------------------------------------


| TI region  2


 NSTEP =      700   TIME(PS) =     301.400  TEMP(K) =   301.40  PRESS =     0.0
 Etot   =    -11765.0392  EKtot   =      2701.1784  EPtot      =    -14466.2177
 BOND   =        10.6244  ANGLE   =        32.7360  DIHED      =        42.2983
 1-4 NB =        16.7434  1-4 EEL =      -383.7695  VDWAALS    =      2218.3064
 EELEC  =    -16403.1566  EHBOND  =         0.0000  RESTRAINT  =         0.0000
 EKCMT  =         0.0000  VIRIAL  =         0.0000  VOLUME     =     45375.9603
                                                    Density    =         0.9918
 DV/DL  =      -133.6418
 ------------------------------------------------------------------------------


MBAR Energy analysis:
Energy at 0.0000 =    -14487.840953
Energy at 0.0000 =    -14487.840953
Energy at 0.2000 =    -14516.174701
Energy at 0.2000 =    -14516.174701
Energy at 0.5000 =    -14558.586319
Energy at 0.5000 =    -14558.586319
 ------------------------------------------------------------------------------


| TI region  1


 NSTEP =      750   TIME(PS) =     301.500  TEMP(K) =   302.76  PRESS =     0.0
 Etot   =    -11772.6462  EKtot   =      2715.1948  EPtot      =    -14487.8410
 BOND   =         7.8090  ANGLE   =        36.1211  DIHED      =        37.3784
 1-4 NB =        15.4783  1-4 EEL =      -381.8658  VDWAALS    =      2114.6794
 EELEC  =    -16317.4413  EHBOND  =         0.0000  RESTRAINT  =         0.0000
 EKCMT  =         0.0000  VIRIAL  =         0.0000  VOLUME     =     45375.9603
                                                    Density    =         0.9919
 DV/DL  =      -141.8561
 ------------------------------------------------------------------------------

  Softcore part of the system:       2 atoms,       TEMP(K)    =          88.40
 SC_Etot=         2.3995  SC_EKtot=         0.5270  SC_EPtot   =         1.8725
 SC_BOND=         0.7696  SC_ANGLE=         1.0948  SC_DIHED   =         0.0081
 SC_14NB=         0.0000  SC_14EEL=         0.0000  SC_VDW     =         0.0000
 SC_EEL =         0.0000
 SC_RES_DIST=     0.0000  SC_RES_ANG=       0.0000  SC_RES_TORS=         0.0000
 SC_EEL_DER=      0.0000  SC_VDW_DER=      -0.5185  SC_DERIV   =        -0.5185
 ------------------------------------------------------------------------------


| TI region  2


 NSTEP =      750   TIME(PS) =     301.500  TEMP(K) =   302.90  PRESS =     0.0
 Etot   =    -11773.1732  EKtot   =      2714.6678  EPtot      =    -14487.8410
 BOND   =         7.8090  ANGLE   =        36.1211  DIHED      =        37.3784
 1-4 NB =        15.4783  1-4 EEL =      -381.8658  VDWAALS    =      2114.6794
 EELEC  =    -16317.4413  EHBOND  =         0.0000  RESTRAINT  =         0.0000
 EKCMT  =         0.0000  VIRIAL  =         0.0000  VOLUME     =     45375.9603
                                                    Density    =         0.9918
 DV/DL  =      -141.8561
 ------------------------------------------------------------------------------


MBAR Energy analysis:
Energy at 0.0000 =    -14464.629429
Energy at 0.0000 =    -14464.629429
Energy at 0.2000 =    -14495.957675
Energy at 0.2000 =    -14495.957675
Energy at 0.5000 =    -14542.453757
Energy at 0.5000 =    -14542.453757
 ------------------------------------------------------------------------------


| TI region  1


 NSTEP =      800   TIME(PS) =     301.600  TEMP(K) =   303.50  PRESS =     0.0
 Etot   =    -11742.7413  EKtot   =      2721.8881  EPtot      =    -14464.6294
 BOND   =         8.5908  ANGLE   =        32.7062  DIHED      =        41.8094
 1-4 NB =        16.7879  1-4 EEL =      -387.1308  VDWAALS    =      2066.4016
 EELEC  =    -16243.7945  EHBOND  =         0.0000  RESTRAINT  =         0.0000
 EKCMT  =         0.0000  VIRIAL  =         0.0000  VOLUME     =     45590.5863
                                                    Density    =         0.9872
 DV/DL  =      -157.8965
 ------------------------------------------------------------------------------

  Softcore part of the system:       2 atoms,       TEMP(K)    =          85.41
 SC_Etot=         3.5030  SC_EKtot=         0.5092  SC_EPtot   =         2.9938
 SC_BOND=         0.5994  SC_ANGLE=         2.2006  SC_DIHED   =         0.1938
 SC_14NB=         0.0000  SC_14EEL=         0.0000  SC_VDW     =         0.0000
 SC_EEL =         0.0000
 SC_RES_DIST=     0.0000  SC_RES_ANG=       0.0000  SC_RES_TORS=         0.0000
 SC_EEL_DER=      0.0000  SC_VDW_DER=      -2.9943  SC_DERIV   =        -2.9943
 ------------------------------------------------------------------------------


| TI region  2


 NSTEP =      800   TIME(PS) =     301.600  TEMP(K) =   303.65  PRESS =     0.0
 Etot   =    -11743.2505  EKtot   =      2721.3789  EPtot      =    -14464.6294
 BOND   =         8.5908  ANGLE   =        32.7062  DIHED      =        41.8094
 1-4 NB =        16.7879  1-4 EEL =      -387.1308  VDWAALS    =      2066.4016
 EELEC  =    -16243.7945  EHBOND  =         0.0000  RESTRAINT  =         0.0000
 EKCMT  =         0.0000  VIRIAL  =         0.0000  VOLUME     =     45590.5863
                                                    Density    =         0.9872
 DV/DL  =      -157.8965
 ------------------------------------------------------------------------------


MBAR Energy analysis:
Energy at 0.0000 =    -14366.305094
Energy at 0.0000 =    -14366.305094
Energy at 0.2000 =    -14395.696244
Energy at 0.2000 =    -14395.696244
Energy at 0.5000 =    -14439.675223
Energy at 0.5000 =    -14439.675223
 ------------------------------------------------------------------------------


| TI region  1


 NSTEP =      850   TIME(PS) =     301.700  TEMP(K) =   289.72  PRESS =     0.0
 Etot   =    -11768.0437  EKtot   =      2598.2614  EPtot      =    -14366.3051
 BOND   =         9.6952  ANGLE   =        27.1870  DIHED      =        39.4420
 1-4 NB =        13.5425  1-4 EEL =      -377.7741  VDWAALS    =      1962.6505
 EELEC  =    -16041.0481  EHBOND  =         0.0000  RESTRAINT  =         0.0000
 EKCMT  =         0.0000  VIRIAL  =         0.0000  VOLUME     =     45590.5863
                                                    Density    =         0.9872
 DV/DL  =      -147.1786
 ------------------------------------------------------------------------------

  Softcore part of the system:       2 atoms,       TEMP(K)    =          82.82
 SC_Etot=         3.3832  SC_EKtot=         0.4937  SC_EPtot   =         2.8894
 SC_BOND=         0.6824  SC_ANGLE=         2.1227  SC_DIHED   =         0.0844
 SC_14NB=         0.0000  SC_14EEL=         0.0000  SC_VDW     =         0.0000
 SC_EEL =         0.0000
 SC_RES_DIST=     0.0000  SC_RES_ANG=       0.0000  SC_RES_TORS=         0.0000
 SC_EEL_DER=      0.0000  SC_VDW_DER=      -0.6294  SC_DERIV   =        -0.6294
 ------------------------------------------------------------------------------


| TI region  2


 NSTEP =      850   TIME(PS) =     301.700  TEMP(K) =   289.86  PRESS =     0.0
 Etot   =    -11768.5374  EKtot   =      2597.7677  EPtot      =    -14366.3051
 BOND   =         9.6952  ANGLE   =        27.1870  DIHED      =        39.4420
 1-4 NB =        13.5425  1-4 EEL =      -377.7741  VDWAALS    =      1962.6505
 EELEC  =    -16041.0481  EHBOND  =         0.0000  RESTRAINT  =         0.0000
 EKCMT  =         0.0000  VIRIAL  =         0.0000  VOLUME     =     45590.5863
                                                    Density    =         0.9872
 DV/DL  =      -147.1786
 ------------------------------------------------------------------------------


MBAR Energy analysis:
Energy at 0.0000 =    -14360.047386
Energy at 0.0000 =    -14360.047386
Energy at 0.2000 =    -14388.331231
Energy at 0.2000 =    -14388.331231
Energy at 0.5000 =    -14430.596438
Energy at 0.5000 =    -14430.596438
 ------------------------------------------------------------------------------


| TI region  1


 NSTEP =      900   TIME(PS) =     301.800  TEMP(K) =   290.69  PRESS =     0.0
 Etot   =    -11753.0913  EKtot   =      2606.9561  EPtot      =    -14360.0474
 BOND   =        10.8392  ANGLE   =        24.0899  DIHED      =        43.8552
 1-4 NB =        17.9678  1-4 EEL =      -384.0316  VDWAALS    =      2058.3750
 EELEC  =    -16131.1430  EHBOND  =         0.0000  RESTRAINT  =         0.0000
 EKCMT  =         0.0000  VIRIAL  =         0.0000  VOLUME     =     45590.5863
                                                    Density    =         0.9872
 DV/DL  =      -141.7707
 ------------------------------------------------------------------------------

  Softcore part of the system:       2 atoms,       TEMP(K)    =         209.36
 SC_Etot=         3.9796  SC_EKtot=         1.2481  SC_EPtot   =         2.7316
 SC_BOND=         0.1489  SC_ANGLE=         2.5066  SC_DIHED   =         0.0760
 SC_14NB=         0.0000  SC_14EEL=         0.0000  SC_VDW     =         0.0000
 SC_EEL =         0.0000
 SC_RES_DIST=     0.0000  SC_RES_ANG=       0.0000  SC_RES_TORS=         0.0000
 SC_EEL_DER=      0.0000  SC_VDW_DER=      -0.9427  SC_DERIV   =        -0.9427
 ------------------------------------------------------------------------------


| TI region  2


 NSTEP =      900   TIME(PS) =     301.800  TEMP(K) =   290.74  PRESS =     0.0
 Etot   =    -11754.3394  EKtot   =      2605.7080  EPtot      =    -14360.0474
 BOND   =        10.8392  ANGLE   =        24.0899  DIHED      =        43.8552
 1-4 NB =        17.9678  1-4 EEL =      -384.0316  VDWAALS    =      2058.3750
 EELEC  =    -16131.1430  EHBOND  =         0.0000  RESTRAINT  =         0.0000
 EKCMT  =         0.0000  VIRIAL  =         0.0000  VOLUME     =     45590.5863
                                                    Density    =         0.9872
 DV/DL  =      -141.7707
 ------------------------------------------------------------------------------


MBAR Energy analysis:
Energy at 0.0000 =    -14418.852065
Energy at 0.0000 =    -14418.852065
Energy at 0.2000 =    -14446.708093
Energy at 0.2000 =    -14446.708093
Energy at 0.5000 =    -14487.889397
Energy at 0.5000 =    -14487.889397
 ------------------------------------------------------------------------------


| TI region  1


 NSTEP =      950   TIME(PS) =     301.900  TEMP(K) =   296.01  PRESS =     0.0
 Etot   =    -11764.1496  EKtot   =      2654.7025  EPtot      =    -14418.8521
 BOND   =         9.5128  ANGLE   =        30.2910  DIHED      =        40.5061
 1-4 NB =        17.3230  1-4 EEL =      -390.8829  VDWAALS    =      2004.9311
 EELEC  =    -16130.5332  EHBOND  =         0.0000  RESTRAINT  =         0.0000
 EKCMT  =         0.0000  VIRIAL  =         0.0000  VOLUME     =     45590.5863
                                                    Density    =         0.9872
 DV/DL  =      -140.9062
 ------------------------------------------------------------------------------

  Softcore part of the system:       2 atoms,       TEMP(K)    =         405.31
 SC_Etot=         4.8974  SC_EKtot=         2.4163  SC_EPtot   =         2.4811
 SC_BOND=         1.0516  SC_ANGLE=         1.3650  SC_DIHED   =         0.0645
 SC_14NB=         0.0000  SC_14EEL=         0.0000  SC_VDW     =         0.0000
 SC_EEL =         0.0000
 SC_RES_DIST=     0.0000  SC_RES_ANG=       0.0000  SC_RES_TORS=         0.0000
 SC_EEL_DER=      0.0000  SC_VDW_DER=      -3.6975  SC_DERIV   =        -3.6975
 ------------------------------------------------------------------------------


| TI region  2


 NSTEP =      950   TIME(PS) =     301.900  TEMP(K) =   295.94  PRESS =     0.0
 Etot   =    -11766.5658  EKtot   =      2652.2862  EPtot      =    -14418.8521
 BOND   =         9.5128  ANGLE   =        30.2910  DIHED      =        40.5061
 1-4 NB =        17.3230  1-4 EEL =      -390.8829  VDWAALS    =      2004.9311
 EELEC  =    -16130.5332  EHBOND  =         0.0000  RESTRAINT  =         0.0000
 EKCMT  =         0.0000  VIRIAL  =         0.0000  VOLUME     =     45590.5863
                                                    Density    =         0.9872
 DV/DL  =      -140.9062
 ------------------------------------------------------------------------------


MBAR Energy analysis:
Energy at 0.0000 =    -14404.622917
Energy at 0.0000 =    -14404.622917
Energy at 0.2000 =    -14431.290489
Energy at 0.2000 =    -14431.290489
Energy at 0.5000 =    -14471.262738
Energy at 0.5000 =    -14471.262738
 ------------------------------------------------------------------------------


| TI region  1


 NSTEP =     1000   TIME(PS) =     302.000  TEMP(K) =   295.10  PRESS =     0.0
 Etot   =    -11758.1120  EKtot   =      2646.5109  EPtot      =    -14404.6229
 BOND   =         8.1246  ANGLE   =        24.5072  DIHED      =        42.2262
 1-4 NB =        14.9392  1-4 EEL =      -383.2001  VDWAALS    =      2157.9380
 EELEC  =    -16269.1580  EHBOND  =         0.0000  RESTRAINT  =         0.0000
 EKCMT  =         0.0000  VIRIAL  =         0.0000  VOLUME     =     45191.7137
                                                    Density    =         0.9959
 DV/DL  =      -133.3975
 ------------------------------------------------------------------------------

  Softcore part of the system:       2 atoms,       TEMP(K)    =         266.00
 SC_Etot=         3.3017  SC_EKtot=         1.5858  SC_EPtot   =         1.7159
 SC_BOND=         0.8475  SC_ANGLE=         0.4579  SC_DIHED   =         0.4106
 SC_14NB=         0.0000  SC_14EEL=         0.0000  SC_VDW     =         0.0000
 SC_EEL =         0.0000
 SC_RES_DIST=     0.0000  SC_RES_ANG=       0.0000  SC_RES_TORS=         0.0000
 SC_EEL_DER=      0.0000  SC_VDW_DER=      -0.1653  SC_DERIV   =        -0.1653
 ------------------------------------------------------------------------------


| TI region  2


 NSTEP =     1000   TIME(PS) =     302.000  TEMP(K) =   295.12  PRESS =     0.0
 Etot   =    -11759.6978  EKtot   =      2644.9251  EPtot      =    -14404.6229
 BOND   =         8.1246  ANGLE   =        24.5072  DIHED      =        42.2262
 1-4 NB =        14.9392  1-4 EEL =      -383.2001  VDWAALS    =      2157.9380
 EELEC  =    -16269.1580  EHBOND  =         0.0000  RESTRAINT  =         0.0000
 EKCMT  =         0.0000  VIRIAL  =         0.0000  VOLUME     =     45191.7137
                                                    Density    =         0.9959
 DV/DL  =      -133.3975
 ------------------------------------------------------------------------------

|===============================================================================

| TI region  1


      A V E R A G E S   O V E R    1000 S T E P S


 NSTEP =     1000   TIME(PS) =     302.000  TEMP(K) =   297.19  PRESS =     0.0
 Etot   =    -11737.7004  EKtot   =      2665.2431  EPtot      =    -14402.9435
 BOND   =        11.4965  ANGLE   =        29.6692  DIHED      =        39.4352
 1-4 NB =        16.3638  1-4 EEL =      -385.6037  VDWAALS    =      2071.9251
 EELEC  =    -16186.2296  EHBOND  =         0.0000  RESTRAINT  =         0.0000
 EKCMT  =         0.0000  VIRIAL  =         0.0000  VOLUME     =     45491.6480
                                                    Density    =         0.9894
 DV/DL  =      -146.6488
 ------------------------------------------------------------------------------

  Softcore part of the system:       2 atoms,       TEMP(K)    =         284.78
 SC_Etot=         4.2487  SC_EKtot=         1.6977  SC_EPtot   =         2.5510
 SC_BOND=         0.8025  SC_ANGLE=         1.2792  SC_DIHED   =         0.4693
 SC_14NB=         0.0000  SC_14EEL=         0.0000  SC_VDW     =         0.0000
 SC_EEL =         0.0000
 SC_RES_DIST=     0.0000  SC_RES_ANG=       0.0000  SC_RES_TORS=         0.0000
 SC_EEL_DER=      0.0000  SC_VDW_DER=      -1.1787  SC_DERIV   =        -1.1787
 ------------------------------------------------------------------------------


      R M S  F L U C T U A T I O N S


 NSTEP =     1000   TIME(PS) =     302.000  TEMP(K) =     4.12  PRESS =     0.0
 Etot   =        49.9222  EKtot   =        36.9232  EPtot      =        54.1605
 BOND   =         2.6188  ANGLE   =         3.5723  DIHED      =         2.2343
 1-4 NB =         1.3977  1-4 EEL =         3.6677  VDWAALS    =        63.4668
 EELEC  =       102.0569  EHBOND  =         0.0000  RESTRAINT  =         0.0000
 EKCMT  =         0.0000  VIRIAL  =         0.0000  VOLUME     =        77.0932
                                                    Density    =         0.0017
 DV/DL  =         6.6671
 ------------------------------------------------------------------------------

  Softcore part of the system:       2 atoms,       TEMP(K)    =         151.53
 SC_Etot=         1.4510  SC_EKtot=         0.9034  SC_EPtot   =         1.1913
 SC_BOND=         0.6394  SC_ANGLE=         0.9403  SC_DIHED   =         0.4506
 SC_14NB=         0.0000  SC_14EEL=         0.0000  SC_VDW     =         0.0000
 SC_EEL =         0.0000
 SC_RES_DIST=     0.0000  SC_RES_ANG=       0.0000  SC_RES_TORS=         0.0000
 SC_EEL_DER=      0.0000  SC_VDW_DER=       1.2373  SC_DERIV   =         1.2373
 ------------------------------------------------------------------------------


| TI region  2


      A V E R A G E S   O V E R    1000 S T E P S


 NSTEP =     1000   TIME(PS) =     302.000  TEMP(K) =   297.20  PRESS =     0.0
 Etot   =    -11739.3981  EKtot   =      2663.5454  EPtot      =    -14402.9435
 BOND   =        11.4965  ANGLE   =        29.6692  DIHED      =        39.4352
 1-4 NB =        16.3638  1-4 EEL =      -385.6037  VDWAALS    =      2071.9251
 EELEC  =    -16186.2296  EHBOND  =         0.0000  RESTRAINT  =         0.0000
 EKCMT  =         0.0000  VIRIAL  =         0.0000  VOLUME     =     45491.6480
                                                    Density    =         0.9893
 DV/DL  =      -146.6488
 ------------------------------------------------------------------------------


      R M S  F L U C T U A T I O N S


 NSTEP =     1000   TIME(PS) =     302.000  TEMP(K) =     4.11  PRESS =     0.0
 Etot   =        49.7586  EKtot   =        36.8679  EPtot      =        54.1605
 BOND   =         2.6188  ANGLE   =         3.5723  DIHED      =         2.2343
 1-4 NB =         1.3977  1-4 EEL =         3.6677  VDWAALS    =        63.4668
 EELEC  =       102.0569  EHBOND  =         0.0000  RESTRAINT  =         0.0000
 EKCMT  =         0.0000  VIRIAL  =         0.0000  VOLUME     =        77.0932
                                                    Density    =         0.0017
 DV/DL  =         6.6671
 ------------------------------------------------------------------------------


      DV/DL, AVERAGES OVER    1000 STEPS


 NSTEP =     1000   TIME(PS) =     302.000  TEMP(K) =     4.11  PRESS =     0.0
 Etot   =         0.0000  EKtot   =         0.0000  EPtot      =      -145.2073
 BOND   =         0.0000  ANGLE   =         0.0000  DIHED      =         0.0000
 1-4 NB =        -0.0133  1-4 EEL =      -194.9350  VDWAALS    =        -0.1801
 EELEC  =        49.6582  EHBOND  =         0.0000  RESTRAINT  =         0.0000
 EKCMT  =         0.0000  VIRIAL  =         0.0000  VOLUME     =         0.0000
                                                    Density    =         0.0000
 DV/DL  =      -145.2073
 ------------------------------------------------------------------------------

|===============================================================================

| TI region  1


      A V E R A G E S   O V E R    1000 S T E P S


 NSTEP =     1000   TIME(PS) =     302.000  TEMP(K) =   297.19  PRESS =     0.0
 Etot   =    -11737.7004  EKtot   =      2665.2431  EPtot      =    -14402.9435
 BOND   =        11.4965  ANGLE   =        29.6692  DIHED      =        39.4352
 1-4 NB =        16.3638  1-4 EEL =      -385.6037  VDWAALS    =      2071.9251
 EELEC  =    -16186.2296  EHBOND  =         0.0000  RESTRAINT  =         0.0000
 EKCMT  =         0.0000  VIRIAL  =         0.0000  VOLUME     =     45491.6480
                                                    Density    =         0.9894
 DV/DL  =      -146.6488
 ------------------------------------------------------------------------------

  Softcore part of the system:       2 atoms,       TEMP(K)    =         284.78
 SC_Etot=         4.2487  SC_EKtot=         1.6977  SC_EPtot   =         2.5510
 SC_BOND=         0.8025  SC_ANGLE=         1.2792  SC_DIHED   =         0.4693
 SC_14NB=         0.0000  SC_14EEL=         0.0000  SC_VDW     =         0.0000
 SC_EEL =         0.0000
 SC_RES_DIST=     0.0000  SC_RES_ANG=       0.0000  SC_RES_TORS=         0.0000
 SC_EEL_DER=      0.0000  SC_VDW_DER=      -1.1787  SC_DERIV   =        -1.1787
 ------------------------------------------------------------------------------


      R M S  F L U C T U A T I O N S


 NSTEP =     1000   TIME(PS) =     302.000  TEMP(K) =     4.12  PRESS =     0.0
 Etot   =        49.9222  EKtot   =        36.9232  EPtot      =        54.1605
 BOND   =         2.6188  ANGLE   =         3.5723  DIHED      =         2.2343
 1-4 NB =         1.3977  1-4 EEL =         3.6677  VDWAALS    =        63.4668
 EELEC  =       102.0569  EHBOND  =         0.0000  RESTRAINT  =         0.0000
 EKCMT  =         0.0000  VIRIAL  =         0.0000  VOLUME     =        77.0932
                                                    Density    =         0.0017
 DV/DL  =         6.6671
 ------------------------------------------------------------------------------

  Softcore part of the system:       2 atoms,       TEMP(K)    =         151.53
 SC_Etot=         1.4510  SC_EKtot=         0.9034  SC_EPtot   =         1.1913
 SC_BOND=         0.6394  SC_ANGLE=         0.9403  SC_DIHED   =         0.4506
 SC_14NB=         0.0000  SC_14EEL=         0.0000  SC_VDW     =         0.0000
 SC_EEL =         0.0000
 SC_RES_DIST=     0.0000  SC_RES_ANG=       0.0000  SC_RES_TORS=         0.0000
 SC_EEL_DER=      0.0000  SC_VDW_DER=       1.2373  SC_DERIV   =         1.2373
 ------------------------------------------------------------------------------


| TI region  2


      A V E R A G E S   O V E R    1000 S T E P S


 NSTEP =     1000   TIME(PS) =     302.000  TEMP(K) =   297.20  PRESS =     0.0
 Etot   =    -11739.3981  EKtot   =      2663.5454  EPtot      =    -14402.9435
 BOND   =        11.4965  ANGLE   =        29.6692  DIHED      =        39.4352
 1-4 NB =        16.3638  1-4 EEL =      -385.6037  VDWAALS    =      2071.9251
 EELEC  =    -16186.2296  EHBOND  =         0.0000  RESTRAINT  =         0.0000
 EKCMT  =         0.0000  VIRIAL  =         0.0000  VOLUME     =     45491.6480
                                                    Density    =         0.9893
 DV/DL  =      -146.6488
 ------------------------------------------------------------------------------


      R M S  F L U C T U A T I O N S


 NSTEP =     1000   TIME(PS) =     302.000  TEMP(K) =     4.11  PRESS =     0.0
 Etot   =        49.7586  EKtot   =        36.8679  EPtot      =        54.1605
 BOND   =         2.6188  ANGLE   =         3.5723  DIHED      =         2.2343
 1-4 NB =         1.3977  1-4 EEL =         3.6677  VDWAALS    =        63.4668
 EELEC  =       102.0569  EHBOND  =         0.0000  RESTRAINT  =         0.0000
 EKCMT  =         0.0000  VIRIAL  =         0.0000  VOLUME     =        77.0932
                                                    Density    =         0.0017
 DV/DL  =         6.6671
 ------------------------------------------------------------------------------


      DV/DL, AVERAGES OVER    1000 STEPS


 NSTEP =     1000   TIME(PS) =     302.000  TEMP(K) =     4.11  PRESS =     0.0
 Etot   =         0.0000  EKtot   =         0.0000  EPtot      =      -145.2073
 BOND   =         0.0000  ANGLE   =         0.0000  DIHED      =         0.0000
 1-4 NB =        -0.0133  1-4 EEL =      -194.9350  VDWAALS    =        -0.1801
 EELEC  =        49.6582  EHBOND  =         0.0000  RESTRAINT  =         0.0000
 EKCMT  =         0.0000  VIRIAL  =         0.0000  VOLUME     =         0.0000
                                                    Density    =         0.0000
 DV/DL  =      -145.2073
 ------------------------------------------------------------------------------

| MC Barostat:         10 volume changes attempted.
| MC Barostat:          5 changes successful ( 50.00%)
 ------------------------------------------------------------------------------

--------------------------------------------------------------------------------
   5.  TIMINGS
--------------------------------------------------------------------------------

|  NonSetup CPU Time in Major Routines:
|
|     Routine           Sec        %
|     ------------------------------
|     Nonbond           0.30   80.52
|     Bond              0.00    0.00
|     Angle             0.00    0.00
|     Dihedral          0.00    0.00
|     Shake             0.00    0.80
|     RunMD             0.07   17.31
|     Other             0.01    1.37
|     ------------------------------
|     Total             0.38

|  PME Nonbond Pairlist CPU Time:
|
|     Routine              Sec        %
|     ---------------------------------
|     Set Up Cit           0.00    0.00
|     Build List           0.00    0.00
|     ---------------------------------
|     Total                0.00    0.00

|  PME Direct Force CPU Time:
|
|     Routine              Sec        %
|     ---------------------------------
|     NonBonded Calc       0.00    0.00
|     Exclude Masked       0.00    0.00
|     Other                0.00    0.44
|     ---------------------------------
|     Total                0.00    0.44

|  PME Reciprocal Force CPU Time:
|
|     Routine              Sec        %
|     ---------------------------------
|     1D bspline           0.00    0.00
|     Grid Charges         0.00    0.00
|     Scalar Sum           0.00    0.00
|     Gradient Sum         0.00    0.00
|     FFT                  0.00    0.00
|     ---------------------------------
|     Total                0.00    0.00

|  Final Performance Info:
|     -----------------------------------------------------
|     Average timings for last     950 steps:
|     Elapsed(s) =       0.37 Per Step(ms) =       0.39
|         ns/day =     448.76   seconds/ns =     192.53
|
|     Average timings for all steps:
|     Elapsed(s) =       0.39 Per Step(ms) =       0.39
|         ns/day =     444.85   seconds/ns =     194.22
|     -----------------------------------------------------

|  Setup CPU time:            1.14 seconds
|  NonSetup CPU time:         0.38 seconds
|  Total CPU time:            1.52 seconds     0.00 hours

|  Setup wall time:           1    seconds
|  NonSetup wall time:        1    seconds
|  Total wall time:           2    seconds     0.00 hours
