
          -------------------------------------------------------
          Amber 20 PMEMD                              2020
          -------------------------------------------------------

| PMEMD implementation of SANDER, Release 18

|  Compiled date/time: Tue Apr 28 09:19:54 2020
| Run on 09/12/2024 at 01:49:25

|   Executable path: pmemd.cuda_SPFP
| Working directory: /nfs/zli_gpu2/bin/developed_softwares/test_car/car/car/example/0.0_0.0_0.0
|          Hostname: compute-0-8

  [-O]verwriting output

File Assignments:
|   MDIN: prod1.in                                                              
|  MDOUT: prod1.out                                                             
| INPCRD: prev_cen.rst                                                          
|   PARM: ../lM2A.prmtop                                                        
| RESTRT: prod1.rst                                                             
|   REFC: refc                                                                  
|  MDVEL: mdvel                                                                 
|   MDEN: mden                                                                  
|  MDCRD: prod1.netcdf                                                          
| MDINFO: prod1.mdinfo                                                          
|  MDFRC: mdfrc                                                                 


 Here is the input file:

NVT MD w/No position restraints and PME (sander)                               
 &cntrl                                                                        
  ntx    = 5,                                                                  
  irest  = 1,                                                                  
  ntpr   = 50,                                                                 
  ntwx   = 10000,                                                              
  ntwe   = 10000,                                                              
  ntwr   = 10000,                                                              
  ig     = -1,                                                                 
                                                                               
  ntb    = 2,                                                                  
  ntp = 1, pres0 = 1.0, taup = 2.0,gamma_ln = 2.0,                             
  cut    = 10.0,                                                               
  iwrap  = 1,                                                                  
  barostat = 2,                                                                
                                                                               
  t      = 0.0,                                                                
  dt     = 0.002,                                                              
                                                                               
  temp0  = 300.0,                                                              
  tempi  = 300.0,                                                              
  ntt    = 3,                                                                  
  tautp  = 2.0,                                                                
                                                                               
  ntf    = 1,                                                                  
  ntc    = 2,                                                                  
  iwrap=1, ioutfm=1, ntwv=-1,ntave=1000,                                       
  bar_intervall = 50,                                                          
  icfe = 1, ifsc = 1,                                                          
  timask1=':1,2',                                                              
  timask2=':3',                                                                
  scmask1=':2',                                                                
  scmask2='',                                                                  
  ifmbar = 1,                                                                  
  nstlim = 1000,                                                               
  clambda = 0.0,                                                               
  mbar_states = 6,                                                             
  mbar_lambda = 0.0, 0.0, 0.2, 0.2, 0.5, 0.5,                                  
&end                                                                           
 /                                                                             


Note: ig = -1. Setting random seed to   384859 based on wallclock time in 
      microseconds.
| irandom = 1, using AMBER's internal random number generator (default).
 
|--------------------- INFORMATION ----------------------
| GPU (CUDA) Version of PMEMD in use: NVIDIA GPU IN USE.
|                    Version 18.0.0
| 
|                      03/25/2018
| 
| Implementation by:
|                    Ross C. Walker     (SDSC)
|                    Scott Le Grand     (nVIDIA)
| 
| Version 18 performance extensions by:
|                    David Cerutti     (Rutgers)
| 
| Precision model in use:
|      [SPFP] - Single Precision Forces, 64-bit Fixed Point
|               Accumulation. (Default)
| 
|--------------------------------------------------------
 
|----------------- CITATION INFORMATION -----------------
|
|    When publishing work that utilized the CUDA version
|    of AMBER, please cite the following in addition to
|    the regular AMBER citations:
|
|  - Romelia Salomon-Ferrer; Andreas W. Goetz; Duncan
|    Poole; Scott Le Grand; Ross C. Walker "Routine
|    microsecond molecular dynamics simulations with
|    AMBER - Part II: Particle Mesh Ewald", J. Chem.
|    Theory Comput., 2013, 9 (9), pp3878-3888,
|    DOI: 10.1021/ct400314y.
|
|  - Andreas W. Goetz; Mark J. Williamson; Dong Xu;
|    Duncan Poole; Scott Le Grand; Ross C. Walker
|    "Routine microsecond molecular dynamics simulations
|    with AMBER - Part I: Generalized Born", J. Chem.
|    Theory Comput., 2012, 8 (5), pp1542-1555.
|
|  - Scott Le Grand; Andreas W. Goetz; Ross C. Walker
|    "SPFP: Speed without compromise - a mixed precision
|    model for GPU accelerated molecular dynamics
|    simulations.", Comp. Phys. Comm., 2013, 184
|    pp374-380, DOI: 10.1016/j.cpc.2012.09.022
|
|    When publishing work that utilized the CUDA version
|    of TI, BAR, MBAR or FEP please cite the following 
|    publications in addition to the regular AMBER 
|    GPU citations:
|
|  - Daniel J. Mermelstein; Charles Lin; Gard Nelson; 
|    Rachael Kretsch; J. Andrew McCammon; Ross C. Walker
|    "Fast and Flexible GPU Accelerated Binding 
|    Free Energy Calculations within the AMBER Molecular
|    Dynamics Package" J. Comp. Chem., 2018,
|    DOI: 10.1002/jcc.25187
|
|  - Tai-Sung Lee; Yuan Hu; Brad Sherborne; Zhuyan Guo;
|    Darrin M. York
|    "Toward Fast and Accurate Binding Affinity Prediction with
|    pmemdGTI: An Efficient Implementation of GPU-Accelerated
|    Thermodynamic Integration"
|    J. Chem. Theory Comput., 2017, 13 (7), 3077
|
|
|--------------------------------------------------------
 
|------------------- GPU DEVICE INFO --------------------
|
|            CUDA_VISIBLE_DEVICES: not set
|   CUDA Capable Devices Detected:      8
|           CUDA Device ID in use:      0
|                CUDA Device Name: NVIDIA GeForce RTX 4090
|     CUDA Device Global Mem Size:  24217 MB
| CUDA Device Num Multiprocessors:    128
|           CUDA Device Core Freq:   2.52 GHz
|
|--------------------------------------------------------
 
 
| Conditional Compilation Defines Used:
| PUBFFT
| BINTRAJ
| CUDA
| EMIL

| Largest sphere to fit in unit cell has radius =    17.531

| New format PARM file being parsed.
| Version =    1.000 Date = 08/02/22 Time = 19:36:52

| Note: 1-4 EEL scale factors are being read from the topology file.

| Note: 1-4 VDW scale factors are being read from the topology file.
| Duplicated    0 dihedrals

| Duplicated    0 dihedrals

--------------------------------------------------------------------------------
   1.  RESOURCE   USE: 
--------------------------------------------------------------------------------

 getting new box info from bottom of inpcrd
 NATOM  =    4548 NTYPES =      17 NBONH =    4492 MBONA  =      62
 NTHETH =     105 MTHETA =      88 NPHIH =     188 MPHIA  =     154
 NHPARM =       0 NPARM  =       0 NNB   =    6494 NRES   =    1485
 NBONA  =      62 NTHETA =      88 NPHIA =     154 NUMBND =      22
 NUMANG =      36 NPTRA  =      19 NATYP =      18 NPHB   =       1
 IFBOX  =       1 NMXRS  =      50 IFCAP =       0 NEXTRA =       0
 NCOPY  =       0

| Coordinate Index Table dimensions:     6    6    6
| Direct force subcell size =     5.9326    6.1635    5.8436

     BOX TYPE: RECTILINEAR

--------------------------------------------------------------------------------
   2.  CONTROL  DATA  FOR  THE  RUN
--------------------------------------------------------------------------------

default_name                                                                    

General flags:
     imin    =       0, nmropt  =       0

Nature and format of input:
     ntx     =       5, irest   =       1, ntrx    =       1

Nature and format of output:
     ntxo    =       2, ntpr    =      50, ntrx    =       1, ntwr    =   10000
     iwrap   =       1, ntwx    =   10000, ntwv    =      -1, ntwe    =   10000
     ioutfm  =       1, ntwprt  =       0, idecomp =       0, rbornstat=      0

Potential function:
     ntf     =       1, ntb     =       2, igb     =       0, nsnb    =      25
     ipol    =       0, gbsa    =       0, iesp    =       0
     dielc   =   1.00000, cut     =  10.00000, intdiel =   1.00000

Frozen or restrained atoms:
     ibelly  =       0, ntr     =       0

Molecular dynamics:
     nstlim  =      1000, nscm    =      1000, nrespa  =         1
     t       =   0.00000, dt      =   0.00200, vlimit  =  -1.00000

Langevin dynamics temperature regulation:
     ig      =  384859
     temp0   = 300.00000, tempi   = 300.00000, gamma_ln=   2.00000

Pressure regulation:
     ntp     =       1
     pres0   =   1.00000, comp    =  44.60000, taup    =   2.00000
     Monte-Carlo Barostat:
     mcbarint  =     100

SHAKE:
     ntc     =       2, jfastw  =       0
     tol     =   0.00001

Free energy options:
     icfe    =       1, ifsc    =       1, klambda =       1
     clambda =  0.0000, scalpha =  0.5000, scbeta  = 12.0000
     sceeorder =       2
     dynlmb =  0.0000 logdvdl =       0

FEP MBAR options:
     ifmbar  =       1,  bar_intervall =       50
     mbar_states =       6

| Intermolecular bonds treatment:
|     no_intermolecular_bonds =       1

| Energy averages sample interval:
|     ene_avg_sampling =       1

Ewald parameters:
     verbose =       0, ew_type =       0, nbflag  =       1, use_pme =       1
     vdwmeth =       1, eedmeth =       1, netfrc  =       1
     Box X =   35.596   Box Y =   36.981   Box Z =   35.062
     Alpha =   90.000   Beta  =   90.000   Gamma =   90.000
     NFFT1 =   36       NFFT2 =   40       NFFT3 =   36
     Cutoff=   10.000   Tol   =0.100E-04
     Ewald Coefficient =  0.27511
     Interpolation order =    4
     TI Mask 1 :1,2; matches     52 atoms
     TI Mask 2 :3; matches     50 atoms
     TI region 1:    4498 atoms
     TI region 2:    4496 atoms
     SC Mask 1 :2; matches      2 atoms

    MBAR - lambda values considered:
       6 total:  0.0000 0.0000 0.2000 0.2000 0.5000 0.5000
    Extra energies will be computed     20 times.
| MONTE CARLO BAROSTAT IMPORTANT NOTE:
|   The Monte-Carlo barostat does not require the virial to adjust the system volume.
|   Since it is an expensive calculation, it is skipped for efficiency. A side-effect
|   is that the reported pressure is always 0 because it is not calculated.

--------------------------------------------------------------------------------
   3.  ATOMIC COORDINATES AND VELOCITIES
--------------------------------------------------------------------------------

Cpptraj Generated Restart                                                       
 begin time read from input coords =   314.000 ps

 
     Molecule     1 is partially softcore
     Molecule     2 is partially softcore
 Number of triangulated 3-point waters found:     1482
   Removing shake constraints from HX1   LBM   2 -- N26   LAM   1
   Removing shake constraints from H23   LBM   2 -- N26   LAM   1
 Number of shake restraints removed in TI region  1 :        2
 Number of shake restraints removed in TI region  2 :        0

     Sum of charges for TI region  1 =  -0.00249680
     Skip neutralizing charges...


     Sum of charges for TI region  2 =  -0.00299999
     Skip neutralizing charges...

| Dynamic Memory, Types Used:
| Reals              376219
| Integers           194647

| Nonbonded Pairs Initial Allocation:     1375656

| GPU memory information (estimate):
| KB of GPU memory in use:     52147
| KB of CPU memory in use:     28213

--------------------------------------------------------------------------------
   4.  RESULTS
--------------------------------------------------------------------------------

   DOF for the SC part  1 of the system:    6

MBAR Energy analysis:
Energy at 0.0000 =    -14363.661478
Energy at 0.0000 =    -14363.661478
Energy at 0.2000 =    -14393.450232
Energy at 0.2000 =    -14393.450232
Energy at 0.5000 =    -14438.100977
Energy at 0.5000 =    -14438.100977
 ------------------------------------------------------------------------------


| TI region  1


 NSTEP =       50   TIME(PS) =     314.100  TEMP(K) =   298.22  PRESS =     0.0
 Etot   =    -11689.2079  EKtot   =      2674.4536  EPtot      =    -14363.6615
 BOND   =        10.3786  ANGLE   =        28.5968  DIHED      =        35.4811
 1-4 NB =        17.2782  1-4 EEL =      -380.7835  VDWAALS    =      2166.0448
 EELEC  =    -16240.6576  EHBOND  =         0.0000  RESTRAINT  =         0.0000
 EKCMT  =         0.0000  VIRIAL  =         0.0000  VOLUME     =     46153.8631
                                                    Density    =         0.9752
 DV/DL  =      -149.0125
 ------------------------------------------------------------------------------

  Softcore part of the system:       2 atoms,       TEMP(K)    =         415.61
 SC_Etot=         5.7738  SC_EKtot=         2.4777  SC_EPtot   =         3.2962
 SC_BOND=         1.0241  SC_ANGLE=         2.0113  SC_DIHED   =         0.2607
 SC_14NB=         0.0000  SC_14EEL=         0.0000  SC_VDW     =         0.0000
 SC_EEL =         0.0000
 SC_RES_DIST=     0.0000  SC_RES_ANG=       0.0000  SC_RES_TORS=         0.0000
 SC_EEL_DER=      0.0000  SC_VDW_DER=      -0.1856  SC_DERIV   =        -0.1856
 ------------------------------------------------------------------------------


| TI region  2


 NSTEP =       50   TIME(PS) =     314.100  TEMP(K) =   298.14  PRESS =     0.0
 Etot   =    -11691.6855  EKtot   =      2671.9759  EPtot      =    -14363.6615
 BOND   =        10.3786  ANGLE   =        28.5968  DIHED      =        35.4811
 1-4 NB =        17.2782  1-4 EEL =      -380.7835  VDWAALS    =      2166.0448
 EELEC  =    -16240.6576  EHBOND  =         0.0000  RESTRAINT  =         0.0000
 EKCMT  =         0.0000  VIRIAL  =         0.0000  VOLUME     =     46153.8631
                                                    Density    =         0.9751
 DV/DL  =      -149.0125
 ------------------------------------------------------------------------------


MBAR Energy analysis:
Energy at 0.0000 =    -14381.955175
Energy at 0.0000 =    -14381.955175
Energy at 0.2000 =    -14410.688219
Energy at 0.2000 =    -14410.688219
Energy at 0.5000 =    -14453.349448
Energy at 0.5000 =    -14453.349448
 ------------------------------------------------------------------------------


| TI region  1


 NSTEP =      100   TIME(PS) =     314.200  TEMP(K) =   301.23  PRESS =     0.0
 Etot   =    -11680.4357  EKtot   =      2701.5194  EPtot      =    -14381.9552
 BOND   =        14.1401  ANGLE   =        30.9750  DIHED      =        37.6500
 1-4 NB =        14.7315  1-4 EEL =      -386.8909  VDWAALS    =      2111.9818
 EELEC  =    -16204.5426  EHBOND  =         0.0000  RESTRAINT  =         0.0000
 EKCMT  =         0.0000  VIRIAL  =         0.0000  VOLUME     =     46153.8631
                                                    Density    =         0.9752
 DV/DL  =      -144.7430
 ------------------------------------------------------------------------------

  Softcore part of the system:       2 atoms,       TEMP(K)    =         268.85
 SC_Etot=         2.6247  SC_EKtot=         1.6028  SC_EPtot   =         1.0220
 SC_BOND=         0.3946  SC_ANGLE=         0.6053  SC_DIHED   =         0.0220
 SC_14NB=         0.0000  SC_14EEL=         0.0000  SC_VDW     =         0.0000
 SC_EEL =         0.0000
 SC_RES_DIST=     0.0000  SC_RES_ANG=       0.0000  SC_RES_TORS=         0.0000
 SC_EEL_DER=      0.0000  SC_VDW_DER=      -2.6284  SC_DERIV   =        -2.6284
 ------------------------------------------------------------------------------


| TI region  2


 NSTEP =      100   TIME(PS) =     314.200  TEMP(K) =   301.25  PRESS =     0.0
 Etot   =    -11682.0385  EKtot   =      2699.9167  EPtot      =    -14381.9552
 BOND   =        14.1401  ANGLE   =        30.9750  DIHED      =        37.6500
 1-4 NB =        14.7315  1-4 EEL =      -386.8909  VDWAALS    =      2111.9818
 EELEC  =    -16204.5426  EHBOND  =         0.0000  RESTRAINT  =         0.0000
 EKCMT  =         0.0000  VIRIAL  =         0.0000  VOLUME     =     46153.8631
                                                    Density    =         0.9751
 DV/DL  =      -144.7430
 ------------------------------------------------------------------------------


MBAR Energy analysis:
Energy at 0.0000 =    -14362.291052
Energy at 0.0000 =    -14362.291052
Energy at 0.2000 =    -14390.391156
Energy at 0.2000 =    -14390.391156
Energy at 0.5000 =    -14432.440979
Energy at 0.5000 =    -14432.440979
 ------------------------------------------------------------------------------


| TI region  1


 NSTEP =      150   TIME(PS) =     314.300  TEMP(K) =   295.01  PRESS =     0.0
 Etot   =    -11716.5574  EKtot   =      2645.7337  EPtot      =    -14362.2911
 BOND   =        19.1093  ANGLE   =        30.8146  DIHED      =        37.9483
 1-4 NB =        14.3804  1-4 EEL =      -387.2922  VDWAALS    =      2063.5532
 EELEC  =    -16140.8047  EHBOND  =         0.0000  RESTRAINT  =         0.0000
 EKCMT  =         0.0000  VIRIAL  =         0.0000  VOLUME     =     46153.8631
                                                    Density    =         0.9752
 DV/DL  =      -140.7132
 ------------------------------------------------------------------------------

  Softcore part of the system:       2 atoms,       TEMP(K)    =         423.12
 SC_Etot=         4.5493  SC_EKtot=         2.5225  SC_EPtot   =         2.0268
 SC_BOND=         0.0659  SC_ANGLE=         1.3782  SC_DIHED   =         0.5827
 SC_14NB=         0.0000  SC_14EEL=         0.0000  SC_VDW     =         0.0000
 SC_EEL =         0.0000
 SC_RES_DIST=     0.0000  SC_RES_ANG=       0.0000  SC_RES_TORS=         0.0000
 SC_EEL_DER=      0.0000  SC_VDW_DER=      -0.5863  SC_DERIV   =        -0.5863
 ------------------------------------------------------------------------------


| TI region  2


 NSTEP =      150   TIME(PS) =     314.300  TEMP(K) =   294.93  PRESS =     0.0
 Etot   =    -11719.0799  EKtot   =      2643.2112  EPtot      =    -14362.2911
 BOND   =        19.1093  ANGLE   =        30.8146  DIHED      =        37.9483
 1-4 NB =        14.3804  1-4 EEL =      -387.2922  VDWAALS    =      2063.5532
 EELEC  =    -16140.8047  EHBOND  =         0.0000  RESTRAINT  =         0.0000
 EKCMT  =         0.0000  VIRIAL  =         0.0000  VOLUME     =     46153.8631
                                                    Density    =         0.9751
 DV/DL  =      -140.7132
 ------------------------------------------------------------------------------


MBAR Energy analysis:
Energy at 0.0000 =    -14386.954214
Energy at 0.0000 =    -14386.954214
Energy at 0.2000 =    -14417.685774
Energy at 0.2000 =    -14417.685774
Energy at 0.5000 =    -14463.700458
Energy at 0.5000 =    -14463.700458
 ------------------------------------------------------------------------------


| TI region  1


 NSTEP =      200   TIME(PS) =     314.400  TEMP(K) =   302.09  PRESS =     0.0
 Etot   =    -11677.7747  EKtot   =      2709.1796  EPtot      =    -14386.9542
 BOND   =        12.2083  ANGLE   =        31.7241  DIHED      =        34.6665
 1-4 NB =        16.9126  1-4 EEL =      -381.9225  VDWAALS    =      2100.5913
 EELEC  =    -16201.1346  EHBOND  =         0.0000  RESTRAINT  =         0.0000
 EKCMT  =         0.0000  VIRIAL  =         0.0000  VOLUME     =     46098.0891
                                                    Density    =         0.9764
 DV/DL  =      -153.8291
 ------------------------------------------------------------------------------

  Softcore part of the system:       2 atoms,       TEMP(K)    =         753.70
 SC_Etot=         5.6874  SC_EKtot=         4.4932  SC_EPtot   =         1.1942
 SC_BOND=         0.2799  SC_ANGLE=         0.7338  SC_DIHED   =         0.1805
 SC_14NB=         0.0000  SC_14EEL=         0.0000  SC_VDW     =         0.0000
 SC_EEL =         0.0000
 SC_RES_DIST=     0.0000  SC_RES_ANG=       0.0000  SC_RES_TORS=         0.0000
 SC_EEL_DER=      0.0000  SC_VDW_DER=      -0.4812  SC_DERIV   =        -0.4812
 ------------------------------------------------------------------------------


| TI region  2


 NSTEP =      200   TIME(PS) =     314.400  TEMP(K) =   301.79  PRESS =     0.0
 Etot   =    -11682.2679  EKtot   =      2704.6863  EPtot      =    -14386.9542
 BOND   =        12.2083  ANGLE   =        31.7241  DIHED      =        34.6665
 1-4 NB =        16.9126  1-4 EEL =      -381.9225  VDWAALS    =      2100.5913
 EELEC  =    -16201.1346  EHBOND  =         0.0000  RESTRAINT  =         0.0000
 EKCMT  =         0.0000  VIRIAL  =         0.0000  VOLUME     =     46098.0891
                                                    Density    =         0.9763
 DV/DL  =      -153.8291
 ------------------------------------------------------------------------------


MBAR Energy analysis:
Energy at 0.0000 =    -14351.321755
Energy at 0.0000 =    -14351.321755
Energy at 0.2000 =    -14382.167076
Energy at 0.2000 =    -14382.167076
Energy at 0.5000 =    -14428.411880
Energy at 0.5000 =    -14428.411880
 ------------------------------------------------------------------------------


| TI region  1


 NSTEP =      250   TIME(PS) =     314.500  TEMP(K) =   295.41  PRESS =     0.0
 Etot   =    -11702.0646  EKtot   =      2649.2572  EPtot      =    -14351.3218
 BOND   =        14.8609  ANGLE   =        35.6399  DIHED      =        35.7403
 1-4 NB =        13.6660  1-4 EEL =      -384.3401  VDWAALS    =      2105.3338
 EELEC  =    -16172.2224  EHBOND  =         0.0000  RESTRAINT  =         0.0000
 EKCMT  =         0.0000  VIRIAL  =         0.0000  VOLUME     =     46098.0891
                                                    Density    =         0.9764
 DV/DL  =      -154.2759
 ------------------------------------------------------------------------------

  Softcore part of the system:       2 atoms,       TEMP(K)    =         777.97
 SC_Etot=         5.9480  SC_EKtot=         4.6380  SC_EPtot   =         1.3101
 SC_BOND=         0.2595  SC_ANGLE=         1.0328  SC_DIHED   =         0.0177
 SC_14NB=         0.0000  SC_14EEL=         0.0000  SC_VDW     =         0.0000
 SC_EEL =         0.0000
 SC_RES_DIST=     0.0000  SC_RES_ANG=       0.0000  SC_RES_TORS=         0.0000
 SC_EEL_DER=      0.0000  SC_VDW_DER=      -0.1307  SC_DERIV   =        -0.1307
 ------------------------------------------------------------------------------


| TI region  2


 NSTEP =      250   TIME(PS) =     314.500  TEMP(K) =   295.08  PRESS =     0.0
 Etot   =    -11706.7025  EKtot   =      2644.6192  EPtot      =    -14351.3218
 BOND   =        14.8609  ANGLE   =        35.6399  DIHED      =        35.7403
 1-4 NB =        13.6660  1-4 EEL =      -384.3401  VDWAALS    =      2105.3338
 EELEC  =    -16172.2224  EHBOND  =         0.0000  RESTRAINT  =         0.0000
 EKCMT  =         0.0000  VIRIAL  =         0.0000  VOLUME     =     46098.0891
                                                    Density    =         0.9763
 DV/DL  =      -154.2759
 ------------------------------------------------------------------------------


MBAR Energy analysis:
Energy at 0.0000 =    -14341.914070
Energy at 0.0000 =    -14341.914070
Energy at 0.2000 =    -14372.617359
Energy at 0.2000 =    -14372.617359
Energy at 0.5000 =    -14418.659912
Energy at 0.5000 =    -14418.659912
 ------------------------------------------------------------------------------


| TI region  1


 NSTEP =      300   TIME(PS) =     314.600  TEMP(K) =   295.16  PRESS =     0.0
 Etot   =    -11694.8326  EKtot   =      2647.0815  EPtot      =    -14341.9141
 BOND   =        11.5833  ANGLE   =        35.5417  DIHED      =        37.3056
 1-4 NB =        16.2070  1-4 EEL =      -380.5119  VDWAALS    =      2168.8642
 EELEC  =    -16230.9040  EHBOND  =         0.0000  RESTRAINT  =         0.0000
 EKCMT  =         0.0000  VIRIAL  =         0.0000  VOLUME     =     45914.7235
                                                    Density    =         0.9803
 DV/DL  =      -153.5447
 ------------------------------------------------------------------------------

  Softcore part of the system:       2 atoms,       TEMP(K)    =         377.33
 SC_Etot=         6.9156  SC_EKtot=         2.2495  SC_EPtot   =         4.6661
 SC_BOND=         1.9867  SC_ANGLE=         2.5121  SC_DIHED   =         0.1673
 SC_14NB=         0.0000  SC_14EEL=         0.0000  SC_VDW     =         0.0000
 SC_EEL =         0.0000
 SC_RES_DIST=     0.0000  SC_RES_ANG=       0.0000  SC_RES_TORS=         0.0000
 SC_EEL_DER=      0.0000  SC_VDW_DER=      -0.0668  SC_DERIV   =        -0.0668
 ------------------------------------------------------------------------------


| TI region  2


 NSTEP =      300   TIME(PS) =     314.600  TEMP(K) =   295.11  PRESS =     0.0
 Etot   =    -11697.0821  EKtot   =      2644.8320  EPtot      =    -14341.9141
 BOND   =        11.5833  ANGLE   =        35.5417  DIHED      =        37.3056
 1-4 NB =        16.2070  1-4 EEL =      -380.5119  VDWAALS    =      2168.8642
 EELEC  =    -16230.9040  EHBOND  =         0.0000  RESTRAINT  =         0.0000
 EKCMT  =         0.0000  VIRIAL  =         0.0000  VOLUME     =     45914.7235
                                                    Density    =         0.9802
 DV/DL  =      -153.5447
 ------------------------------------------------------------------------------


MBAR Energy analysis:
Energy at 0.0000 =    -14357.373561
Energy at 0.0000 =    -14357.373561
Energy at 0.2000 =    -14386.552529
Energy at 0.2000 =    -14386.552529
Energy at 0.5000 =    -14430.225830
Energy at 0.5000 =    -14430.225830
 ------------------------------------------------------------------------------


| TI region  1


 NSTEP =      350   TIME(PS) =     314.700  TEMP(K) =   297.84  PRESS =     0.0
 Etot   =    -11686.2530  EKtot   =      2671.1206  EPtot      =    -14357.3736
 BOND   =         7.3403  ANGLE   =        32.3531  DIHED      =        38.1276
 1-4 NB =        15.0338  1-4 EEL =      -378.4340  VDWAALS    =      2107.4462
 EELEC  =    -16179.2403  EHBOND  =         0.0000  RESTRAINT  =         0.0000
 EKCMT  =         0.0000  VIRIAL  =         0.0000  VOLUME     =     45914.7235
                                                    Density    =         0.9803
 DV/DL  =      -146.1014
 ------------------------------------------------------------------------------

  Softcore part of the system:       2 atoms,       TEMP(K)    =         205.68
 SC_Etot=         6.9165  SC_EKtot=         1.2262  SC_EPtot   =         5.6904
 SC_BOND=         1.2585  SC_ANGLE=         4.4296  SC_DIHED   =         0.0023
 SC_14NB=         0.0000  SC_14EEL=         0.0000  SC_VDW     =         0.0000
 SC_EEL =         0.0000
 SC_RES_DIST=     0.0000  SC_RES_ANG=       0.0000  SC_RES_TORS=         0.0000
 SC_EEL_DER=      0.0000  SC_VDW_DER=      -0.5573  SC_DERIV   =        -0.5573
 ------------------------------------------------------------------------------


| TI region  2


 NSTEP =      350   TIME(PS) =     314.700  TEMP(K) =   297.90  PRESS =     0.0
 Etot   =    -11687.4791  EKtot   =      2669.8944  EPtot      =    -14357.3736
 BOND   =         7.3403  ANGLE   =        32.3531  DIHED      =        38.1276
 1-4 NB =        15.0338  1-4 EEL =      -378.4340  VDWAALS    =      2107.4462
 EELEC  =    -16179.2403  EHBOND  =         0.0000  RESTRAINT  =         0.0000
 EKCMT  =         0.0000  VIRIAL  =         0.0000  VOLUME     =     45914.7235
                                                    Density    =         0.9802
 DV/DL  =      -146.1014
 ------------------------------------------------------------------------------


MBAR Energy analysis:
Energy at 0.0000 =    -14330.896681
Energy at 0.0000 =    -14330.896681
Energy at 0.2000 =    -14358.631809
Energy at 0.2000 =    -14358.631809
Energy at 0.5000 =    -14400.105781
Energy at 0.5000 =    -14400.105781
 ------------------------------------------------------------------------------


| TI region  1


 NSTEP =      400   TIME(PS) =     314.800  TEMP(K) =   292.17  PRESS =     0.0
 Etot   =    -11710.6366  EKtot   =      2620.2601  EPtot      =    -14330.8967
 BOND   =        18.2461  ANGLE   =        23.6328  DIHED      =        38.3664
 1-4 NB =        17.7163  1-4 EEL =      -384.0131  VDWAALS    =      2005.8024
 EELEC  =    -16050.6476  EHBOND  =         0.0000  RESTRAINT  =         0.0000
 EKCMT  =         0.0000  VIRIAL  =         0.0000  VOLUME     =     45914.7235
                                                    Density    =         0.9803
 DV/DL  =      -138.9618
 ------------------------------------------------------------------------------

  Softcore part of the system:       2 atoms,       TEMP(K)    =         232.31
 SC_Etot=         3.5914  SC_EKtot=         1.3849  SC_EPtot   =         2.2065
 SC_BOND=         0.1911  SC_ANGLE=         1.6828  SC_DIHED   =         0.3326
 SC_14NB=         0.0000  SC_14EEL=         0.0000  SC_VDW     =         0.0000
 SC_EEL =         0.0000
 SC_RES_DIST=     0.0000  SC_RES_ANG=       0.0000  SC_RES_TORS=         0.0000
 SC_EEL_DER=      0.0000  SC_VDW_DER=      -0.7571  SC_DERIV   =        -0.7571
 ------------------------------------------------------------------------------


| TI region  2


 NSTEP =      400   TIME(PS) =     314.800  TEMP(K) =   292.21  PRESS =     0.0
 Etot   =    -11712.0215  EKtot   =      2618.8752  EPtot      =    -14330.8967
 BOND   =        18.2461  ANGLE   =        23.6328  DIHED      =        38.3664
 1-4 NB =        17.7163  1-4 EEL =      -384.0131  VDWAALS    =      2005.8024
 EELEC  =    -16050.6476  EHBOND  =         0.0000  RESTRAINT  =         0.0000
 EKCMT  =         0.0000  VIRIAL  =         0.0000  VOLUME     =     45914.7235
                                                    Density    =         0.9802
 DV/DL  =      -138.9618
 ------------------------------------------------------------------------------


MBAR Energy analysis:
Energy at 0.0000 =    -14392.690798
Energy at 0.0000 =    -14392.690798
Energy at 0.2000 =    -14422.024792
Energy at 0.2000 =    -14422.024792
Energy at 0.5000 =    -14465.675215
Energy at 0.5000 =    -14465.675215
 ------------------------------------------------------------------------------


| TI region  1


 NSTEP =      450   TIME(PS) =     314.900  TEMP(K) =   297.21  PRESS =     0.0
 Etot   =    -11727.2781  EKtot   =      2665.4127  EPtot      =    -14392.6908
 BOND   =        16.7611  ANGLE   =        30.7917  DIHED      =        34.7221
 1-4 NB =        13.1714  1-4 EEL =      -383.2399  VDWAALS    =      2142.8181
 EELEC  =    -16247.7153  EHBOND  =         0.0000  RESTRAINT  =         0.0000
 EKCMT  =         0.0000  VIRIAL  =         0.0000  VOLUME     =     45914.7235
                                                    Density    =         0.9803
 DV/DL  =      -147.6658
 ------------------------------------------------------------------------------

  Softcore part of the system:       2 atoms,       TEMP(K)    =         166.28
 SC_Etot=         3.2054  SC_EKtot=         0.9913  SC_EPtot   =         2.2141
 SC_BOND=         0.5408  SC_ANGLE=         1.4509  SC_DIHED   =         0.2224
 SC_14NB=         0.0000  SC_14EEL=         0.0000  SC_VDW     =         0.0000
 SC_EEL =         0.0000
 SC_RES_DIST=     0.0000  SC_RES_ANG=       0.0000  SC_RES_TORS=         0.0000
 SC_EEL_DER=      0.0000  SC_VDW_DER=      -2.1872  SC_DERIV   =        -2.1872
 ------------------------------------------------------------------------------


| TI region  2


 NSTEP =      450   TIME(PS) =     314.900  TEMP(K) =   297.29  PRESS =     0.0
 Etot   =    -11728.2693  EKtot   =      2664.4215  EPtot      =    -14392.6908
 BOND   =        16.7611  ANGLE   =        30.7917  DIHED      =        34.7221
 1-4 NB =        13.1714  1-4 EEL =      -383.2399  VDWAALS    =      2142.8181
 EELEC  =    -16247.7153  EHBOND  =         0.0000  RESTRAINT  =         0.0000
 EKCMT  =         0.0000  VIRIAL  =         0.0000  VOLUME     =     45914.7235
                                                    Density    =         0.9802
 DV/DL  =      -147.6658
 ------------------------------------------------------------------------------


MBAR Energy analysis:
Energy at 0.0000 =    -14340.549373
Energy at 0.0000 =    -14340.549373
Energy at 0.2000 =    -14370.085683
Energy at 0.2000 =    -14370.085683
Energy at 0.5000 =    -14414.329328
Energy at 0.5000 =    -14414.329328
 ------------------------------------------------------------------------------


| TI region  1


 NSTEP =      500   TIME(PS) =     315.000  TEMP(K) =   294.91  PRESS =     0.0
 Etot   =    -11695.7440  EKtot   =      2644.8054  EPtot      =    -14340.5494
 BOND   =         6.6962  ANGLE   =        29.8949  DIHED      =        38.4815
 1-4 NB =        16.0670  1-4 EEL =      -384.7328  VDWAALS    =      2086.0691
 EELEC  =    -16133.0252  EHBOND  =         0.0000  RESTRAINT  =         0.0000
 EKCMT  =         0.0000  VIRIAL  =         0.0000  VOLUME     =     45914.7235
                                                    Density    =         0.9803
 DV/DL  =      -147.8198
 ------------------------------------------------------------------------------

  Softcore part of the system:       2 atoms,       TEMP(K)    =         483.84
 SC_Etot=         3.8716  SC_EKtot=         2.8845  SC_EPtot   =         0.9872
 SC_BOND=         0.1737  SC_ANGLE=         0.6775  SC_DIHED   =         0.1359
 SC_14NB=         0.0000  SC_14EEL=         0.0000  SC_VDW     =         0.0000
 SC_EEL =         0.0000
 SC_RES_DIST=     0.0000  SC_RES_ANG=       0.0000  SC_RES_TORS=         0.0000
 SC_EEL_DER=      0.0000  SC_VDW_DER=      -0.3558  SC_DERIV   =        -0.3558
 ------------------------------------------------------------------------------


| TI region  2


 NSTEP =      500   TIME(PS) =     315.000  TEMP(K) =   294.78  PRESS =     0.0
 Etot   =    -11698.6285  EKtot   =      2641.9209  EPtot      =    -14340.5494
 BOND   =         6.6962  ANGLE   =        29.8949  DIHED      =        38.4815
 1-4 NB =        16.0670  1-4 EEL =      -384.7328  VDWAALS    =      2086.0691
 EELEC  =    -16133.0252  EHBOND  =         0.0000  RESTRAINT  =         0.0000
 EKCMT  =         0.0000  VIRIAL  =         0.0000  VOLUME     =     45914.7235
                                                    Density    =         0.9802
 DV/DL  =      -147.8198
 ------------------------------------------------------------------------------


MBAR Energy analysis:
Energy at 0.0000 =    -14368.476069
Energy at 0.0000 =    -14368.476069
Energy at 0.2000 =    -14397.122184
Energy at 0.2000 =    -14397.122184
Energy at 0.5000 =    -14439.609571
Energy at 0.5000 =    -14439.609571
 ------------------------------------------------------------------------------


| TI region  1


 NSTEP =      550   TIME(PS) =     315.100  TEMP(K) =   298.74  PRESS =     0.0
 Etot   =    -11689.2897  EKtot   =      2679.1864  EPtot      =    -14368.4761
 BOND   =         8.1692  ANGLE   =        23.9526  DIHED      =        34.2061
 1-4 NB =        16.0474  1-4 EEL =      -385.9272  VDWAALS    =      2092.5053
 EELEC  =    -16157.4295  EHBOND  =         0.0000  RESTRAINT  =         0.0000
 EKCMT  =         0.0000  VIRIAL  =         0.0000  VOLUME     =     45914.7235
                                                    Density    =         0.9803
 DV/DL  =      -144.5516
 ------------------------------------------------------------------------------

  Softcore part of the system:       2 atoms,       TEMP(K)    =         118.67
 SC_Etot=         3.3571  SC_EKtot=         0.7074  SC_EPtot   =         2.6497
 SC_BOND=         1.6337  SC_ANGLE=         0.6453  SC_DIHED   =         0.3706
 SC_14NB=         0.0000  SC_14EEL=         0.0000  SC_VDW     =         0.0000
 SC_EEL =         0.0000
 SC_RES_DIST=     0.0000  SC_RES_ANG=       0.0000  SC_RES_TORS=         0.0000
 SC_EEL_DER=      0.0000  SC_VDW_DER=      -2.9702  SC_DERIV   =        -2.9702
 ------------------------------------------------------------------------------


| TI region  2


 NSTEP =      550   TIME(PS) =     315.100  TEMP(K) =   298.86  PRESS =     0.0
 Etot   =    -11689.9971  EKtot   =      2678.4789  EPtot      =    -14368.4761
 BOND   =         8.1692  ANGLE   =        23.9526  DIHED      =        34.2061
 1-4 NB =        16.0474  1-4 EEL =      -385.9272  VDWAALS    =      2092.5053
 EELEC  =    -16157.4295  EHBOND  =         0.0000  RESTRAINT  =         0.0000
 EKCMT  =         0.0000  VIRIAL  =         0.0000  VOLUME     =     45914.7235
                                                    Density    =         0.9802
 DV/DL  =      -144.5516
 ------------------------------------------------------------------------------


MBAR Energy analysis:
Energy at 0.0000 =    -14303.780513
Energy at 0.0000 =    -14303.780513
Energy at 0.2000 =    -14333.841325
Energy at 0.2000 =    -14333.841325
Energy at 0.5000 =    -14378.888617
Energy at 0.5000 =    -14378.888617
 ------------------------------------------------------------------------------


| TI region  1


 NSTEP =      600   TIME(PS) =     315.200  TEMP(K) =   295.59  PRESS =     0.0
 Etot   =    -11652.8326  EKtot   =      2650.9479  EPtot      =    -14303.7805
 BOND   =         7.8732  ANGLE   =        32.6550  DIHED      =        41.8448
 1-4 NB =        16.1385  1-4 EEL =      -386.8401  VDWAALS    =      2073.4538
 EELEC  =    -16088.9058  EHBOND  =         0.0000  RESTRAINT  =         0.0000
 EKCMT  =         0.0000  VIRIAL  =         0.0000  VOLUME     =     45914.7235
                                                    Density    =         0.9803
 DV/DL  =      -150.3985
 ------------------------------------------------------------------------------

  Softcore part of the system:       2 atoms,       TEMP(K)    =         110.89
 SC_Etot=         1.9690  SC_EKtot=         0.6611  SC_EPtot   =         1.3080
 SC_BOND=         0.2209  SC_ANGLE=         0.9111  SC_DIHED   =         0.1760
 SC_14NB=         0.0000  SC_14EEL=         0.0000  SC_VDW     =         0.0000
 SC_EEL =         0.0000
 SC_RES_DIST=     0.0000  SC_RES_ANG=       0.0000  SC_RES_TORS=         0.0000
 SC_EEL_DER=      0.0000  SC_VDW_DER=      -0.2539  SC_DERIV   =        -0.2539
 ------------------------------------------------------------------------------


| TI region  2


 NSTEP =      600   TIME(PS) =     315.200  TEMP(K) =   295.72  PRESS =     0.0
 Etot   =    -11653.4937  EKtot   =      2650.2869  EPtot      =    -14303.7805
 BOND   =         7.8732  ANGLE   =        32.6550  DIHED      =        41.8448
 1-4 NB =        16.1385  1-4 EEL =      -386.8401  VDWAALS    =      2073.4538
 EELEC  =    -16088.9058  EHBOND  =         0.0000  RESTRAINT  =         0.0000
 EKCMT  =         0.0000  VIRIAL  =         0.0000  VOLUME     =     45914.7235
                                                    Density    =         0.9802
 DV/DL  =      -150.3985
 ------------------------------------------------------------------------------


MBAR Energy analysis:
Energy at 0.0000 =    -14328.993598
Energy at 0.0000 =    -14328.993598
Energy at 0.2000 =    -14356.153559
Energy at 0.2000 =    -14356.153559
Energy at 0.5000 =    -14396.883626
Energy at 0.5000 =    -14396.883626
 ------------------------------------------------------------------------------


| TI region  1


 NSTEP =      650   TIME(PS) =     315.300  TEMP(K) =   302.05  PRESS =     0.0
 Etot   =    -11620.1788  EKtot   =      2708.8148  EPtot      =    -14328.9936
 BOND   =         8.3174  ANGLE   =        24.7065  DIHED      =        40.0096
 1-4 NB =        15.3508  1-4 EEL =      -387.6346  VDWAALS    =      2045.8473
 EELEC  =    -16075.5905  EHBOND  =         0.0000  RESTRAINT  =         0.0000
 EKCMT  =         0.0000  VIRIAL  =         0.0000  VOLUME     =     45914.7235
                                                    Density    =         0.9803
 DV/DL  =      -135.8224
 ------------------------------------------------------------------------------

  Softcore part of the system:       2 atoms,       TEMP(K)    =         230.19
 SC_Etot=         3.9247  SC_EKtot=         1.3723  SC_EPtot   =         2.5524
 SC_BOND=         0.8557  SC_ANGLE=         1.1537  SC_DIHED   =         0.5430
 SC_14NB=         0.0000  SC_14EEL=         0.0000  SC_VDW     =         0.0000
 SC_EEL =         0.0000
 SC_RES_DIST=     0.0000  SC_RES_ANG=       0.0000  SC_RES_TORS=         0.0000
 SC_EEL_DER=      0.0000  SC_VDW_DER=      -0.0527  SC_DERIV   =        -0.0527
 ------------------------------------------------------------------------------


| TI region  2


 NSTEP =      650   TIME(PS) =     315.300  TEMP(K) =   302.09  PRESS =     0.0
 Etot   =    -11621.5511  EKtot   =      2707.4425  EPtot      =    -14328.9936
 BOND   =         8.3174  ANGLE   =        24.7065  DIHED      =        40.0096
 1-4 NB =        15.3508  1-4 EEL =      -387.6346  VDWAALS    =      2045.8473
 EELEC  =    -16075.5905  EHBOND  =         0.0000  RESTRAINT  =         0.0000
 EKCMT  =         0.0000  VIRIAL  =         0.0000  VOLUME     =     45914.7235
                                                    Density    =         0.9802
 DV/DL  =      -135.8224
 ------------------------------------------------------------------------------


MBAR Energy analysis:
Energy at 0.0000 =    -14302.289604
Energy at 0.0000 =    -14302.289604
Energy at 0.2000 =    -14329.594340
Energy at 0.2000 =    -14329.594340
Energy at 0.5000 =    -14370.455795
Energy at 0.5000 =    -14370.455795
 ------------------------------------------------------------------------------


| TI region  1


 NSTEP =      700   TIME(PS) =     315.400  TEMP(K) =   293.32  PRESS =     0.0
 Etot   =    -11671.7067  EKtot   =      2630.5829  EPtot      =    -14302.2896
 BOND   =        14.4080  ANGLE   =        28.3236  DIHED      =        42.2427
 1-4 NB =        14.4149  1-4 EEL =      -388.6705  VDWAALS    =      2059.9109
 EELEC  =    -16072.9192  EHBOND  =         0.0000  RESTRAINT  =         0.0000
 EKCMT  =         0.0000  VIRIAL  =         0.0000  VOLUME     =     45914.7235
                                                    Density    =         0.9803
 DV/DL  =      -136.7375
 ------------------------------------------------------------------------------

  Softcore part of the system:       2 atoms,       TEMP(K)    =         307.99
 SC_Etot=         2.9331  SC_EKtot=         1.8361  SC_EPtot   =         1.0970
 SC_BOND=         0.0440  SC_ANGLE=         0.7989  SC_DIHED   =         0.2541
 SC_14NB=         0.0000  SC_14EEL=         0.0000  SC_VDW     =         0.0000
 SC_EEL =         0.0000
 SC_RES_DIST=     0.0000  SC_RES_ANG=       0.0000  SC_RES_TORS=         0.0000
 SC_EEL_DER=      0.0000  SC_VDW_DER=      -0.5618  SC_DERIV   =        -0.5618
 ------------------------------------------------------------------------------


| TI region  2


 NSTEP =      700   TIME(PS) =     315.400  TEMP(K) =   293.31  PRESS =     0.0
 Etot   =    -11673.5428  EKtot   =      2628.7468  EPtot      =    -14302.2896
 BOND   =        14.4080  ANGLE   =        28.3236  DIHED      =        42.2427
 1-4 NB =        14.4149  1-4 EEL =      -388.6705  VDWAALS    =      2059.9109
 EELEC  =    -16072.9192  EHBOND  =         0.0000  RESTRAINT  =         0.0000
 EKCMT  =         0.0000  VIRIAL  =         0.0000  VOLUME     =     45914.7235
                                                    Density    =         0.9802
 DV/DL  =      -136.7375
 ------------------------------------------------------------------------------


MBAR Energy analysis:
Energy at 0.0000 =    -14364.922079
Energy at 0.0000 =    -14364.922079
Energy at 0.2000 =    -14394.189141
Energy at 0.2000 =    -14394.189141
Energy at 0.5000 =    -14437.722998
Energy at 0.5000 =    -14437.722998
 ------------------------------------------------------------------------------


| TI region  1


 NSTEP =      750   TIME(PS) =     315.500  TEMP(K) =   301.91  PRESS =     0.0
 Etot   =    -11657.3373  EKtot   =      2707.5848  EPtot      =    -14364.9221
 BOND   =        11.2984  ANGLE   =        29.4216  DIHED      =        40.2248
 1-4 NB =        16.1255  1-4 EEL =      -384.5640  VDWAALS    =      2180.2794
 EELEC  =    -16257.7078  EHBOND  =         0.0000  RESTRAINT  =         0.0000
 EKCMT  =         0.0000  VIRIAL  =         0.0000  VOLUME     =     45914.7235
                                                    Density    =         0.9803
 DV/DL  =      -147.2228
 ------------------------------------------------------------------------------

  Softcore part of the system:       2 atoms,       TEMP(K)    =         202.34
 SC_Etot=         3.8147  SC_EKtot=         1.2062  SC_EPtot   =         2.6084
 SC_BOND=         0.6449  SC_ANGLE=         1.5190  SC_DIHED   =         0.4445
 SC_14NB=         0.0000  SC_14EEL=         0.0000  SC_VDW     =         0.0000
 SC_EEL =         0.0000
 SC_RES_DIST=     0.0000  SC_RES_ANG=       0.0000  SC_RES_TORS=         0.0000
 SC_EEL_DER=      0.0000  SC_VDW_DER=      -2.1965  SC_DERIV   =        -2.1965
 ------------------------------------------------------------------------------


| TI region  2


 NSTEP =      750   TIME(PS) =     315.500  TEMP(K) =   301.98  PRESS =     0.0
 Etot   =    -11658.5436  EKtot   =      2706.3785  EPtot      =    -14364.9221
 BOND   =        11.2984  ANGLE   =        29.4216  DIHED      =        40.2248
 1-4 NB =        16.1255  1-4 EEL =      -384.5640  VDWAALS    =      2180.2794
 EELEC  =    -16257.7078  EHBOND  =         0.0000  RESTRAINT  =         0.0000
 EKCMT  =         0.0000  VIRIAL  =         0.0000  VOLUME     =     45914.7235
                                                    Density    =         0.9802
 DV/DL  =      -147.2228
 ------------------------------------------------------------------------------


MBAR Energy analysis:
Energy at 0.0000 =    -14335.133397
Energy at 0.0000 =    -14335.133397
Energy at 0.2000 =    -14364.916223
Energy at 0.2000 =    -14364.916223
Energy at 0.5000 =    -14409.110003
Energy at 0.5000 =    -14409.110003
 ------------------------------------------------------------------------------


| TI region  1


 NSTEP =      800   TIME(PS) =     315.600  TEMP(K) =   296.26  PRESS =     0.0
 Etot   =    -11678.2565  EKtot   =      2656.8769  EPtot      =    -14335.1334
 BOND   =        12.0744  ANGLE   =        26.6929  DIHED      =        40.0577
 1-4 NB =        16.0402  1-4 EEL =      -379.3454  VDWAALS    =      2117.2543
 EELEC  =    -16167.9076  EHBOND  =         0.0000  RESTRAINT  =         0.0000
 EKCMT  =         0.0000  VIRIAL  =         0.0000  VOLUME     =     45914.7235
                                                    Density    =         0.9803
 DV/DL  =      -150.1293
 ------------------------------------------------------------------------------

  Softcore part of the system:       2 atoms,       TEMP(K)    =         158.13
 SC_Etot=         3.2321  SC_EKtot=         0.9427  SC_EPtot   =         2.2894
 SC_BOND=         0.5127  SC_ANGLE=         1.6305  SC_DIHED   =         0.1463
 SC_14NB=         0.0000  SC_14EEL=         0.0000  SC_VDW     =         0.0000
 SC_EEL =         0.0000
 SC_RES_DIST=     0.0000  SC_RES_ANG=       0.0000  SC_RES_TORS=         0.0000
 SC_EEL_DER=      0.0000  SC_VDW_DER=      -2.9041  SC_DERIV   =        -2.9041
 ------------------------------------------------------------------------------


| TI region  2


 NSTEP =      800   TIME(PS) =     315.600  TEMP(K) =   296.35  PRESS =     0.0
 Etot   =    -11679.1991  EKtot   =      2655.9343  EPtot      =    -14335.1334
 BOND   =        12.0744  ANGLE   =        26.6929  DIHED      =        40.0577
 1-4 NB =        16.0402  1-4 EEL =      -379.3454  VDWAALS    =      2117.2543
 EELEC  =    -16167.9076  EHBOND  =         0.0000  RESTRAINT  =         0.0000
 EKCMT  =         0.0000  VIRIAL  =         0.0000  VOLUME     =     45914.7235
                                                    Density    =         0.9802
 DV/DL  =      -150.1293
 ------------------------------------------------------------------------------


MBAR Energy analysis:
Energy at 0.0000 =    -14341.625878
Energy at 0.0000 =    -14341.625878
Energy at 0.2000 =    -14371.137956
Energy at 0.2000 =    -14371.137956
Energy at 0.5000 =    -14415.163517
Energy at 0.5000 =    -14415.163517
 ------------------------------------------------------------------------------


| TI region  1


 NSTEP =      850   TIME(PS) =     315.700  TEMP(K) =   301.35  PRESS =     0.0
 Etot   =    -11639.0656  EKtot   =      2702.5603  EPtot      =    -14341.6259
 BOND   =         8.2580  ANGLE   =        34.1181  DIHED      =        43.5134
 1-4 NB =        16.9105  1-4 EEL =      -394.2221  VDWAALS    =      2076.5073
 EELEC  =    -16126.7111  EHBOND  =         0.0000  RESTRAINT  =         0.0000
 EKCMT  =         0.0000  VIRIAL  =         0.0000  VOLUME     =     45914.7235
                                                    Density    =         0.9803
 DV/DL  =      -148.1303
 ------------------------------------------------------------------------------

  Softcore part of the system:       2 atoms,       TEMP(K)    =         166.73
 SC_Etot=         3.1043  SC_EKtot=         0.9940  SC_EPtot   =         2.1103
 SC_BOND=         0.0937  SC_ANGLE=         1.9803  SC_DIHED   =         0.0364
 SC_14NB=         0.0000  SC_14EEL=         0.0000  SC_VDW     =         0.0000
 SC_EEL =         0.0000
 SC_RES_DIST=     0.0000  SC_RES_ANG=       0.0000  SC_RES_TORS=         0.0000
 SC_EEL_DER=      0.0000  SC_VDW_DER=      -1.4429  SC_DERIV   =        -1.4429
 ------------------------------------------------------------------------------


| TI region  2


 NSTEP =      850   TIME(PS) =     315.700  TEMP(K) =   301.44  PRESS =     0.0
 Etot   =    -11640.0596  EKtot   =      2701.5663  EPtot      =    -14341.6259
 BOND   =         8.2580  ANGLE   =        34.1181  DIHED      =        43.5134
 1-4 NB =        16.9105  1-4 EEL =      -394.2221  VDWAALS    =      2076.5073
 EELEC  =    -16126.7111  EHBOND  =         0.0000  RESTRAINT  =         0.0000
 EKCMT  =         0.0000  VIRIAL  =         0.0000  VOLUME     =     45914.7235
                                                    Density    =         0.9802
 DV/DL  =      -148.1303
 ------------------------------------------------------------------------------


MBAR Energy analysis:
Energy at 0.0000 =    -14354.190574
Energy at 0.0000 =    -14354.190574
Energy at 0.2000 =    -14383.358438
Energy at 0.2000 =    -14383.358438
Energy at 0.5000 =    -14427.027902
Energy at 0.5000 =    -14427.027902
 ------------------------------------------------------------------------------


| TI region  1


 NSTEP =      900   TIME(PS) =     315.800  TEMP(K) =   299.70  PRESS =     0.0
 Etot   =    -11666.3835  EKtot   =      2687.8071  EPtot      =    -14354.1906
 BOND   =        11.5138  ANGLE   =        33.6866  DIHED      =        41.5125
 1-4 NB =        15.8872  1-4 EEL =      -384.4561  VDWAALS    =      2039.7129
 EELEC  =    -16112.0476  EHBOND  =         0.0000  RESTRAINT  =         0.0000
 EKCMT  =         0.0000  VIRIAL  =         0.0000  VOLUME     =     45914.7235
                                                    Density    =         0.9803
 DV/DL  =      -146.0145
 ------------------------------------------------------------------------------

  Softcore part of the system:       2 atoms,       TEMP(K)    =         289.38
 SC_Etot=         2.3457  SC_EKtot=         1.7252  SC_EPtot   =         0.6206
 SC_BOND=         0.1125  SC_ANGLE=         0.3344  SC_DIHED   =         0.1737
 SC_14NB=         0.0000  SC_14EEL=         0.0000  SC_VDW     =         0.0000
 SC_EEL =         0.0000
 SC_RES_DIST=     0.0000  SC_RES_ANG=       0.0000  SC_RES_TORS=         0.0000
 SC_EEL_DER=      0.0000  SC_VDW_DER=      -0.4800  SC_DERIV   =        -0.4800
 ------------------------------------------------------------------------------


| TI region  2


 NSTEP =      900   TIME(PS) =     315.800  TEMP(K) =   299.71  PRESS =     0.0
 Etot   =    -11668.1086  EKtot   =      2686.0819  EPtot      =    -14354.1906
 BOND   =        11.5138  ANGLE   =        33.6866  DIHED      =        41.5125
 1-4 NB =        15.8872  1-4 EEL =      -384.4561  VDWAALS    =      2039.7129
 EELEC  =    -16112.0476  EHBOND  =         0.0000  RESTRAINT  =         0.0000
 EKCMT  =         0.0000  VIRIAL  =         0.0000  VOLUME     =     45914.7235
                                                    Density    =         0.9802
 DV/DL  =      -146.0145
 ------------------------------------------------------------------------------


MBAR Energy analysis:
Energy at 0.0000 =    -14347.920907
Energy at 0.0000 =    -14347.920907
Energy at 0.2000 =    -14379.179026
Energy at 0.2000 =    -14379.179026
Energy at 0.5000 =    -14424.700822
Energy at 0.5000 =    -14424.700822
 ------------------------------------------------------------------------------


| TI region  1


 NSTEP =      950   TIME(PS) =     315.900  TEMP(K) =   301.23  PRESS =     0.0
 Etot   =    -11646.4591  EKtot   =      2701.4618  EPtot      =    -14347.9209
 BOND   =        10.5452  ANGLE   =        35.6657  DIHED      =        39.1916
 1-4 NB =        17.9689  1-4 EEL =      -392.5683  VDWAALS    =      2095.9196
 EELEC  =    -16154.6434  EHBOND  =         0.0000  RESTRAINT  =         0.0000
 EKCMT  =         0.0000  VIRIAL  =         0.0000  VOLUME     =     45914.7235
                                                    Density    =         0.9803
 DV/DL  =      -160.9493
 ------------------------------------------------------------------------------

  Softcore part of the system:       2 atoms,       TEMP(K)    =         183.73
 SC_Etot=         3.7133  SC_EKtot=         1.0953  SC_EPtot   =         2.6180
 SC_BOND=         0.3949  SC_ANGLE=         1.0266  SC_DIHED   =         1.1966
 SC_14NB=         0.0000  SC_14EEL=         0.0000  SC_VDW     =         0.0000
 SC_EEL =         0.0000
 SC_RES_DIST=     0.0000  SC_RES_ANG=       0.0000  SC_RES_TORS=         0.0000
 SC_EEL_DER=      0.0000  SC_VDW_DER=      -9.1011  SC_DERIV   =        -9.1011
 ------------------------------------------------------------------------------


| TI region  2


 NSTEP =      950   TIME(PS) =     315.900  TEMP(K) =   301.31  PRESS =     0.0
 Etot   =    -11647.5544  EKtot   =      2700.3665  EPtot      =    -14347.9209
 BOND   =        10.5452  ANGLE   =        35.6657  DIHED      =        39.1916
 1-4 NB =        17.9689  1-4 EEL =      -392.5683  VDWAALS    =      2095.9196
 EELEC  =    -16154.6434  EHBOND  =         0.0000  RESTRAINT  =         0.0000
 EKCMT  =         0.0000  VIRIAL  =         0.0000  VOLUME     =     45914.7235
                                                    Density    =         0.9802
 DV/DL  =      -160.9493
 ------------------------------------------------------------------------------

| MC Barostat: Decreasing size of volume moves

MBAR Energy analysis:
Energy at 0.0000 =    -14249.934957
Energy at 0.0000 =    -14249.934957
Energy at 0.2000 =    -14280.819429
Energy at 0.2000 =    -14280.819429
Energy at 0.5000 =    -14326.899179
Energy at 0.5000 =    -14326.899179
 ------------------------------------------------------------------------------


| TI region  1


 NSTEP =     1000   TIME(PS) =     316.000  TEMP(K) =   299.00  PRESS =     0.0
 Etot   =    -11568.4127  EKtot   =      2681.5223  EPtot      =    -14249.9350
 BOND   =        11.3448  ANGLE   =        30.1992  DIHED      =        39.6566
 1-4 NB =        14.0410  1-4 EEL =      -382.5713  VDWAALS    =      2071.0399
 EELEC  =    -16033.6452  EHBOND  =         0.0000  RESTRAINT  =         0.0000
 EKCMT  =         0.0000  VIRIAL  =         0.0000  VOLUME     =     45914.7235
                                                    Density    =         0.9803
 DV/DL  =      -155.0087
 ------------------------------------------------------------------------------

  Softcore part of the system:       2 atoms,       TEMP(K)    =         410.05
 SC_Etot=         4.7475  SC_EKtot=         2.4446  SC_EPtot   =         2.3030
 SC_BOND=         0.3388  SC_ANGLE=         1.1406  SC_DIHED   =         0.8236
 SC_14NB=         0.0000  SC_14EEL=         0.0000  SC_VDW     =         0.0000
 SC_EEL =         0.0000
 SC_RES_DIST=     0.0000  SC_RES_ANG=       0.0000  SC_RES_TORS=         0.0000
 SC_EEL_DER=      0.0000  SC_VDW_DER=      -1.4733  SC_DERIV   =        -1.4733
 ------------------------------------------------------------------------------


| TI region  2


 NSTEP =     1000   TIME(PS) =     316.000  TEMP(K) =   298.93  PRESS =     0.0
 Etot   =    -11570.8572  EKtot   =      2679.0777  EPtot      =    -14249.9350
 BOND   =        11.3448  ANGLE   =        30.1992  DIHED      =        39.6566
 1-4 NB =        14.0410  1-4 EEL =      -382.5713  VDWAALS    =      2071.0399
 EELEC  =    -16033.6452  EHBOND  =         0.0000  RESTRAINT  =         0.0000
 EKCMT  =         0.0000  VIRIAL  =         0.0000  VOLUME     =     45914.7235
                                                    Density    =         0.9802
 DV/DL  =      -155.0087
 ------------------------------------------------------------------------------

|===============================================================================

| TI region  1


      A V E R A G E S   O V E R    1000 S T E P S


 NSTEP =     1000   TIME(PS) =     316.000  TEMP(K) =   299.01  PRESS =     0.0
 Etot   =    -11678.3949  EKtot   =      2681.6214  EPtot      =    -14360.0163
 BOND   =        11.9330  ANGLE   =        29.5819  DIHED      =        39.0285
 1-4 NB =        15.4648  1-4 EEL =      -385.0111  VDWAALS    =      2088.2191
 EELEC  =    -16159.2326  EHBOND  =         0.0000  RESTRAINT  =         0.0000
 EKCMT  =         0.0000  VIRIAL  =         0.0000  VOLUME     =     45980.6489
                                                    Density    =         0.9789
 DV/DL  =      -146.2625
 ------------------------------------------------------------------------------

  Softcore part of the system:       2 atoms,       TEMP(K)    =         306.45
 SC_Etot=         4.2446  SC_EKtot=         1.8269  SC_EPtot   =         2.4177
 SC_BOND=         0.6910  SC_ANGLE=         1.5254  SC_DIHED   =         0.2013
 SC_14NB=         0.0000  SC_14EEL=         0.0000  SC_VDW     =         0.0000
 SC_EEL =         0.0000
 SC_RES_DIST=     0.0000  SC_RES_ANG=       0.0000  SC_RES_TORS=         0.0000
 SC_EEL_DER=      0.0000  SC_VDW_DER=      -1.3513  SC_DERIV   =        -1.3513
 ------------------------------------------------------------------------------


      R M S  F L U C T U A T I O N S


 NSTEP =     1000   TIME(PS) =     316.000  TEMP(K) =     3.72  PRESS =     0.0
 Etot   =        34.7462  EKtot   =        33.3424  EPtot      =        33.1476
 BOND   =         3.1100  ANGLE   =         4.1719  DIHED      =         2.4779
 1-4 NB =         1.2592  1-4 EEL =         3.4268  VDWAALS    =        40.6724
 EELEC  =        53.3328  EHBOND  =         0.0000  RESTRAINT  =         0.0000
 EKCMT  =         0.0000  VIRIAL  =         0.0000  VOLUME     =       101.9632
                                                    Density    =         0.0022
 DV/DL  =         6.2230
 ------------------------------------------------------------------------------

  Softcore part of the system:       2 atoms,       TEMP(K)    =         157.64
 SC_Etot=         1.3519  SC_EKtot=         0.9398  SC_EPtot   =         1.0826
 SC_BOND=         0.5634  SC_ANGLE=         0.8917  SC_DIHED   =         0.2197
 SC_14NB=         0.0000  SC_14EEL=         0.0000  SC_VDW     =         0.0000
 SC_EEL =         0.0000
 SC_RES_DIST=     0.0000  SC_RES_ANG=       0.0000  SC_RES_TORS=         0.0000
 SC_EEL_DER=      0.0000  SC_VDW_DER=       1.6515  SC_DERIV   =         1.6515
 ------------------------------------------------------------------------------


| TI region  2


      A V E R A G E S   O V E R    1000 S T E P S


 NSTEP =     1000   TIME(PS) =     316.000  TEMP(K) =   299.01  PRESS =     0.0
 Etot   =    -11680.2218  EKtot   =      2679.7945  EPtot      =    -14360.0163
 BOND   =        11.9330  ANGLE   =        29.5819  DIHED      =        39.0285
 1-4 NB =        15.4648  1-4 EEL =      -385.0111  VDWAALS    =      2088.2191
 EELEC  =    -16159.2326  EHBOND  =         0.0000  RESTRAINT  =         0.0000
 EKCMT  =         0.0000  VIRIAL  =         0.0000  VOLUME     =     45980.6489
                                                    Density    =         0.9788
 DV/DL  =      -146.2625
 ------------------------------------------------------------------------------


      R M S  F L U C T U A T I O N S


 NSTEP =     1000   TIME(PS) =     316.000  TEMP(K) =     3.72  PRESS =     0.0
 Etot   =        34.8137  EKtot   =        33.3453  EPtot      =        33.1476
 BOND   =         3.1100  ANGLE   =         4.1719  DIHED      =         2.4779
 1-4 NB =         1.2592  1-4 EEL =         3.4268  VDWAALS    =        40.6724
 EELEC  =        53.3328  EHBOND  =         0.0000  RESTRAINT  =         0.0000
 EKCMT  =         0.0000  VIRIAL  =         0.0000  VOLUME     =       101.9632
                                                    Density    =         0.0022
 DV/DL  =         6.2230
 ------------------------------------------------------------------------------


      DV/DL, AVERAGES OVER    1000 STEPS


 NSTEP =     1000   TIME(PS) =     316.000  TEMP(K) =     3.72  PRESS =     0.0
 Etot   =         0.0000  EKtot   =         0.0000  EPtot      =      -144.7853
 BOND   =         0.0000  ANGLE   =         0.0000  DIHED      =         0.0000
 1-4 NB =         0.0206  1-4 EEL =      -192.9518  VDWAALS    =        -0.3064
 EELEC  =        48.3265  EHBOND  =         0.0000  RESTRAINT  =         0.0000
 EKCMT  =         0.0000  VIRIAL  =         0.0000  VOLUME     =         0.0000
                                                    Density    =         0.0000
 DV/DL  =      -144.7853
 ------------------------------------------------------------------------------

|===============================================================================

| TI region  1


      A V E R A G E S   O V E R    1000 S T E P S


 NSTEP =     1000   TIME(PS) =     316.000  TEMP(K) =   299.01  PRESS =     0.0
 Etot   =    -11678.3949  EKtot   =      2681.6214  EPtot      =    -14360.0163
 BOND   =        11.9330  ANGLE   =        29.5819  DIHED      =        39.0285
 1-4 NB =        15.4648  1-4 EEL =      -385.0111  VDWAALS    =      2088.2191
 EELEC  =    -16159.2326  EHBOND  =         0.0000  RESTRAINT  =         0.0000
 EKCMT  =         0.0000  VIRIAL  =         0.0000  VOLUME     =     45980.6489
                                                    Density    =         0.9789
 DV/DL  =      -146.2625
 ------------------------------------------------------------------------------

  Softcore part of the system:       2 atoms,       TEMP(K)    =         306.45
 SC_Etot=         4.2446  SC_EKtot=         1.8269  SC_EPtot   =         2.4177
 SC_BOND=         0.6910  SC_ANGLE=         1.5254  SC_DIHED   =         0.2013
 SC_14NB=         0.0000  SC_14EEL=         0.0000  SC_VDW     =         0.0000
 SC_EEL =         0.0000
 SC_RES_DIST=     0.0000  SC_RES_ANG=       0.0000  SC_RES_TORS=         0.0000
 SC_EEL_DER=      0.0000  SC_VDW_DER=      -1.3513  SC_DERIV   =        -1.3513
 ------------------------------------------------------------------------------


      R M S  F L U C T U A T I O N S


 NSTEP =     1000   TIME(PS) =     316.000  TEMP(K) =     3.72  PRESS =     0.0
 Etot   =        34.7462  EKtot   =        33.3424  EPtot      =        33.1476
 BOND   =         3.1100  ANGLE   =         4.1719  DIHED      =         2.4779
 1-4 NB =         1.2592  1-4 EEL =         3.4268  VDWAALS    =        40.6724
 EELEC  =        53.3328  EHBOND  =         0.0000  RESTRAINT  =         0.0000
 EKCMT  =         0.0000  VIRIAL  =         0.0000  VOLUME     =       101.9632
                                                    Density    =         0.0022
 DV/DL  =         6.2230
 ------------------------------------------------------------------------------

  Softcore part of the system:       2 atoms,       TEMP(K)    =         157.64
 SC_Etot=         1.3519  SC_EKtot=         0.9398  SC_EPtot   =         1.0826
 SC_BOND=         0.5634  SC_ANGLE=         0.8917  SC_DIHED   =         0.2197
 SC_14NB=         0.0000  SC_14EEL=         0.0000  SC_VDW     =         0.0000
 SC_EEL =         0.0000
 SC_RES_DIST=     0.0000  SC_RES_ANG=       0.0000  SC_RES_TORS=         0.0000
 SC_EEL_DER=      0.0000  SC_VDW_DER=       1.6515  SC_DERIV   =         1.6515
 ------------------------------------------------------------------------------


| TI region  2


      A V E R A G E S   O V E R    1000 S T E P S


 NSTEP =     1000   TIME(PS) =     316.000  TEMP(K) =   299.01  PRESS =     0.0
 Etot   =    -11680.2218  EKtot   =      2679.7945  EPtot      =    -14360.0163
 BOND   =        11.9330  ANGLE   =        29.5819  DIHED      =        39.0285
 1-4 NB =        15.4648  1-4 EEL =      -385.0111  VDWAALS    =      2088.2191
 EELEC  =    -16159.2326  EHBOND  =         0.0000  RESTRAINT  =         0.0000
 EKCMT  =         0.0000  VIRIAL  =         0.0000  VOLUME     =     45980.6489
                                                    Density    =         0.9788
 DV/DL  =      -146.2625
 ------------------------------------------------------------------------------


      R M S  F L U C T U A T I O N S


 NSTEP =     1000   TIME(PS) =     316.000  TEMP(K) =     3.72  PRESS =     0.0
 Etot   =        34.8137  EKtot   =        33.3453  EPtot      =        33.1476
 BOND   =         3.1100  ANGLE   =         4.1719  DIHED      =         2.4779
 1-4 NB =         1.2592  1-4 EEL =         3.4268  VDWAALS    =        40.6724
 EELEC  =        53.3328  EHBOND  =         0.0000  RESTRAINT  =         0.0000
 EKCMT  =         0.0000  VIRIAL  =         0.0000  VOLUME     =       101.9632
                                                    Density    =         0.0022
 DV/DL  =         6.2230
 ------------------------------------------------------------------------------


      DV/DL, AVERAGES OVER    1000 STEPS


 NSTEP =     1000   TIME(PS) =     316.000  TEMP(K) =     3.72  PRESS =     0.0
 Etot   =         0.0000  EKtot   =         0.0000  EPtot      =      -144.7853
 BOND   =         0.0000  ANGLE   =         0.0000  DIHED      =         0.0000
 1-4 NB =         0.0206  1-4 EEL =      -192.9518  VDWAALS    =        -0.3064
 EELEC  =        48.3265  EHBOND  =         0.0000  RESTRAINT  =         0.0000
 EKCMT  =         0.0000  VIRIAL  =         0.0000  VOLUME     =         0.0000
                                                    Density    =         0.0000
 DV/DL  =      -144.7853
 ------------------------------------------------------------------------------

| MC Barostat:         10 volume changes attempted.
| MC Barostat:          2 changes successful ( 20.00%)
 ------------------------------------------------------------------------------

--------------------------------------------------------------------------------
   5.  TIMINGS
--------------------------------------------------------------------------------

|  NonSetup CPU Time in Major Routines:
|
|     Routine           Sec        %
|     ------------------------------
|     Nonbond           0.30   80.18
|     Bond              0.00    0.00
|     Angle             0.00    0.00
|     Dihedral          0.00    0.00
|     Shake             0.00    0.83
|     RunMD             0.07   17.61
|     Other             0.01    1.37
|     ------------------------------
|     Total             0.37

|  PME Nonbond Pairlist CPU Time:
|
|     Routine              Sec        %
|     ---------------------------------
|     Set Up Cit           0.00    0.00
|     Build List           0.00    0.00
|     ---------------------------------
|     Total                0.00    0.00

|  PME Direct Force CPU Time:
|
|     Routine              Sec        %
|     ---------------------------------
|     NonBonded Calc       0.00    0.00
|     Exclude Masked       0.00    0.00
|     Other                0.00    0.44
|     ---------------------------------
|     Total                0.00    0.44

|  PME Reciprocal Force CPU Time:
|
|     Routine              Sec        %
|     ---------------------------------
|     1D bspline           0.00    0.00
|     Grid Charges         0.00    0.00
|     Scalar Sum           0.00    0.00
|     Gradient Sum         0.00    0.00
|     FFT                  0.00    0.00
|     ---------------------------------
|     Total                0.00    0.00

|  Final Performance Info:
|     -----------------------------------------------------
|     Average timings for last     950 steps:
|     Elapsed(s) =       0.36 Per Step(ms) =       0.38
|         ns/day =     453.39   seconds/ns =     190.56
|
|     Average timings for all steps:
|     Elapsed(s) =       0.38 Per Step(ms) =       0.38
|         ns/day =     448.92   seconds/ns =     192.46
|     -----------------------------------------------------

|  Setup CPU time:            1.13 seconds
|  NonSetup CPU time:         0.37 seconds
|  Total CPU time:            1.50 seconds     0.00 hours

|  Setup wall time:           2    seconds
|  NonSetup wall time:        0    seconds
|  Total wall time:           2    seconds     0.00 hours
