
          -------------------------------------------------------
          Amber 20 PMEMD                              2020
          -------------------------------------------------------

| PMEMD implementation of SANDER, Release 18

|  Compiled date/time: Tue Apr 28 09:19:54 2020
| Run on 09/12/2024 at 01:49:28

|   Executable path: pmemd.cuda_SPFP
| Working directory: /nfs/zli_gpu2/bin/developed_softwares/test_car/car/car/example/0.0_0.0_0.0
|          Hostname: compute-0-8

  [-O]verwriting output

File Assignments:
|   MDIN: prod2.in                                                              
|  MDOUT: prod2.out                                                             
| INPCRD: prev_cen.rst                                                          
|   PARM: ../lM2A.prmtop                                                        
| RESTRT: prod2.rst                                                             
|   REFC: refc                                                                  
|  MDVEL: mdvel                                                                 
|   MDEN: mden                                                                  
|  MDCRD: prod2.netcdf                                                          
| MDINFO: prod2.mdinfo                                                          
|  MDFRC: mdfrc                                                                 


 Here is the input file:

NVT MD w/No position restraints and PME (sander)                               
 &cntrl                                                                        
  ntx    = 5,                                                                  
  irest  = 1,                                                                  
  ntpr   = 50,                                                                 
  ntwx   = 10000,                                                              
  ntwe   = 10000,                                                              
  ntwr   = 10000,                                                              
  ig     = -1,                                                                 
                                                                               
  ntb    = 2,                                                                  
  ntp = 1, pres0 = 1.0, taup = 2.0,gamma_ln = 2.0,                             
  cut    = 10.0,                                                               
  iwrap  = 1,                                                                  
  barostat = 2,                                                                
                                                                               
  t      = 0.0,                                                                
  dt     = 0.002,                                                              
                                                                               
  temp0  = 300.0,                                                              
  tempi  = 300.0,                                                              
  ntt    = 3,                                                                  
  tautp  = 2.0,                                                                
                                                                               
  ntf    = 1,                                                                  
  ntc    = 2,                                                                  
  iwrap=1, ioutfm=1, ntwv=-1,ntave=1000,                                       
  bar_intervall = 50,                                                          
  icfe = 1, ifsc = 1,                                                          
  timask1=':1,2',                                                              
  timask2=':3',                                                                
  scmask1=':2',                                                                
  scmask2='',                                                                  
  ifmbar = 1,                                                                  
  nstlim = 1000,                                                               
  clambda = 0.0,                                                               
  mbar_states = 6,                                                             
  mbar_lambda = 0.0, 0.0, 0.2, 0.2, 0.5, 0.5,                                  
&end                                                                           
 /                                                                             


Note: ig = -1. Setting random seed to   284788 based on wallclock time in 
      microseconds.
| irandom = 1, using AMBER's internal random number generator (default).
 
|--------------------- INFORMATION ----------------------
| GPU (CUDA) Version of PMEMD in use: NVIDIA GPU IN USE.
|                    Version 18.0.0
| 
|                      03/25/2018
| 
| Implementation by:
|                    Ross C. Walker     (SDSC)
|                    Scott Le Grand     (nVIDIA)
| 
| Version 18 performance extensions by:
|                    David Cerutti     (Rutgers)
| 
| Precision model in use:
|      [SPFP] - Single Precision Forces, 64-bit Fixed Point
|               Accumulation. (Default)
| 
|--------------------------------------------------------
 
|----------------- CITATION INFORMATION -----------------
|
|    When publishing work that utilized the CUDA version
|    of AMBER, please cite the following in addition to
|    the regular AMBER citations:
|
|  - Romelia Salomon-Ferrer; Andreas W. Goetz; Duncan
|    Poole; Scott Le Grand; Ross C. Walker "Routine
|    microsecond molecular dynamics simulations with
|    AMBER - Part II: Particle Mesh Ewald", J. Chem.
|    Theory Comput., 2013, 9 (9), pp3878-3888,
|    DOI: 10.1021/ct400314y.
|
|  - Andreas W. Goetz; Mark J. Williamson; Dong Xu;
|    Duncan Poole; Scott Le Grand; Ross C. Walker
|    "Routine microsecond molecular dynamics simulations
|    with AMBER - Part I: Generalized Born", J. Chem.
|    Theory Comput., 2012, 8 (5), pp1542-1555.
|
|  - Scott Le Grand; Andreas W. Goetz; Ross C. Walker
|    "SPFP: Speed without compromise - a mixed precision
|    model for GPU accelerated molecular dynamics
|    simulations.", Comp. Phys. Comm., 2013, 184
|    pp374-380, DOI: 10.1016/j.cpc.2012.09.022
|
|    When publishing work that utilized the CUDA version
|    of TI, BAR, MBAR or FEP please cite the following 
|    publications in addition to the regular AMBER 
|    GPU citations:
|
|  - Daniel J. Mermelstein; Charles Lin; Gard Nelson; 
|    Rachael Kretsch; J. Andrew McCammon; Ross C. Walker
|    "Fast and Flexible GPU Accelerated Binding 
|    Free Energy Calculations within the AMBER Molecular
|    Dynamics Package" J. Comp. Chem., 2018,
|    DOI: 10.1002/jcc.25187
|
|  - Tai-Sung Lee; Yuan Hu; Brad Sherborne; Zhuyan Guo;
|    Darrin M. York
|    "Toward Fast and Accurate Binding Affinity Prediction with
|    pmemdGTI: An Efficient Implementation of GPU-Accelerated
|    Thermodynamic Integration"
|    J. Chem. Theory Comput., 2017, 13 (7), 3077
|
|
|--------------------------------------------------------
 
|------------------- GPU DEVICE INFO --------------------
|
|            CUDA_VISIBLE_DEVICES: not set
|   CUDA Capable Devices Detected:      8
|           CUDA Device ID in use:      0
|                CUDA Device Name: NVIDIA GeForce RTX 4090
|     CUDA Device Global Mem Size:  24217 MB
| CUDA Device Num Multiprocessors:    128
|           CUDA Device Core Freq:   2.52 GHz
|
|--------------------------------------------------------
 
 
| Conditional Compilation Defines Used:
| PUBFFT
| BINTRAJ
| CUDA
| EMIL

| Largest sphere to fit in unit cell has radius =    17.501

| New format PARM file being parsed.
| Version =    1.000 Date = 08/02/22 Time = 19:36:52

| Note: 1-4 EEL scale factors are being read from the topology file.

| Note: 1-4 VDW scale factors are being read from the topology file.
| Duplicated    0 dihedrals

| Duplicated    0 dihedrals

--------------------------------------------------------------------------------
   1.  RESOURCE   USE: 
--------------------------------------------------------------------------------

 getting new box info from bottom of inpcrd
 NATOM  =    4548 NTYPES =      17 NBONH =    4492 MBONA  =      62
 NTHETH =     105 MTHETA =      88 NPHIH =     188 MPHIA  =     154
 NHPARM =       0 NPARM  =       0 NNB   =    6494 NRES   =    1485
 NBONA  =      62 NTHETA =      88 NPHIA =     154 NUMBND =      22
 NUMANG =      36 NPTRA  =      19 NATYP =      18 NPHB   =       1
 IFBOX  =       1 NMXRS  =      50 IFCAP =       0 NEXTRA =       0
 NCOPY  =       0

| Coordinate Index Table dimensions:     6    6    6
| Direct force subcell size =     5.9223    6.1528    5.8335

     BOX TYPE: RECTILINEAR

--------------------------------------------------------------------------------
   2.  CONTROL  DATA  FOR  THE  RUN
--------------------------------------------------------------------------------

default_name                                                                    

General flags:
     imin    =       0, nmropt  =       0

Nature and format of input:
     ntx     =       5, irest   =       1, ntrx    =       1

Nature and format of output:
     ntxo    =       2, ntpr    =      50, ntrx    =       1, ntwr    =   10000
     iwrap   =       1, ntwx    =   10000, ntwv    =      -1, ntwe    =   10000
     ioutfm  =       1, ntwprt  =       0, idecomp =       0, rbornstat=      0

Potential function:
     ntf     =       1, ntb     =       2, igb     =       0, nsnb    =      25
     ipol    =       0, gbsa    =       0, iesp    =       0
     dielc   =   1.00000, cut     =  10.00000, intdiel =   1.00000

Frozen or restrained atoms:
     ibelly  =       0, ntr     =       0

Molecular dynamics:
     nstlim  =      1000, nscm    =      1000, nrespa  =         1
     t       =   0.00000, dt      =   0.00200, vlimit  =  -1.00000

Langevin dynamics temperature regulation:
     ig      =  284788
     temp0   = 300.00000, tempi   = 300.00000, gamma_ln=   2.00000

Pressure regulation:
     ntp     =       1
     pres0   =   1.00000, comp    =  44.60000, taup    =   2.00000
     Monte-Carlo Barostat:
     mcbarint  =     100

SHAKE:
     ntc     =       2, jfastw  =       0
     tol     =   0.00001

Free energy options:
     icfe    =       1, ifsc    =       1, klambda =       1
     clambda =  0.0000, scalpha =  0.5000, scbeta  = 12.0000
     sceeorder =       2
     dynlmb =  0.0000 logdvdl =       0

FEP MBAR options:
     ifmbar  =       1,  bar_intervall =       50
     mbar_states =       6

| Intermolecular bonds treatment:
|     no_intermolecular_bonds =       1

| Energy averages sample interval:
|     ene_avg_sampling =       1

Ewald parameters:
     verbose =       0, ew_type =       0, nbflag  =       1, use_pme =       1
     vdwmeth =       1, eedmeth =       1, netfrc  =       1
     Box X =   35.534   Box Y =   36.917   Box Z =   35.001
     Alpha =   90.000   Beta  =   90.000   Gamma =   90.000
     NFFT1 =   36       NFFT2 =   40       NFFT3 =   36
     Cutoff=   10.000   Tol   =0.100E-04
     Ewald Coefficient =  0.27511
     Interpolation order =    4
     TI Mask 1 :1,2; matches     52 atoms
     TI Mask 2 :3; matches     50 atoms
     TI region 1:    4498 atoms
     TI region 2:    4496 atoms
     SC Mask 1 :2; matches      2 atoms

    MBAR - lambda values considered:
       6 total:  0.0000 0.0000 0.2000 0.2000 0.5000 0.5000
    Extra energies will be computed     20 times.
| MONTE CARLO BAROSTAT IMPORTANT NOTE:
|   The Monte-Carlo barostat does not require the virial to adjust the system volume.
|   Since it is an expensive calculation, it is skipped for efficiency. A side-effect
|   is that the reported pressure is always 0 because it is not calculated.

--------------------------------------------------------------------------------
   3.  ATOMIC COORDINATES AND VELOCITIES
--------------------------------------------------------------------------------

Cpptraj Generated Restart                                                       
 begin time read from input coords =   316.000 ps

 
     Molecule     1 is partially softcore
     Molecule     2 is partially softcore
 Number of triangulated 3-point waters found:     1482
   Removing shake constraints from HX1   LBM   2 -- N26   LAM   1
   Removing shake constraints from H23   LBM   2 -- N26   LAM   1
 Number of shake restraints removed in TI region  1 :        2
 Number of shake restraints removed in TI region  2 :        0

     Sum of charges for TI region  1 =  -0.00249680
     Skip neutralizing charges...


     Sum of charges for TI region  2 =  -0.00299999
     Skip neutralizing charges...

| Dynamic Memory, Types Used:
| Reals              376219
| Integers           194647

| Nonbonded Pairs Initial Allocation:     1375656

| GPU memory information (estimate):
| KB of GPU memory in use:     52147
| KB of CPU memory in use:     28213

--------------------------------------------------------------------------------
   4.  RESULTS
--------------------------------------------------------------------------------

   DOF for the SC part  1 of the system:    6

MBAR Energy analysis:
Energy at 0.0000 =    -14314.612582
Energy at 0.0000 =    -14314.612582
Energy at 0.2000 =    -14344.610958
Energy at 0.2000 =    -14344.610958
Energy at 0.5000 =    -14389.549084
Energy at 0.5000 =    -14389.549084
 ------------------------------------------------------------------------------


| TI region  1


 NSTEP =       50   TIME(PS) =     316.100  TEMP(K) =   299.93  PRESS =     0.0
 Etot   =    -11624.7612  EKtot   =      2689.8514  EPtot      =    -14314.6126
 BOND   =        12.9080  ANGLE   =        28.8181  DIHED      =        34.6356
 1-4 NB =        17.4573  1-4 EEL =      -386.7669  VDWAALS    =      1993.1066
 EELEC  =    -16014.7713  EHBOND  =         0.0000  RESTRAINT  =         0.0000
 EKCMT  =         0.0000  VIRIAL  =         0.0000  VOLUME     =     45914.7235
                                                    Density    =         0.9803
 DV/DL  =      -150.1168
 ------------------------------------------------------------------------------

  Softcore part of the system:       2 atoms,       TEMP(K)    =         254.49
 SC_Etot=         3.2932  SC_EKtot=         1.5171  SC_EPtot   =         1.7761
 SC_BOND=         1.2793  SC_ANGLE=         0.4923  SC_DIHED   =         0.0045
 SC_14NB=         0.0000  SC_14EEL=         0.0000  SC_VDW     =         0.0000
 SC_EEL =         0.0000
 SC_RES_DIST=     0.0000  SC_RES_ANG=       0.0000  SC_RES_TORS=         0.0000
 SC_EEL_DER=      0.0000  SC_VDW_DER=      -0.3451  SC_DERIV   =        -0.3451
 ------------------------------------------------------------------------------


| TI region  2


 NSTEP =       50   TIME(PS) =     316.100  TEMP(K) =   299.96  PRESS =     0.0
 Etot   =    -11626.2783  EKtot   =      2688.3342  EPtot      =    -14314.6126
 BOND   =        12.9080  ANGLE   =        28.8181  DIHED      =        34.6356
 1-4 NB =        17.4573  1-4 EEL =      -386.7669  VDWAALS    =      1993.1066
 EELEC  =    -16014.7713  EHBOND  =         0.0000  RESTRAINT  =         0.0000
 EKCMT  =         0.0000  VIRIAL  =         0.0000  VOLUME     =     45914.7235
                                                    Density    =         0.9802
 DV/DL  =      -150.1168
 ------------------------------------------------------------------------------


MBAR Energy analysis:
Energy at 0.0000 =    -14339.746492
Energy at 0.0000 =    -14339.746492
Energy at 0.2000 =    -14369.139005
Energy at 0.2000 =    -14369.139005
Energy at 0.5000 =    -14413.034962
Energy at 0.5000 =    -14413.034962
 ------------------------------------------------------------------------------


| TI region  1


 NSTEP =      100   TIME(PS) =     316.200  TEMP(K) =   295.24  PRESS =     0.0
 Etot   =    -11691.9830  EKtot   =      2647.7635  EPtot      =    -14339.7465
 BOND   =         8.2223  ANGLE   =        28.7702  DIHED      =        38.9540
 1-4 NB =        15.8740  1-4 EEL =      -385.4083  VDWAALS    =      2036.2803
 EELEC  =    -16082.4389  EHBOND  =         0.0000  RESTRAINT  =         0.0000
 EKCMT  =         0.0000  VIRIAL  =         0.0000  VOLUME     =     45992.8056
                                                    Density    =         0.9786
 DV/DL  =      -147.3995
 ------------------------------------------------------------------------------

  Softcore part of the system:       2 atoms,       TEMP(K)    =         208.07
 SC_Etot=         5.5517  SC_EKtot=         1.2404  SC_EPtot   =         4.3113
 SC_BOND=         2.0961  SC_ANGLE=         2.1539  SC_DIHED   =         0.0613
 SC_14NB=         0.0000  SC_14EEL=         0.0000  SC_VDW     =         0.0000
 SC_EEL =         0.0000
 SC_RES_DIST=     0.0000  SC_RES_ANG=       0.0000  SC_RES_TORS=         0.0000
 SC_EEL_DER=      0.0000  SC_VDW_DER=      -1.1391  SC_DERIV   =        -1.1391
 ------------------------------------------------------------------------------


| TI region  2


 NSTEP =      100   TIME(PS) =     316.200  TEMP(K) =   295.30  PRESS =     0.0
 Etot   =    -11693.2234  EKtot   =      2646.5231  EPtot      =    -14339.7465
 BOND   =         8.2223  ANGLE   =        28.7702  DIHED      =        38.9540
 1-4 NB =        15.8740  1-4 EEL =      -385.4083  VDWAALS    =      2036.2803
 EELEC  =    -16082.4389  EHBOND  =         0.0000  RESTRAINT  =         0.0000
 EKCMT  =         0.0000  VIRIAL  =         0.0000  VOLUME     =     45992.8056
                                                    Density    =         0.9785
 DV/DL  =      -147.3995
 ------------------------------------------------------------------------------


MBAR Energy analysis:
Energy at 0.0000 =    -14320.829907
Energy at 0.0000 =    -14320.829907
Energy at 0.2000 =    -14349.161256
Energy at 0.2000 =    -14349.161256
Energy at 0.5000 =    -14391.594606
Energy at 0.5000 =    -14391.594606
 ------------------------------------------------------------------------------


| TI region  1


 NSTEP =      150   TIME(PS) =     316.300  TEMP(K) =   294.45  PRESS =     0.0
 Etot   =    -11680.1075  EKtot   =      2640.7225  EPtot      =    -14320.8299
 BOND   =        10.6972  ANGLE   =        28.7516  DIHED      =        38.3102
 1-4 NB =        15.8003  1-4 EEL =      -384.9515  VDWAALS    =      2109.0913
 EELEC  =    -16138.5290  EHBOND  =         0.0000  RESTRAINT  =         0.0000
 EKCMT  =         0.0000  VIRIAL  =         0.0000  VOLUME     =     45992.8056
                                                    Density    =         0.9786
 DV/DL  =      -141.7883
 ------------------------------------------------------------------------------

  Softcore part of the system:       2 atoms,       TEMP(K)    =         136.73
 SC_Etot=         2.2974  SC_EKtot=         0.8151  SC_EPtot   =         1.4823
 SC_BOND=         1.0403  SC_ANGLE=         0.4234  SC_DIHED   =         0.0186
 SC_14NB=         0.0000  SC_14EEL=         0.0000  SC_VDW     =         0.0000
 SC_EEL =         0.0000
 SC_RES_DIST=     0.0000  SC_RES_ANG=       0.0000  SC_RES_TORS=         0.0000
 SC_EEL_DER=      0.0000  SC_VDW_DER=      -0.3690  SC_DERIV   =        -0.3690
 ------------------------------------------------------------------------------


| TI region  2


 NSTEP =      150   TIME(PS) =     316.300  TEMP(K) =   294.56  PRESS =     0.0
 Etot   =    -11680.9226  EKtot   =      2639.9073  EPtot      =    -14320.8299
 BOND   =        10.6972  ANGLE   =        28.7516  DIHED      =        38.3102
 1-4 NB =        15.8003  1-4 EEL =      -384.9515  VDWAALS    =      2109.0913
 EELEC  =    -16138.5290  EHBOND  =         0.0000  RESTRAINT  =         0.0000
 EKCMT  =         0.0000  VIRIAL  =         0.0000  VOLUME     =     45992.8056
                                                    Density    =         0.9785
 DV/DL  =      -141.7883
 ------------------------------------------------------------------------------


MBAR Energy analysis:
Energy at 0.0000 =    -14343.492502
Energy at 0.0000 =    -14343.492502
Energy at 0.2000 =    -14371.813651
Energy at 0.2000 =    -14371.813651
Energy at 0.5000 =    -14414.228662
Energy at 0.5000 =    -14414.228662
 ------------------------------------------------------------------------------


| TI region  1


 NSTEP =      200   TIME(PS) =     316.400  TEMP(K) =   294.22  PRESS =     0.0
 Etot   =    -11704.8982  EKtot   =      2638.5943  EPtot      =    -14343.4925
 BOND   =        10.7196  ANGLE   =        23.5059  DIHED      =        40.4639
 1-4 NB =        15.0563  1-4 EEL =      -386.1319  VDWAALS    =      2203.5674
 EELEC  =    -16250.6737  EHBOND  =         0.0000  RESTRAINT  =         0.0000
 EKCMT  =         0.0000  VIRIAL  =         0.0000  VOLUME     =     45618.9492
                                                    Density    =         0.9866
 DV/DL  =      -141.7469
 ------------------------------------------------------------------------------

  Softcore part of the system:       2 atoms,       TEMP(K)    =         286.32
 SC_Etot=         5.2919  SC_EKtot=         1.7069  SC_EPtot   =         3.5850
 SC_BOND=         1.8396  SC_ANGLE=         1.7308  SC_DIHED   =         0.0146
 SC_14NB=         0.0000  SC_14EEL=         0.0000  SC_VDW     =         0.0000
 SC_EEL =         0.0000
 SC_RES_DIST=     0.0000  SC_RES_ANG=       0.0000  SC_RES_TORS=         0.0000
 SC_EEL_DER=      0.0000  SC_VDW_DER=      -0.3872  SC_DERIV   =        -0.3872
 ------------------------------------------------------------------------------


| TI region  2


 NSTEP =      200   TIME(PS) =     316.400  TEMP(K) =   294.22  PRESS =     0.0
 Etot   =    -11706.6051  EKtot   =      2636.8874  EPtot      =    -14343.4925
 BOND   =        10.7196  ANGLE   =        23.5059  DIHED      =        40.4639
 1-4 NB =        15.0563  1-4 EEL =      -386.1319  VDWAALS    =      2203.5674
 EELEC  =    -16250.6737  EHBOND  =         0.0000  RESTRAINT  =         0.0000
 EKCMT  =         0.0000  VIRIAL  =         0.0000  VOLUME     =     45618.9492
                                                    Density    =         0.9865
 DV/DL  =      -141.7469
 ------------------------------------------------------------------------------


MBAR Energy analysis:
Energy at 0.0000 =    -14416.661618
Energy at 0.0000 =    -14416.661618
Energy at 0.2000 =    -14445.971066
Energy at 0.2000 =    -14445.971066
Energy at 0.5000 =    -14489.411482
Energy at 0.5000 =    -14489.411482
 ------------------------------------------------------------------------------


| TI region  1


 NSTEP =      250   TIME(PS) =     316.500  TEMP(K) =   301.36  PRESS =     0.0
 Etot   =    -11714.0371  EKtot   =      2702.6245  EPtot      =    -14416.6616
 BOND   =         8.2812  ANGLE   =        33.6814  DIHED      =        38.3431
 1-4 NB =        16.1532  1-4 EEL =      -385.1475  VDWAALS    =      2045.8681
 EELEC  =    -16173.8410  EHBOND  =         0.0000  RESTRAINT  =         0.0000
 EKCMT  =         0.0000  VIRIAL  =         0.0000  VOLUME     =     45618.9492
                                                    Density    =         0.9866
 DV/DL  =      -147.8793
 ------------------------------------------------------------------------------

  Softcore part of the system:       2 atoms,       TEMP(K)    =         229.81
 SC_Etot=         2.5970  SC_EKtot=         1.3700  SC_EPtot   =         1.2270
 SC_BOND=         0.6049  SC_ANGLE=         0.3736  SC_DIHED   =         0.2485
 SC_14NB=         0.0000  SC_14EEL=         0.0000  SC_VDW     =         0.0000
 SC_EEL =         0.0000
 SC_RES_DIST=     0.0000  SC_RES_ANG=       0.0000  SC_RES_TORS=         0.0000
 SC_EEL_DER=      0.0000  SC_VDW_DER=      -3.1696  SC_DERIV   =        -3.1696
 ------------------------------------------------------------------------------


| TI region  2


 NSTEP =      250   TIME(PS) =     316.500  TEMP(K) =   301.40  PRESS =     0.0
 Etot   =    -11715.4071  EKtot   =      2701.2545  EPtot      =    -14416.6616
 BOND   =         8.2812  ANGLE   =        33.6814  DIHED      =        38.3431
 1-4 NB =        16.1532  1-4 EEL =      -385.1475  VDWAALS    =      2045.8681
 EELEC  =    -16173.8410  EHBOND  =         0.0000  RESTRAINT  =         0.0000
 EKCMT  =         0.0000  VIRIAL  =         0.0000  VOLUME     =     45618.9492
                                                    Density    =         0.9865
 DV/DL  =      -147.8793
 ------------------------------------------------------------------------------


MBAR Energy analysis:
Energy at 0.0000 =    -14379.573424
Energy at 0.0000 =    -14379.573424
Energy at 0.2000 =    -14408.379730
Energy at 0.2000 =    -14408.379730
Energy at 0.5000 =    -14451.314905
Energy at 0.5000 =    -14451.314905
 ------------------------------------------------------------------------------


| TI region  1


 NSTEP =      300   TIME(PS) =     316.600  TEMP(K) =   294.72  PRESS =     0.0
 Etot   =    -11736.4309  EKtot   =      2643.1425  EPtot      =    -14379.5734
 BOND   =        10.3632  ANGLE   =        35.1086  DIHED      =        37.9625
 1-4 NB =        13.6096  1-4 EEL =      -380.9555  VDWAALS    =      2134.1568
 EELEC  =    -16229.8187  EHBOND  =         0.0000  RESTRAINT  =         0.0000
 EKCMT  =         0.0000  VIRIAL  =         0.0000  VOLUME     =     45618.9492
                                                    Density    =         0.9866
 DV/DL  =      -144.6693
 ------------------------------------------------------------------------------

  Softcore part of the system:       2 atoms,       TEMP(K)    =         513.46
 SC_Etot=         5.0753  SC_EKtot=         3.0610  SC_EPtot   =         2.0143
 SC_BOND=         0.4229  SC_ANGLE=         1.5368  SC_DIHED   =         0.0546
 SC_14NB=         0.0000  SC_14EEL=         0.0000  SC_VDW     =         0.0000
 SC_EEL =         0.0000
 SC_RES_DIST=     0.0000  SC_RES_ANG=       0.0000  SC_RES_TORS=         0.0000
 SC_EEL_DER=      0.0000  SC_VDW_DER=      -1.6277  SC_DERIV   =        -1.6277
 ------------------------------------------------------------------------------


| TI region  2


 NSTEP =      300   TIME(PS) =     316.600  TEMP(K) =   294.58  PRESS =     0.0
 Etot   =    -11739.4919  EKtot   =      2640.0815  EPtot      =    -14379.5734
 BOND   =        10.3632  ANGLE   =        35.1086  DIHED      =        37.9625
 1-4 NB =        13.6096  1-4 EEL =      -380.9555  VDWAALS    =      2134.1568
 EELEC  =    -16229.8187  EHBOND  =         0.0000  RESTRAINT  =         0.0000
 EKCMT  =         0.0000  VIRIAL  =         0.0000  VOLUME     =     45618.9492
                                                    Density    =         0.9865
 DV/DL  =      -144.6693
 ------------------------------------------------------------------------------


MBAR Energy analysis:
Energy at 0.0000 =    -14427.223627
Energy at 0.0000 =    -14427.223627
Energy at 0.2000 =    -14456.464248
Energy at 0.2000 =    -14456.464248
Energy at 0.5000 =    -14500.038552
Energy at 0.5000 =    -14500.038552
 ------------------------------------------------------------------------------


| TI region  1


 NSTEP =      350   TIME(PS) =     316.700  TEMP(K) =   299.11  PRESS =     0.0
 Etot   =    -11744.7180  EKtot   =      2682.5056  EPtot      =    -14427.2236
 BOND   =         9.8237  ANGLE   =        35.4093  DIHED      =        39.1854
 1-4 NB =        14.7127  1-4 EEL =      -384.4170  VDWAALS    =      2071.4482
 EELEC  =    -16213.3859  EHBOND  =         0.0000  RESTRAINT  =         0.0000
 EKCMT  =         0.0000  VIRIAL  =         0.0000  VOLUME     =     45618.9492
                                                    Density    =         0.9866
 DV/DL  =      -146.8506
 ------------------------------------------------------------------------------

  Softcore part of the system:       2 atoms,       TEMP(K)    =         129.67
 SC_Etot=         3.5406  SC_EKtot=         0.7731  SC_EPtot   =         2.7675
 SC_BOND=         1.1135  SC_ANGLE=         1.5788  SC_DIHED   =         0.0753
 SC_14NB=         0.0000  SC_14EEL=         0.0000  SC_VDW     =         0.0000
 SC_EEL =         0.0000
 SC_RES_DIST=     0.0000  SC_RES_ANG=       0.0000  SC_RES_TORS=         0.0000
 SC_EEL_DER=      0.0000  SC_VDW_DER=      -1.6957  SC_DERIV   =        -1.6957
 ------------------------------------------------------------------------------


| TI region  2


 NSTEP =      350   TIME(PS) =     316.700  TEMP(K) =   299.23  PRESS =     0.0
 Etot   =    -11745.4911  EKtot   =      2681.7326  EPtot      =    -14427.2236
 BOND   =         9.8237  ANGLE   =        35.4093  DIHED      =        39.1854
 1-4 NB =        14.7127  1-4 EEL =      -384.4170  VDWAALS    =      2071.4482
 EELEC  =    -16213.3859  EHBOND  =         0.0000  RESTRAINT  =         0.0000
 EKCMT  =         0.0000  VIRIAL  =         0.0000  VOLUME     =     45618.9492
                                                    Density    =         0.9865
 DV/DL  =      -146.8506
 ------------------------------------------------------------------------------


MBAR Energy analysis:
Energy at 0.0000 =    -14374.712112
Energy at 0.0000 =    -14374.712112
Energy at 0.2000 =    -14405.090004
Energy at 0.2000 =    -14405.090004
Energy at 0.5000 =    -14450.314562
Energy at 0.5000 =    -14450.314562
 ------------------------------------------------------------------------------


| TI region  1


 NSTEP =      400   TIME(PS) =     316.800  TEMP(K) =   296.56  PRESS =     0.0
 Etot   =    -11715.0747  EKtot   =      2659.6374  EPtot      =    -14374.7121
 BOND   =         9.2068  ANGLE   =        30.5275  DIHED      =        36.8478
 1-4 NB =        15.9816  1-4 EEL =      -384.4942  VDWAALS    =      2076.9919
 EELEC  =    -16159.7735  EHBOND  =         0.0000  RESTRAINT  =         0.0000
 EKCMT  =         0.0000  VIRIAL  =         0.0000  VOLUME     =     45616.5627
                                                    Density    =         0.9867
 DV/DL  =      -152.7868
 ------------------------------------------------------------------------------

  Softcore part of the system:       2 atoms,       TEMP(K)    =         209.50
 SC_Etot=         5.3938  SC_EKtot=         1.2490  SC_EPtot   =         4.1449
 SC_BOND=         0.4087  SC_ANGLE=         3.5960  SC_DIHED   =         0.1402
 SC_14NB=         0.0000  SC_14EEL=         0.0000  SC_VDW     =         0.0000
 SC_EEL =         0.0000
 SC_RES_DIST=     0.0000  SC_RES_ANG=       0.0000  SC_RES_TORS=         0.0000
 SC_EEL_DER=      0.0000  SC_VDW_DER=      -2.0788  SC_DERIV   =        -2.0788
 ------------------------------------------------------------------------------


| TI region  2


 NSTEP =      400   TIME(PS) =     316.800  TEMP(K) =   296.62  PRESS =     0.0
 Etot   =    -11716.3237  EKtot   =      2658.3884  EPtot      =    -14374.7121
 BOND   =         9.2068  ANGLE   =        30.5275  DIHED      =        36.8478
 1-4 NB =        15.9816  1-4 EEL =      -384.4942  VDWAALS    =      2076.9919
 EELEC  =    -16159.7735  EHBOND  =         0.0000  RESTRAINT  =         0.0000
 EKCMT  =         0.0000  VIRIAL  =         0.0000  VOLUME     =     45616.5627
                                                    Density    =         0.9866
 DV/DL  =      -152.7868
 ------------------------------------------------------------------------------


MBAR Energy analysis:
Energy at 0.0000 =    -14299.844342
Energy at 0.0000 =    -14299.844342
Energy at 0.2000 =    -14330.612252
Energy at 0.2000 =    -14330.612252
Energy at 0.5000 =    -14376.603472
Energy at 0.5000 =    -14376.603472
 ------------------------------------------------------------------------------


| TI region  1


 NSTEP =      450   TIME(PS) =     316.900  TEMP(K) =   297.42  PRESS =     0.0
 Etot   =    -11632.5158  EKtot   =      2667.3286  EPtot      =    -14299.8443
 BOND   =        12.7148  ANGLE   =        31.6642  DIHED      =        35.7944
 1-4 NB =        15.0943  1-4 EEL =      -390.2475  VDWAALS    =      2114.6944
 EELEC  =    -16119.5589  EHBOND  =         0.0000  RESTRAINT  =         0.0000
 EKCMT  =         0.0000  VIRIAL  =         0.0000  VOLUME     =     45616.5627
                                                    Density    =         0.9867
 DV/DL  =      -154.1912
 ------------------------------------------------------------------------------

  Softcore part of the system:       2 atoms,       TEMP(K)    =         477.37
 SC_Etot=         6.9430  SC_EKtot=         2.8459  SC_EPtot   =         4.0971
 SC_BOND=         1.4838  SC_ANGLE=         2.5896  SC_DIHED   =         0.0237
 SC_14NB=         0.0000  SC_14EEL=         0.0000  SC_VDW     =         0.0000
 SC_EEL =         0.0000
 SC_RES_DIST=     0.0000  SC_RES_ANG=       0.0000  SC_RES_TORS=         0.0000
 SC_EEL_DER=      0.0000  SC_VDW_DER=      -0.9447  SC_DERIV   =        -0.9447
 ------------------------------------------------------------------------------


| TI region  2


 NSTEP =      450   TIME(PS) =     316.900  TEMP(K) =   297.30  PRESS =     0.0
 Etot   =    -11635.3616  EKtot   =      2664.4827  EPtot      =    -14299.8443
 BOND   =        12.7148  ANGLE   =        31.6642  DIHED      =        35.7944
 1-4 NB =        15.0943  1-4 EEL =      -390.2475  VDWAALS    =      2114.6944
 EELEC  =    -16119.5589  EHBOND  =         0.0000  RESTRAINT  =         0.0000
 EKCMT  =         0.0000  VIRIAL  =         0.0000  VOLUME     =     45616.5627
                                                    Density    =         0.9866
 DV/DL  =      -154.1912
 ------------------------------------------------------------------------------


MBAR Energy analysis:
Energy at 0.0000 =    -14368.313505
Energy at 0.0000 =    -14368.313505
Energy at 0.2000 =    -14398.371269
Energy at 0.2000 =    -14398.371269
Energy at 0.5000 =    -14443.361117
Energy at 0.5000 =    -14443.361117
 ------------------------------------------------------------------------------


| TI region  1


 NSTEP =      500   TIME(PS) =     317.000  TEMP(K) =   302.95  PRESS =     0.0
 Etot   =    -11651.3693  EKtot   =      2716.9442  EPtot      =    -14368.3135
 BOND   =         9.7101  ANGLE   =        32.5583  DIHED      =        36.2531
 1-4 NB =        17.2167  1-4 EEL =      -390.8183  VDWAALS    =      2121.8047
 EELEC  =    -16195.0380  EHBOND  =         0.0000  RESTRAINT  =         0.0000
 EKCMT  =         0.0000  VIRIAL  =         0.0000  VOLUME     =     45480.9060
                                                    Density    =         0.9896
 DV/DL  =      -150.4991
 ------------------------------------------------------------------------------

  Softcore part of the system:       2 atoms,       TEMP(K)    =         331.41
 SC_Etot=         4.9430  SC_EKtot=         1.9757  SC_EPtot   =         2.9673
 SC_BOND=         2.6723  SC_ANGLE=         0.1950  SC_DIHED   =         0.1000
 SC_14NB=         0.0000  SC_14EEL=         0.0000  SC_VDW     =         0.0000
 SC_EEL =         0.0000
 SC_RES_DIST=     0.0000  SC_RES_ANG=       0.0000  SC_RES_TORS=         0.0000
 SC_EEL_DER=      0.0000  SC_VDW_DER=      -0.5664  SC_DERIV   =        -0.5664
 ------------------------------------------------------------------------------


| TI region  2


 NSTEP =      500   TIME(PS) =     317.000  TEMP(K) =   302.93  PRESS =     0.0
 Etot   =    -11653.3450  EKtot   =      2714.9685  EPtot      =    -14368.3135
 BOND   =         9.7101  ANGLE   =        32.5583  DIHED      =        36.2531
 1-4 NB =        17.2167  1-4 EEL =      -390.8183  VDWAALS    =      2121.8047
 EELEC  =    -16195.0380  EHBOND  =         0.0000  RESTRAINT  =         0.0000
 EKCMT  =         0.0000  VIRIAL  =         0.0000  VOLUME     =     45480.9060
                                                    Density    =         0.9895
 DV/DL  =      -150.4991
 ------------------------------------------------------------------------------


MBAR Energy analysis:
Energy at 0.0000 =    -14340.722365
Energy at 0.0000 =    -14340.722365
Energy at 0.2000 =    -14369.978959
Energy at 0.2000 =    -14369.978959
Energy at 0.5000 =    -14413.815521
Energy at 0.5000 =    -14413.815521
 ------------------------------------------------------------------------------


| TI region  1


 NSTEP =      550   TIME(PS) =     317.100  TEMP(K) =   299.65  PRESS =     0.0
 Etot   =    -11653.4141  EKtot   =      2687.3083  EPtot      =    -14340.7224
 BOND   =        14.1666  ANGLE   =        30.6784  DIHED      =        40.3303
 1-4 NB =        14.5676  1-4 EEL =      -389.6111  VDWAALS    =      2059.5275
 EELEC  =    -16110.3817  EHBOND  =         0.0000  RESTRAINT  =         0.0000
 EKCMT  =         0.0000  VIRIAL  =         0.0000  VOLUME     =     45480.9060
                                                    Density    =         0.9896
 DV/DL  =      -146.3858
 ------------------------------------------------------------------------------

  Softcore part of the system:       2 atoms,       TEMP(K)    =         120.48
 SC_Etot=         5.1045  SC_EKtot=         0.7182  SC_EPtot   =         4.3863
 SC_BOND=         3.3426  SC_ANGLE=         0.7331  SC_DIHED   =         0.3106
 SC_14NB=         0.0000  SC_14EEL=         0.0000  SC_VDW     =         0.0000
 SC_EEL =         0.0000
 SC_RES_DIST=     0.0000  SC_RES_ANG=       0.0000  SC_RES_TORS=         0.0000
 SC_EEL_DER=      0.0000  SC_VDW_DER=      -0.2789  SC_DERIV   =        -0.2789
 ------------------------------------------------------------------------------


| TI region  2


 NSTEP =      550   TIME(PS) =     317.100  TEMP(K) =   299.77  PRESS =     0.0
 Etot   =    -11654.1323  EKtot   =      2686.5901  EPtot      =    -14340.7224
 BOND   =        14.1666  ANGLE   =        30.6784  DIHED      =        40.3303
 1-4 NB =        14.5676  1-4 EEL =      -389.6111  VDWAALS    =      2059.5275
 EELEC  =    -16110.3817  EHBOND  =         0.0000  RESTRAINT  =         0.0000
 EKCMT  =         0.0000  VIRIAL  =         0.0000  VOLUME     =     45480.9060
                                                    Density    =         0.9895
 DV/DL  =      -146.3858
 ------------------------------------------------------------------------------


MBAR Energy analysis:
Energy at 0.0000 =    -14358.099084
Energy at 0.0000 =    -14358.099084
Energy at 0.2000 =    -14389.006904
Energy at 0.2000 =    -14389.006904
Energy at 0.5000 =    -14435.219716
Energy at 0.5000 =    -14435.219716
 ------------------------------------------------------------------------------


| TI region  1


 NSTEP =      600   TIME(PS) =     317.200  TEMP(K) =   300.37  PRESS =     0.0
 Etot   =    -11664.3435  EKtot   =      2693.7555  EPtot      =    -14358.0991
 BOND   =        10.9346  ANGLE   =        29.1015  DIHED      =        45.4796
 1-4 NB =        15.6919  1-4 EEL =      -385.7006  VDWAALS    =      1985.0228
 EELEC  =    -16058.6288  EHBOND  =         0.0000  RESTRAINT  =         0.0000
 EKCMT  =         0.0000  VIRIAL  =         0.0000  VOLUME     =     45480.9060
                                                    Density    =         0.9896
 DV/DL  =      -154.8590
 ------------------------------------------------------------------------------

  Softcore part of the system:       2 atoms,       TEMP(K)    =          98.75
 SC_Etot=         3.5313  SC_EKtot=         0.5887  SC_EPtot   =         2.9426
 SC_BOND=         1.9136  SC_ANGLE=         0.9357  SC_DIHED   =         0.0933
 SC_14NB=         0.0000  SC_14EEL=         0.0000  SC_VDW     =         0.0000
 SC_EEL =         0.0000
 SC_RES_DIST=     0.0000  SC_RES_ANG=       0.0000  SC_RES_TORS=         0.0000
 SC_EEL_DER=      0.0000  SC_VDW_DER=      -0.8733  SC_DERIV   =        -0.8733
 ------------------------------------------------------------------------------


| TI region  2


 NSTEP =      600   TIME(PS) =     317.200  TEMP(K) =   300.50  PRESS =     0.0
 Etot   =    -11664.9322  EKtot   =      2693.1668  EPtot      =    -14358.0991
 BOND   =        10.9346  ANGLE   =        29.1015  DIHED      =        45.4796
 1-4 NB =        15.6919  1-4 EEL =      -385.7006  VDWAALS    =      1985.0228
 EELEC  =    -16058.6288  EHBOND  =         0.0000  RESTRAINT  =         0.0000
 EKCMT  =         0.0000  VIRIAL  =         0.0000  VOLUME     =     45480.9060
                                                    Density    =         0.9895
 DV/DL  =      -154.8590
 ------------------------------------------------------------------------------


MBAR Energy analysis:
Energy at 0.0000 =    -14388.977376
Energy at 0.0000 =    -14388.977376
Energy at 0.2000 =    -14419.277699
Energy at 0.2000 =    -14419.277699
Energy at 0.5000 =    -14464.597014
Energy at 0.5000 =    -14464.597014
 ------------------------------------------------------------------------------


| TI region  1


 NSTEP =      650   TIME(PS) =     317.300  TEMP(K) =   302.69  PRESS =     0.0
 Etot   =    -11674.3626  EKtot   =      2714.6148  EPtot      =    -14388.9774
 BOND   =        13.1101  ANGLE   =        30.1774  DIHED      =        36.3418
 1-4 NB =        16.7142  1-4 EEL =      -386.0210  VDWAALS    =      2095.1330
 EELEC  =    -16194.4329  EHBOND  =         0.0000  RESTRAINT  =         0.0000
 EKCMT  =         0.0000  VIRIAL  =         0.0000  VOLUME     =     45480.9060
                                                    Density    =         0.9896
 DV/DL  =      -151.7863
 ------------------------------------------------------------------------------

  Softcore part of the system:       2 atoms,       TEMP(K)    =         255.52
 SC_Etot=         2.9141  SC_EKtot=         1.5233  SC_EPtot   =         1.3907
 SC_BOND=         0.6622  SC_ANGLE=         0.3144  SC_DIHED   =         0.4141
 SC_14NB=         0.0000  SC_14EEL=         0.0000  SC_VDW     =         0.0000
 SC_EEL =         0.0000
 SC_RES_DIST=     0.0000  SC_RES_ANG=       0.0000  SC_RES_TORS=         0.0000
 SC_EEL_DER=      0.0000  SC_VDW_DER=      -0.7693  SC_DERIV   =        -0.7693
 ------------------------------------------------------------------------------


| TI region  2


 NSTEP =      650   TIME(PS) =     317.300  TEMP(K) =   302.72  PRESS =     0.0
 Etot   =    -11675.8859  EKtot   =      2713.0914  EPtot      =    -14388.9774
 BOND   =        13.1101  ANGLE   =        30.1774  DIHED      =        36.3418
 1-4 NB =        16.7142  1-4 EEL =      -386.0210  VDWAALS    =      2095.1330
 EELEC  =    -16194.4329  EHBOND  =         0.0000  RESTRAINT  =         0.0000
 EKCMT  =         0.0000  VIRIAL  =         0.0000  VOLUME     =     45480.9060
                                                    Density    =         0.9895
 DV/DL  =      -151.7863
 ------------------------------------------------------------------------------


MBAR Energy analysis:
Energy at 0.0000 =    -14360.144198
Energy at 0.0000 =    -14360.144198
Energy at 0.2000 =    -14391.889815
Energy at 0.2000 =    -14391.889815
Energy at 0.5000 =    -14439.421680
Energy at 0.5000 =    -14439.421680
 ------------------------------------------------------------------------------


| TI region  1


 NSTEP =      700   TIME(PS) =     317.400  TEMP(K) =   293.98  PRESS =     0.0
 Etot   =    -11723.6559  EKtot   =      2636.4883  EPtot      =    -14360.1442
 BOND   =         8.9519  ANGLE   =        37.0640  DIHED      =        40.4833
 1-4 NB =        14.3216  1-4 EEL =      -381.9012  VDWAALS    =      2123.2697
 EELEC  =    -16202.3335  EHBOND  =         0.0000  RESTRAINT  =         0.0000
 EKCMT  =         0.0000  VIRIAL  =         0.0000  VOLUME     =     45480.9060
                                                    Density    =         0.9896
 DV/DL  =      -158.9233
 ------------------------------------------------------------------------------

  Softcore part of the system:       2 atoms,       TEMP(K)    =         214.15
 SC_Etot=         2.9006  SC_EKtot=         1.2767  SC_EPtot   =         1.6239
 SC_BOND=         0.3250  SC_ANGLE=         1.2957  SC_DIHED   =         0.0033
 SC_14NB=         0.0000  SC_14EEL=         0.0000  SC_VDW     =         0.0000
 SC_EEL =         0.0000
 SC_RES_DIST=     0.0000  SC_RES_ANG=       0.0000  SC_RES_TORS=         0.0000
 SC_EEL_DER=      0.0000  SC_VDW_DER=      -0.5081  SC_DERIV   =        -0.5081
 ------------------------------------------------------------------------------


| TI region  2


 NSTEP =      700   TIME(PS) =     317.400  TEMP(K) =   294.04  PRESS =     0.0
 Etot   =    -11724.9326  EKtot   =      2635.2116  EPtot      =    -14360.1442
 BOND   =         8.9519  ANGLE   =        37.0640  DIHED      =        40.4833
 1-4 NB =        14.3216  1-4 EEL =      -381.9012  VDWAALS    =      2123.2697
 EELEC  =    -16202.3335  EHBOND  =         0.0000  RESTRAINT  =         0.0000
 EKCMT  =         0.0000  VIRIAL  =         0.0000  VOLUME     =     45480.9060
                                                    Density    =         0.9895
 DV/DL  =      -158.9233
 ------------------------------------------------------------------------------


MBAR Energy analysis:
Energy at 0.0000 =    -14431.211245
Energy at 0.0000 =    -14431.211245
Energy at 0.2000 =    -14460.832108
Energy at 0.2000 =    -14460.832108
Energy at 0.5000 =    -14505.260921
Energy at 0.5000 =    -14505.260921
 ------------------------------------------------------------------------------


| TI region  1


 NSTEP =      750   TIME(PS) =     317.500  TEMP(K) =   305.45  PRESS =     0.0
 Etot   =    -11691.8876  EKtot   =      2739.3237  EPtot      =    -14431.2112
 BOND   =         8.9926  ANGLE   =        34.5057  DIHED      =        40.5433
 1-4 NB =        14.0265  1-4 EEL =      -385.1824  VDWAALS    =      2096.0380
 EELEC  =    -16240.1349  EHBOND  =         0.0000  RESTRAINT  =         0.0000
 EKCMT  =         0.0000  VIRIAL  =         0.0000  VOLUME     =     45480.9060
                                                    Density    =         0.9896
 DV/DL  =      -148.1120
 ------------------------------------------------------------------------------

  Softcore part of the system:       2 atoms,       TEMP(K)    =         267.19
 SC_Etot=         3.2891  SC_EKtot=         1.5929  SC_EPtot   =         1.6962
 SC_BOND=         0.1650  SC_ANGLE=         1.5264  SC_DIHED   =         0.0048
 SC_14NB=         0.0000  SC_14EEL=         0.0000  SC_VDW     =         0.0000
 SC_EEL =         0.0000
 SC_RES_DIST=     0.0000  SC_RES_ANG=       0.0000  SC_RES_TORS=         0.0000
 SC_EEL_DER=      0.0000  SC_VDW_DER=      -0.0104  SC_DERIV   =        -0.0104
 ------------------------------------------------------------------------------


| TI region  2


 NSTEP =      750   TIME(PS) =     317.500  TEMP(K) =   305.47  PRESS =     0.0
 Etot   =    -11693.4804  EKtot   =      2737.7308  EPtot      =    -14431.2112
 BOND   =         8.9926  ANGLE   =        34.5057  DIHED      =        40.5433
 1-4 NB =        14.0265  1-4 EEL =      -385.1824  VDWAALS    =      2096.0380
 EELEC  =    -16240.1349  EHBOND  =         0.0000  RESTRAINT  =         0.0000
 EKCMT  =         0.0000  VIRIAL  =         0.0000  VOLUME     =     45480.9060
                                                    Density    =         0.9895
 DV/DL  =      -148.1120
 ------------------------------------------------------------------------------


MBAR Energy analysis:
Energy at 0.0000 =    -14420.947034
Energy at 0.0000 =    -14420.947034
Energy at 0.2000 =    -14451.703328
Energy at 0.2000 =    -14451.703328
Energy at 0.5000 =    -14497.747295
Energy at 0.5000 =    -14497.747295
 ------------------------------------------------------------------------------


| TI region  1


 NSTEP =      800   TIME(PS) =     317.600  TEMP(K) =   300.21  PRESS =     0.0
 Etot   =    -11728.6124  EKtot   =      2692.3346  EPtot      =    -14420.9470
 BOND   =        13.0330  ANGLE   =        37.3086  DIHED      =        36.7738
 1-4 NB =        16.1804  1-4 EEL =      -382.3412  VDWAALS    =      2125.5017
 EELEC  =    -16267.4032  EHBOND  =         0.0000  RESTRAINT  =         0.0000
 EKCMT  =         0.0000  VIRIAL  =         0.0000  VOLUME     =     45480.9060
                                                    Density    =         0.9896
 DV/DL  =      -153.9865
 ------------------------------------------------------------------------------

  Softcore part of the system:       2 atoms,       TEMP(K)    =         209.13
 SC_Etot=         3.4790  SC_EKtot=         1.2468  SC_EPtot   =         2.2323
 SC_BOND=         0.9899  SC_ANGLE=         0.8081  SC_DIHED   =         0.4342
 SC_14NB=         0.0000  SC_14EEL=         0.0000  SC_VDW     =         0.0000
 SC_EEL =         0.0000
 SC_RES_DIST=     0.0000  SC_RES_ANG=       0.0000  SC_RES_TORS=         0.0000
 SC_EEL_DER=      0.0000  SC_VDW_DER=      -0.5321  SC_DERIV   =        -0.5321
 ------------------------------------------------------------------------------


| TI region  2


 NSTEP =      800   TIME(PS) =     317.600  TEMP(K) =   300.27  PRESS =     0.0
 Etot   =    -11729.8592  EKtot   =      2691.0879  EPtot      =    -14420.9470
 BOND   =        13.0330  ANGLE   =        37.3086  DIHED      =        36.7738
 1-4 NB =        16.1804  1-4 EEL =      -382.3412  VDWAALS    =      2125.5017
 EELEC  =    -16267.4032  EHBOND  =         0.0000  RESTRAINT  =         0.0000
 EKCMT  =         0.0000  VIRIAL  =         0.0000  VOLUME     =     45480.9060
                                                    Density    =         0.9895
 DV/DL  =      -153.9865
 ------------------------------------------------------------------------------


MBAR Energy analysis:
Energy at 0.0000 =    -14452.764923
Energy at 0.0000 =    -14452.764923
Energy at 0.2000 =    -14485.186338
Energy at 0.2000 =    -14485.186338
Energy at 0.5000 =    -14533.242987
Energy at 0.5000 =    -14533.242987
 ------------------------------------------------------------------------------


| TI region  1


 NSTEP =      850   TIME(PS) =     317.700  TEMP(K) =   300.81  PRESS =     0.0
 Etot   =    -11755.0848  EKtot   =      2697.6801  EPtot      =    -14452.7649
 BOND   =        12.7843  ANGLE   =        33.2786  DIHED      =        35.8977
 1-4 NB =        12.3306  1-4 EEL =      -379.6127  VDWAALS    =      2095.6537
 EELEC  =    -16263.0972  EHBOND  =         0.0000  RESTRAINT  =         0.0000
 EKCMT  =         0.0000  VIRIAL  =         0.0000  VOLUME     =     45480.9060
                                                    Density    =         0.9896
 DV/DL  =      -163.7441
 ------------------------------------------------------------------------------

  Softcore part of the system:       2 atoms,       TEMP(K)    =         184.09
 SC_Etot=         3.2924  SC_EKtot=         1.0975  SC_EPtot   =         2.1949
 SC_BOND=         0.2559  SC_ANGLE=         1.6652  SC_DIHED   =         0.2738
 SC_14NB=         0.0000  SC_14EEL=         0.0000  SC_VDW     =         0.0000
 SC_EEL =         0.0000
 SC_RES_DIST=     0.0000  SC_RES_ANG=       0.0000  SC_RES_TORS=         0.0000
 SC_EEL_DER=      0.0000  SC_VDW_DER=      -3.5753  SC_DERIV   =        -3.5753
 ------------------------------------------------------------------------------


| TI region  2


 NSTEP =      850   TIME(PS) =     317.700  TEMP(K) =   300.88  PRESS =     0.0
 Etot   =    -11756.1823  EKtot   =      2696.5826  EPtot      =    -14452.7649
 BOND   =        12.7843  ANGLE   =        33.2786  DIHED      =        35.8977
 1-4 NB =        12.3306  1-4 EEL =      -379.6127  VDWAALS    =      2095.6537
 EELEC  =    -16263.0972  EHBOND  =         0.0000  RESTRAINT  =         0.0000
 EKCMT  =         0.0000  VIRIAL  =         0.0000  VOLUME     =     45480.9060
                                                    Density    =         0.9895
 DV/DL  =      -163.7441
 ------------------------------------------------------------------------------


MBAR Energy analysis:
Energy at 0.0000 =    -14420.200884
Energy at 0.0000 =    -14420.200884
Energy at 0.2000 =    -14450.066312
Energy at 0.2000 =    -14450.066312
Energy at 0.5000 =    -14494.790931
Energy at 0.5000 =    -14494.790931
 ------------------------------------------------------------------------------


| TI region  1


 NSTEP =      900   TIME(PS) =     317.800  TEMP(K) =   294.14  PRESS =     0.0
 Etot   =    -11782.3327  EKtot   =      2637.8682  EPtot      =    -14420.2009
 BOND   =         8.5231  ANGLE   =        30.7573  DIHED      =        35.4133
 1-4 NB =        15.2140  1-4 EEL =      -384.6452  VDWAALS    =      2038.0152
 EELEC  =    -16163.4784  EHBOND  =         0.0000  RESTRAINT  =         0.0000
 EKCMT  =         0.0000  VIRIAL  =         0.0000  VOLUME     =     45599.6536
                                                    Density    =         0.9870
 DV/DL  =      -149.4933
 ------------------------------------------------------------------------------

  Softcore part of the system:       2 atoms,       TEMP(K)    =         194.44
 SC_Etot=         1.6606  SC_EKtot=         1.1592  SC_EPtot   =         0.5014
 SC_BOND=         0.0250  SC_ANGLE=         0.4298  SC_DIHED   =         0.0466
 SC_14NB=         0.0000  SC_14EEL=         0.0000  SC_VDW     =         0.0000
 SC_EEL =         0.0000
 SC_RES_DIST=     0.0000  SC_RES_ANG=       0.0000  SC_RES_TORS=         0.0000
 SC_EEL_DER=      0.0000  SC_VDW_DER=      -0.4313  SC_DERIV   =        -0.4313
 ------------------------------------------------------------------------------


| TI region  2


 NSTEP =      900   TIME(PS) =     317.800  TEMP(K) =   294.20  PRESS =     0.0
 Etot   =    -11783.4919  EKtot   =      2636.7090  EPtot      =    -14420.2009
 BOND   =         8.5231  ANGLE   =        30.7573  DIHED      =        35.4133
 1-4 NB =        15.2140  1-4 EEL =      -384.6452  VDWAALS    =      2038.0152
 EELEC  =    -16163.4784  EHBOND  =         0.0000  RESTRAINT  =         0.0000
 EKCMT  =         0.0000  VIRIAL  =         0.0000  VOLUME     =     45599.6536
                                                    Density    =         0.9870
 DV/DL  =      -149.4933
 ------------------------------------------------------------------------------


MBAR Energy analysis:
Energy at 0.0000 =    -14397.772055
Energy at 0.0000 =    -14397.772055
Energy at 0.2000 =    -14429.578916
Energy at 0.2000 =    -14429.578916
Energy at 0.5000 =    -14477.175925
Energy at 0.5000 =    -14477.175925
 ------------------------------------------------------------------------------


| TI region  1


 NSTEP =      950   TIME(PS) =     317.900  TEMP(K) =   293.26  PRESS =     0.0
 Etot   =    -11767.7484  EKtot   =      2630.0236  EPtot      =    -14397.7721
 BOND   =        10.7252  ANGLE   =        27.4529  DIHED      =        36.0495
 1-4 NB =        15.6293  1-4 EEL =      -384.9628  VDWAALS    =      1973.8015
 EELEC  =    -16076.4677  EHBOND  =         0.0000  RESTRAINT  =         0.0000
 EKCMT  =         0.0000  VIRIAL  =         0.0000  VOLUME     =     45599.6536
                                                    Density    =         0.9870
 DV/DL  =      -159.2977
 ------------------------------------------------------------------------------

  Softcore part of the system:       2 atoms,       TEMP(K)    =         343.95
 SC_Etot=         2.9736  SC_EKtot=         2.0505  SC_EPtot   =         0.9231
 SC_BOND=         0.1148  SC_ANGLE=         0.6779  SC_DIHED   =         0.1304
 SC_14NB=         0.0000  SC_14EEL=         0.0000  SC_VDW     =         0.0000
 SC_EEL =         0.0000
 SC_RES_DIST=     0.0000  SC_RES_ANG=       0.0000  SC_RES_TORS=         0.0000
 SC_EEL_DER=      0.0000  SC_VDW_DER=      -0.6696  SC_DERIV   =        -0.6696
 ------------------------------------------------------------------------------


| TI region  2


 NSTEP =      950   TIME(PS) =     317.900  TEMP(K) =   293.23  PRESS =     0.0
 Etot   =    -11769.7989  EKtot   =      2627.9731  EPtot      =    -14397.7721
 BOND   =        10.7252  ANGLE   =        27.4529  DIHED      =        36.0495
 1-4 NB =        15.6293  1-4 EEL =      -384.9628  VDWAALS    =      1973.8015
 EELEC  =    -16076.4677  EHBOND  =         0.0000  RESTRAINT  =         0.0000
 EKCMT  =         0.0000  VIRIAL  =         0.0000  VOLUME     =     45599.6536
                                                    Density    =         0.9870
 DV/DL  =      -159.2977
 ------------------------------------------------------------------------------


MBAR Energy analysis:
Energy at 0.0000 =    -14409.581637
Energy at 0.0000 =    -14409.581637
Energy at 0.2000 =    -14439.578377
Energy at 0.2000 =    -14439.578377
Energy at 0.5000 =    -14484.164622
Energy at 0.5000 =    -14484.164622
 ------------------------------------------------------------------------------


| TI region  1


 NSTEP =     1000   TIME(PS) =     318.000  TEMP(K) =   300.57  PRESS =     0.0
 Etot   =    -11713.9973  EKtot   =      2695.5843  EPtot      =    -14409.5816
 BOND   =        16.2113  ANGLE   =        37.0310  DIHED      =        36.0632
 1-4 NB =        14.1863  1-4 EEL =      -385.6042  VDWAALS    =      2060.9084
 EELEC  =    -16188.3777  EHBOND  =         0.0000  RESTRAINT  =         0.0000
 EKCMT  =         0.0000  VIRIAL  =         0.0000  VOLUME     =     45599.6536
                                                    Density    =         0.9870
 DV/DL  =      -151.0983
 ------------------------------------------------------------------------------

  Softcore part of the system:       2 atoms,       TEMP(K)    =         195.60
 SC_Etot=         1.8681  SC_EKtot=         1.1661  SC_EPtot   =         0.7021
 SC_BOND=         0.2384  SC_ANGLE=         0.4428  SC_DIHED   =         0.0209
 SC_14NB=         0.0000  SC_14EEL=         0.0000  SC_VDW     =         0.0000
 SC_EEL =         0.0000
 SC_RES_DIST=     0.0000  SC_RES_ANG=       0.0000  SC_RES_TORS=         0.0000
 SC_EEL_DER=      0.0000  SC_VDW_DER=      -2.5070  SC_DERIV   =        -2.5070
 ------------------------------------------------------------------------------


| TI region  2


 NSTEP =     1000   TIME(PS) =     318.000  TEMP(K) =   300.64  PRESS =     0.0
 Etot   =    -11715.1634  EKtot   =      2694.4183  EPtot      =    -14409.5816
 BOND   =        16.2113  ANGLE   =        37.0310  DIHED      =        36.0632
 1-4 NB =        14.1863  1-4 EEL =      -385.6042  VDWAALS    =      2060.9084
 EELEC  =    -16188.3777  EHBOND  =         0.0000  RESTRAINT  =         0.0000
 EKCMT  =         0.0000  VIRIAL  =         0.0000  VOLUME     =     45599.6536
                                                    Density    =         0.9870
 DV/DL  =      -151.0983
 ------------------------------------------------------------------------------

|===============================================================================

| TI region  1


      A V E R A G E S   O V E R    1000 S T E P S


 NSTEP =     1000   TIME(PS) =     318.000  TEMP(K) =   298.55  PRESS =     0.0
 Etot   =    -11702.0285  EKtot   =      2677.4542  EPtot      =    -14379.4827
 BOND   =        11.4623  ANGLE   =        32.5651  DIHED      =        37.6733
 1-4 NB =        15.6459  1-4 EEL =      -386.0530  VDWAALS    =      2084.8292
 EELEC  =    -16175.6056  EHBOND  =         0.0000  RESTRAINT  =         0.0000
 EKCMT  =         0.0000  VIRIAL  =         0.0000  VOLUME     =     45628.2117
                                                    Density    =         0.9864
 DV/DL  =      -149.3120
 ------------------------------------------------------------------------------

  Softcore part of the system:       2 atoms,       TEMP(K)    =         277.03
 SC_Etot=         3.9018  SC_EKtot=         1.6515  SC_EPtot   =         2.2503
 SC_BOND=         0.8166  SC_ANGLE=         1.2733  SC_DIHED   =         0.1604
 SC_14NB=         0.0000  SC_14EEL=         0.0000  SC_VDW     =         0.0000
 SC_EEL =         0.0000
 SC_RES_DIST=     0.0000  SC_RES_ANG=       0.0000  SC_RES_TORS=         0.0000
 SC_EEL_DER=      0.0000  SC_VDW_DER=      -1.3065  SC_DERIV   =        -1.3065
 ------------------------------------------------------------------------------


      R M S  F L U C T U A T I O N S


 NSTEP =     1000   TIME(PS) =     318.000  TEMP(K) =     3.72  PRESS =     0.0
 Etot   =        47.0658  EKtot   =        33.3751  EPtot      =        44.0454
 BOND   =         2.4589  ANGLE   =         3.7476  DIHED      =         2.3957
 1-4 NB =         1.5963  1-4 EEL =         3.8197  VDWAALS    =        57.6584
 EELEC  =        79.4661  EHBOND  =         0.0000  RESTRAINT  =         0.0000
 EKCMT  =         0.0000  VIRIAL  =         0.0000  VOLUME     =       173.8171
                                                    Density    =         0.0037
 DV/DL  =         5.6950
 ------------------------------------------------------------------------------

  Softcore part of the system:       2 atoms,       TEMP(K)    =         148.36
 SC_Etot=         1.2883  SC_EKtot=         0.8845  SC_EPtot   =         1.0221
 SC_BOND=         0.6985  SC_ANGLE=         0.7989  SC_DIHED   =         0.1885
 SC_14NB=         0.0000  SC_14EEL=         0.0000  SC_VDW     =         0.0000
 SC_EEL =         0.0000
 SC_RES_DIST=     0.0000  SC_RES_ANG=       0.0000  SC_RES_TORS=         0.0000
 SC_EEL_DER=      0.0000  SC_VDW_DER=       1.5159  SC_DERIV   =         1.5159
 ------------------------------------------------------------------------------


| TI region  2


      A V E R A G E S   O V E R    1000 S T E P S


 NSTEP =     1000   TIME(PS) =     318.000  TEMP(K) =   298.56  PRESS =     0.0
 Etot   =    -11703.6800  EKtot   =      2675.8027  EPtot      =    -14379.4827
 BOND   =        11.4623  ANGLE   =        32.5651  DIHED      =        37.6733
 1-4 NB =        15.6459  1-4 EEL =      -386.0530  VDWAALS    =      2084.8292
 EELEC  =    -16175.6056  EHBOND  =         0.0000  RESTRAINT  =         0.0000
 EKCMT  =         0.0000  VIRIAL  =         0.0000  VOLUME     =     45628.2117
                                                    Density    =         0.9864
 DV/DL  =      -149.3120
 ------------------------------------------------------------------------------


      R M S  F L U C T U A T I O N S


 NSTEP =     1000   TIME(PS) =     318.000  TEMP(K) =     3.72  PRESS =     0.0
 Etot   =        46.8529  EKtot   =        33.3455  EPtot      =        44.0454
 BOND   =         2.4589  ANGLE   =         3.7476  DIHED      =         2.3957
 1-4 NB =         1.5963  1-4 EEL =         3.8197  VDWAALS    =        57.6584
 EELEC  =        79.4661  EHBOND  =         0.0000  RESTRAINT  =         0.0000
 EKCMT  =         0.0000  VIRIAL  =         0.0000  VOLUME     =       173.8171
                                                    Density    =         0.0037
 DV/DL  =         5.6950
 ------------------------------------------------------------------------------


      DV/DL, AVERAGES OVER    1000 STEPS


 NSTEP =     1000   TIME(PS) =     318.000  TEMP(K) =     3.72  PRESS =     0.0
 Etot   =         0.0000  EKtot   =         0.0000  EPtot      =      -147.8066
 BOND   =         0.0000  ANGLE   =         0.0000  DIHED      =         0.0000
 1-4 NB =         0.0116  1-4 EEL =      -194.0075  VDWAALS    =        -0.2139
 EELEC  =        46.2043  EHBOND  =         0.0000  RESTRAINT  =         0.0000
 EKCMT  =         0.0000  VIRIAL  =         0.0000  VOLUME     =         0.0000
                                                    Density    =         0.0000
 DV/DL  =      -147.8066
 ------------------------------------------------------------------------------

|===============================================================================

| TI region  1


      A V E R A G E S   O V E R    1000 S T E P S


 NSTEP =     1000   TIME(PS) =     318.000  TEMP(K) =   298.55  PRESS =     0.0
 Etot   =    -11702.0285  EKtot   =      2677.4542  EPtot      =    -14379.4827
 BOND   =        11.4623  ANGLE   =        32.5651  DIHED      =        37.6733
 1-4 NB =        15.6459  1-4 EEL =      -386.0530  VDWAALS    =      2084.8292
 EELEC  =    -16175.6056  EHBOND  =         0.0000  RESTRAINT  =         0.0000
 EKCMT  =         0.0000  VIRIAL  =         0.0000  VOLUME     =     45628.2117
                                                    Density    =         0.9864
 DV/DL  =      -149.3120
 ------------------------------------------------------------------------------

  Softcore part of the system:       2 atoms,       TEMP(K)    =         277.03
 SC_Etot=         3.9018  SC_EKtot=         1.6515  SC_EPtot   =         2.2503
 SC_BOND=         0.8166  SC_ANGLE=         1.2733  SC_DIHED   =         0.1604
 SC_14NB=         0.0000  SC_14EEL=         0.0000  SC_VDW     =         0.0000
 SC_EEL =         0.0000
 SC_RES_DIST=     0.0000  SC_RES_ANG=       0.0000  SC_RES_TORS=         0.0000
 SC_EEL_DER=      0.0000  SC_VDW_DER=      -1.3065  SC_DERIV   =        -1.3065
 ------------------------------------------------------------------------------


      R M S  F L U C T U A T I O N S


 NSTEP =     1000   TIME(PS) =     318.000  TEMP(K) =     3.72  PRESS =     0.0
 Etot   =        47.0658  EKtot   =        33.3751  EPtot      =        44.0454
 BOND   =         2.4589  ANGLE   =         3.7476  DIHED      =         2.3957
 1-4 NB =         1.5963  1-4 EEL =         3.8197  VDWAALS    =        57.6584
 EELEC  =        79.4661  EHBOND  =         0.0000  RESTRAINT  =         0.0000
 EKCMT  =         0.0000  VIRIAL  =         0.0000  VOLUME     =       173.8171
                                                    Density    =         0.0037
 DV/DL  =         5.6950
 ------------------------------------------------------------------------------

  Softcore part of the system:       2 atoms,       TEMP(K)    =         148.36
 SC_Etot=         1.2883  SC_EKtot=         0.8845  SC_EPtot   =         1.0221
 SC_BOND=         0.6985  SC_ANGLE=         0.7989  SC_DIHED   =         0.1885
 SC_14NB=         0.0000  SC_14EEL=         0.0000  SC_VDW     =         0.0000
 SC_EEL =         0.0000
 SC_RES_DIST=     0.0000  SC_RES_ANG=       0.0000  SC_RES_TORS=         0.0000
 SC_EEL_DER=      0.0000  SC_VDW_DER=       1.5159  SC_DERIV   =         1.5159
 ------------------------------------------------------------------------------


| TI region  2


      A V E R A G E S   O V E R    1000 S T E P S


 NSTEP =     1000   TIME(PS) =     318.000  TEMP(K) =   298.56  PRESS =     0.0
 Etot   =    -11703.6800  EKtot   =      2675.8027  EPtot      =    -14379.4827
 BOND   =        11.4623  ANGLE   =        32.5651  DIHED      =        37.6733
 1-4 NB =        15.6459  1-4 EEL =      -386.0530  VDWAALS    =      2084.8292
 EELEC  =    -16175.6056  EHBOND  =         0.0000  RESTRAINT  =         0.0000
 EKCMT  =         0.0000  VIRIAL  =         0.0000  VOLUME     =     45628.2117
                                                    Density    =         0.9864
 DV/DL  =      -149.3120
 ------------------------------------------------------------------------------


      R M S  F L U C T U A T I O N S


 NSTEP =     1000   TIME(PS) =     318.000  TEMP(K) =     3.72  PRESS =     0.0
 Etot   =        46.8529  EKtot   =        33.3455  EPtot      =        44.0454
 BOND   =         2.4589  ANGLE   =         3.7476  DIHED      =         2.3957
 1-4 NB =         1.5963  1-4 EEL =         3.8197  VDWAALS    =        57.6584
 EELEC  =        79.4661  EHBOND  =         0.0000  RESTRAINT  =         0.0000
 EKCMT  =         0.0000  VIRIAL  =         0.0000  VOLUME     =       173.8171
                                                    Density    =         0.0037
 DV/DL  =         5.6950
 ------------------------------------------------------------------------------


      DV/DL, AVERAGES OVER    1000 STEPS


 NSTEP =     1000   TIME(PS) =     318.000  TEMP(K) =     3.72  PRESS =     0.0
 Etot   =         0.0000  EKtot   =         0.0000  EPtot      =      -147.8066
 BOND   =         0.0000  ANGLE   =         0.0000  DIHED      =         0.0000
 1-4 NB =         0.0116  1-4 EEL =      -194.0075  VDWAALS    =        -0.2139
 EELEC  =        46.2043  EHBOND  =         0.0000  RESTRAINT  =         0.0000
 EKCMT  =         0.0000  VIRIAL  =         0.0000  VOLUME     =         0.0000
                                                    Density    =         0.0000
 DV/DL  =      -147.8066
 ------------------------------------------------------------------------------

| MC Barostat:         10 volume changes attempted.
| MC Barostat:          5 changes successful ( 50.00%)
 ------------------------------------------------------------------------------

--------------------------------------------------------------------------------
   5.  TIMINGS
--------------------------------------------------------------------------------

|  NonSetup CPU Time in Major Routines:
|
|     Routine           Sec        %
|     ------------------------------
|     Nonbond           0.31   79.54
|     Bond              0.00    0.00
|     Angle             0.00    0.00
|     Dihedral          0.00    0.00
|     Shake             0.01    1.73
|     RunMD             0.07   17.36
|     Other             0.01    1.37
|     ------------------------------
|     Total             0.39

|  PME Nonbond Pairlist CPU Time:
|
|     Routine              Sec        %
|     ---------------------------------
|     Set Up Cit           0.00    0.00
|     Build List           0.00    0.00
|     ---------------------------------
|     Total                0.00    0.00

|  PME Direct Force CPU Time:
|
|     Routine              Sec        %
|     ---------------------------------
|     NonBonded Calc       0.00    0.00
|     Exclude Masked       0.00    0.00
|     Other                0.00    0.43
|     ---------------------------------
|     Total                0.00    0.43

|  PME Reciprocal Force CPU Time:
|
|     Routine              Sec        %
|     ---------------------------------
|     1D bspline           0.00    0.00
|     Grid Charges         0.00    0.00
|     Scalar Sum           0.00    0.00
|     Gradient Sum         0.00    0.00
|     FFT                  0.00    0.00
|     ---------------------------------
|     Total                0.00    0.00

|  Final Performance Info:
|     -----------------------------------------------------
|     Average timings for last     950 steps:
|     Elapsed(s) =       0.38 Per Step(ms) =       0.40
|         ns/day =     430.80   seconds/ns =     200.56
|
|     Average timings for all steps:
|     Elapsed(s) =       0.41 Per Step(ms) =       0.41
|         ns/day =     426.31   seconds/ns =     202.67
|     -----------------------------------------------------

|  Setup CPU time:            1.15 seconds
|  NonSetup CPU time:         0.39 seconds
|  Total CPU time:            1.54 seconds     0.00 hours

|  Setup wall time:           1    seconds
|  NonSetup wall time:        1    seconds
|  Total wall time:           2    seconds     0.00 hours
