
          -------------------------------------------------------
          Amber 20 PMEMD                              2020
          -------------------------------------------------------

| PMEMD implementation of SANDER, Release 18

|  Compiled date/time: Tue Apr 28 09:19:54 2020
| Run on 09/12/2024 at 01:49:14

|   Executable path: pmemd.cuda_SPFP
| Working directory: /nfs/zli_gpu2/bin/developed_softwares/test_car/car/car/example/0.0_0.5_0.5
|          Hostname: compute-0-8

  [-O]verwriting output

File Assignments:
|   MDIN: prod0.in                                                              
|  MDOUT: prod0.out                                                             
| INPCRD: prev_cen.rst                                                          
|   PARM: ../lM2A.prmtop                                                        
| RESTRT: prod0.rst                                                             
|   REFC: refc                                                                  
|  MDVEL: mdvel                                                                 
|   MDEN: mden                                                                  
|  MDCRD: prod0.netcdf                                                          
| MDINFO: prod0.mdinfo                                                          
|  MDFRC: mdfrc                                                                 


 Here is the input file:

NVT MD w/No position restraints and PME (sander)                               
 &cntrl                                                                        
  ntx    = 5,                                                                  
  irest  = 1,                                                                  
  ntpr   = 50,                                                                 
  ntwx   = 10000,                                                              
  ntwe   = 10000,                                                              
  ntwr   = 10000,                                                              
  ig     = -1,                                                                 
                                                                               
  ntb    = 2,                                                                  
  ntp = 1, pres0 = 1.0, taup = 2.0,gamma_ln = 2.0,                             
  cut    = 10.0,                                                               
  iwrap  = 1,                                                                  
  barostat = 2,                                                                
                                                                               
  t      = 0.0,                                                                
  dt     = 0.002,                                                              
                                                                               
  temp0  = 300.0,                                                              
  tempi  = 300.0,                                                              
  ntt    = 3,                                                                  
  tautp  = 2.0,                                                                
                                                                               
  ntf    = 1,                                                                  
  ntc    = 2,                                                                  
  iwrap=1, ioutfm=1, ntwv=-1,ntave=1000,                                       
  bar_intervall = 50,                                                          
  icfe = 1, ifsc = 1,                                                          
  timask1=':1,2',                                                              
  timask2=':3',                                                                
  scmask1=':2',                                                                
  scmask2='',                                                                  
  ifmbar = 1,                                                                  
  nstlim = 1000,                                                               
  clambda = 0.5,                                                               
  mbar_states = 10,                                                            
  mbar_lambda = 0.0, 0.0, 0.2, 0.2, 0.5, 0.5, 0.6, 0.6, 1.0, 1.0,              
&end                                                                           
 /                                                                             


Note: ig = -1. Setting random seed to   883818 based on wallclock time in 
      microseconds.
| irandom = 1, using AMBER's internal random number generator (default).
 
|--------------------- INFORMATION ----------------------
| GPU (CUDA) Version of PMEMD in use: NVIDIA GPU IN USE.
|                    Version 18.0.0
| 
|                      03/25/2018
| 
| Implementation by:
|                    Ross C. Walker     (SDSC)
|                    Scott Le Grand     (nVIDIA)
| 
| Version 18 performance extensions by:
|                    David Cerutti     (Rutgers)
| 
| Precision model in use:
|      [SPFP] - Single Precision Forces, 64-bit Fixed Point
|               Accumulation. (Default)
| 
|--------------------------------------------------------
 
|----------------- CITATION INFORMATION -----------------
|
|    When publishing work that utilized the CUDA version
|    of AMBER, please cite the following in addition to
|    the regular AMBER citations:
|
|  - Romelia Salomon-Ferrer; Andreas W. Goetz; Duncan
|    Poole; Scott Le Grand; Ross C. Walker "Routine
|    microsecond molecular dynamics simulations with
|    AMBER - Part II: Particle Mesh Ewald", J. Chem.
|    Theory Comput., 2013, 9 (9), pp3878-3888,
|    DOI: 10.1021/ct400314y.
|
|  - Andreas W. Goetz; Mark J. Williamson; Dong Xu;
|    Duncan Poole; Scott Le Grand; Ross C. Walker
|    "Routine microsecond molecular dynamics simulations
|    with AMBER - Part I: Generalized Born", J. Chem.
|    Theory Comput., 2012, 8 (5), pp1542-1555.
|
|  - Scott Le Grand; Andreas W. Goetz; Ross C. Walker
|    "SPFP: Speed without compromise - a mixed precision
|    model for GPU accelerated molecular dynamics
|    simulations.", Comp. Phys. Comm., 2013, 184
|    pp374-380, DOI: 10.1016/j.cpc.2012.09.022
|
|    When publishing work that utilized the CUDA version
|    of TI, BAR, MBAR or FEP please cite the following 
|    publications in addition to the regular AMBER 
|    GPU citations:
|
|  - Daniel J. Mermelstein; Charles Lin; Gard Nelson; 
|    Rachael Kretsch; J. Andrew McCammon; Ross C. Walker
|    "Fast and Flexible GPU Accelerated Binding 
|    Free Energy Calculations within the AMBER Molecular
|    Dynamics Package" J. Comp. Chem., 2018,
|    DOI: 10.1002/jcc.25187
|
|  - Tai-Sung Lee; Yuan Hu; Brad Sherborne; Zhuyan Guo;
|    Darrin M. York
|    "Toward Fast and Accurate Binding Affinity Prediction with
|    pmemdGTI: An Efficient Implementation of GPU-Accelerated
|    Thermodynamic Integration"
|    J. Chem. Theory Comput., 2017, 13 (7), 3077
|
|
|--------------------------------------------------------
 
|------------------- GPU DEVICE INFO --------------------
|
|            CUDA_VISIBLE_DEVICES: not set
|   CUDA Capable Devices Detected:      8
|           CUDA Device ID in use:      0
|                CUDA Device Name: NVIDIA GeForce RTX 4090
|     CUDA Device Global Mem Size:  24217 MB
| CUDA Device Num Multiprocessors:    128
|           CUDA Device Core Freq:   2.52 GHz
|
|--------------------------------------------------------
 
 
| Conditional Compilation Defines Used:
| PUBFFT
| BINTRAJ
| CUDA
| EMIL

| Largest sphere to fit in unit cell has radius =    17.435

| New format PARM file being parsed.
| Version =    1.000 Date = 08/02/22 Time = 19:36:52

| Note: 1-4 EEL scale factors are being read from the topology file.

| Note: 1-4 VDW scale factors are being read from the topology file.
| Duplicated    0 dihedrals

| Duplicated    0 dihedrals

--------------------------------------------------------------------------------
   1.  RESOURCE   USE: 
--------------------------------------------------------------------------------

 getting new box info from bottom of inpcrd
 NATOM  =    4548 NTYPES =      17 NBONH =    4492 MBONA  =      62
 NTHETH =     105 MTHETA =      88 NPHIH =     188 MPHIA  =     154
 NHPARM =       0 NPARM  =       0 NNB   =    6494 NRES   =    1485
 NBONA  =      62 NTHETA =      88 NPHIA =     154 NUMBND =      22
 NUMANG =      36 NPTRA  =      19 NATYP =      18 NPHB   =       1
 IFBOX  =       1 NMXRS  =      50 IFCAP =       0 NEXTRA =       0
 NCOPY  =       0

| Coordinate Index Table dimensions:     6    6    6
| Direct force subcell size =     5.9000    6.1296    5.8115

     BOX TYPE: RECTILINEAR

--------------------------------------------------------------------------------
   2.  CONTROL  DATA  FOR  THE  RUN
--------------------------------------------------------------------------------

default_name                                                                    

General flags:
     imin    =       0, nmropt  =       0

Nature and format of input:
     ntx     =       5, irest   =       1, ntrx    =       1

Nature and format of output:
     ntxo    =       2, ntpr    =      50, ntrx    =       1, ntwr    =   10000
     iwrap   =       1, ntwx    =   10000, ntwv    =      -1, ntwe    =   10000
     ioutfm  =       1, ntwprt  =       0, idecomp =       0, rbornstat=      0

Potential function:
     ntf     =       1, ntb     =       2, igb     =       0, nsnb    =      25
     ipol    =       0, gbsa    =       0, iesp    =       0
     dielc   =   1.00000, cut     =  10.00000, intdiel =   1.00000

Frozen or restrained atoms:
     ibelly  =       0, ntr     =       0

Molecular dynamics:
     nstlim  =      1000, nscm    =      1000, nrespa  =         1
     t       =   0.00000, dt      =   0.00200, vlimit  =  -1.00000

Langevin dynamics temperature regulation:
     ig      =  883818
     temp0   = 300.00000, tempi   = 300.00000, gamma_ln=   2.00000

Pressure regulation:
     ntp     =       1
     pres0   =   1.00000, comp    =  44.60000, taup    =   2.00000
     Monte-Carlo Barostat:
     mcbarint  =     100

SHAKE:
     ntc     =       2, jfastw  =       0
     tol     =   0.00001

Free energy options:
     icfe    =       1, ifsc    =       1, klambda =       1
     clambda =  0.5000, scalpha =  0.5000, scbeta  = 12.0000
     sceeorder =       2
     dynlmb =  0.0000 logdvdl =       0

FEP MBAR options:
     ifmbar  =       1,  bar_intervall =       50
     mbar_states =      10

| Intermolecular bonds treatment:
|     no_intermolecular_bonds =       1

| Energy averages sample interval:
|     ene_avg_sampling =       1

Ewald parameters:
     verbose =       0, ew_type =       0, nbflag  =       1, use_pme =       1
     vdwmeth =       1, eedmeth =       1, netfrc  =       1
     Box X =   35.400   Box Y =   36.778   Box Z =   34.869
     Alpha =   90.000   Beta  =   90.000   Gamma =   90.000
     NFFT1 =   36       NFFT2 =   40       NFFT3 =   36
     Cutoff=   10.000   Tol   =0.100E-04
     Ewald Coefficient =  0.27511
     Interpolation order =    4
     TI Mask 1 :1,2; matches     52 atoms
     TI Mask 2 :3; matches     50 atoms
     TI region 1:    4498 atoms
     TI region 2:    4496 atoms
     SC Mask 1 :2; matches      2 atoms

    MBAR - lambda values considered:
      10 total:  0.0000 0.0000 0.2000 0.2000 0.5000 0.5000 0.6000 0.6000 1.0000 1.0000
    Extra energies will be computed     20 times.
| MONTE CARLO BAROSTAT IMPORTANT NOTE:
|   The Monte-Carlo barostat does not require the virial to adjust the system volume.
|   Since it is an expensive calculation, it is skipped for efficiency. A side-effect
|   is that the reported pressure is always 0 because it is not calculated.

--------------------------------------------------------------------------------
   3.  ATOMIC COORDINATES AND VELOCITIES
--------------------------------------------------------------------------------

Cpptraj Generated Restart                                                       
 begin time read from input coords =   304.000 ps

 
     Molecule     1 is partially softcore
     Molecule     2 is partially softcore
 Number of triangulated 3-point waters found:     1482
   Removing shake constraints from HX1   LBM   2 -- N26   LAM   1
   Removing shake constraints from H23   LBM   2 -- N26   LAM   1
 Number of shake restraints removed in TI region  1 :        2
 Number of shake restraints removed in TI region  2 :        0

     Sum of charges for TI region  1 =  -0.00249680
     Skip neutralizing charges...


     Sum of charges for TI region  2 =  -0.00299999
     Skip neutralizing charges...

| Dynamic Memory, Types Used:
| Reals              376231
| Integers           194647

| Nonbonded Pairs Initial Allocation:     1375656

| GPU memory information (estimate):
| KB of GPU memory in use:     52148
| KB of CPU memory in use:     28214

--------------------------------------------------------------------------------
   4.  RESULTS
--------------------------------------------------------------------------------

   DOF for the SC part  1 of the system:    6

MBAR Energy analysis:
Energy at 0.0000 =    -14326.831354
Energy at 0.0000 =    -14326.831354
Energy at 0.2000 =    -14363.533348
Energy at 0.2000 =    -14363.533348
Energy at 0.5000 =    -14417.134429
Energy at 0.5000 =    -14417.134429
Energy at 0.6000 =    -14434.861520
Energy at 0.6000 =    -14434.861520
Energy at 1.0000 =    -14505.529725
Energy at 1.0000 =    -14505.529725
 ------------------------------------------------------------------------------


| TI region  1


 NSTEP =       50   TIME(PS) =     304.100  TEMP(K) =   293.67  PRESS =     0.0
 Etot   =    -11783.4006  EKtot   =      2633.7338  EPtot      =    -14417.1344
 BOND   =         7.3068  ANGLE   =        33.4630  DIHED      =        39.3640
 1-4 NB =        14.0791  1-4 EEL =      -485.4092  VDWAALS    =      2112.4782
 EELEC  =    -16138.4164  EHBOND  =         0.0000  RESTRAINT  =         0.0000
 EKCMT  =         0.0000  VIRIAL  =         0.0000  VOLUME     =     45396.8486
                                                    Density    =         0.9914
 DV/DL  =      -177.4833
 ------------------------------------------------------------------------------

  Softcore part of the system:       2 atoms,       TEMP(K)    =          68.06
 SC_Etot=         4.1842  SC_EKtot=         0.4058  SC_EPtot   =         3.7784
 SC_BOND=         0.5963  SC_ANGLE=         2.5567  SC_DIHED   =         0.6254
 SC_14NB=         0.0000  SC_14EEL=         0.0000  SC_VDW     =         0.0000
 SC_EEL =         0.0000
 SC_RES_DIST=     0.0000  SC_RES_ANG=       0.0000  SC_RES_TORS=         0.0000
 SC_EEL_DER=      0.0000  SC_VDW_DER=      -0.6927  SC_DERIV   =        -0.6927
 ------------------------------------------------------------------------------


| TI region  2


 NSTEP =       50   TIME(PS) =     304.100  TEMP(K) =   293.82  PRESS =     0.0
 Etot   =    -11783.8063  EKtot   =      2633.3281  EPtot      =    -14417.1344
 BOND   =         7.3068  ANGLE   =        33.4630  DIHED      =        39.3640
 1-4 NB =        14.0791  1-4 EEL =      -485.4092  VDWAALS    =      2112.4782
 EELEC  =    -16138.4164  EHBOND  =         0.0000  RESTRAINT  =         0.0000
 EKCMT  =         0.0000  VIRIAL  =         0.0000  VOLUME     =     45396.8486
                                                    Density    =         0.9914
 DV/DL  =      -177.4833
 ------------------------------------------------------------------------------


MBAR Energy analysis:
Energy at 0.0000 =    -14317.810071
Energy at 0.0000 =    -14317.810071
Energy at 0.2000 =    -14354.240356
Energy at 0.2000 =    -14354.240356
Energy at 0.5000 =    -14408.616548
Energy at 0.5000 =    -14408.616548
Energy at 0.6000 =    -14426.709507
Energy at 0.6000 =    -14426.709507
Energy at 1.0000 =    -14499.017493
Energy at 1.0000 =    -14499.017493
 ------------------------------------------------------------------------------


| TI region  1


 NSTEP =      100   TIME(PS) =     304.200  TEMP(K) =   300.63  PRESS =     0.0
 Etot   =    -11712.5306  EKtot   =      2696.0860  EPtot      =    -14408.6165
 BOND   =        13.1104  ANGLE   =        33.8867  DIHED      =        38.8988
 1-4 NB =        17.1181  1-4 EEL =      -495.6039  VDWAALS    =      2052.8753
 EELEC  =    -16068.9020  EHBOND  =         0.0000  RESTRAINT  =         0.0000
 EKCMT  =         0.0000  VIRIAL  =         0.0000  VOLUME     =     45396.8486
                                                    Density    =         0.9914
 DV/DL  =      -180.9835
 ------------------------------------------------------------------------------

  Softcore part of the system:       2 atoms,       TEMP(K)    =         185.63
 SC_Etot=         5.6540  SC_EKtot=         1.1067  SC_EPtot   =         4.5473
 SC_BOND=         0.7482  SC_ANGLE=         3.2216  SC_DIHED   =         0.5774
 SC_14NB=         0.0000  SC_14EEL=         0.0000  SC_VDW     =         0.0000
 SC_EEL =         0.0000
 SC_RES_DIST=     0.0000  SC_RES_ANG=       0.0000  SC_RES_TORS=         0.0000
 SC_EEL_DER=      0.0000  SC_VDW_DER=      -0.1816  SC_DERIV   =        -0.1816
 ------------------------------------------------------------------------------


| TI region  2


 NSTEP =      100   TIME(PS) =     304.200  TEMP(K) =   300.70  PRESS =     0.0
 Etot   =    -11713.6372  EKtot   =      2694.9793  EPtot      =    -14408.6165
 BOND   =        13.1104  ANGLE   =        33.8867  DIHED      =        38.8988
 1-4 NB =        17.1181  1-4 EEL =      -495.6039  VDWAALS    =      2052.8753
 EELEC  =    -16068.9020  EHBOND  =         0.0000  RESTRAINT  =         0.0000
 EKCMT  =         0.0000  VIRIAL  =         0.0000  VOLUME     =     45396.8486
                                                    Density    =         0.9914
 DV/DL  =      -180.9835
 ------------------------------------------------------------------------------


MBAR Energy analysis:
Energy at 0.0000 =    -14247.060025
Energy at 0.0000 =    -14247.060025
Energy at 0.2000 =    -14283.525646
Energy at 0.2000 =    -14283.525646
Energy at 0.5000 =    -14338.133842
Energy at 0.5000 =    -14338.133842
Energy at 0.6000 =    -14356.324395
Energy at 0.6000 =    -14356.324395
Energy at 1.0000 =    -14429.062244
Energy at 1.0000 =    -14429.062244
 ------------------------------------------------------------------------------


| TI region  1


 NSTEP =      150   TIME(PS) =     304.300  TEMP(K) =   298.27  PRESS =     0.0
 Etot   =    -11663.1988  EKtot   =      2674.9350  EPtot      =    -14338.1338
 BOND   =        14.3034  ANGLE   =        38.4495  DIHED      =        41.7816
 1-4 NB =        14.1004  1-4 EEL =      -493.0439  VDWAALS    =      2111.8922
 EELEC  =    -16065.6171  EHBOND  =         0.0000  RESTRAINT  =         0.0000
 EKCMT  =         0.0000  VIRIAL  =         0.0000  VOLUME     =     45396.8486
                                                    Density    =         0.9914
 DV/DL  =      -181.9265
 ------------------------------------------------------------------------------

  Softcore part of the system:       2 atoms,       TEMP(K)    =         330.35
 SC_Etot=         4.0502  SC_EKtot=         1.9694  SC_EPtot   =         2.0808
 SC_BOND=         0.4494  SC_ANGLE=         1.6287  SC_DIHED   =         0.0027
 SC_14NB=         0.0000  SC_14EEL=         0.0000  SC_VDW     =         0.0000
 SC_EEL =         0.0000
 SC_RES_DIST=     0.0000  SC_RES_ANG=       0.0000  SC_RES_TORS=         0.0000
 SC_EEL_DER=      0.0000  SC_VDW_DER=      -0.0697  SC_DERIV   =        -0.0697
 ------------------------------------------------------------------------------


| TI region  2


 NSTEP =      150   TIME(PS) =     304.300  TEMP(K) =   298.25  PRESS =     0.0
 Etot   =    -11665.1683  EKtot   =      2672.9656  EPtot      =    -14338.1338
 BOND   =        14.3034  ANGLE   =        38.4495  DIHED      =        41.7816
 1-4 NB =        14.1004  1-4 EEL =      -493.0439  VDWAALS    =      2111.8922
 EELEC  =    -16065.6171  EHBOND  =         0.0000  RESTRAINT  =         0.0000
 EKCMT  =         0.0000  VIRIAL  =         0.0000  VOLUME     =     45396.8486
                                                    Density    =         0.9914
 DV/DL  =      -181.9265
 ------------------------------------------------------------------------------


MBAR Energy analysis:
Energy at 0.0000 =    -14319.963144
Energy at 0.0000 =    -14319.963144
Energy at 0.2000 =    -14353.890415
Energy at 0.2000 =    -14353.890415
Energy at 0.5000 =    -14404.770157
Energy at 0.5000 =    -14404.770157
Energy at 0.6000 =    -14421.728887
Energy at 0.6000 =    -14421.728887
Energy at 1.0000 =    -14489.564899
Energy at 1.0000 =    -14489.564899
 ------------------------------------------------------------------------------


| TI region  1


 NSTEP =      200   TIME(PS) =     304.400  TEMP(K) =   303.26  PRESS =     0.0
 Etot   =    -11685.1184  EKtot   =      2719.6518  EPtot      =    -14404.7702
 BOND   =         8.9243  ANGLE   =        30.4490  DIHED      =        38.1487
 1-4 NB =        17.0478  1-4 EEL =      -485.7154  VDWAALS    =      2133.9322
 EELEC  =    -16147.5568  EHBOND  =         0.0000  RESTRAINT  =         0.0000
 EKCMT  =         0.0000  VIRIAL  =         0.0000  VOLUME     =     45445.0055
                                                    Density    =         0.9904
 DV/DL  =      -169.5886
 ------------------------------------------------------------------------------

  Softcore part of the system:       2 atoms,       TEMP(K)    =         399.44
 SC_Etot=         4.2541  SC_EKtot=         2.3813  SC_EPtot   =         1.8728
 SC_BOND=         1.1784  SC_ANGLE=         0.3122  SC_DIHED   =         0.3823
 SC_14NB=         0.0000  SC_14EEL=         0.0000  SC_VDW     =         0.0000
 SC_EEL =         0.0000
 SC_RES_DIST=     0.0000  SC_RES_ANG=       0.0000  SC_RES_TORS=         0.0000
 SC_EEL_DER=      0.0000  SC_VDW_DER=       0.0009  SC_DERIV   =         0.0009
 ------------------------------------------------------------------------------


| TI region  2


 NSTEP =      200   TIME(PS) =     304.400  TEMP(K) =   303.19  PRESS =     0.0
 Etot   =    -11687.4997  EKtot   =      2717.2705  EPtot      =    -14404.7702
 BOND   =         8.9243  ANGLE   =        30.4490  DIHED      =        38.1487
 1-4 NB =        17.0478  1-4 EEL =      -485.7154  VDWAALS    =      2133.9322
 EELEC  =    -16147.5568  EHBOND  =         0.0000  RESTRAINT  =         0.0000
 EKCMT  =         0.0000  VIRIAL  =         0.0000  VOLUME     =     45445.0055
                                                    Density    =         0.9903
 DV/DL  =      -169.5886
 ------------------------------------------------------------------------------


MBAR Energy analysis:
Energy at 0.0000 =    -14313.680189
Energy at 0.0000 =    -14313.680189
Energy at 0.2000 =    -14349.607485
Energy at 0.2000 =    -14349.607485
Energy at 0.5000 =    -14402.569585
Energy at 0.5000 =    -14402.569585
Energy at 0.6000 =    -14420.122543
Energy at 0.6000 =    -14420.122543
Energy at 1.0000 =    -14490.146086
Energy at 1.0000 =    -14490.146086
 ------------------------------------------------------------------------------


| TI region  1


 NSTEP =      250   TIME(PS) =     304.500  TEMP(K) =   302.64  PRESS =     0.0
 Etot   =    -11688.4142  EKtot   =      2714.1554  EPtot      =    -14402.5696
 BOND   =         6.8746  ANGLE   =        33.8141  DIHED      =        40.1307
 1-4 NB =        16.8038  1-4 EEL =      -483.2568  VDWAALS    =      2123.0030
 EELEC  =    -16139.9390  EHBOND  =         0.0000  RESTRAINT  =         0.0000
 EKCMT  =         0.0000  VIRIAL  =         0.0000  VOLUME     =     45445.0055
                                                    Density    =         0.9904
 DV/DL  =      -175.6909
 ------------------------------------------------------------------------------

  Softcore part of the system:       2 atoms,       TEMP(K)    =         529.17
 SC_Etot=         5.1233  SC_EKtot=         3.1547  SC_EPtot   =         1.9686
 SC_BOND=         0.3338  SC_ANGLE=         1.6157  SC_DIHED   =         0.0191
 SC_14NB=         0.0000  SC_14EEL=         0.0000  SC_VDW     =         0.0000
 SC_EEL =         0.0000
 SC_RES_DIST=     0.0000  SC_RES_ANG=       0.0000  SC_RES_TORS=         0.0000
 SC_EEL_DER=      0.0000  SC_VDW_DER=      -0.5379  SC_DERIV   =        -0.5379
 ------------------------------------------------------------------------------


| TI region  2


 NSTEP =      250   TIME(PS) =     304.500  TEMP(K) =   302.49  PRESS =     0.0
 Etot   =    -11691.5688  EKtot   =      2711.0008  EPtot      =    -14402.5696
 BOND   =         6.8746  ANGLE   =        33.8141  DIHED      =        40.1307
 1-4 NB =        16.8038  1-4 EEL =      -483.2568  VDWAALS    =      2123.0030
 EELEC  =    -16139.9390  EHBOND  =         0.0000  RESTRAINT  =         0.0000
 EKCMT  =         0.0000  VIRIAL  =         0.0000  VOLUME     =     45445.0055
                                                    Density    =         0.9903
 DV/DL  =      -175.6909
 ------------------------------------------------------------------------------


MBAR Energy analysis:
Energy at 0.0000 =    -14321.557266
Energy at 0.0000 =    -14321.557266
Energy at 0.2000 =    -14357.963767
Energy at 0.2000 =    -14357.963767
Energy at 0.5000 =    -14412.324234
Energy at 0.5000 =    -14412.324234
Energy at 0.6000 =    -14430.410693
Energy at 0.6000 =    -14430.410693
Energy at 1.0000 =    -14502.683050
Energy at 1.0000 =    -14502.683050
 ------------------------------------------------------------------------------


| TI region  1


 NSTEP =      300   TIME(PS) =     304.600  TEMP(K) =   300.30  PRESS =     0.0
 Etot   =    -11719.1762  EKtot   =      2693.1480  EPtot      =    -14412.3242
 BOND   =        15.4152  ANGLE   =        35.1269  DIHED      =        41.4088
 1-4 NB =        14.6553  1-4 EEL =      -491.7224  VDWAALS    =      2094.6859
 EELEC  =    -16121.8939  EHBOND  =         0.0000  RESTRAINT  =         0.0000
 EKCMT  =         0.0000  VIRIAL  =         0.0000  VOLUME     =     45368.1481
                                                    Density    =         0.9921
 DV/DL  =      -180.9237
 ------------------------------------------------------------------------------

  Softcore part of the system:       2 atoms,       TEMP(K)    =         422.46
 SC_Etot=         7.6564  SC_EKtot=         2.5185  SC_EPtot   =         5.1379
 SC_BOND=         0.4914  SC_ANGLE=         4.2777  SC_DIHED   =         0.3687
 SC_14NB=         0.0000  SC_14EEL=         0.0000  SC_VDW     =         0.0000
 SC_EEL =         0.0000
 SC_RES_DIST=     0.0000  SC_RES_ANG=       0.0000  SC_RES_TORS=         0.0000
 SC_EEL_DER=      0.0000  SC_VDW_DER=      -0.2061  SC_DERIV   =        -0.2061
 ------------------------------------------------------------------------------


| TI region  2


 NSTEP =      300   TIME(PS) =     304.600  TEMP(K) =   300.22  PRESS =     0.0
 Etot   =    -11721.6948  EKtot   =      2690.6295  EPtot      =    -14412.3242
 BOND   =        15.4152  ANGLE   =        35.1269  DIHED      =        41.4088
 1-4 NB =        14.6553  1-4 EEL =      -491.7224  VDWAALS    =      2094.6859
 EELEC  =    -16121.8939  EHBOND  =         0.0000  RESTRAINT  =         0.0000
 EKCMT  =         0.0000  VIRIAL  =         0.0000  VOLUME     =     45368.1481
                                                    Density    =         0.9920
 DV/DL  =      -180.9237
 ------------------------------------------------------------------------------


MBAR Energy analysis:
Energy at 0.0000 =    -14344.125240
Energy at 0.0000 =    -14344.125240
Energy at 0.2000 =    -14379.726366
Energy at 0.2000 =    -14379.726366
Energy at 0.5000 =    -14432.741836
Energy at 0.5000 =    -14432.741836
Energy at 0.6000 =    -14450.365246
Energy at 0.6000 =    -14450.365246
Energy at 1.0000 =    -14520.758398
Energy at 1.0000 =    -14520.758398
 ------------------------------------------------------------------------------


| TI region  1


 NSTEP =      350   TIME(PS) =     304.700  TEMP(K) =   304.78  PRESS =     0.0
 Etot   =    -11699.4281  EKtot   =      2733.3138  EPtot      =    -14432.7418
 BOND   =        12.8385  ANGLE   =        31.0248  DIHED      =        39.3549
 1-4 NB =        16.9766  1-4 EEL =      -487.2805  VDWAALS    =      2070.0342
 EELEC  =    -16115.6902  EHBOND  =         0.0000  RESTRAINT  =         0.0000
 EKCMT  =         0.0000  VIRIAL  =         0.0000  VOLUME     =     45368.1481
                                                    Density    =         0.9921
 DV/DL  =      -176.3164
 ------------------------------------------------------------------------------

  Softcore part of the system:       2 atoms,       TEMP(K)    =         570.87
 SC_Etot=         6.9182  SC_EKtot=         3.4033  SC_EPtot   =         3.5149
 SC_BOND=         0.1041  SC_ANGLE=         2.6876  SC_DIHED   =         0.7232
 SC_14NB=         0.0000  SC_14EEL=         0.0000  SC_VDW     =         0.0000
 SC_EEL =         0.0000
 SC_RES_DIST=     0.0000  SC_RES_ANG=       0.0000  SC_RES_TORS=         0.0000
 SC_EEL_DER=      0.0000  SC_VDW_DER=      -0.2833  SC_DERIV   =        -0.2833
 ------------------------------------------------------------------------------


| TI region  2


 NSTEP =      350   TIME(PS) =     304.700  TEMP(K) =   304.60  PRESS =     0.0
 Etot   =    -11702.8314  EKtot   =      2729.9105  EPtot      =    -14432.7418
 BOND   =        12.8385  ANGLE   =        31.0248  DIHED      =        39.3549
 1-4 NB =        16.9766  1-4 EEL =      -487.2805  VDWAALS    =      2070.0342
 EELEC  =    -16115.6902  EHBOND  =         0.0000  RESTRAINT  =         0.0000
 EKCMT  =         0.0000  VIRIAL  =         0.0000  VOLUME     =     45368.1481
                                                    Density    =         0.9920
 DV/DL  =      -176.3164
 ------------------------------------------------------------------------------


MBAR Energy analysis:
Energy at 0.0000 =    -14280.482088
Energy at 0.0000 =    -14280.482088
Energy at 0.2000 =    -14345.671579
Energy at 0.2000 =    -14345.671579
Energy at 0.5000 =    -14401.883414
Energy at 0.5000 =    -14401.883414
Energy at 0.6000 =    -14419.603367
Energy at 0.6000 =    -14419.603367
Energy at 1.0000 =    -14489.588047
Energy at 1.0000 =    -14489.588047
 ------------------------------------------------------------------------------


| TI region  1


 NSTEP =      400   TIME(PS) =     304.800  TEMP(K) =   307.75  PRESS =     0.0
 Etot   =    -11641.9218  EKtot   =      2759.9616  EPtot      =    -14401.8834
 BOND   =        14.5487  ANGLE   =        28.2781  DIHED      =        37.3624
 1-4 NB =        15.3839  1-4 EEL =      -485.8953  VDWAALS    =      1996.8464
 EELEC  =    -16008.4077  EHBOND  =         0.0000  RESTRAINT  =         0.0000
 EKCMT  =         0.0000  VIRIAL  =         0.0000  VOLUME     =     45598.1266
                                                    Density    =         0.9871
 DV/DL  =      -178.1882
 ------------------------------------------------------------------------------

  Softcore part of the system:       2 atoms,       TEMP(K)    =         174.44
 SC_Etot=         7.2851  SC_EKtot=         1.0399  SC_EPtot   =         6.2451
 SC_BOND=         1.4863  SC_ANGLE=         3.7637  SC_DIHED   =         0.9952
 SC_14NB=         0.0000  SC_14EEL=         0.0000  SC_VDW     =         0.0000
 SC_EEL =         0.0000
 SC_RES_DIST=     0.0000  SC_RES_ANG=       0.0000  SC_RES_TORS=         0.0000
 SC_EEL_DER=      0.0000  SC_VDW_DER=      -2.7790  SC_DERIV   =        -2.7790
 ------------------------------------------------------------------------------


| TI region  2


 NSTEP =      400   TIME(PS) =     304.800  TEMP(K) =   307.84  PRESS =     0.0
 Etot   =    -11642.9618  EKtot   =      2758.9217  EPtot      =    -14401.8834
 BOND   =        14.5487  ANGLE   =        28.2781  DIHED      =        37.3624
 1-4 NB =        15.3839  1-4 EEL =      -485.8953  VDWAALS    =      1996.8464
 EELEC  =    -16008.4077  EHBOND  =         0.0000  RESTRAINT  =         0.0000
 EKCMT  =         0.0000  VIRIAL  =         0.0000  VOLUME     =     45598.1266
                                                    Density    =         0.9870
 DV/DL  =      -178.1882
 ------------------------------------------------------------------------------


MBAR Energy analysis:
Energy at 0.0000 =    -14317.792720
Energy at 0.0000 =    -14317.792720
Energy at 0.2000 =    -14353.586783
Energy at 0.2000 =    -14353.586783
Energy at 0.5000 =    -14407.229065
Energy at 0.5000 =    -14407.229065
Energy at 0.6000 =    -14425.102580
Energy at 0.6000 =    -14425.102580
Energy at 1.0000 =    -14496.581175
Energy at 1.0000 =    -14496.581175
 ------------------------------------------------------------------------------


| TI region  1


 NSTEP =      450   TIME(PS) =     304.900  TEMP(K) =   306.41  PRESS =     0.0
 Etot   =    -11659.3103  EKtot   =      2747.9188  EPtot      =    -14407.2291
 BOND   =        11.5791  ANGLE   =        34.3040  DIHED      =        38.7739
 1-4 NB =        15.8400  1-4 EEL =      -489.7288  VDWAALS    =      2043.2110
 EELEC  =    -16061.2083  EHBOND  =         0.0000  RESTRAINT  =         0.0000
 EKCMT  =         0.0000  VIRIAL  =         0.0000  VOLUME     =     45598.1266
                                                    Density    =         0.9871
 DV/DL  =      -178.7482
 ------------------------------------------------------------------------------

  Softcore part of the system:       2 atoms,       TEMP(K)    =         632.38
 SC_Etot=         7.3118  SC_EKtot=         3.7700  SC_EPtot   =         3.5418
 SC_BOND=         0.3817  SC_ANGLE=         2.9404  SC_DIHED   =         0.2197
 SC_14NB=         0.0000  SC_14EEL=         0.0000  SC_VDW     =         0.0000
 SC_EEL =         0.0000
 SC_RES_DIST=     0.0000  SC_RES_ANG=       0.0000  SC_RES_TORS=         0.0000
 SC_EEL_DER=      0.0000  SC_VDW_DER=      -0.0439  SC_DERIV   =        -0.0439
 ------------------------------------------------------------------------------


| TI region  2


 NSTEP =      450   TIME(PS) =     304.900  TEMP(K) =   306.19  PRESS =     0.0
 Etot   =    -11663.0802  EKtot   =      2744.1488  EPtot      =    -14407.2291
 BOND   =        11.5791  ANGLE   =        34.3040  DIHED      =        38.7739
 1-4 NB =        15.8400  1-4 EEL =      -489.7288  VDWAALS    =      2043.2110
 EELEC  =    -16061.2083  EHBOND  =         0.0000  RESTRAINT  =         0.0000
 EKCMT  =         0.0000  VIRIAL  =         0.0000  VOLUME     =     45598.1266
                                                    Density    =         0.9870
 DV/DL  =      -178.7482
 ------------------------------------------------------------------------------


MBAR Energy analysis:
Energy at 0.0000 =    -14318.957564
Energy at 0.0000 =    -14318.957564
Energy at 0.2000 =    -14352.842472
Energy at 0.2000 =    -14352.842472
Energy at 0.5000 =    -14403.325077
Energy at 0.5000 =    -14403.325077
Energy at 0.6000 =    -14420.113600
Energy at 0.6000 =    -14420.113600
Energy at 1.0000 =    -14487.193542
Energy at 1.0000 =    -14487.193542
 ------------------------------------------------------------------------------


| TI region  1


 NSTEP =      500   TIME(PS) =     305.000  TEMP(K) =   301.02  PRESS =     0.0
 Etot   =    -11703.7013  EKtot   =      2699.6238  EPtot      =    -14403.3251
 BOND   =        11.3714  ANGLE   =        34.4518  DIHED      =        38.3562
 1-4 NB =        15.7903  1-4 EEL =      -489.0253  VDWAALS    =      2051.2528
 EELEC  =    -16065.5223  EHBOND  =         0.0000  RESTRAINT  =         0.0000
 EKCMT  =         0.0000  VIRIAL  =         0.0000  VOLUME     =     45598.1266
                                                    Density    =         0.9871
 DV/DL  =      -167.9484
 ------------------------------------------------------------------------------

  Softcore part of the system:       2 atoms,       TEMP(K)    =         227.04
 SC_Etot=         4.4747  SC_EKtot=         1.3535  SC_EPtot   =         3.1212
 SC_BOND=         0.1587  SC_ANGLE=         2.5127  SC_DIHED   =         0.4498
 SC_14NB=         0.0000  SC_14EEL=         0.0000  SC_VDW     =         0.0000
 SC_EEL =         0.0000
 SC_RES_DIST=     0.0000  SC_RES_ANG=       0.0000  SC_RES_TORS=         0.0000
 SC_EEL_DER=      0.0000  SC_VDW_DER=      -0.2115  SC_DERIV   =        -0.2115
 ------------------------------------------------------------------------------


| TI region  2


 NSTEP =      500   TIME(PS) =     305.000  TEMP(K) =   301.07  PRESS =     0.0
 Etot   =    -11705.0548  EKtot   =      2698.2703  EPtot      =    -14403.3251
 BOND   =        11.3714  ANGLE   =        34.4518  DIHED      =        38.3562
 1-4 NB =        15.7903  1-4 EEL =      -489.0253  VDWAALS    =      2051.2528
 EELEC  =    -16065.5223  EHBOND  =         0.0000  RESTRAINT  =         0.0000
 EKCMT  =         0.0000  VIRIAL  =         0.0000  VOLUME     =     45598.1266
                                                    Density    =         0.9870
 DV/DL  =      -167.9484
 ------------------------------------------------------------------------------


MBAR Energy analysis:
Energy at 0.0000 =    -14350.151327
Energy at 0.0000 =    -14350.151327
Energy at 0.2000 =    -14384.505813
Energy at 0.2000 =    -14384.505813
Energy at 0.5000 =    -14436.014916
Energy at 0.5000 =    -14436.014916
Energy at 0.6000 =    -14453.181733
Energy at 0.6000 =    -14453.181733
Energy at 1.0000 =    -14521.845113
Energy at 1.0000 =    -14521.845113
 ------------------------------------------------------------------------------


| TI region  1


 NSTEP =      550   TIME(PS) =     305.100  TEMP(K) =   306.66  PRESS =     0.0
 Etot   =    -11685.8242  EKtot   =      2750.1907  EPtot      =    -14436.0149
 BOND   =        19.2410  ANGLE   =        35.0374  DIHED      =        41.8982
 1-4 NB =        16.4589  1-4 EEL =      -494.7552  VDWAALS    =      2122.1062
 EELEC  =    -16176.0015  EHBOND  =         0.0000  RESTRAINT  =         0.0000
 EKCMT  =         0.0000  VIRIAL  =         0.0000  VOLUME     =     45598.1266
                                                    Density    =         0.9871
 DV/DL  =      -171.6727
 ------------------------------------------------------------------------------

  Softcore part of the system:       2 atoms,       TEMP(K)    =         258.40
 SC_Etot=         2.9579  SC_EKtot=         1.5405  SC_EPtot   =         1.4174
 SC_BOND=         0.2398  SC_ANGLE=         0.6663  SC_DIHED   =         0.5113
 SC_14NB=         0.0000  SC_14EEL=         0.0000  SC_VDW     =         0.0000
 SC_EEL =         0.0000
 SC_RES_DIST=     0.0000  SC_RES_ANG=       0.0000  SC_RES_TORS=         0.0000
 SC_EEL_DER=      0.0000  SC_VDW_DER=      -0.0123  SC_DERIV   =        -0.0123
 ------------------------------------------------------------------------------


| TI region  2


 NSTEP =      550   TIME(PS) =     305.100  TEMP(K) =   306.69  PRESS =     0.0
 Etot   =    -11687.3647  EKtot   =      2748.6502  EPtot      =    -14436.0149
 BOND   =        19.2410  ANGLE   =        35.0374  DIHED      =        41.8982
 1-4 NB =        16.4589  1-4 EEL =      -494.7552  VDWAALS    =      2122.1062
 EELEC  =    -16176.0015  EHBOND  =         0.0000  RESTRAINT  =         0.0000
 EKCMT  =         0.0000  VIRIAL  =         0.0000  VOLUME     =     45598.1266
                                                    Density    =         0.9870
 DV/DL  =      -171.6727
 ------------------------------------------------------------------------------


MBAR Energy analysis:
Energy at 0.0000 =    -14382.677419
Energy at 0.0000 =    -14382.677419
Energy at 0.2000 =    -14415.537006
Energy at 0.2000 =    -14415.537006
Energy at 0.5000 =    -14464.826955
Energy at 0.5000 =    -14464.826955
Energy at 0.6000 =    -14481.257470
Energy at 0.6000 =    -14481.257470
Energy at 1.0000 =    -14546.983692
Energy at 1.0000 =    -14546.983692
 ------------------------------------------------------------------------------


| TI region  1


 NSTEP =      600   TIME(PS) =     305.200  TEMP(K) =   311.12  PRESS =     0.0
 Etot   =    -11674.6484  EKtot   =      2790.1785  EPtot      =    -14464.8270
 BOND   =        13.5067  ANGLE   =        25.0780  DIHED      =        42.5608
 1-4 NB =        13.8168  1-4 EEL =      -483.6139  VDWAALS    =      2086.0236
 EELEC  =    -16162.1989  EHBOND  =         0.0000  RESTRAINT  =         0.0000
 EKCMT  =         0.0000  VIRIAL  =         0.0000  VOLUME     =     45598.1266
                                                    Density    =         0.9871
 DV/DL  =      -164.3035
 ------------------------------------------------------------------------------

  Softcore part of the system:       2 atoms,       TEMP(K)    =         141.63
 SC_Etot=         1.4688  SC_EKtot=         0.8444  SC_EPtot   =         0.6244
 SC_BOND=         0.0349  SC_ANGLE=         0.3188  SC_DIHED   =         0.2707
 SC_14NB=         0.0000  SC_14EEL=         0.0000  SC_VDW     =         0.0000
 SC_EEL =         0.0000
 SC_RES_DIST=     0.0000  SC_RES_ANG=       0.0000  SC_RES_TORS=         0.0000
 SC_EEL_DER=      0.0000  SC_VDW_DER=       0.0100  SC_DERIV   =         0.0100
 ------------------------------------------------------------------------------


| TI region  2


 NSTEP =      600   TIME(PS) =     305.200  TEMP(K) =   311.23  PRESS =     0.0
 Etot   =    -11675.4928  EKtot   =      2789.3342  EPtot      =    -14464.8270
 BOND   =        13.5067  ANGLE   =        25.0780  DIHED      =        42.5608
 1-4 NB =        13.8168  1-4 EEL =      -483.6139  VDWAALS    =      2086.0236
 EELEC  =    -16162.1989  EHBOND  =         0.0000  RESTRAINT  =         0.0000
 EKCMT  =         0.0000  VIRIAL  =         0.0000  VOLUME     =     45598.1266
                                                    Density    =         0.9870
 DV/DL  =      -164.3035
 ------------------------------------------------------------------------------


MBAR Energy analysis:
Energy at 0.0000 =    -14317.154062
Energy at 0.0000 =    -14317.154062
Energy at 0.2000 =    -14350.925975
Energy at 0.2000 =    -14350.925975
Energy at 0.5000 =    -14401.559664
Energy at 0.5000 =    -14401.559664
Energy at 0.6000 =    -14418.434281
Energy at 0.6000 =    -14418.434281
Energy at 1.0000 =    -14485.927120
Energy at 1.0000 =    -14485.927120
 ------------------------------------------------------------------------------


| TI region  1


 NSTEP =      650   TIME(PS) =     305.300  TEMP(K) =   308.19  PRESS =     0.0
 Etot   =    -11637.6429  EKtot   =      2763.9168  EPtot      =    -14401.5597
 BOND   =        14.4044  ANGLE   =        29.0606  DIHED      =        41.2635
 1-4 NB =        16.6747  1-4 EEL =      -485.4060  VDWAALS    =      2099.9106
 EELEC  =    -16117.4674  EHBOND  =         0.0000  RESTRAINT  =         0.0000
 EKCMT  =         0.0000  VIRIAL  =         0.0000  VOLUME     =     45598.1266
                                                    Density    =         0.9871
 DV/DL  =      -168.7517
 ------------------------------------------------------------------------------

  Softcore part of the system:       2 atoms,       TEMP(K)    =          19.17
 SC_Etot=         2.3625  SC_EKtot=         0.1143  SC_EPtot   =         2.2482
 SC_BOND=         0.2921  SC_ANGLE=         1.9552  SC_DIHED   =         0.0009
 SC_14NB=         0.0000  SC_14EEL=         0.0000  SC_VDW     =         0.0000
 SC_EEL =         0.0000
 SC_RES_DIST=     0.0000  SC_RES_ANG=       0.0000  SC_RES_TORS=         0.0000
 SC_EEL_DER=      0.0000  SC_VDW_DER=      -0.0167  SC_DERIV   =        -0.0167
 ------------------------------------------------------------------------------


| TI region  2


 NSTEP =      650   TIME(PS) =     305.300  TEMP(K) =   308.38  PRESS =     0.0
 Etot   =    -11637.7572  EKtot   =      2763.8025  EPtot      =    -14401.5597
 BOND   =        14.4044  ANGLE   =        29.0606  DIHED      =        41.2635
 1-4 NB =        16.6747  1-4 EEL =      -485.4060  VDWAALS    =      2099.9106
 EELEC  =    -16117.4674  EHBOND  =         0.0000  RESTRAINT  =         0.0000
 EKCMT  =         0.0000  VIRIAL  =         0.0000  VOLUME     =     45598.1266
                                                    Density    =         0.9870
 DV/DL  =      -168.7517
 ------------------------------------------------------------------------------


MBAR Energy analysis:
Energy at 0.0000 =    -14309.439270
Energy at 0.0000 =    -14309.439270
Energy at 0.2000 =    -14344.074439
Energy at 0.2000 =    -14344.074439
Energy at 0.5000 =    -14396.013789
Energy at 0.5000 =    -14396.013789
Energy at 0.6000 =    -14413.325198
Energy at 0.6000 =    -14413.325198
Energy at 1.0000 =    -14482.569050
Energy at 1.0000 =    -14482.569050
 ------------------------------------------------------------------------------


| TI region  1


 NSTEP =      700   TIME(PS) =     305.400  TEMP(K) =   307.82  PRESS =     0.0
 Etot   =    -11635.4269  EKtot   =      2760.5869  EPtot      =    -14396.0138
 BOND   =        13.3305  ANGLE   =        26.6079  DIHED      =        43.2711
 1-4 NB =        13.4243  1-4 EEL =      -484.7794  VDWAALS    =      2077.5412
 EELEC  =    -16085.4094  EHBOND  =         0.0000  RESTRAINT  =         0.0000
 EKCMT  =         0.0000  VIRIAL  =         0.0000  VOLUME     =     45598.1266
                                                    Density    =         0.9871
 DV/DL  =      -173.1167
 ------------------------------------------------------------------------------

  Softcore part of the system:       2 atoms,       TEMP(K)    =         125.40
 SC_Etot=         2.7291  SC_EKtot=         0.7476  SC_EPtot   =         1.9815
 SC_BOND=         0.2676  SC_ANGLE=         0.8732  SC_DIHED   =         0.8407
 SC_14NB=         0.0000  SC_14EEL=         0.0000  SC_VDW     =         0.0000
 SC_EEL =         0.0000
 SC_RES_DIST=     0.0000  SC_RES_ANG=       0.0000  SC_RES_TORS=         0.0000
 SC_EEL_DER=      0.0000  SC_VDW_DER=      -0.0062  SC_DERIV   =        -0.0062
 ------------------------------------------------------------------------------


| TI region  2


 NSTEP =      700   TIME(PS) =     305.400  TEMP(K) =   307.94  PRESS =     0.0
 Etot   =    -11636.1745  EKtot   =      2759.8393  EPtot      =    -14396.0138
 BOND   =        13.3305  ANGLE   =        26.6079  DIHED      =        43.2711
 1-4 NB =        13.4243  1-4 EEL =      -484.7794  VDWAALS    =      2077.5412
 EELEC  =    -16085.4094  EHBOND  =         0.0000  RESTRAINT  =         0.0000
 EKCMT  =         0.0000  VIRIAL  =         0.0000  VOLUME     =     45598.1266
                                                    Density    =         0.9870
 DV/DL  =      -173.1167
 ------------------------------------------------------------------------------


MBAR Energy analysis:
Energy at 0.0000 =    -14322.254270
Energy at 0.0000 =    -14322.254270
Energy at 0.2000 =    -14357.927736
Energy at 0.2000 =    -14357.927736
Energy at 0.5000 =    -14411.435196
Energy at 0.5000 =    -14411.435196
Energy at 0.6000 =    -14429.271090
Energy at 0.6000 =    -14429.271090
Energy at 1.0000 =    -14500.618063
Energy at 1.0000 =    -14500.618063
 ------------------------------------------------------------------------------


| TI region  1


 NSTEP =      750   TIME(PS) =     305.500  TEMP(K) =   302.42  PRESS =     0.0
 Etot   =    -11699.2612  EKtot   =      2712.1740  EPtot      =    -14411.4352
 BOND   =         9.0013  ANGLE   =        26.8325  DIHED      =        41.1721
 1-4 NB =        15.4065  1-4 EEL =      -487.3933  VDWAALS    =      2097.7676
 EELEC  =    -16114.2219  EHBOND  =         0.0000  RESTRAINT  =         0.0000
 EKCMT  =         0.0000  VIRIAL  =         0.0000  VOLUME     =     45598.1266
                                                    Density    =         0.9871
 DV/DL  =      -178.3580
 ------------------------------------------------------------------------------

  Softcore part of the system:       2 atoms,       TEMP(K)    =         401.89
 SC_Etot=         6.5214  SC_EKtot=         2.3959  SC_EPtot   =         4.1255
 SC_BOND=         0.6538  SC_ANGLE=         1.9387  SC_DIHED   =         1.5329
 SC_14NB=         0.0000  SC_14EEL=         0.0000  SC_VDW     =         0.0000
 SC_EEL =         0.0000
 SC_RES_DIST=     0.0000  SC_RES_ANG=       0.0000  SC_RES_TORS=         0.0000
 SC_EEL_DER=      0.0000  SC_VDW_DER=       0.0077  SC_DERIV   =         0.0077
 ------------------------------------------------------------------------------


| TI region  2


 NSTEP =      750   TIME(PS) =     305.500  TEMP(K) =   302.36  PRESS =     0.0
 Etot   =    -11701.6571  EKtot   =      2709.7781  EPtot      =    -14411.4352
 BOND   =         9.0013  ANGLE   =        26.8325  DIHED      =        41.1721
 1-4 NB =        15.4065  1-4 EEL =      -487.3933  VDWAALS    =      2097.7676
 EELEC  =    -16114.2219  EHBOND  =         0.0000  RESTRAINT  =         0.0000
 EKCMT  =         0.0000  VIRIAL  =         0.0000  VOLUME     =     45598.1266
                                                    Density    =         0.9870
 DV/DL  =      -178.3580
 ------------------------------------------------------------------------------


MBAR Energy analysis:
Energy at 0.0000 =    -14302.083923
Energy at 0.0000 =    -14302.083923
Energy at 0.2000 =    -14339.274209
Energy at 0.2000 =    -14339.274209
Energy at 0.5000 =    -14394.139697
Energy at 0.5000 =    -14394.139697
Energy at 0.6000 =    -14412.337581
Energy at 0.6000 =    -14412.337581
Energy at 1.0000 =    -14484.971020
Energy at 1.0000 =    -14484.971020
 ------------------------------------------------------------------------------


| TI region  1


 NSTEP =      800   TIME(PS) =     305.600  TEMP(K) =   298.81  PRESS =     0.0
 Etot   =    -11714.3769  EKtot   =      2679.7628  EPtot      =    -14394.1397
 BOND   =        16.0042  ANGLE   =        26.6546  DIHED      =        39.2398
 1-4 NB =        17.4386  1-4 EEL =      -492.3902  VDWAALS    =      2081.0413
 EELEC  =    -16082.1280  EHBOND  =         0.0000  RESTRAINT  =         0.0000
 EKCMT  =         0.0000  VIRIAL  =         0.0000  VOLUME     =     45598.1266
                                                    Density    =         0.9871
 DV/DL  =      -182.1178
 ------------------------------------------------------------------------------

  Softcore part of the system:       2 atoms,       TEMP(K)    =         667.91
 SC_Etot=         5.9345  SC_EKtot=         3.9818  SC_EPtot   =         1.9526
 SC_BOND=         0.5382  SC_ANGLE=         0.8224  SC_DIHED   =         0.5921
 SC_14NB=         0.0000  SC_14EEL=         0.0000  SC_VDW     =         0.0000
 SC_EEL =         0.0000
 SC_RES_DIST=     0.0000  SC_RES_ANG=       0.0000  SC_RES_TORS=         0.0000
 SC_EEL_DER=      0.0000  SC_VDW_DER=      -0.4551  SC_DERIV   =        -0.4551
 ------------------------------------------------------------------------------


| TI region  2


 NSTEP =      800   TIME(PS) =     305.600  TEMP(K) =   298.56  PRESS =     0.0
 Etot   =    -11718.3587  EKtot   =      2675.7810  EPtot      =    -14394.1397
 BOND   =        16.0042  ANGLE   =        26.6546  DIHED      =        39.2398
 1-4 NB =        17.4386  1-4 EEL =      -492.3902  VDWAALS    =      2081.0413
 EELEC  =    -16082.1280  EHBOND  =         0.0000  RESTRAINT  =         0.0000
 EKCMT  =         0.0000  VIRIAL  =         0.0000  VOLUME     =     45598.1266
                                                    Density    =         0.9870
 DV/DL  =      -182.1178
 ------------------------------------------------------------------------------


MBAR Energy analysis:
Energy at 0.0000 =    -14349.967417
Energy at 0.0000 =    -14349.967417
Energy at 0.2000 =    -14386.725379
Energy at 0.2000 =    -14386.725379
Energy at 0.5000 =    -14440.480602
Energy at 0.5000 =    -14440.480602
Energy at 0.6000 =    -14458.260934
Energy at 0.6000 =    -14458.260934
Energy at 1.0000 =    -14529.137028
Energy at 1.0000 =    -14529.137028
 ------------------------------------------------------------------------------


| TI region  1


 NSTEP =      850   TIME(PS) =     305.700  TEMP(K) =   304.52  PRESS =     0.0
 Etot   =    -11709.4697  EKtot   =      2731.0109  EPtot      =    -14440.4806
 BOND   =        14.0718  ANGLE   =        36.0953  DIHED      =        38.7693
 1-4 NB =        13.8245  1-4 EEL =      -491.2662  VDWAALS    =      2046.0932
 EELEC  =    -16098.0686  EHBOND  =         0.0000  RESTRAINT  =         0.0000
 EKCMT  =         0.0000  VIRIAL  =         0.0000  VOLUME     =     45598.1266
                                                    Density    =         0.9871
 DV/DL  =      -178.0168
 ------------------------------------------------------------------------------

  Softcore part of the system:       2 atoms,       TEMP(K)    =         256.64
 SC_Etot=         3.7623  SC_EKtot=         1.5300  SC_EPtot   =         2.2323
 SC_BOND=         0.9604  SC_ANGLE=         0.9837  SC_DIHED   =         0.2883
 SC_14NB=         0.0000  SC_14EEL=         0.0000  SC_VDW     =         0.0000
 SC_EEL =         0.0000
 SC_RES_DIST=     0.0000  SC_RES_ANG=       0.0000  SC_RES_TORS=         0.0000
 SC_EEL_DER=      0.0000  SC_VDW_DER=      -0.7039  SC_DERIV   =        -0.7039
 ------------------------------------------------------------------------------


| TI region  2


 NSTEP =      850   TIME(PS) =     305.700  TEMP(K) =   304.55  PRESS =     0.0
 Etot   =    -11710.9996  EKtot   =      2729.4810  EPtot      =    -14440.4806
 BOND   =        14.0718  ANGLE   =        36.0953  DIHED      =        38.7693
 1-4 NB =        13.8245  1-4 EEL =      -491.2662  VDWAALS    =      2046.0932
 EELEC  =    -16098.0686  EHBOND  =         0.0000  RESTRAINT  =         0.0000
 EKCMT  =         0.0000  VIRIAL  =         0.0000  VOLUME     =     45598.1266
                                                    Density    =         0.9870
 DV/DL  =      -178.0168
 ------------------------------------------------------------------------------


MBAR Energy analysis:
Energy at 0.0000 =    -14314.587193
Energy at 0.0000 =    -14314.587193
Energy at 0.2000 =    -14349.982206
Energy at 0.2000 =    -14349.982206
Energy at 0.5000 =    -14402.210943
Energy at 0.5000 =    -14402.210943
Energy at 0.6000 =    -14419.528426
Energy at 0.6000 =    -14419.528426
Energy at 1.0000 =    -14488.630257
Energy at 1.0000 =    -14488.630257
 ------------------------------------------------------------------------------


| TI region  1


 NSTEP =      900   TIME(PS) =     305.800  TEMP(K) =   299.87  PRESS =     0.0
 Etot   =    -11712.9325  EKtot   =      2689.2784  EPtot      =    -14402.2109
 BOND   =        16.5918  ANGLE   =        34.3849  DIHED      =        39.3070
 1-4 NB =        14.8241  1-4 EEL =      -488.6345  VDWAALS    =      2109.2004
 EELEC  =    -16127.8846  EHBOND  =         0.0000  RESTRAINT  =         0.0000
 EKCMT  =         0.0000  VIRIAL  =         0.0000  VOLUME     =     45440.9705
                                                    Density    =         0.9905
 DV/DL  =      -173.3203
 ------------------------------------------------------------------------------

  Softcore part of the system:       2 atoms,       TEMP(K)    =         305.89
 SC_Etot=         4.4277  SC_EKtot=         1.8236  SC_EPtot   =         2.6041
 SC_BOND=         0.6917  SC_ANGLE=         1.3065  SC_DIHED   =         0.6059
 SC_14NB=         0.0000  SC_14EEL=         0.0000  SC_VDW     =         0.0000
 SC_EEL =         0.0000
 SC_RES_DIST=     0.0000  SC_RES_ANG=       0.0000  SC_RES_TORS=         0.0000
 SC_EEL_DER=      0.0000  SC_VDW_DER=      -0.4816  SC_DERIV   =        -0.4816
 ------------------------------------------------------------------------------


| TI region  2


 NSTEP =      900   TIME(PS) =     305.800  TEMP(K) =   299.86  PRESS =     0.0
 Etot   =    -11714.7561  EKtot   =      2687.4548  EPtot      =    -14402.2109
 BOND   =        16.5918  ANGLE   =        34.3849  DIHED      =        39.3070
 1-4 NB =        14.8241  1-4 EEL =      -488.6345  VDWAALS    =      2109.2004
 EELEC  =    -16127.8846  EHBOND  =         0.0000  RESTRAINT  =         0.0000
 EKCMT  =         0.0000  VIRIAL  =         0.0000  VOLUME     =     45440.9705
                                                    Density    =         0.9904
 DV/DL  =      -173.3203
 ------------------------------------------------------------------------------


MBAR Energy analysis:
Energy at 0.0000 =    -14278.886007
Energy at 0.0000 =    -14278.886007
Energy at 0.2000 =    -14321.394924
Energy at 0.2000 =    -14321.394924
Energy at 0.5000 =    -14379.277146
Energy at 0.5000 =    -14379.277146
Energy at 0.6000 =    -14398.171725
Energy at 0.6000 =    -14398.171725
Energy at 1.0000 =    -14473.211095
Energy at 1.0000 =    -14473.211095
 ------------------------------------------------------------------------------


| TI region  1


 NSTEP =      950   TIME(PS) =     305.900  TEMP(K) =   298.56  PRESS =     0.0
 Etot   =    -11701.6885  EKtot   =      2677.5887  EPtot      =    -14379.2771
 BOND   =        13.4779  ANGLE   =        34.7444  DIHED      =        40.7465
 1-4 NB =        15.4781  1-4 EEL =      -490.1141  VDWAALS    =      1959.7370
 EELEC  =    -15953.3471  EHBOND  =         0.0000  RESTRAINT  =         0.0000
 EKCMT  =         0.0000  VIRIAL  =         0.0000  VOLUME     =     45440.9705
                                                    Density    =         0.9905
 DV/DL  =      -189.4690
 ------------------------------------------------------------------------------

  Softcore part of the system:       2 atoms,       TEMP(K)    =         403.54
 SC_Etot=         5.0832  SC_EKtot=         2.4057  SC_EPtot   =         2.6775
 SC_BOND=         0.2822  SC_ANGLE=         2.0899  SC_DIHED   =         0.3055
 SC_14NB=         0.0000  SC_14EEL=         0.0000  SC_VDW     =         0.0000
 SC_EEL =         0.0000
 SC_RES_DIST=     0.0000  SC_RES_ANG=       0.0000  SC_RES_TORS=         0.0000
 SC_EEL_DER=      0.0000  SC_VDW_DER=      -1.6011  SC_DERIV   =        -1.6011
 ------------------------------------------------------------------------------


| TI region  2


 NSTEP =      950   TIME(PS) =     305.900  TEMP(K) =   298.50  PRESS =     0.0
 Etot   =    -11704.0942  EKtot   =      2675.1830  EPtot      =    -14379.2771
 BOND   =        13.4779  ANGLE   =        34.7444  DIHED      =        40.7465
 1-4 NB =        15.4781  1-4 EEL =      -490.1141  VDWAALS    =      1959.7370
 EELEC  =    -15953.3471  EHBOND  =         0.0000  RESTRAINT  =         0.0000
 EKCMT  =         0.0000  VIRIAL  =         0.0000  VOLUME     =     45440.9705
                                                    Density    =         0.9904
 DV/DL  =      -189.4690
 ------------------------------------------------------------------------------


MBAR Energy analysis:
Energy at 0.0000 =    -14253.981310
Energy at 0.0000 =    -14253.981310
Energy at 0.2000 =    -14293.862717
Energy at 0.2000 =    -14293.862717
Energy at 0.5000 =    -14352.010820
Energy at 0.5000 =    -14352.010820
Energy at 0.6000 =    -14371.254005
Energy at 0.6000 =    -14371.254005
Energy at 1.0000 =    -14448.010397
Energy at 1.0000 =    -14448.010397
 ------------------------------------------------------------------------------


| TI region  1


 NSTEP =     1000   TIME(PS) =     306.000  TEMP(K) =   300.34  PRESS =     0.0
 Etot   =    -11658.5207  EKtot   =      2693.4901  EPtot      =    -14352.0108
 BOND   =        14.1516  ANGLE   =        34.9659  DIHED      =        40.4692
 1-4 NB =        14.4327  1-4 EEL =      -494.1213  VDWAALS    =      2008.4905
 EELEC  =    -15970.3994  EHBOND  =         0.0000  RESTRAINT  =         0.0000
 EKCMT  =         0.0000  VIRIAL  =         0.0000  VOLUME     =     45579.4340
                                                    Density    =         0.9875
 DV/DL  =      -192.6311
 ------------------------------------------------------------------------------

  Softcore part of the system:       2 atoms,       TEMP(K)    =         195.77
 SC_Etot=         3.9837  SC_EKtot=         1.1671  SC_EPtot   =         2.8165
 SC_BOND=         1.3258  SC_ANGLE=         0.5515  SC_DIHED   =         0.9393
 SC_14NB=         0.0000  SC_14EEL=         0.0000  SC_VDW     =         0.0000
 SC_EEL =         0.0000
 SC_RES_DIST=     0.0000  SC_RES_ANG=       0.0000  SC_RES_TORS=         0.0000
 SC_EEL_DER=      0.0000  SC_VDW_DER=      -0.6320  SC_DERIV   =        -0.6320
 ------------------------------------------------------------------------------


| TI region  2


 NSTEP =     1000   TIME(PS) =     306.000  TEMP(K) =   300.41  PRESS =     0.0
 Etot   =    -11659.6878  EKtot   =      2692.3230  EPtot      =    -14352.0108
 BOND   =        14.1516  ANGLE   =        34.9659  DIHED      =        40.4692
 1-4 NB =        14.4327  1-4 EEL =      -494.1213  VDWAALS    =      2008.4905
 EELEC  =    -15970.3994  EHBOND  =         0.0000  RESTRAINT  =         0.0000
 EKCMT  =         0.0000  VIRIAL  =         0.0000  VOLUME     =     45579.4340
                                                    Density    =         0.9874
 DV/DL  =      -192.6311
 ------------------------------------------------------------------------------

|===============================================================================

| TI region  1


      A V E R A G E S   O V E R    1000 S T E P S


 NSTEP =     1000   TIME(PS) =     306.000  TEMP(K) =   302.14  PRESS =     0.0
 Etot   =    -11694.5683  EKtot   =      2709.6704  EPtot      =    -14404.2387
 BOND   =        12.8684  ANGLE   =        32.1352  DIHED      =        39.7929
 1-4 NB =        15.7345  1-4 EEL =      -488.3612  VDWAALS    =      2073.6177
 EELEC  =    -16090.0261  EHBOND  =         0.0000  RESTRAINT  =         0.0000
 EKCMT  =         0.0000  VIRIAL  =         0.0000  VOLUME     =     45504.0280
                                                    Density    =         0.9891
 DV/DL  =      -175.9297
 ------------------------------------------------------------------------------

  Softcore part of the system:       2 atoms,       TEMP(K)    =         306.86
 SC_Etot=         4.5647  SC_EKtot=         1.8293  SC_EPtot   =         2.7354
 SC_BOND=         0.6391  SC_ANGLE=         1.6697  SC_DIHED   =         0.4266
 SC_14NB=         0.0000  SC_14EEL=         0.0000  SC_VDW     =         0.0000
 SC_EEL =         0.0000
 SC_RES_DIST=     0.0000  SC_RES_ANG=       0.0000  SC_RES_TORS=         0.0000
 SC_EEL_DER=      0.0000  SC_VDW_DER=      -0.4485  SC_DERIV   =        -0.4485
 ------------------------------------------------------------------------------


      R M S  F L U C T U A T I O N S


 NSTEP =     1000   TIME(PS) =     306.000  TEMP(K) =     3.94  PRESS =     0.0
 Etot   =        34.9891  EKtot   =        35.3318  EPtot      =        29.7023
 BOND   =         2.7862  ANGLE   =         4.2515  DIHED      =         2.3235
 1-4 NB =         1.3079  1-4 EEL =         4.1911  VDWAALS    =        44.2353
 EELEC  =        58.4833  EHBOND  =         0.0000  RESTRAINT  =         0.0000
 EKCMT  =         0.0000  VIRIAL  =         0.0000  VOLUME     =        96.4950
                                                    Density    =         0.0021
 DV/DL  =         7.0728
 ------------------------------------------------------------------------------

  Softcore part of the system:       2 atoms,       TEMP(K)    =         177.13
 SC_Etot=         1.5606  SC_EKtot=         1.0560  SC_EPtot   =         1.2616
 SC_BOND=         0.5257  SC_ANGLE=         1.0110  SC_DIHED   =         0.4259
 SC_14NB=         0.0000  SC_14EEL=         0.0000  SC_VDW     =         0.0000
 SC_EEL =         0.0000
 SC_RES_DIST=     0.0000  SC_RES_ANG=       0.0000  SC_RES_TORS=         0.0000
 SC_EEL_DER=      0.0000  SC_VDW_DER=       0.5696  SC_DERIV   =         0.5696
 ------------------------------------------------------------------------------


| TI region  2


      A V E R A G E S   O V E R    1000 S T E P S


 NSTEP =     1000   TIME(PS) =     306.000  TEMP(K) =   302.14  PRESS =     0.0
 Etot   =    -11696.3977  EKtot   =      2707.8410  EPtot      =    -14404.2387
 BOND   =        12.8684  ANGLE   =        32.1352  DIHED      =        39.7929
 1-4 NB =        15.7345  1-4 EEL =      -488.3612  VDWAALS    =      2073.6177
 EELEC  =    -16090.0261  EHBOND  =         0.0000  RESTRAINT  =         0.0000
 EKCMT  =         0.0000  VIRIAL  =         0.0000  VOLUME     =     45504.0280
                                                    Density    =         0.9890
 DV/DL  =      -175.9297
 ------------------------------------------------------------------------------


      R M S  F L U C T U A T I O N S


 NSTEP =     1000   TIME(PS) =     306.000  TEMP(K) =     3.96  PRESS =     0.0
 Etot   =        35.1248  EKtot   =        35.4479  EPtot      =        29.7023
 BOND   =         2.7862  ANGLE   =         4.2515  DIHED      =         2.3235
 1-4 NB =         1.3079  1-4 EEL =         4.1911  VDWAALS    =        44.2353
 EELEC  =        58.4833  EHBOND  =         0.0000  RESTRAINT  =         0.0000
 EKCMT  =         0.0000  VIRIAL  =         0.0000  VOLUME     =        96.4950
                                                    Density    =         0.0021
 DV/DL  =         7.0728
 ------------------------------------------------------------------------------


      DV/DL, AVERAGES OVER    1000 STEPS


 NSTEP =     1000   TIME(PS) =     306.000  TEMP(K) =     3.96  PRESS =     0.0
 Etot   =         0.0000  EKtot   =         0.0000  EPtot      =      -174.1666
 BOND   =         0.0000  ANGLE   =         0.0000  DIHED      =         0.0000
 1-4 NB =         0.0248  1-4 EEL =      -203.3909  VDWAALS    =        -0.3190
 EELEC  =        28.2039  EHBOND  =         0.0000  RESTRAINT  =         0.0000
 EKCMT  =         0.0000  VIRIAL  =         0.0000  VOLUME     =         0.0000
                                                    Density    =         0.0000
 DV/DL  =      -174.1666
 ------------------------------------------------------------------------------

|===============================================================================

| TI region  1


      A V E R A G E S   O V E R    1000 S T E P S


 NSTEP =     1000   TIME(PS) =     306.000  TEMP(K) =   302.14  PRESS =     0.0
 Etot   =    -11694.5683  EKtot   =      2709.6704  EPtot      =    -14404.2387
 BOND   =        12.8684  ANGLE   =        32.1352  DIHED      =        39.7929
 1-4 NB =        15.7345  1-4 EEL =      -488.3612  VDWAALS    =      2073.6177
 EELEC  =    -16090.0261  EHBOND  =         0.0000  RESTRAINT  =         0.0000
 EKCMT  =         0.0000  VIRIAL  =         0.0000  VOLUME     =     45504.0280
                                                    Density    =         0.9891
 DV/DL  =      -175.9297
 ------------------------------------------------------------------------------

  Softcore part of the system:       2 atoms,       TEMP(K)    =         306.86
 SC_Etot=         4.5647  SC_EKtot=         1.8293  SC_EPtot   =         2.7354
 SC_BOND=         0.6391  SC_ANGLE=         1.6697  SC_DIHED   =         0.4266
 SC_14NB=         0.0000  SC_14EEL=         0.0000  SC_VDW     =         0.0000
 SC_EEL =         0.0000
 SC_RES_DIST=     0.0000  SC_RES_ANG=       0.0000  SC_RES_TORS=         0.0000
 SC_EEL_DER=      0.0000  SC_VDW_DER=      -0.4485  SC_DERIV   =        -0.4485
 ------------------------------------------------------------------------------


      R M S  F L U C T U A T I O N S


 NSTEP =     1000   TIME(PS) =     306.000  TEMP(K) =     3.94  PRESS =     0.0
 Etot   =        34.9891  EKtot   =        35.3318  EPtot      =        29.7023
 BOND   =         2.7862  ANGLE   =         4.2515  DIHED      =         2.3235
 1-4 NB =         1.3079  1-4 EEL =         4.1911  VDWAALS    =        44.2353
 EELEC  =        58.4833  EHBOND  =         0.0000  RESTRAINT  =         0.0000
 EKCMT  =         0.0000  VIRIAL  =         0.0000  VOLUME     =        96.4950
                                                    Density    =         0.0021
 DV/DL  =         7.0728
 ------------------------------------------------------------------------------

  Softcore part of the system:       2 atoms,       TEMP(K)    =         177.13
 SC_Etot=         1.5606  SC_EKtot=         1.0560  SC_EPtot   =         1.2616
 SC_BOND=         0.5257  SC_ANGLE=         1.0110  SC_DIHED   =         0.4259
 SC_14NB=         0.0000  SC_14EEL=         0.0000  SC_VDW     =         0.0000
 SC_EEL =         0.0000
 SC_RES_DIST=     0.0000  SC_RES_ANG=       0.0000  SC_RES_TORS=         0.0000
 SC_EEL_DER=      0.0000  SC_VDW_DER=       0.5696  SC_DERIV   =         0.5696
 ------------------------------------------------------------------------------


| TI region  2


      A V E R A G E S   O V E R    1000 S T E P S


 NSTEP =     1000   TIME(PS) =     306.000  TEMP(K) =   302.14  PRESS =     0.0
 Etot   =    -11696.3977  EKtot   =      2707.8410  EPtot      =    -14404.2387
 BOND   =        12.8684  ANGLE   =        32.1352  DIHED      =        39.7929
 1-4 NB =        15.7345  1-4 EEL =      -488.3612  VDWAALS    =      2073.6177
 EELEC  =    -16090.0261  EHBOND  =         0.0000  RESTRAINT  =         0.0000
 EKCMT  =         0.0000  VIRIAL  =         0.0000  VOLUME     =     45504.0280
                                                    Density    =         0.9890
 DV/DL  =      -175.9297
 ------------------------------------------------------------------------------


      R M S  F L U C T U A T I O N S


 NSTEP =     1000   TIME(PS) =     306.000  TEMP(K) =     3.96  PRESS =     0.0
 Etot   =        35.1248  EKtot   =        35.4479  EPtot      =        29.7023
 BOND   =         2.7862  ANGLE   =         4.2515  DIHED      =         2.3235
 1-4 NB =         1.3079  1-4 EEL =         4.1911  VDWAALS    =        44.2353
 EELEC  =        58.4833  EHBOND  =         0.0000  RESTRAINT  =         0.0000
 EKCMT  =         0.0000  VIRIAL  =         0.0000  VOLUME     =        96.4950
                                                    Density    =         0.0021
 DV/DL  =         7.0728
 ------------------------------------------------------------------------------


      DV/DL, AVERAGES OVER    1000 STEPS


 NSTEP =     1000   TIME(PS) =     306.000  TEMP(K) =     3.96  PRESS =     0.0
 Etot   =         0.0000  EKtot   =         0.0000  EPtot      =      -174.1666
 BOND   =         0.0000  ANGLE   =         0.0000  DIHED      =         0.0000
 1-4 NB =         0.0248  1-4 EEL =      -203.3909  VDWAALS    =        -0.3190
 EELEC  =        28.2039  EHBOND  =         0.0000  RESTRAINT  =         0.0000
 EKCMT  =         0.0000  VIRIAL  =         0.0000  VOLUME     =         0.0000
                                                    Density    =         0.0000
 DV/DL  =      -174.1666
 ------------------------------------------------------------------------------

| MC Barostat:         10 volume changes attempted.
| MC Barostat:          5 changes successful ( 50.00%)
 ------------------------------------------------------------------------------

--------------------------------------------------------------------------------
   5.  TIMINGS
--------------------------------------------------------------------------------

|  NonSetup CPU Time in Major Routines:
|
|     Routine           Sec        %
|     ------------------------------
|     Nonbond           0.30   78.97
|     Bond              0.00    0.00
|     Angle             0.00    0.00
|     Dihedral          0.00    0.00
|     Shake             0.00    0.86
|     RunMD             0.07   18.72
|     Other             0.01    1.46
|     ------------------------------
|     Total             0.39

|  PME Nonbond Pairlist CPU Time:
|
|     Routine              Sec        %
|     ---------------------------------
|     Set Up Cit           0.00    0.00
|     Build List           0.00    0.00
|     ---------------------------------
|     Total                0.00    0.00

|  PME Direct Force CPU Time:
|
|     Routine              Sec        %
|     ---------------------------------
|     NonBonded Calc       0.00    0.00
|     Exclude Masked       0.00    0.00
|     Other                0.00    0.47
|     ---------------------------------
|     Total                0.00    0.47

|  PME Reciprocal Force CPU Time:
|
|     Routine              Sec        %
|     ---------------------------------
|     1D bspline           0.00    0.00
|     Grid Charges         0.00    0.00
|     Scalar Sum           0.00    0.00
|     Gradient Sum         0.00    0.00
|     FFT                  0.00    0.00
|     ---------------------------------
|     Total                0.00    0.00

|  Final Performance Info:
|     -----------------------------------------------------
|     Average timings for last     950 steps:
|     Elapsed(s) =       0.37 Per Step(ms) =       0.39
|         ns/day =     437.96   seconds/ns =     197.28
|
|     Average timings for all steps:
|     Elapsed(s) =       0.40 Per Step(ms) =       0.40
|         ns/day =     435.06   seconds/ns =     198.59
|     -----------------------------------------------------

|  Setup CPU time:            1.16 seconds
|  NonSetup CPU time:         0.39 seconds
|  Total CPU time:            1.55 seconds     0.00 hours

|  Setup wall time:           1    seconds
|  NonSetup wall time:        0    seconds
|  Total wall time:           1    seconds     0.00 hours
