
          -------------------------------------------------------
          Amber 20 PMEMD                              2020
          -------------------------------------------------------

| PMEMD implementation of SANDER, Release 18

|  Compiled date/time: Tue Apr 28 09:19:54 2020
| Run on 09/12/2024 at 01:49:31

|   Executable path: pmemd.cuda_SPFP
| Working directory: /nfs/zli_gpu2/bin/developed_softwares/test_car/car/car/example/0.0_0.5_0.5
|          Hostname: compute-0-8

  [-O]verwriting output

File Assignments:
|   MDIN: prod2.in                                                              
|  MDOUT: prod2.out                                                             
| INPCRD: prev_cen.rst                                                          
|   PARM: ../lM2A.prmtop                                                        
| RESTRT: prod2.rst                                                             
|   REFC: refc                                                                  
|  MDVEL: mdvel                                                                 
|   MDEN: mden                                                                  
|  MDCRD: prod2.netcdf                                                          
| MDINFO: prod2.mdinfo                                                          
|  MDFRC: mdfrc                                                                 


 Here is the input file:

NVT MD w/No position restraints and PME (sander)                               
 &cntrl                                                                        
  ntx    = 5,                                                                  
  irest  = 1,                                                                  
  ntpr   = 50,                                                                 
  ntwx   = 10000,                                                              
  ntwe   = 10000,                                                              
  ntwr   = 10000,                                                              
  ig     = -1,                                                                 
                                                                               
  ntb    = 2,                                                                  
  ntp = 1, pres0 = 1.0, taup = 2.0,gamma_ln = 2.0,                             
  cut    = 10.0,                                                               
  iwrap  = 1,                                                                  
  barostat = 2,                                                                
                                                                               
  t      = 0.0,                                                                
  dt     = 0.002,                                                              
                                                                               
  temp0  = 300.0,                                                              
  tempi  = 300.0,                                                              
  ntt    = 3,                                                                  
  tautp  = 2.0,                                                                
                                                                               
  ntf    = 1,                                                                  
  ntc    = 2,                                                                  
  iwrap=1, ioutfm=1, ntwv=-1,ntave=1000,                                       
  bar_intervall = 50,                                                          
  icfe = 1, ifsc = 1,                                                          
  timask1=':1,2',                                                              
  timask2=':3',                                                                
  scmask1=':2',                                                                
  scmask2='',                                                                  
  ifmbar = 1,                                                                  
  nstlim = 1000,                                                               
  clambda = 0.5,                                                               
  mbar_states = 10,                                                            
  mbar_lambda = 0.0, 0.0, 0.2, 0.2, 0.5, 0.5, 0.6, 0.6, 1.0, 1.0,              
&end                                                                           
 /                                                                             


Note: ig = -1. Setting random seed to   991059 based on wallclock time in 
      microseconds.
| irandom = 1, using AMBER's internal random number generator (default).
 
|--------------------- INFORMATION ----------------------
| GPU (CUDA) Version of PMEMD in use: NVIDIA GPU IN USE.
|                    Version 18.0.0
| 
|                      03/25/2018
| 
| Implementation by:
|                    Ross C. Walker     (SDSC)
|                    Scott Le Grand     (nVIDIA)
| 
| Version 18 performance extensions by:
|                    David Cerutti     (Rutgers)
| 
| Precision model in use:
|      [SPFP] - Single Precision Forces, 64-bit Fixed Point
|               Accumulation. (Default)
| 
|--------------------------------------------------------
 
|----------------- CITATION INFORMATION -----------------
|
|    When publishing work that utilized the CUDA version
|    of AMBER, please cite the following in addition to
|    the regular AMBER citations:
|
|  - Romelia Salomon-Ferrer; Andreas W. Goetz; Duncan
|    Poole; Scott Le Grand; Ross C. Walker "Routine
|    microsecond molecular dynamics simulations with
|    AMBER - Part II: Particle Mesh Ewald", J. Chem.
|    Theory Comput., 2013, 9 (9), pp3878-3888,
|    DOI: 10.1021/ct400314y.
|
|  - Andreas W. Goetz; Mark J. Williamson; Dong Xu;
|    Duncan Poole; Scott Le Grand; Ross C. Walker
|    "Routine microsecond molecular dynamics simulations
|    with AMBER - Part I: Generalized Born", J. Chem.
|    Theory Comput., 2012, 8 (5), pp1542-1555.
|
|  - Scott Le Grand; Andreas W. Goetz; Ross C. Walker
|    "SPFP: Speed without compromise - a mixed precision
|    model for GPU accelerated molecular dynamics
|    simulations.", Comp. Phys. Comm., 2013, 184
|    pp374-380, DOI: 10.1016/j.cpc.2012.09.022
|
|    When publishing work that utilized the CUDA version
|    of TI, BAR, MBAR or FEP please cite the following 
|    publications in addition to the regular AMBER 
|    GPU citations:
|
|  - Daniel J. Mermelstein; Charles Lin; Gard Nelson; 
|    Rachael Kretsch; J. Andrew McCammon; Ross C. Walker
|    "Fast and Flexible GPU Accelerated Binding 
|    Free Energy Calculations within the AMBER Molecular
|    Dynamics Package" J. Comp. Chem., 2018,
|    DOI: 10.1002/jcc.25187
|
|  - Tai-Sung Lee; Yuan Hu; Brad Sherborne; Zhuyan Guo;
|    Darrin M. York
|    "Toward Fast and Accurate Binding Affinity Prediction with
|    pmemdGTI: An Efficient Implementation of GPU-Accelerated
|    Thermodynamic Integration"
|    J. Chem. Theory Comput., 2017, 13 (7), 3077
|
|
|--------------------------------------------------------
 
|------------------- GPU DEVICE INFO --------------------
|
|            CUDA_VISIBLE_DEVICES: not set
|   CUDA Capable Devices Detected:      8
|           CUDA Device ID in use:      0
|                CUDA Device Name: NVIDIA GeForce RTX 4090
|     CUDA Device Global Mem Size:  24217 MB
| CUDA Device Num Multiprocessors:    128
|           CUDA Device Core Freq:   2.52 GHz
|
|--------------------------------------------------------
 
 
| Conditional Compilation Defines Used:
| PUBFFT
| BINTRAJ
| CUDA
| EMIL

| Largest sphere to fit in unit cell has radius =    17.476

| New format PARM file being parsed.
| Version =    1.000 Date = 08/02/22 Time = 19:36:52

| Note: 1-4 EEL scale factors are being read from the topology file.

| Note: 1-4 VDW scale factors are being read from the topology file.
| Duplicated    0 dihedrals

| Duplicated    0 dihedrals

--------------------------------------------------------------------------------
   1.  RESOURCE   USE: 
--------------------------------------------------------------------------------

 getting new box info from bottom of inpcrd
 NATOM  =    4548 NTYPES =      17 NBONH =    4492 MBONA  =      62
 NTHETH =     105 MTHETA =      88 NPHIH =     188 MPHIA  =     154
 NHPARM =       0 NPARM  =       0 NNB   =    6494 NRES   =    1485
 NBONA  =      62 NTHETA =      88 NPHIA =     154 NUMBND =      22
 NUMANG =      36 NPTRA  =      19 NATYP =      18 NPHB   =       1
 IFBOX  =       1 NMXRS  =      50 IFCAP =       0 NEXTRA =       0
 NCOPY  =       0

| Coordinate Index Table dimensions:     6    6    6
| Direct force subcell size =     5.9139    6.1441    5.8252

     BOX TYPE: RECTILINEAR

--------------------------------------------------------------------------------
   2.  CONTROL  DATA  FOR  THE  RUN
--------------------------------------------------------------------------------

default_name                                                                    

General flags:
     imin    =       0, nmropt  =       0

Nature and format of input:
     ntx     =       5, irest   =       1, ntrx    =       1

Nature and format of output:
     ntxo    =       2, ntpr    =      50, ntrx    =       1, ntwr    =   10000
     iwrap   =       1, ntwx    =   10000, ntwv    =      -1, ntwe    =   10000
     ioutfm  =       1, ntwprt  =       0, idecomp =       0, rbornstat=      0

Potential function:
     ntf     =       1, ntb     =       2, igb     =       0, nsnb    =      25
     ipol    =       0, gbsa    =       0, iesp    =       0
     dielc   =   1.00000, cut     =  10.00000, intdiel =   1.00000

Frozen or restrained atoms:
     ibelly  =       0, ntr     =       0

Molecular dynamics:
     nstlim  =      1000, nscm    =      1000, nrespa  =         1
     t       =   0.00000, dt      =   0.00200, vlimit  =  -1.00000

Langevin dynamics temperature regulation:
     ig      =  991059
     temp0   = 300.00000, tempi   = 300.00000, gamma_ln=   2.00000

Pressure regulation:
     ntp     =       1
     pres0   =   1.00000, comp    =  44.60000, taup    =   2.00000
     Monte-Carlo Barostat:
     mcbarint  =     100

SHAKE:
     ntc     =       2, jfastw  =       0
     tol     =   0.00001

Free energy options:
     icfe    =       1, ifsc    =       1, klambda =       1
     clambda =  0.5000, scalpha =  0.5000, scbeta  = 12.0000
     sceeorder =       2
     dynlmb =  0.0000 logdvdl =       0

FEP MBAR options:
     ifmbar  =       1,  bar_intervall =       50
     mbar_states =      10

| Intermolecular bonds treatment:
|     no_intermolecular_bonds =       1

| Energy averages sample interval:
|     ene_avg_sampling =       1

Ewald parameters:
     verbose =       0, ew_type =       0, nbflag  =       1, use_pme =       1
     vdwmeth =       1, eedmeth =       1, netfrc  =       1
     Box X =   35.483   Box Y =   36.864   Box Z =   34.951
     Alpha =   90.000   Beta  =   90.000   Gamma =   90.000
     NFFT1 =   36       NFFT2 =   40       NFFT3 =   36
     Cutoff=   10.000   Tol   =0.100E-04
     Ewald Coefficient =  0.27511
     Interpolation order =    4
     TI Mask 1 :1,2; matches     52 atoms
     TI Mask 2 :3; matches     50 atoms
     TI region 1:    4498 atoms
     TI region 2:    4496 atoms
     SC Mask 1 :2; matches      2 atoms

    MBAR - lambda values considered:
      10 total:  0.0000 0.0000 0.2000 0.2000 0.5000 0.5000 0.6000 0.6000 1.0000 1.0000
    Extra energies will be computed     20 times.
| MONTE CARLO BAROSTAT IMPORTANT NOTE:
|   The Monte-Carlo barostat does not require the virial to adjust the system volume.
|   Since it is an expensive calculation, it is skipped for efficiency. A side-effect
|   is that the reported pressure is always 0 because it is not calculated.

--------------------------------------------------------------------------------
   3.  ATOMIC COORDINATES AND VELOCITIES
--------------------------------------------------------------------------------

Cpptraj Generated Restart                                                       
 begin time read from input coords =   320.000 ps

 
     Molecule     1 is partially softcore
     Molecule     2 is partially softcore
 Number of triangulated 3-point waters found:     1482
   Removing shake constraints from HX1   LBM   2 -- N26   LAM   1
   Removing shake constraints from H23   LBM   2 -- N26   LAM   1
 Number of shake restraints removed in TI region  1 :        2
 Number of shake restraints removed in TI region  2 :        0

     Sum of charges for TI region  1 =  -0.00249680
     Skip neutralizing charges...


     Sum of charges for TI region  2 =  -0.00299999
     Skip neutralizing charges...

| Dynamic Memory, Types Used:
| Reals              376231
| Integers           194647

| Nonbonded Pairs Initial Allocation:     1375656

| GPU memory information (estimate):
| KB of GPU memory in use:     52148
| KB of CPU memory in use:     28214

--------------------------------------------------------------------------------
   4.  RESULTS
--------------------------------------------------------------------------------

   DOF for the SC part  1 of the system:    6

MBAR Energy analysis:
Energy at 0.0000 =    -14400.936515
Energy at 0.0000 =    -14400.936515
Energy at 0.2000 =    -14437.839268
Energy at 0.2000 =    -14437.839268
Energy at 0.5000 =    -14491.829473
Energy at 0.5000 =    -14491.829473
Energy at 0.6000 =    -14509.705346
Energy at 0.6000 =    -14509.705346
Energy at 1.0000 =    -14581.012570
Energy at 1.0000 =    -14581.012570
 ------------------------------------------------------------------------------


| TI region  1


 NSTEP =       50   TIME(PS) =     320.100  TEMP(K) =   297.84  PRESS =     0.0
 Etot   =    -11820.7553  EKtot   =      2671.0742  EPtot      =    -14491.8295
 BOND   =         6.2262  ANGLE   =        36.9977  DIHED      =        37.1594
 1-4 NB =        14.0668  1-4 EEL =      -484.4853  VDWAALS    =      2084.1140
 EELEC  =    -16185.9083  EHBOND  =         0.0000  RESTRAINT  =         0.0000
 EKCMT  =         0.0000  VIRIAL  =         0.0000  VOLUME     =     45718.8691
                                                    Density    =         0.9845
 DV/DL  =      -178.9361
 ------------------------------------------------------------------------------

  Softcore part of the system:       2 atoms,       TEMP(K)    =         221.78
 SC_Etot=         3.9038  SC_EKtot=         1.3222  SC_EPtot   =         2.5816
 SC_BOND=         0.1270  SC_ANGLE=         1.9425  SC_DIHED   =         0.5121
 SC_14NB=         0.0000  SC_14EEL=         0.0000  SC_VDW     =         0.0000
 SC_EEL =         0.0000
 SC_RES_DIST=     0.0000  SC_RES_ANG=       0.0000  SC_RES_TORS=         0.0000
 SC_EEL_DER=      0.0000  SC_VDW_DER=      -0.5699  SC_DERIV   =        -0.5699
 ------------------------------------------------------------------------------


| TI region  2


 NSTEP =       50   TIME(PS) =     320.100  TEMP(K) =   297.89  PRESS =     0.0
 Etot   =    -11822.0775  EKtot   =      2669.7520  EPtot      =    -14491.8295
 BOND   =         6.2262  ANGLE   =        36.9977  DIHED      =        37.1594
 1-4 NB =        14.0668  1-4 EEL =      -484.4853  VDWAALS    =      2084.1140
 EELEC  =    -16185.9083  EHBOND  =         0.0000  RESTRAINT  =         0.0000
 EKCMT  =         0.0000  VIRIAL  =         0.0000  VOLUME     =     45718.8691
                                                    Density    =         0.9844
 DV/DL  =      -178.9361
 ------------------------------------------------------------------------------


MBAR Energy analysis:
Energy at 0.0000 =    -14411.055192
Energy at 0.0000 =    -14411.055192
Energy at 0.2000 =    -14459.256705
Energy at 0.2000 =    -14459.256705
Energy at 0.5000 =    -14515.682489
Energy at 0.5000 =    -14515.682489
Energy at 0.6000 =    -14533.899466
Energy at 0.6000 =    -14533.899466
Energy at 1.0000 =    -14606.173765
Energy at 1.0000 =    -14606.173765
 ------------------------------------------------------------------------------


| TI region  1


 NSTEP =      100   TIME(PS) =     320.200  TEMP(K) =   303.48  PRESS =     0.0
 Etot   =    -11793.9976  EKtot   =      2721.6848  EPtot      =    -14515.6825
 BOND   =         9.4719  ANGLE   =        32.2870  DIHED      =        41.0049
 1-4 NB =        17.0053  1-4 EEL =      -489.1864  VDWAALS    =      2050.6998
 EELEC  =    -16176.9649  EHBOND  =         0.0000  RESTRAINT  =         0.0000
 EKCMT  =         0.0000  VIRIAL  =         0.0000  VOLUME     =     45718.8691
                                                    Density    =         0.9845
 DV/DL  =      -182.8035
 ------------------------------------------------------------------------------

  Softcore part of the system:       2 atoms,       TEMP(K)    =         405.95
 SC_Etot=         7.8947  SC_EKtot=         2.4201  SC_EPtot   =         5.4746
 SC_BOND=         0.2079  SC_ANGLE=         3.7994  SC_DIHED   =         1.4673
 SC_14NB=         0.0000  SC_14EEL=         0.0000  SC_VDW     =         0.0000
 SC_EEL =         0.0000
 SC_RES_DIST=     0.0000  SC_RES_ANG=       0.0000  SC_RES_TORS=         0.0000
 SC_EEL_DER=      0.0000  SC_VDW_DER=      -1.8210  SC_DERIV   =        -1.8210
 ------------------------------------------------------------------------------


| TI region  2


 NSTEP =      100   TIME(PS) =     320.200  TEMP(K) =   303.41  PRESS =     0.0
 Etot   =    -11796.4178  EKtot   =      2719.2647  EPtot      =    -14515.6825
 BOND   =         9.4719  ANGLE   =        32.2870  DIHED      =        41.0049
 1-4 NB =        17.0053  1-4 EEL =      -489.1864  VDWAALS    =      2050.6998
 EELEC  =    -16176.9649  EHBOND  =         0.0000  RESTRAINT  =         0.0000
 EKCMT  =         0.0000  VIRIAL  =         0.0000  VOLUME     =     45718.8691
                                                    Density    =         0.9844
 DV/DL  =      -182.8035
 ------------------------------------------------------------------------------


MBAR Energy analysis:
Energy at 0.0000 =    -14347.896203
Energy at 0.0000 =    -14347.896203
Energy at 0.2000 =    -14383.597857
Energy at 0.2000 =    -14383.597857
Energy at 0.5000 =    -14437.124729
Energy at 0.5000 =    -14437.124729
Energy at 0.6000 =    -14454.963492
Energy at 0.6000 =    -14454.963492
Energy at 1.0000 =    -14526.313200
Energy at 1.0000 =    -14526.313200
 ------------------------------------------------------------------------------


| TI region  1


 NSTEP =      150   TIME(PS) =     320.300  TEMP(K) =   295.89  PRESS =     0.0
 Etot   =    -11783.5633  EKtot   =      2653.5615  EPtot      =    -14437.1247
 BOND   =         7.3214  ANGLE   =        35.3554  DIHED      =        41.4876
 1-4 NB =        15.2651  1-4 EEL =      -485.6823  VDWAALS    =      2043.0100
 EELEC  =    -16093.8820  EHBOND  =         0.0000  RESTRAINT  =         0.0000
 EKCMT  =         0.0000  VIRIAL  =         0.0000  VOLUME     =     45718.8691
                                                    Density    =         0.9845
 DV/DL  =      -178.3935
 ------------------------------------------------------------------------------

  Softcore part of the system:       2 atoms,       TEMP(K)    =         324.99
 SC_Etot=         5.3953  SC_EKtot=         1.9375  SC_EPtot   =         3.4579
 SC_BOND=         1.0290  SC_ANGLE=         1.9866  SC_DIHED   =         0.4422
 SC_14NB=         0.0000  SC_14EEL=         0.0000  SC_VDW     =         0.0000
 SC_EEL =         0.0000
 SC_RES_DIST=     0.0000  SC_RES_ANG=       0.0000  SC_RES_TORS=         0.0000
 SC_EEL_DER=      0.0000  SC_VDW_DER=      -0.0165  SC_DERIV   =        -0.0165
 ------------------------------------------------------------------------------


| TI region  2


 NSTEP =      150   TIME(PS) =     320.300  TEMP(K) =   295.87  PRESS =     0.0
 Etot   =    -11785.5007  EKtot   =      2651.6240  EPtot      =    -14437.1247
 BOND   =         7.3214  ANGLE   =        35.3554  DIHED      =        41.4876
 1-4 NB =        15.2651  1-4 EEL =      -485.6823  VDWAALS    =      2043.0100
 EELEC  =    -16093.8820  EHBOND  =         0.0000  RESTRAINT  =         0.0000
 EKCMT  =         0.0000  VIRIAL  =         0.0000  VOLUME     =     45718.8691
                                                    Density    =         0.9844
 DV/DL  =      -178.3935
 ------------------------------------------------------------------------------


MBAR Energy analysis:
Energy at 0.0000 =    -14372.450627
Energy at 0.0000 =    -14372.450627
Energy at 0.2000 =    -14406.337820
Energy at 0.2000 =    -14406.337820
Energy at 0.5000 =    -14457.091357
Energy at 0.5000 =    -14457.091357
Energy at 0.6000 =    -14473.998168
Energy at 0.6000 =    -14473.998168
Energy at 1.0000 =    -14541.602060
Energy at 1.0000 =    -14541.602060
 ------------------------------------------------------------------------------


| TI region  1


 NSTEP =      200   TIME(PS) =     320.400  TEMP(K) =   298.78  PRESS =     0.0
 Etot   =    -11777.5697  EKtot   =      2679.5216  EPtot      =    -14457.0914
 BOND   =         9.1093  ANGLE   =        32.9540  DIHED      =        42.6906
 1-4 NB =        14.3213  1-4 EEL =      -491.0257  VDWAALS    =      2037.9723
 EELEC  =    -16103.1132  EHBOND  =         0.0000  RESTRAINT  =         0.0000
 EKCMT  =         0.0000  VIRIAL  =         0.0000  VOLUME     =     45748.2083
                                                    Density    =         0.9838
 DV/DL  =      -169.0877
 ------------------------------------------------------------------------------

  Softcore part of the system:       2 atoms,       TEMP(K)    =         296.65
 SC_Etot=         5.5855  SC_EKtot=         1.7685  SC_EPtot   =         3.8170
 SC_BOND=         2.0383  SC_ANGLE=         0.7638  SC_DIHED   =         1.0148
 SC_14NB=         0.0000  SC_14EEL=         0.0000  SC_VDW     =         0.0000
 SC_EEL =         0.0000
 SC_RES_DIST=     0.0000  SC_RES_ANG=       0.0000  SC_RES_TORS=         0.0000
 SC_EEL_DER=      0.0000  SC_VDW_DER=      -0.0662  SC_DERIV   =        -0.0662
 ------------------------------------------------------------------------------


| TI region  2


 NSTEP =      200   TIME(PS) =     320.400  TEMP(K) =   298.78  PRESS =     0.0
 Etot   =    -11779.3382  EKtot   =      2677.7531  EPtot      =    -14457.0914
 BOND   =         9.1093  ANGLE   =        32.9540  DIHED      =        42.6906
 1-4 NB =        14.3213  1-4 EEL =      -491.0257  VDWAALS    =      2037.9723
 EELEC  =    -16103.1132  EHBOND  =         0.0000  RESTRAINT  =         0.0000
 EKCMT  =         0.0000  VIRIAL  =         0.0000  VOLUME     =     45748.2083
                                                    Density    =         0.9838
 DV/DL  =      -169.0877
 ------------------------------------------------------------------------------


MBAR Energy analysis:
Energy at 0.0000 =    -14368.361187
Energy at 0.0000 =    -14368.361187
Energy at 0.2000 =    -14402.657632
Energy at 0.2000 =    -14402.657632
Energy at 0.5000 =    -14453.603614
Energy at 0.5000 =    -14453.603614
Energy at 0.6000 =    -14470.530059
Energy at 0.6000 =    -14470.530059
Energy at 1.0000 =    -14538.130504
Energy at 1.0000 =    -14538.130504
 ------------------------------------------------------------------------------


| TI region  1


 NSTEP =      250   TIME(PS) =     320.500  TEMP(K) =   298.38  PRESS =     0.0
 Etot   =    -11777.6549  EKtot   =      2675.9488  EPtot      =    -14453.6036
 BOND   =        14.4085  ANGLE   =        28.7831  DIHED      =        41.6708
 1-4 NB =        17.4913  1-4 EEL =      -488.1079  VDWAALS    =      2071.1771
 EELEC  =    -16139.0265  EHBOND  =         0.0000  RESTRAINT  =         0.0000
 EKCMT  =         0.0000  VIRIAL  =         0.0000  VOLUME     =     45748.2083
                                                    Density    =         0.9838
 DV/DL  =      -169.3542
 ------------------------------------------------------------------------------

  Softcore part of the system:       2 atoms,       TEMP(K)    =         404.86
 SC_Etot=         4.1167  SC_EKtot=         2.4136  SC_EPtot   =         1.7031
 SC_BOND=         0.4377  SC_ANGLE=         1.1659  SC_DIHED   =         0.0996
 SC_14NB=         0.0000  SC_14EEL=         0.0000  SC_VDW     =         0.0000
 SC_EEL =         0.0000
 SC_RES_DIST=     0.0000  SC_RES_ANG=       0.0000  SC_RES_TORS=         0.0000
 SC_EEL_DER=      0.0000  SC_VDW_DER=      -0.3004  SC_DERIV   =        -0.3004
 ------------------------------------------------------------------------------


| TI region  2


 NSTEP =      250   TIME(PS) =     320.500  TEMP(K) =   298.31  PRESS =     0.0
 Etot   =    -11780.0684  EKtot   =      2673.5352  EPtot      =    -14453.6036
 BOND   =        14.4085  ANGLE   =        28.7831  DIHED      =        41.6708
 1-4 NB =        17.4913  1-4 EEL =      -488.1079  VDWAALS    =      2071.1771
 EELEC  =    -16139.0265  EHBOND  =         0.0000  RESTRAINT  =         0.0000
 EKCMT  =         0.0000  VIRIAL  =         0.0000  VOLUME     =     45748.2083
                                                    Density    =         0.9838
 DV/DL  =      -169.3542
 ------------------------------------------------------------------------------


MBAR Energy analysis:
Energy at 0.0000 =    -14334.111390
Energy at 0.0000 =    -14334.111390
Energy at 0.2000 =    -14369.117837
Energy at 0.2000 =    -14369.117837
Energy at 0.5000 =    -14421.463002
Energy at 0.5000 =    -14421.463002
Energy at 0.6000 =    -14438.888717
Energy at 0.6000 =    -14438.888717
Energy at 1.0000 =    -14508.541945
Energy at 1.0000 =    -14508.541945
 ------------------------------------------------------------------------------


| TI region  1


 NSTEP =      300   TIME(PS) =     320.600  TEMP(K) =   299.55  PRESS =     0.0
 Etot   =    -11735.0786  EKtot   =      2686.3844  EPtot      =    -14421.4630
 BOND   =        10.9560  ANGLE   =        34.3605  DIHED      =        40.5555
 1-4 NB =        12.9099  1-4 EEL =      -479.7919  VDWAALS    =      2072.5991
 EELEC  =    -16113.0521  EHBOND  =         0.0000  RESTRAINT  =         0.0000
 EKCMT  =         0.0000  VIRIAL  =         0.0000  VOLUME     =     45677.2400
                                                    Density    =         0.9854
 DV/DL  =      -174.2972
 ------------------------------------------------------------------------------

  Softcore part of the system:       2 atoms,       TEMP(K)    =         479.64
 SC_Etot=         4.1443  SC_EKtot=         2.8594  SC_EPtot   =         1.2849
 SC_BOND=         0.0048  SC_ANGLE=         1.1882  SC_DIHED   =         0.0919
 SC_14NB=         0.0000  SC_14EEL=         0.0000  SC_VDW     =         0.0000
 SC_EEL =         0.0000
 SC_RES_DIST=     0.0000  SC_RES_ANG=       0.0000  SC_RES_TORS=         0.0000
 SC_EEL_DER=      0.0000  SC_VDW_DER=      -0.1393  SC_DERIV   =        -0.1393
 ------------------------------------------------------------------------------


| TI region  2


 NSTEP =      300   TIME(PS) =     320.600  TEMP(K) =   299.43  PRESS =     0.0
 Etot   =    -11737.9380  EKtot   =      2683.5250  EPtot      =    -14421.4630
 BOND   =        10.9560  ANGLE   =        34.3605  DIHED      =        40.5555
 1-4 NB =        12.9099  1-4 EEL =      -479.7919  VDWAALS    =      2072.5991
 EELEC  =    -16113.0521  EHBOND  =         0.0000  RESTRAINT  =         0.0000
 EKCMT  =         0.0000  VIRIAL  =         0.0000  VOLUME     =     45677.2400
                                                    Density    =         0.9853
 DV/DL  =      -174.2972
 ------------------------------------------------------------------------------


MBAR Energy analysis:
Energy at 0.0000 =    -14361.741100
Energy at 0.0000 =    -14361.741100
Energy at 0.2000 =    -14401.305766
Energy at 0.2000 =    -14401.305766
Energy at 0.5000 =    -14455.679172
Energy at 0.5000 =    -14455.679172
Energy at 0.6000 =    -14473.512563
Energy at 0.6000 =    -14473.512563
Energy at 1.0000 =    -14544.483484
Energy at 1.0000 =    -14544.483484
 ------------------------------------------------------------------------------


| TI region  1


 NSTEP =      350   TIME(PS) =     320.700  TEMP(K) =   304.45  PRESS =     0.0
 Etot   =    -11725.2735  EKtot   =      2730.4057  EPtot      =    -14455.6792
 BOND   =         9.1308  ANGLE   =        32.1377  DIHED      =        40.5588
 1-4 NB =        17.1910  1-4 EEL =      -487.0880  VDWAALS    =      2117.1862
 EELEC  =    -16184.7957  EHBOND  =         0.0000  RESTRAINT  =         0.0000
 EKCMT  =         0.0000  VIRIAL  =         0.0000  VOLUME     =     45677.2400
                                                    Density    =         0.9854
 DV/DL  =      -178.6956
 ------------------------------------------------------------------------------

  Softcore part of the system:       2 atoms,       TEMP(K)    =          27.16
 SC_Etot=         3.9342  SC_EKtot=         0.1619  SC_EPtot   =         3.7723
 SC_BOND=         0.9922  SC_ANGLE=         1.7941  SC_DIHED   =         0.9861
 SC_14NB=         0.0000  SC_14EEL=         0.0000  SC_VDW     =         0.0000
 SC_EEL =         0.0000
 SC_RES_DIST=     0.0000  SC_RES_ANG=       0.0000  SC_RES_TORS=         0.0000
 SC_EEL_DER=      0.0000  SC_VDW_DER=      -1.0870  SC_DERIV   =        -1.0870
 ------------------------------------------------------------------------------


| TI region  2


 NSTEP =      350   TIME(PS) =     320.700  TEMP(K) =   304.64  PRESS =     0.0
 Etot   =    -11725.4354  EKtot   =      2730.2438  EPtot      =    -14455.6792
 BOND   =         9.1308  ANGLE   =        32.1377  DIHED      =        40.5588
 1-4 NB =        17.1910  1-4 EEL =      -487.0880  VDWAALS    =      2117.1862
 EELEC  =    -16184.7957  EHBOND  =         0.0000  RESTRAINT  =         0.0000
 EKCMT  =         0.0000  VIRIAL  =         0.0000  VOLUME     =     45677.2400
                                                    Density    =         0.9853
 DV/DL  =      -178.6956
 ------------------------------------------------------------------------------


MBAR Energy analysis:
Energy at 0.0000 =    -14340.409936
Energy at 0.0000 =    -14340.409936
Energy at 0.2000 =    -14376.449152
Energy at 0.2000 =    -14376.449152
Energy at 0.5000 =    -14429.734062
Energy at 0.5000 =    -14429.734062
Energy at 0.6000 =    -14447.419325
Energy at 0.6000 =    -14447.419325
Energy at 1.0000 =    -14518.028721
Energy at 1.0000 =    -14518.028721
 ------------------------------------------------------------------------------


| TI region  1


 NSTEP =      400   TIME(PS) =     320.800  TEMP(K) =   294.19  PRESS =     0.0
 Etot   =    -11791.3445  EKtot   =      2638.3895  EPtot      =    -14429.7341
 BOND   =        12.1761  ANGLE   =        36.9826  DIHED      =        43.1581
 1-4 NB =        15.1704  1-4 EEL =      -492.3597  VDWAALS    =      2034.1114
 EELEC  =    -16078.9730  EHBOND  =         0.0000  RESTRAINT  =         0.0000
 EKCMT  =         0.0000  VIRIAL  =         0.0000  VOLUME     =     45677.2400
                                                    Density    =         0.9854
 DV/DL  =      -176.9693
 ------------------------------------------------------------------------------

  Softcore part of the system:       2 atoms,       TEMP(K)    =         303.70
 SC_Etot=         3.6061  SC_EKtot=         1.8105  SC_EPtot   =         1.7955
 SC_BOND=         0.7918  SC_ANGLE=         0.9964  SC_DIHED   =         0.0074
 SC_14NB=         0.0000  SC_14EEL=         0.0000  SC_VDW     =         0.0000
 SC_EEL =         0.0000
 SC_RES_DIST=     0.0000  SC_RES_ANG=       0.0000  SC_RES_TORS=         0.0000
 SC_EEL_DER=      0.0000  SC_VDW_DER=      -0.3800  SC_DERIV   =        -0.3800
 ------------------------------------------------------------------------------


| TI region  2


 NSTEP =      400   TIME(PS) =     320.800  TEMP(K) =   294.19  PRESS =     0.0
 Etot   =    -11793.1551  EKtot   =      2636.5790  EPtot      =    -14429.7341
 BOND   =        12.1761  ANGLE   =        36.9826  DIHED      =        43.1581
 1-4 NB =        15.1704  1-4 EEL =      -492.3597  VDWAALS    =      2034.1114
 EELEC  =    -16078.9730  EHBOND  =         0.0000  RESTRAINT  =         0.0000
 EKCMT  =         0.0000  VIRIAL  =         0.0000  VOLUME     =     45677.2400
                                                    Density    =         0.9853
 DV/DL  =      -176.9693
 ------------------------------------------------------------------------------


MBAR Energy analysis:
Energy at 0.0000 =    -14407.293685
Energy at 0.0000 =    -14407.293685
Energy at 0.2000 =    -14443.776347
Energy at 0.2000 =    -14443.776347
Energy at 0.5000 =    -14498.106703
Energy at 0.5000 =    -14498.106703
Energy at 0.6000 =    -14516.172772
Energy at 0.6000 =    -14516.172772
Energy at 1.0000 =    -14588.354852
Energy at 1.0000 =    -14588.354852
 ------------------------------------------------------------------------------


| TI region  1


 NSTEP =      450   TIME(PS) =     320.900  TEMP(K) =   299.89  PRESS =     0.0
 Etot   =    -11808.6475  EKtot   =      2689.4592  EPtot      =    -14498.1067
 BOND   =        12.8534  ANGLE   =        37.6419  DIHED      =        42.4791
 1-4 NB =        15.1997  1-4 EEL =      -489.2126  VDWAALS    =      2099.0851
 EELEC  =    -16216.1532  EHBOND  =         0.0000  RESTRAINT  =         0.0000
 EKCMT  =         0.0000  VIRIAL  =         0.0000  VOLUME     =     45677.2400
                                                    Density    =         0.9854
 DV/DL  =      -180.7315
 ------------------------------------------------------------------------------

  Softcore part of the system:       2 atoms,       TEMP(K)    =         604.91
 SC_Etot=         5.9662  SC_EKtot=         3.6062  SC_EPtot   =         2.3600
 SC_BOND=         0.0821  SC_ANGLE=         1.9428  SC_DIHED   =         0.3350
 SC_14NB=         0.0000  SC_14EEL=         0.0000  SC_VDW     =         0.0000
 SC_EEL =         0.0000
 SC_RES_DIST=     0.0000  SC_RES_ANG=       0.0000  SC_RES_TORS=         0.0000
 SC_EEL_DER=      0.0000  SC_VDW_DER=      -0.2353  SC_DERIV   =        -0.2353
 ------------------------------------------------------------------------------


| TI region  2


 NSTEP =      450   TIME(PS) =     320.900  TEMP(K) =   299.69  PRESS =     0.0
 Etot   =    -11812.2537  EKtot   =      2685.8530  EPtot      =    -14498.1067
 BOND   =        12.8534  ANGLE   =        37.6419  DIHED      =        42.4791
 1-4 NB =        15.1997  1-4 EEL =      -489.2126  VDWAALS    =      2099.0851
 EELEC  =    -16216.1532  EHBOND  =         0.0000  RESTRAINT  =         0.0000
 EKCMT  =         0.0000  VIRIAL  =         0.0000  VOLUME     =     45677.2400
                                                    Density    =         0.9853
 DV/DL  =      -180.7315
 ------------------------------------------------------------------------------


MBAR Energy analysis:
Energy at 0.0000 =    -14438.603191
Energy at 0.0000 =    -14438.603191
Energy at 0.2000 =    -14476.996220
Energy at 0.2000 =    -14476.996220
Energy at 0.5000 =    -14530.689509
Energy at 0.5000 =    -14530.689509
Energy at 0.6000 =    -14548.337396
Energy at 0.6000 =    -14548.337396
Energy at 1.0000 =    -14618.599840
Energy at 1.0000 =    -14618.599840
 ------------------------------------------------------------------------------


| TI region  1


 NSTEP =      500   TIME(PS) =     321.000  TEMP(K) =   300.05  PRESS =     0.0
 Etot   =    -11839.7739  EKtot   =      2690.9156  EPtot      =    -14530.6895
 BOND   =         7.9511  ANGLE   =        28.9699  DIHED      =        39.3338
 1-4 NB =        17.5675  1-4 EEL =      -491.2182  VDWAALS    =      2041.5537
 EELEC  =    -16174.8472  EHBOND  =         0.0000  RESTRAINT  =         0.0000
 EKCMT  =         0.0000  VIRIAL  =         0.0000  VOLUME     =     45731.1852
                                                    Density    =         0.9842
 DV/DL  =      -176.8007
 ------------------------------------------------------------------------------

  Softcore part of the system:       2 atoms,       TEMP(K)    =         480.14
 SC_Etot=         4.1560  SC_EKtot=         2.8624  SC_EPtot   =         1.2936
 SC_BOND=         0.1842  SC_ANGLE=         0.8406  SC_DIHED   =         0.2688
 SC_14NB=         0.0000  SC_14EEL=         0.0000  SC_VDW     =         0.0000
 SC_EEL =         0.0000
 SC_RES_DIST=     0.0000  SC_RES_ANG=       0.0000  SC_RES_TORS=         0.0000
 SC_EEL_DER=      0.0000  SC_VDW_DER=      -0.9801  SC_DERIV   =        -0.9801
 ------------------------------------------------------------------------------


| TI region  2


 NSTEP =      500   TIME(PS) =     321.000  TEMP(K) =   299.93  PRESS =     0.0
 Etot   =    -11842.6363  EKtot   =      2688.0532  EPtot      =    -14530.6895
 BOND   =         7.9511  ANGLE   =        28.9699  DIHED      =        39.3338
 1-4 NB =        17.5675  1-4 EEL =      -491.2182  VDWAALS    =      2041.5537
 EELEC  =    -16174.8472  EHBOND  =         0.0000  RESTRAINT  =         0.0000
 EKCMT  =         0.0000  VIRIAL  =         0.0000  VOLUME     =     45731.1852
                                                    Density    =         0.9841
 DV/DL  =      -176.8007
 ------------------------------------------------------------------------------


MBAR Energy analysis:
Energy at 0.0000 =    -14353.024477
Energy at 0.0000 =    -14353.024477
Energy at 0.2000 =    -14389.471634
Energy at 0.2000 =    -14389.471634
Energy at 0.5000 =    -14444.035458
Energy at 0.5000 =    -14444.035458
Energy at 0.6000 =    -14462.208816
Energy at 0.6000 =    -14462.208816
Energy at 1.0000 =    -14534.871768
Energy at 1.0000 =    -14534.871768
 ------------------------------------------------------------------------------


| TI region  1


 NSTEP =      550   TIME(PS) =     321.100  TEMP(K) =   300.34  PRESS =     0.0
 Etot   =    -11750.4869  EKtot   =      2693.5486  EPtot      =    -14444.0355
 BOND   =         8.3891  ANGLE   =        32.0890  DIHED      =        36.0813
 1-4 NB =        17.3979  1-4 EEL =      -488.3121  VDWAALS    =      2089.6846
 EELEC  =    -16139.3654  EHBOND  =         0.0000  RESTRAINT  =         0.0000
 EKCMT  =         0.0000  VIRIAL  =         0.0000  VOLUME     =     45731.1852
                                                    Density    =         0.9842
 DV/DL  =      -181.7590
 ------------------------------------------------------------------------------

  Softcore part of the system:       2 atoms,       TEMP(K)    =         496.46
 SC_Etot=         5.8578  SC_EKtot=         2.9597  SC_EPtot   =         2.8981
 SC_BOND=         0.9301  SC_ANGLE=         1.9396  SC_DIHED   =         0.0284
 SC_14NB=         0.0000  SC_14EEL=         0.0000  SC_VDW     =         0.0000
 SC_EEL =         0.0000
 SC_RES_DIST=     0.0000  SC_RES_ANG=       0.0000  SC_RES_TORS=         0.0000
 SC_EEL_DER=      0.0000  SC_VDW_DER=      -0.0864  SC_DERIV   =        -0.0864
 ------------------------------------------------------------------------------


| TI region  2


 NSTEP =      550   TIME(PS) =     321.100  TEMP(K) =   300.21  PRESS =     0.0
 Etot   =    -11753.4465  EKtot   =      2690.5889  EPtot      =    -14444.0355
 BOND   =         8.3891  ANGLE   =        32.0890  DIHED      =        36.0813
 1-4 NB =        17.3979  1-4 EEL =      -488.3121  VDWAALS    =      2089.6846
 EELEC  =    -16139.3654  EHBOND  =         0.0000  RESTRAINT  =         0.0000
 EKCMT  =         0.0000  VIRIAL  =         0.0000  VOLUME     =     45731.1852
                                                    Density    =         0.9841
 DV/DL  =      -181.7590
 ------------------------------------------------------------------------------


MBAR Energy analysis:
Energy at 0.0000 =    -14316.490788
Energy at 0.0000 =    -14316.490788
Energy at 0.2000 =    -14354.880825
Energy at 0.2000 =    -14354.880825
Energy at 0.5000 =    -14412.143574
Energy at 0.5000 =    -14412.143574
Energy at 0.6000 =    -14431.191349
Energy at 0.6000 =    -14431.191349
Energy at 1.0000 =    -14507.301660
Energy at 1.0000 =    -14507.301660
 ------------------------------------------------------------------------------


| TI region  1


 NSTEP =      600   TIME(PS) =     321.200  TEMP(K) =   301.23  PRESS =     0.0
 Etot   =    -11710.6779  EKtot   =      2701.4656  EPtot      =    -14412.1436
 BOND   =        15.9721  ANGLE   =        33.7103  DIHED      =        38.2095
 1-4 NB =        15.0400  1-4 EEL =      -489.6190  VDWAALS    =      2065.3189
 EELEC  =    -16090.7753  EHBOND  =         0.0000  RESTRAINT  =         0.0000
 EKCMT  =         0.0000  VIRIAL  =         0.0000  VOLUME     =     45731.1852
                                                    Density    =         0.9842
 DV/DL  =      -190.5448
 ------------------------------------------------------------------------------

  Softcore part of the system:       2 atoms,       TEMP(K)    =         273.46
 SC_Etot=         8.9420  SC_EKtot=         1.6302  SC_EPtot   =         7.3118
 SC_BOND=         0.4881  SC_ANGLE=         6.0044  SC_DIHED   =         0.8193
 SC_14NB=         0.0000  SC_14EEL=         0.0000  SC_VDW     =         0.0000
 SC_EEL =         0.0000
 SC_RES_DIST=     0.0000  SC_RES_ANG=       0.0000  SC_RES_TORS=         0.0000
 SC_EEL_DER=      0.0000  SC_VDW_DER=      -0.2286  SC_DERIV   =        -0.2286
 ------------------------------------------------------------------------------


| TI region  2


 NSTEP =      600   TIME(PS) =     321.200  TEMP(K) =   301.25  PRESS =     0.0
 Etot   =    -11712.3082  EKtot   =      2699.8354  EPtot      =    -14412.1436
 BOND   =        15.9721  ANGLE   =        33.7103  DIHED      =        38.2095
 1-4 NB =        15.0400  1-4 EEL =      -489.6190  VDWAALS    =      2065.3189
 EELEC  =    -16090.7753  EHBOND  =         0.0000  RESTRAINT  =         0.0000
 EKCMT  =         0.0000  VIRIAL  =         0.0000  VOLUME     =     45731.1852
                                                    Density    =         0.9841
 DV/DL  =      -190.5448
 ------------------------------------------------------------------------------


MBAR Energy analysis:
Energy at 0.0000 =    -14289.365658
Energy at 0.0000 =    -14289.365658
Energy at 0.2000 =    -14328.316970
Energy at 0.2000 =    -14328.316970
Energy at 0.5000 =    -14386.680549
Energy at 0.5000 =    -14386.680549
Energy at 0.6000 =    -14406.125691
Energy at 0.6000 =    -14406.125691
Energy at 1.0000 =    -14483.885691
Energy at 1.0000 =    -14483.885691
 ------------------------------------------------------------------------------


| TI region  1


 NSTEP =      650   TIME(PS) =     321.300  TEMP(K) =   297.85  PRESS =     0.0
 Etot   =    -11715.4682  EKtot   =      2671.2124  EPtot      =    -14386.6805
 BOND   =        12.2530  ANGLE   =        42.2379  DIHED      =        43.1445
 1-4 NB =        17.8878  1-4 EEL =      -493.7472  VDWAALS    =      2099.3916
 EELEC  =    -16107.8481  EHBOND  =         0.0000  RESTRAINT  =         0.0000
 EKCMT  =         0.0000  VIRIAL  =         0.0000  VOLUME     =     45731.1852
                                                    Density    =         0.9842
 DV/DL  =      -194.4683
 ------------------------------------------------------------------------------

  Softcore part of the system:       2 atoms,       TEMP(K)    =         667.74
 SC_Etot=         6.3004  SC_EKtot=         3.9808  SC_EPtot   =         2.3197
 SC_BOND=         0.9305  SC_ANGLE=         1.2553  SC_DIHED   =         0.1339
 SC_14NB=         0.0000  SC_14EEL=         0.0000  SC_VDW     =         0.0000
 SC_EEL =         0.0000
 SC_RES_DIST=     0.0000  SC_RES_ANG=       0.0000  SC_RES_TORS=         0.0000
 SC_EEL_DER=      0.0000  SC_VDW_DER=      -0.0580  SC_DERIV   =        -0.0580
 ------------------------------------------------------------------------------


| TI region  2


 NSTEP =      650   TIME(PS) =     321.300  TEMP(K) =   297.61  PRESS =     0.0
 Etot   =    -11719.4489  EKtot   =      2667.2316  EPtot      =    -14386.6805
 BOND   =        12.2530  ANGLE   =        42.2379  DIHED      =        43.1445
 1-4 NB =        17.8878  1-4 EEL =      -493.7472  VDWAALS    =      2099.3916
 EELEC  =    -16107.8481  EHBOND  =         0.0000  RESTRAINT  =         0.0000
 EKCMT  =         0.0000  VIRIAL  =         0.0000  VOLUME     =     45731.1852
                                                    Density    =         0.9841
 DV/DL  =      -194.4683
 ------------------------------------------------------------------------------


MBAR Energy analysis:
Energy at 0.0000 =    -14243.312231
Energy at 0.0000 =    -14243.312231
Energy at 0.2000 =    -14278.602236
Energy at 0.2000 =    -14278.602236
Energy at 0.5000 =    -14330.964077
Energy at 0.5000 =    -14330.964077
Energy at 0.6000 =    -14348.351794
Energy at 0.6000 =    -14348.351794
Energy at 1.0000 =    -14417.771850
Energy at 1.0000 =    -14417.771850
 ------------------------------------------------------------------------------


| TI region  1


 NSTEP =      700   TIME(PS) =     321.400  TEMP(K) =   293.96  PRESS =     0.0
 Etot   =    -11694.6612  EKtot   =      2636.3029  EPtot      =    -14330.9641
 BOND   =        10.4563  ANGLE   =        42.1623  DIHED      =        41.1125
 1-4 NB =        16.5497  1-4 EEL =      -486.0572  VDWAALS    =      2085.7581
 EELEC  =    -16040.9458  EHBOND  =         0.0000  RESTRAINT  =         0.0000
 EKCMT  =         0.0000  VIRIAL  =         0.0000  VOLUME     =     45731.1852
                                                    Density    =         0.9842
 DV/DL  =      -173.9863
 ------------------------------------------------------------------------------

  Softcore part of the system:       2 atoms,       TEMP(K)    =         338.89
 SC_Etot=         3.7373  SC_EKtot=         2.0203  SC_EPtot   =         1.7170
 SC_BOND=         0.9837  SC_ANGLE=         0.7255  SC_DIHED   =         0.0079
 SC_14NB=         0.0000  SC_14EEL=         0.0000  SC_VDW     =         0.0000
 SC_EEL =         0.0000
 SC_RES_DIST=     0.0000  SC_RES_ANG=       0.0000  SC_RES_TORS=         0.0000
 SC_EEL_DER=      0.0000  SC_VDW_DER=      -0.3708  SC_DERIV   =        -0.3708
 ------------------------------------------------------------------------------


| TI region  2


 NSTEP =      700   TIME(PS) =     321.400  TEMP(K) =   293.93  PRESS =     0.0
 Etot   =    -11696.6815  EKtot   =      2634.2825  EPtot      =    -14330.9641
 BOND   =        10.4563  ANGLE   =        42.1623  DIHED      =        41.1125
 1-4 NB =        16.5497  1-4 EEL =      -486.0572  VDWAALS    =      2085.7581
 EELEC  =    -16040.9458  EHBOND  =         0.0000  RESTRAINT  =         0.0000
 EKCMT  =         0.0000  VIRIAL  =         0.0000  VOLUME     =     45731.1852
                                                    Density    =         0.9841
 DV/DL  =      -173.9863
 ------------------------------------------------------------------------------


MBAR Energy analysis:
Energy at 0.0000 =    -14292.734315
Energy at 0.0000 =    -14292.734315
Energy at 0.2000 =    -14330.015105
Energy at 0.2000 =    -14330.015105
Energy at 0.5000 =    -14384.137558
Energy at 0.5000 =    -14384.137558
Energy at 0.6000 =    -14402.002693
Energy at 0.6000 =    -14402.002693
Energy at 1.0000 =    -14473.157035
Energy at 1.0000 =    -14473.157035
 ------------------------------------------------------------------------------


| TI region  1


 NSTEP =      750   TIME(PS) =     321.500  TEMP(K) =   302.85  PRESS =     0.0
 Etot   =    -11668.0900  EKtot   =      2716.0475  EPtot      =    -14384.1376
 BOND   =        10.5811  ANGLE   =        41.9513  DIHED      =        36.5284
 1-4 NB =        16.3392  1-4 EEL =      -486.0502  VDWAALS    =      2069.0593
 EELEC  =    -16072.5466  EHBOND  =         0.0000  RESTRAINT  =         0.0000
 EKCMT  =         0.0000  VIRIAL  =         0.0000  VOLUME     =     45731.1852
                                                    Density    =         0.9842
 DV/DL  =      -178.9201
 ------------------------------------------------------------------------------

  Softcore part of the system:       2 atoms,       TEMP(K)    =         465.07
 SC_Etot=         7.5047  SC_EKtot=         2.7725  SC_EPtot   =         4.7321
 SC_BOND=         0.1436  SC_ANGLE=         4.0226  SC_DIHED   =         0.5659
 SC_14NB=         0.0000  SC_14EEL=         0.0000  SC_VDW     =         0.0000
 SC_EEL =         0.0000
 SC_RES_DIST=     0.0000  SC_RES_ANG=       0.0000  SC_RES_TORS=         0.0000
 SC_EEL_DER=      0.0000  SC_VDW_DER=      -0.8812  SC_DERIV   =        -0.8812
 ------------------------------------------------------------------------------


| TI region  2


 NSTEP =      750   TIME(PS) =     321.500  TEMP(K) =   302.75  PRESS =     0.0
 Etot   =    -11670.8626  EKtot   =      2713.2750  EPtot      =    -14384.1376
 BOND   =        10.5811  ANGLE   =        41.9513  DIHED      =        36.5284
 1-4 NB =        16.3392  1-4 EEL =      -486.0502  VDWAALS    =      2069.0593
 EELEC  =    -16072.5466  EHBOND  =         0.0000  RESTRAINT  =         0.0000
 EKCMT  =         0.0000  VIRIAL  =         0.0000  VOLUME     =     45731.1852
                                                    Density    =         0.9841
 DV/DL  =      -178.9201
 ------------------------------------------------------------------------------


MBAR Energy analysis:
Energy at 0.0000 =    -14244.241884
Energy at 0.0000 =    -14244.241884
Energy at 0.2000 =    -14280.121958
Energy at 0.2000 =    -14280.121958
Energy at 0.5000 =    -14332.379190
Energy at 0.5000 =    -14332.379190
Energy at 0.6000 =    -14349.646994
Energy at 0.6000 =    -14349.646994
Energy at 1.0000 =    -14418.459390
Energy at 1.0000 =    -14418.459390
 ------------------------------------------------------------------------------


| TI region  1


 NSTEP =      800   TIME(PS) =     321.600  TEMP(K) =   297.56  PRESS =     0.0
 Etot   =    -11663.7671  EKtot   =      2668.6121  EPtot      =    -14332.3792
 BOND   =         6.5979  ANGLE   =        32.3659  DIHED      =        40.5319
 1-4 NB =        15.1737  1-4 EEL =      -480.2668  VDWAALS    =      2054.5743
 EELEC  =    -16001.3561  EHBOND  =         0.0000  RESTRAINT  =         0.0000
 EKCMT  =         0.0000  VIRIAL  =         0.0000  VOLUME     =     45629.3994
                                                    Density    =         0.9864
 DV/DL  =      -172.9074
 ------------------------------------------------------------------------------

  Softcore part of the system:       2 atoms,       TEMP(K)    =         326.10
 SC_Etot=         4.4301  SC_EKtot=         1.9441  SC_EPtot   =         2.4860
 SC_BOND=         0.5786  SC_ANGLE=         0.4570  SC_DIHED   =         1.4504
 SC_14NB=         0.0000  SC_14EEL=         0.0000  SC_VDW     =         0.0000
 SC_EEL =         0.0000
 SC_RES_DIST=     0.0000  SC_RES_ANG=       0.0000  SC_RES_TORS=         0.0000
 SC_EEL_DER=      0.0000  SC_VDW_DER=      -0.7470  SC_DERIV   =        -0.7470
 ------------------------------------------------------------------------------


| TI region  2


 NSTEP =      800   TIME(PS) =     321.600  TEMP(K) =   297.54  PRESS =     0.0
 Etot   =    -11665.7111  EKtot   =      2666.6681  EPtot      =    -14332.3792
 BOND   =         6.5979  ANGLE   =        32.3659  DIHED      =        40.5319
 1-4 NB =        15.1737  1-4 EEL =      -480.2668  VDWAALS    =      2054.5743
 EELEC  =    -16001.3561  EHBOND  =         0.0000  RESTRAINT  =         0.0000
 EKCMT  =         0.0000  VIRIAL  =         0.0000  VOLUME     =     45629.3994
                                                    Density    =         0.9863
 DV/DL  =      -172.9074
 ------------------------------------------------------------------------------


MBAR Energy analysis:
Energy at 0.0000 =    -14291.374234
Energy at 0.0000 =    -14291.374234
Energy at 0.2000 =    -14324.961381
Energy at 0.2000 =    -14324.961381
Energy at 0.5000 =    -14375.229392
Energy at 0.5000 =    -14375.229392
Energy at 0.6000 =    -14391.970409
Energy at 0.6000 =    -14391.970409
Energy at 1.0000 =    -14458.903413
Energy at 1.0000 =    -14458.903413
 ------------------------------------------------------------------------------


| TI region  1


 NSTEP =      850   TIME(PS) =     321.700  TEMP(K) =   303.86  PRESS =     0.0
 Etot   =    -11650.1372  EKtot   =      2725.0922  EPtot      =    -14375.2294
 BOND   =        11.0493  ANGLE   =        32.4244  DIHED      =        36.8212
 1-4 NB =        15.4810  1-4 EEL =      -483.3378  VDWAALS    =      1984.6840
 EELEC  =    -15972.3516  EHBOND  =         0.0000  RESTRAINT  =         0.0000
 EKCMT  =         0.0000  VIRIAL  =         0.0000  VOLUME     =     45629.3994
                                                    Density    =         0.9864
 DV/DL  =      -167.4360
 ------------------------------------------------------------------------------

  Softcore part of the system:       2 atoms,       TEMP(K)    =        1205.12
 SC_Etot=         9.6387  SC_EKtot=         7.1844  SC_EPtot   =         2.4543
 SC_BOND=         0.4384  SC_ANGLE=         0.5107  SC_DIHED   =         1.5052
 SC_14NB=         0.0000  SC_14EEL=         0.0000  SC_VDW     =         0.0000
 SC_EEL =         0.0000
 SC_RES_DIST=     0.0000  SC_RES_ANG=       0.0000  SC_RES_TORS=         0.0000
 SC_EEL_DER=      0.0000  SC_VDW_DER=      -0.0880  SC_DERIV   =        -0.0880
 ------------------------------------------------------------------------------


| TI region  2


 NSTEP =      850   TIME(PS) =     321.700  TEMP(K) =   303.26  PRESS =     0.0
 Etot   =    -11657.3217  EKtot   =      2717.9077  EPtot      =    -14375.2294
 BOND   =        11.0493  ANGLE   =        32.4244  DIHED      =        36.8212
 1-4 NB =        15.4810  1-4 EEL =      -483.3378  VDWAALS    =      1984.6840
 EELEC  =    -15972.3516  EHBOND  =         0.0000  RESTRAINT  =         0.0000
 EKCMT  =         0.0000  VIRIAL  =         0.0000  VOLUME     =     45629.3994
                                                    Density    =         0.9863
 DV/DL  =      -167.4360
 ------------------------------------------------------------------------------


MBAR Energy analysis:
Energy at 0.0000 =    -14273.155233
Energy at 0.0000 =    -14273.155233
Energy at 0.2000 =    -14306.639941
Energy at 0.2000 =    -14306.639941
Energy at 0.5000 =    -14356.801689
Energy at 0.5000 =    -14356.801689
Energy at 0.6000 =    -14373.513084
Energy at 0.6000 =    -14373.513084
Energy at 1.0000 =    -14440.339627
Energy at 1.0000 =    -14440.339627
 ------------------------------------------------------------------------------


| TI region  1


 NSTEP =      900   TIME(PS) =     321.800  TEMP(K) =   301.05  PRESS =     0.0
 Etot   =    -11656.8961  EKtot   =      2699.9056  EPtot      =    -14356.8017
 BOND   =        11.9715  ANGLE   =        33.7402  DIHED      =        39.5728
 1-4 NB =        12.1696  1-4 EEL =      -484.0956  VDWAALS    =      2113.7443
 EELEC  =    -16083.9045  EHBOND  =         0.0000  RESTRAINT  =         0.0000
 EKCMT  =         0.0000  VIRIAL  =         0.0000  VOLUME     =     45629.3994
                                                    Density    =         0.9864
 DV/DL  =      -167.1301
 ------------------------------------------------------------------------------

  Softcore part of the system:       2 atoms,       TEMP(K)    =         259.30
 SC_Etot=         5.3512  SC_EKtot=         1.5459  SC_EPtot   =         3.8054
 SC_BOND=         2.6401  SC_ANGLE=         0.5977  SC_DIHED   =         0.5676
 SC_14NB=         0.0000  SC_14EEL=         0.0000  SC_VDW     =         0.0000
 SC_EEL =         0.0000
 SC_RES_DIST=     0.0000  SC_RES_ANG=       0.0000  SC_RES_TORS=         0.0000
 SC_EEL_DER=      0.0000  SC_VDW_DER=      -0.0542  SC_DERIV   =        -0.0542
 ------------------------------------------------------------------------------


| TI region  2


 NSTEP =      900   TIME(PS) =     321.800  TEMP(K) =   301.08  PRESS =     0.0
 Etot   =    -11658.4420  EKtot   =      2698.3597  EPtot      =    -14356.8017
 BOND   =        11.9715  ANGLE   =        33.7402  DIHED      =        39.5728
 1-4 NB =        12.1696  1-4 EEL =      -484.0956  VDWAALS    =      2113.7443
 EELEC  =    -16083.9045  EHBOND  =         0.0000  RESTRAINT  =         0.0000
 EKCMT  =         0.0000  VIRIAL  =         0.0000  VOLUME     =     45629.3994
                                                    Density    =         0.9863
 DV/DL  =      -167.1301
 ------------------------------------------------------------------------------


MBAR Energy analysis:
Energy at 0.0000 =    -14232.877940
Energy at 0.0000 =    -14232.877940
Energy at 0.2000 =    -14267.931279
Energy at 0.2000 =    -14267.931279
Energy at 0.5000 =    -14320.383074
Energy at 0.5000 =    -14320.383074
Energy at 0.6000 =    -14337.848987
Energy at 0.6000 =    -14337.848987
Energy at 1.0000 =    -14407.673100
Energy at 1.0000 =    -14407.673100
 ------------------------------------------------------------------------------


| TI region  1


 NSTEP =      950   TIME(PS) =     321.900  TEMP(K) =   296.37  PRESS =     0.0
 Etot   =    -11662.4699  EKtot   =      2657.9132  EPtot      =    -14320.3831
 BOND   =        11.7383  ANGLE   =        33.5496  DIHED      =        39.5591
 1-4 NB =        15.8498  1-4 EEL =      -484.8877  VDWAALS    =      2008.8554
 EELEC  =    -15945.0476  EHBOND  =         0.0000  RESTRAINT  =         0.0000
 EKCMT  =         0.0000  VIRIAL  =         0.0000  VOLUME     =     45629.3994
                                                    Density    =         0.9864
 DV/DL  =      -174.6911
 ------------------------------------------------------------------------------

  Softcore part of the system:       2 atoms,       TEMP(K)    =         342.86
 SC_Etot=         5.1955  SC_EKtot=         2.0440  SC_EPtot   =         3.1515
 SC_BOND=         1.6895  SC_ANGLE=         1.3578  SC_DIHED   =         0.1043
 SC_14NB=         0.0000  SC_14EEL=         0.0000  SC_VDW     =         0.0000
 SC_EEL =         0.0000
 SC_RES_DIST=     0.0000  SC_RES_ANG=       0.0000  SC_RES_TORS=         0.0000
 SC_EEL_DER=      0.0000  SC_VDW_DER=      -0.1111  SC_DERIV   =        -0.1111
 ------------------------------------------------------------------------------


| TI region  2


 NSTEP =      950   TIME(PS) =     321.900  TEMP(K) =   296.34  PRESS =     0.0
 Etot   =    -11664.5139  EKtot   =      2655.8692  EPtot      =    -14320.3831
 BOND   =        11.7383  ANGLE   =        33.5496  DIHED      =        39.5591
 1-4 NB =        15.8498  1-4 EEL =      -484.8877  VDWAALS    =      2008.8554
 EELEC  =    -15945.0476  EHBOND  =         0.0000  RESTRAINT  =         0.0000
 EKCMT  =         0.0000  VIRIAL  =         0.0000  VOLUME     =     45629.3994
                                                    Density    =         0.9863
 DV/DL  =      -174.6911
 ------------------------------------------------------------------------------


MBAR Energy analysis:
Energy at 0.0000 =    -14279.007094
Energy at 0.0000 =    -14279.007094
Energy at 0.2000 =    -14313.613146
Energy at 0.2000 =    -14313.613146
Energy at 0.5000 =    -14364.825117
Energy at 0.5000 =    -14364.825117
Energy at 0.6000 =    -14381.825418
Energy at 0.6000 =    -14381.825418
Energy at 1.0000 =    -14449.703959
Energy at 1.0000 =    -14449.703959
 ------------------------------------------------------------------------------


| TI region  1


 NSTEP =     1000   TIME(PS) =     322.000  TEMP(K) =   303.73  PRESS =     0.0
 Etot   =    -11640.8967  EKtot   =      2723.9284  EPtot      =    -14364.8251
 BOND   =        12.4914  ANGLE   =        38.4113  DIHED      =        36.4686
 1-4 NB =        15.0388  1-4 EEL =      -491.1779  VDWAALS    =      1983.4600
 EELEC  =    -15959.5173  EHBOND  =         0.0000  RESTRAINT  =         0.0000
 EKCMT  =         0.0000  VIRIAL  =         0.0000  VOLUME     =     45629.3994
                                                    Density    =         0.9864
 DV/DL  =      -170.1114
 ------------------------------------------------------------------------------

  Softcore part of the system:       2 atoms,       TEMP(K)    =         316.00
 SC_Etot=         4.7199  SC_EKtot=         1.8839  SC_EPtot   =         2.8360
 SC_BOND=         0.9376  SC_ANGLE=         1.6060  SC_DIHED   =         0.2925
 SC_14NB=         0.0000  SC_14EEL=         0.0000  SC_VDW     =         0.0000
 SC_EEL =         0.0000
 SC_RES_DIST=     0.0000  SC_RES_ANG=       0.0000  SC_RES_TORS=         0.0000
 SC_EEL_DER=      0.0000  SC_VDW_DER=      -0.3537  SC_DERIV   =        -0.3537
 ------------------------------------------------------------------------------


| TI region  2


 NSTEP =     1000   TIME(PS) =     322.000  TEMP(K) =   303.72  PRESS =     0.0
 Etot   =    -11642.7806  EKtot   =      2722.0445  EPtot      =    -14364.8251
 BOND   =        12.4914  ANGLE   =        38.4113  DIHED      =        36.4686
 1-4 NB =        15.0388  1-4 EEL =      -491.1779  VDWAALS    =      1983.4600
 EELEC  =    -15959.5173  EHBOND  =         0.0000  RESTRAINT  =         0.0000
 EKCMT  =         0.0000  VIRIAL  =         0.0000  VOLUME     =     45629.3994
                                                    Density    =         0.9863
 DV/DL  =      -170.1114
 ------------------------------------------------------------------------------

|===============================================================================

| TI region  1


      A V E R A G E S   O V E R    1000 S T E P S


 NSTEP =     1000   TIME(PS) =     322.000  TEMP(K) =   299.22  PRESS =     0.0
 Etot   =    -11738.7249  EKtot   =      2683.4295  EPtot      =    -14422.1544
 BOND   =        11.3034  ANGLE   =        34.6312  DIHED      =        39.5775
 1-4 NB =        15.8715  1-4 EEL =      -489.1226  VDWAALS    =      2057.3451
 EELEC  =    -16091.7603  EHBOND  =         0.0000  RESTRAINT  =         0.0000
 EKCMT  =         0.0000  VIRIAL  =         0.0000  VOLUME     =     45699.1886
                                                    Density    =         0.9849
 DV/DL  =      -178.1121
 ------------------------------------------------------------------------------

  Softcore part of the system:       2 atoms,       TEMP(K)    =         393.64
 SC_Etot=         5.7157  SC_EKtot=         2.3467  SC_EPtot   =         3.3690
 SC_BOND=         0.9506  SC_ANGLE=         1.9202  SC_DIHED   =         0.4981
 SC_14NB=         0.0000  SC_14EEL=         0.0000  SC_VDW     =         0.0000
 SC_EEL =         0.0000
 SC_RES_DIST=     0.0000  SC_RES_ANG=       0.0000  SC_RES_TORS=         0.0000
 SC_EEL_DER=      0.0000  SC_VDW_DER=      -0.4866  SC_DERIV   =        -0.4866
 ------------------------------------------------------------------------------


      R M S  F L U C T U A T I O N S


 NSTEP =     1000   TIME(PS) =     322.000  TEMP(K) =     4.07  PRESS =     0.0
 Etot   =        61.1148  EKtot   =        36.5116  EPtot      =        52.9932
 BOND   =         2.8794  ANGLE   =         4.2345  DIHED      =         2.1297
 1-4 NB =         1.3095  1-4 EEL =         4.6446  VDWAALS    =        37.7944
 EELEC  =        72.9658  EHBOND  =         0.0000  RESTRAINT  =         0.0000
 EKCMT  =         0.0000  VIRIAL  =         0.0000  VOLUME     =        41.2290
                                                    Density    =         0.0009
 DV/DL  =         7.6197
 ------------------------------------------------------------------------------

  Softcore part of the system:       2 atoms,       TEMP(K)    =         206.69
 SC_Etot=         1.6900  SC_EKtot=         1.2322  SC_EPtot   =         1.4006
 SC_BOND=         0.7838  SC_ANGLE=         1.0727  SC_DIHED   =         0.4360
 SC_14NB=         0.0000  SC_14EEL=         0.0000  SC_VDW     =         0.0000
 SC_EEL =         0.0000
 SC_RES_DIST=     0.0000  SC_RES_ANG=       0.0000  SC_RES_TORS=         0.0000
 SC_EEL_DER=      0.0000  SC_VDW_DER=       0.5768  SC_DERIV   =         0.5768
 ------------------------------------------------------------------------------


| TI region  2


      A V E R A G E S   O V E R    1000 S T E P S


 NSTEP =     1000   TIME(PS) =     322.000  TEMP(K) =   299.15  PRESS =     0.0
 Etot   =    -11741.0716  EKtot   =      2681.0827  EPtot      =    -14422.1544
 BOND   =        11.3034  ANGLE   =        34.6312  DIHED      =        39.5775
 1-4 NB =        15.8715  1-4 EEL =      -489.1226  VDWAALS    =      2057.3451
 EELEC  =    -16091.7603  EHBOND  =         0.0000  RESTRAINT  =         0.0000
 EKCMT  =         0.0000  VIRIAL  =         0.0000  VOLUME     =     45699.1886
                                                    Density    =         0.9848
 DV/DL  =      -178.1121
 ------------------------------------------------------------------------------


      R M S  F L U C T U A T I O N S


 NSTEP =     1000   TIME(PS) =     322.000  TEMP(K) =     4.04  PRESS =     0.0
 Etot   =        60.8569  EKtot   =        36.2356  EPtot      =        52.9932
 BOND   =         2.8794  ANGLE   =         4.2345  DIHED      =         2.1297
 1-4 NB =         1.3095  1-4 EEL =         4.6446  VDWAALS    =        37.7944
 EELEC  =        72.9658  EHBOND  =         0.0000  RESTRAINT  =         0.0000
 EKCMT  =         0.0000  VIRIAL  =         0.0000  VOLUME     =        41.2290
                                                    Density    =         0.0009
 DV/DL  =         7.6197
 ------------------------------------------------------------------------------


      DV/DL, AVERAGES OVER    1000 STEPS


 NSTEP =     1000   TIME(PS) =     322.000  TEMP(K) =     4.04  PRESS =     0.0
 Etot   =         0.0000  EKtot   =         0.0000  EPtot      =      -176.3574
 BOND   =         0.0000  ANGLE   =         0.0000  DIHED      =         0.0000
 1-4 NB =        -0.0674  1-4 EEL =      -205.3399  VDWAALS    =        -0.1956
 EELEC  =        27.9775  EHBOND  =         0.0000  RESTRAINT  =         0.0000
 EKCMT  =         0.0000  VIRIAL  =         0.0000  VOLUME     =         0.0000
                                                    Density    =         0.0000
 DV/DL  =      -176.3574
 ------------------------------------------------------------------------------

|===============================================================================

| TI region  1


      A V E R A G E S   O V E R    1000 S T E P S


 NSTEP =     1000   TIME(PS) =     322.000  TEMP(K) =   299.22  PRESS =     0.0
 Etot   =    -11738.7249  EKtot   =      2683.4295  EPtot      =    -14422.1544
 BOND   =        11.3034  ANGLE   =        34.6312  DIHED      =        39.5775
 1-4 NB =        15.8715  1-4 EEL =      -489.1226  VDWAALS    =      2057.3451
 EELEC  =    -16091.7603  EHBOND  =         0.0000  RESTRAINT  =         0.0000
 EKCMT  =         0.0000  VIRIAL  =         0.0000  VOLUME     =     45699.1886
                                                    Density    =         0.9849
 DV/DL  =      -178.1121
 ------------------------------------------------------------------------------

  Softcore part of the system:       2 atoms,       TEMP(K)    =         393.64
 SC_Etot=         5.7157  SC_EKtot=         2.3467  SC_EPtot   =         3.3690
 SC_BOND=         0.9506  SC_ANGLE=         1.9202  SC_DIHED   =         0.4981
 SC_14NB=         0.0000  SC_14EEL=         0.0000  SC_VDW     =         0.0000
 SC_EEL =         0.0000
 SC_RES_DIST=     0.0000  SC_RES_ANG=       0.0000  SC_RES_TORS=         0.0000
 SC_EEL_DER=      0.0000  SC_VDW_DER=      -0.4866  SC_DERIV   =        -0.4866
 ------------------------------------------------------------------------------


      R M S  F L U C T U A T I O N S


 NSTEP =     1000   TIME(PS) =     322.000  TEMP(K) =     4.07  PRESS =     0.0
 Etot   =        61.1148  EKtot   =        36.5116  EPtot      =        52.9932
 BOND   =         2.8794  ANGLE   =         4.2345  DIHED      =         2.1297
 1-4 NB =         1.3095  1-4 EEL =         4.6446  VDWAALS    =        37.7944
 EELEC  =        72.9658  EHBOND  =         0.0000  RESTRAINT  =         0.0000
 EKCMT  =         0.0000  VIRIAL  =         0.0000  VOLUME     =        41.2290
                                                    Density    =         0.0009
 DV/DL  =         7.6197
 ------------------------------------------------------------------------------

  Softcore part of the system:       2 atoms,       TEMP(K)    =         206.69
 SC_Etot=         1.6900  SC_EKtot=         1.2322  SC_EPtot   =         1.4006
 SC_BOND=         0.7838  SC_ANGLE=         1.0727  SC_DIHED   =         0.4360
 SC_14NB=         0.0000  SC_14EEL=         0.0000  SC_VDW     =         0.0000
 SC_EEL =         0.0000
 SC_RES_DIST=     0.0000  SC_RES_ANG=       0.0000  SC_RES_TORS=         0.0000
 SC_EEL_DER=      0.0000  SC_VDW_DER=       0.5768  SC_DERIV   =         0.5768
 ------------------------------------------------------------------------------


| TI region  2


      A V E R A G E S   O V E R    1000 S T E P S


 NSTEP =     1000   TIME(PS) =     322.000  TEMP(K) =   299.15  PRESS =     0.0
 Etot   =    -11741.0716  EKtot   =      2681.0827  EPtot      =    -14422.1544
 BOND   =        11.3034  ANGLE   =        34.6312  DIHED      =        39.5775
 1-4 NB =        15.8715  1-4 EEL =      -489.1226  VDWAALS    =      2057.3451
 EELEC  =    -16091.7603  EHBOND  =         0.0000  RESTRAINT  =         0.0000
 EKCMT  =         0.0000  VIRIAL  =         0.0000  VOLUME     =     45699.1886
                                                    Density    =         0.9848
 DV/DL  =      -178.1121
 ------------------------------------------------------------------------------


      R M S  F L U C T U A T I O N S


 NSTEP =     1000   TIME(PS) =     322.000  TEMP(K) =     4.04  PRESS =     0.0
 Etot   =        60.8569  EKtot   =        36.2356  EPtot      =        52.9932
 BOND   =         2.8794  ANGLE   =         4.2345  DIHED      =         2.1297
 1-4 NB =         1.3095  1-4 EEL =         4.6446  VDWAALS    =        37.7944
 EELEC  =        72.9658  EHBOND  =         0.0000  RESTRAINT  =         0.0000
 EKCMT  =         0.0000  VIRIAL  =         0.0000  VOLUME     =        41.2290
                                                    Density    =         0.0009
 DV/DL  =         7.6197
 ------------------------------------------------------------------------------


      DV/DL, AVERAGES OVER    1000 STEPS


 NSTEP =     1000   TIME(PS) =     322.000  TEMP(K) =     4.04  PRESS =     0.0
 Etot   =         0.0000  EKtot   =         0.0000  EPtot      =      -176.3574
 BOND   =         0.0000  ANGLE   =         0.0000  DIHED      =         0.0000
 1-4 NB =        -0.0674  1-4 EEL =      -205.3399  VDWAALS    =        -0.1956
 EELEC  =        27.9775  EHBOND  =         0.0000  RESTRAINT  =         0.0000
 EKCMT  =         0.0000  VIRIAL  =         0.0000  VOLUME     =         0.0000
                                                    Density    =         0.0000
 DV/DL  =      -176.3574
 ------------------------------------------------------------------------------

| MC Barostat:         10 volume changes attempted.
| MC Barostat:          4 changes successful ( 40.00%)
 ------------------------------------------------------------------------------

--------------------------------------------------------------------------------
   5.  TIMINGS
--------------------------------------------------------------------------------

|  NonSetup CPU Time in Major Routines:
|
|     Routine           Sec        %
|     ------------------------------
|     Nonbond           0.30   79.97
|     Bond              0.00    0.00
|     Angle             0.00    0.00
|     Dihedral          0.00    0.00
|     Shake             0.00    0.77
|     RunMD             0.07   17.81
|     Other             0.01    1.44
|     ------------------------------
|     Total             0.37

|  PME Nonbond Pairlist CPU Time:
|
|     Routine              Sec        %
|     ---------------------------------
|     Set Up Cit           0.00    0.00
|     Build List           0.00    0.00
|     ---------------------------------
|     Total                0.00    0.00

|  PME Direct Force CPU Time:
|
|     Routine              Sec        %
|     ---------------------------------
|     NonBonded Calc       0.00    0.00
|     Exclude Masked       0.00    0.00
|     Other                0.00    0.45
|     ---------------------------------
|     Total                0.00    0.45

|  PME Reciprocal Force CPU Time:
|
|     Routine              Sec        %
|     ---------------------------------
|     1D bspline           0.00    0.00
|     Grid Charges         0.00    0.00
|     Scalar Sum           0.00    0.00
|     Gradient Sum         0.00    0.00
|     FFT                  0.00    0.00
|     ---------------------------------
|     Total                0.00    0.00

|  Final Performance Info:
|     -----------------------------------------------------
|     Average timings for last     950 steps:
|     Elapsed(s) =       0.36 Per Step(ms) =       0.38
|         ns/day =     452.30   seconds/ns =     191.02
|
|     Average timings for all steps:
|     Elapsed(s) =       0.39 Per Step(ms) =       0.39
|         ns/day =     448.03   seconds/ns =     192.84
|     -----------------------------------------------------

|  Setup CPU time:            1.16 seconds
|  NonSetup CPU time:         0.37 seconds
|  Total CPU time:            1.53 seconds     0.00 hours

|  Setup wall time:           1    seconds
|  NonSetup wall time:        1    seconds
|  Total wall time:           2    seconds     0.00 hours
