
          -------------------------------------------------------
          Amber 20 PMEMD                              2020
          -------------------------------------------------------

| PMEMD implementation of SANDER, Release 18

|  Compiled date/time: Tue Apr 28 09:19:54 2020
| Run on 09/12/2024 at 01:49:21

|   Executable path: pmemd.cuda_SPFP
| Working directory: /nfs/zli_gpu2/bin/developed_softwares/test_car/car/car/example/0.0_0.5_0.5
|          Hostname: compute-0-8

  [-O]verwriting output

File Assignments:
|   MDIN: prod1.in                                                              
|  MDOUT: prod1.out                                                             
| INPCRD: prev_cen.rst                                                          
|   PARM: ../lM2A.prmtop                                                        
| RESTRT: prod1.rst                                                             
|   REFC: refc                                                                  
|  MDVEL: mdvel                                                                 
|   MDEN: mden                                                                  
|  MDCRD: prod1.netcdf                                                          
| MDINFO: prod1.mdinfo                                                          
|  MDFRC: mdfrc                                                                 


 Here is the input file:

NVT MD w/No position restraints and PME (sander)                               
 &cntrl                                                                        
  ntx    = 5,                                                                  
  irest  = 1,                                                                  
  ntpr   = 50,                                                                 
  ntwx   = 10000,                                                              
  ntwe   = 10000,                                                              
  ntwr   = 10000,                                                              
  ig     = -1,                                                                 
                                                                               
  ntb    = 2,                                                                  
  ntp = 1, pres0 = 1.0, taup = 2.0,gamma_ln = 2.0,                             
  cut    = 10.0,                                                               
  iwrap  = 1,                                                                  
  barostat = 2,                                                                
                                                                               
  t      = 0.0,                                                                
  dt     = 0.002,                                                              
                                                                               
  temp0  = 300.0,                                                              
  tempi  = 300.0,                                                              
  ntt    = 3,                                                                  
  tautp  = 2.0,                                                                
                                                                               
  ntf    = 1,                                                                  
  ntc    = 2,                                                                  
  iwrap=1, ioutfm=1, ntwv=-1,ntave=1000,                                       
  bar_intervall = 50,                                                          
  icfe = 1, ifsc = 1,                                                          
  timask1=':1,2',                                                              
  timask2=':3',                                                                
  scmask1=':2',                                                                
  scmask2='',                                                                  
  ifmbar = 1,                                                                  
  nstlim = 1000,                                                               
  clambda = 0.5,                                                               
  mbar_states = 10,                                                            
  mbar_lambda = 0.0, 0.0, 0.2, 0.2, 0.5, 0.5, 0.6, 0.6, 1.0, 1.0,              
&end                                                                           
 /                                                                             


Note: ig = -1. Setting random seed to   743136 based on wallclock time in 
      microseconds.
| irandom = 1, using AMBER's internal random number generator (default).
 
|--------------------- INFORMATION ----------------------
| GPU (CUDA) Version of PMEMD in use: NVIDIA GPU IN USE.
|                    Version 18.0.0
| 
|                      03/25/2018
| 
| Implementation by:
|                    Ross C. Walker     (SDSC)
|                    Scott Le Grand     (nVIDIA)
| 
| Version 18 performance extensions by:
|                    David Cerutti     (Rutgers)
| 
| Precision model in use:
|      [SPFP] - Single Precision Forces, 64-bit Fixed Point
|               Accumulation. (Default)
| 
|--------------------------------------------------------
 
|----------------- CITATION INFORMATION -----------------
|
|    When publishing work that utilized the CUDA version
|    of AMBER, please cite the following in addition to
|    the regular AMBER citations:
|
|  - Romelia Salomon-Ferrer; Andreas W. Goetz; Duncan
|    Poole; Scott Le Grand; Ross C. Walker "Routine
|    microsecond molecular dynamics simulations with
|    AMBER - Part II: Particle Mesh Ewald", J. Chem.
|    Theory Comput., 2013, 9 (9), pp3878-3888,
|    DOI: 10.1021/ct400314y.
|
|  - Andreas W. Goetz; Mark J. Williamson; Dong Xu;
|    Duncan Poole; Scott Le Grand; Ross C. Walker
|    "Routine microsecond molecular dynamics simulations
|    with AMBER - Part I: Generalized Born", J. Chem.
|    Theory Comput., 2012, 8 (5), pp1542-1555.
|
|  - Scott Le Grand; Andreas W. Goetz; Ross C. Walker
|    "SPFP: Speed without compromise - a mixed precision
|    model for GPU accelerated molecular dynamics
|    simulations.", Comp. Phys. Comm., 2013, 184
|    pp374-380, DOI: 10.1016/j.cpc.2012.09.022
|
|    When publishing work that utilized the CUDA version
|    of TI, BAR, MBAR or FEP please cite the following 
|    publications in addition to the regular AMBER 
|    GPU citations:
|
|  - Daniel J. Mermelstein; Charles Lin; Gard Nelson; 
|    Rachael Kretsch; J. Andrew McCammon; Ross C. Walker
|    "Fast and Flexible GPU Accelerated Binding 
|    Free Energy Calculations within the AMBER Molecular
|    Dynamics Package" J. Comp. Chem., 2018,
|    DOI: 10.1002/jcc.25187
|
|  - Tai-Sung Lee; Yuan Hu; Brad Sherborne; Zhuyan Guo;
|    Darrin M. York
|    "Toward Fast and Accurate Binding Affinity Prediction with
|    pmemdGTI: An Efficient Implementation of GPU-Accelerated
|    Thermodynamic Integration"
|    J. Chem. Theory Comput., 2017, 13 (7), 3077
|
|
|--------------------------------------------------------
 
|------------------- GPU DEVICE INFO --------------------
|
|            CUDA_VISIBLE_DEVICES: not set
|   CUDA Capable Devices Detected:      8
|           CUDA Device ID in use:      0
|                CUDA Device Name: NVIDIA GeForce RTX 4090
|     CUDA Device Global Mem Size:  24217 MB
| CUDA Device Num Multiprocessors:    128
|           CUDA Device Core Freq:   2.52 GHz
|
|--------------------------------------------------------
 
 
| Conditional Compilation Defines Used:
| PUBFFT
| BINTRAJ
| CUDA
| EMIL

| Largest sphere to fit in unit cell has radius =    17.440

| New format PARM file being parsed.
| Version =    1.000 Date = 08/02/22 Time = 19:36:52

| Note: 1-4 EEL scale factors are being read from the topology file.

| Note: 1-4 VDW scale factors are being read from the topology file.
| Duplicated    0 dihedrals

| Duplicated    0 dihedrals

--------------------------------------------------------------------------------
   1.  RESOURCE   USE: 
--------------------------------------------------------------------------------

 getting new box info from bottom of inpcrd
 NATOM  =    4548 NTYPES =      17 NBONH =    4492 MBONA  =      62
 NTHETH =     105 MTHETA =      88 NPHIH =     188 MPHIA  =     154
 NHPARM =       0 NPARM  =       0 NNB   =    6494 NRES   =    1485
 NBONA  =      62 NTHETA =      88 NPHIA =     154 NUMBND =      22
 NUMANG =      36 NPTRA  =      19 NATYP =      18 NPHB   =       1
 IFBOX  =       1 NMXRS  =      50 IFCAP =       0 NEXTRA =       0
 NCOPY  =       0

| Coordinate Index Table dimensions:     6    6    6
| Direct force subcell size =     5.9017    6.1314    5.8132

     BOX TYPE: RECTILINEAR

--------------------------------------------------------------------------------
   2.  CONTROL  DATA  FOR  THE  RUN
--------------------------------------------------------------------------------

default_name                                                                    

General flags:
     imin    =       0, nmropt  =       0

Nature and format of input:
     ntx     =       5, irest   =       1, ntrx    =       1

Nature and format of output:
     ntxo    =       2, ntpr    =      50, ntrx    =       1, ntwr    =   10000
     iwrap   =       1, ntwx    =   10000, ntwv    =      -1, ntwe    =   10000
     ioutfm  =       1, ntwprt  =       0, idecomp =       0, rbornstat=      0

Potential function:
     ntf     =       1, ntb     =       2, igb     =       0, nsnb    =      25
     ipol    =       0, gbsa    =       0, iesp    =       0
     dielc   =   1.00000, cut     =  10.00000, intdiel =   1.00000

Frozen or restrained atoms:
     ibelly  =       0, ntr     =       0

Molecular dynamics:
     nstlim  =      1000, nscm    =      1000, nrespa  =         1
     t       =   0.00000, dt      =   0.00200, vlimit  =  -1.00000

Langevin dynamics temperature regulation:
     ig      =  743136
     temp0   = 300.00000, tempi   = 300.00000, gamma_ln=   2.00000

Pressure regulation:
     ntp     =       1
     pres0   =   1.00000, comp    =  44.60000, taup    =   2.00000
     Monte-Carlo Barostat:
     mcbarint  =     100

SHAKE:
     ntc     =       2, jfastw  =       0
     tol     =   0.00001

Free energy options:
     icfe    =       1, ifsc    =       1, klambda =       1
     clambda =  0.5000, scalpha =  0.5000, scbeta  = 12.0000
     sceeorder =       2
     dynlmb =  0.0000 logdvdl =       0

FEP MBAR options:
     ifmbar  =       1,  bar_intervall =       50
     mbar_states =      10

| Intermolecular bonds treatment:
|     no_intermolecular_bonds =       1

| Energy averages sample interval:
|     ene_avg_sampling =       1

Ewald parameters:
     verbose =       0, ew_type =       0, nbflag  =       1, use_pme =       1
     vdwmeth =       1, eedmeth =       1, netfrc  =       1
     Box X =   35.410   Box Y =   36.788   Box Z =   34.879
     Alpha =   90.000   Beta  =   90.000   Gamma =   90.000
     NFFT1 =   36       NFFT2 =   40       NFFT3 =   36
     Cutoff=   10.000   Tol   =0.100E-04
     Ewald Coefficient =  0.27511
     Interpolation order =    4
     TI Mask 1 :1,2; matches     52 atoms
     TI Mask 2 :3; matches     50 atoms
     TI region 1:    4498 atoms
     TI region 2:    4496 atoms
     SC Mask 1 :2; matches      2 atoms

    MBAR - lambda values considered:
      10 total:  0.0000 0.0000 0.2000 0.2000 0.5000 0.5000 0.6000 0.6000 1.0000 1.0000
    Extra energies will be computed     20 times.
| MONTE CARLO BAROSTAT IMPORTANT NOTE:
|   The Monte-Carlo barostat does not require the virial to adjust the system volume.
|   Since it is an expensive calculation, it is skipped for efficiency. A side-effect
|   is that the reported pressure is always 0 because it is not calculated.

--------------------------------------------------------------------------------
   3.  ATOMIC COORDINATES AND VELOCITIES
--------------------------------------------------------------------------------

Cpptraj Generated Restart                                                       
 begin time read from input coords =   310.000 ps

 
     Molecule     1 is partially softcore
     Molecule     2 is partially softcore
 Number of triangulated 3-point waters found:     1482
   Removing shake constraints from HX1   LBM   2 -- N26   LAM   1
   Removing shake constraints from H23   LBM   2 -- N26   LAM   1
 Number of shake restraints removed in TI region  1 :        2
 Number of shake restraints removed in TI region  2 :        0

     Sum of charges for TI region  1 =  -0.00249680
     Skip neutralizing charges...


     Sum of charges for TI region  2 =  -0.00299999
     Skip neutralizing charges...

| Dynamic Memory, Types Used:
| Reals              376231
| Integers           194647

| Nonbonded Pairs Initial Allocation:     1375656

| GPU memory information (estimate):
| KB of GPU memory in use:     52148
| KB of CPU memory in use:     28214

--------------------------------------------------------------------------------
   4.  RESULTS
--------------------------------------------------------------------------------

   DOF for the SC part  1 of the system:    6

MBAR Energy analysis:
Energy at 0.0000 =    -14341.426603
Energy at 0.0000 =    -14341.426603
Energy at 0.2000 =    -14385.535948
Energy at 0.2000 =    -14385.535948
Energy at 0.5000 =    -14441.385756
Energy at 0.5000 =    -14441.385756
Energy at 0.6000 =    -14459.525116
Energy at 0.6000 =    -14459.525116
Energy at 1.0000 =    -14531.540258
Energy at 1.0000 =    -14531.540258
 ------------------------------------------------------------------------------


| TI region  1


 NSTEP =       50   TIME(PS) =     310.100  TEMP(K) =   299.63  PRESS =     0.0
 Etot   =    -11754.2112  EKtot   =      2687.1745  EPtot      =    -14441.3858
 BOND   =        14.6920  ANGLE   =        43.4451  DIHED      =        36.3276
 1-4 NB =        14.4295  1-4 EEL =      -493.0213  VDWAALS    =      2144.3252
 EELEC  =    -16201.5839  EHBOND  =         0.0000  RESTRAINT  =         0.0000
 EKCMT  =         0.0000  VIRIAL  =         0.0000  VOLUME     =     45436.5418
                                                    Density    =         0.9906
 DV/DL  =      -181.9476
 ------------------------------------------------------------------------------

  Softcore part of the system:       2 atoms,       TEMP(K)    =         365.29
 SC_Etot=         6.5841  SC_EKtot=         2.1777  SC_EPtot   =         4.4064
 SC_BOND=         2.2114  SC_ANGLE=         1.8259  SC_DIHED   =         0.3691
 SC_14NB=         0.0000  SC_14EEL=         0.0000  SC_VDW     =         0.0000
 SC_EEL =         0.0000
 SC_RES_DIST=     0.0000  SC_RES_ANG=       0.0000  SC_RES_TORS=         0.0000
 SC_EEL_DER=      0.0000  SC_VDW_DER=      -1.6386  SC_DERIV   =        -1.6386
 ------------------------------------------------------------------------------


| TI region  2


 NSTEP =       50   TIME(PS) =     310.100  TEMP(K) =   299.59  PRESS =     0.0
 Etot   =    -11756.3889  EKtot   =      2684.9968  EPtot      =    -14441.3858
 BOND   =        14.6920  ANGLE   =        43.4451  DIHED      =        36.3276
 1-4 NB =        14.4295  1-4 EEL =      -493.0213  VDWAALS    =      2144.3252
 EELEC  =    -16201.5839  EHBOND  =         0.0000  RESTRAINT  =         0.0000
 EKCMT  =         0.0000  VIRIAL  =         0.0000  VOLUME     =     45436.5418
                                                    Density    =         0.9905
 DV/DL  =      -181.9476
 ------------------------------------------------------------------------------


MBAR Energy analysis:
Energy at 0.0000 =    -14369.521497
Energy at 0.0000 =    -14369.521497
Energy at 0.2000 =    -14409.094223
Energy at 0.2000 =    -14409.094223
Energy at 0.5000 =    -14465.247318
Energy at 0.5000 =    -14465.247318
Energy at 0.6000 =    -14483.728861
Energy at 0.6000 =    -14483.728861
Energy at 1.0000 =    -14557.309986
Energy at 1.0000 =    -14557.309986
 ------------------------------------------------------------------------------


| TI region  1


 NSTEP =      100   TIME(PS) =     310.200  TEMP(K) =   306.24  PRESS =     0.0
 Etot   =    -11718.8606  EKtot   =      2746.3867  EPtot      =    -14465.2473
 BOND   =        10.0500  ANGLE   =        33.6196  DIHED      =        42.4568
 1-4 NB =        16.2771  1-4 EEL =      -492.1459  VDWAALS    =      2136.5913
 EELEC  =    -16212.0962  EHBOND  =         0.0000  RESTRAINT  =         0.0000
 EKCMT  =         0.0000  VIRIAL  =         0.0000  VOLUME     =     45544.9542
                                                    Density    =         0.9882
 DV/DL  =      -185.1391
 ------------------------------------------------------------------------------

  Softcore part of the system:       2 atoms,       TEMP(K)    =         311.73
 SC_Etot=         3.6723  SC_EKtot=         1.8584  SC_EPtot   =         1.8139
 SC_BOND=         0.2328  SC_ANGLE=         1.3891  SC_DIHED   =         0.1920
 SC_14NB=         0.0000  SC_14EEL=         0.0000  SC_VDW     =         0.0000
 SC_EEL =         0.0000
 SC_RES_DIST=     0.0000  SC_RES_ANG=       0.0000  SC_RES_TORS=         0.0000
 SC_EEL_DER=      0.0000  SC_VDW_DER=      -1.0137  SC_DERIV   =        -1.0137
 ------------------------------------------------------------------------------


| TI region  2


 NSTEP =      100   TIME(PS) =     310.200  TEMP(K) =   306.23  PRESS =     0.0
 Etot   =    -11720.7190  EKtot   =      2744.5284  EPtot      =    -14465.2473
 BOND   =        10.0500  ANGLE   =        33.6196  DIHED      =        42.4568
 1-4 NB =        16.2771  1-4 EEL =      -492.1459  VDWAALS    =      2136.5913
 EELEC  =    -16212.0962  EHBOND  =         0.0000  RESTRAINT  =         0.0000
 EKCMT  =         0.0000  VIRIAL  =         0.0000  VOLUME     =     45544.9542
                                                    Density    =         0.9881
 DV/DL  =      -185.1391
 ------------------------------------------------------------------------------


MBAR Energy analysis:
Energy at 0.0000 =    -14341.382614
Energy at 0.0000 =    -14341.382614
Energy at 0.2000 =    -14379.346298
Energy at 0.2000 =    -14379.346298
Energy at 0.5000 =    -14433.256907
Energy at 0.5000 =    -14433.256907
Energy at 0.6000 =    -14450.970517
Energy at 0.6000 =    -14450.970517
Energy at 1.0000 =    -14521.422578
Energy at 1.0000 =    -14521.422578
 ------------------------------------------------------------------------------


| TI region  1


 NSTEP =      150   TIME(PS) =     310.300  TEMP(K) =   302.26  PRESS =     0.0
 Etot   =    -11722.4862  EKtot   =      2710.7707  EPtot      =    -14433.2569
 BOND   =        10.4899  ANGLE   =        36.0729  DIHED      =        41.0021
 1-4 NB =        14.3704  1-4 EEL =      -492.5346  VDWAALS    =      2088.4907
 EELEC  =    -16131.1483  EHBOND  =         0.0000  RESTRAINT  =         0.0000
 EKCMT  =         0.0000  VIRIAL  =         0.0000  VOLUME     =     45544.9542
                                                    Density    =         0.9882
 DV/DL  =      -177.5045
 ------------------------------------------------------------------------------

  Softcore part of the system:       2 atoms,       TEMP(K)    =         403.85
 SC_Etot=         5.8552  SC_EKtot=         2.4076  SC_EPtot   =         3.4476
 SC_BOND=         1.5053  SC_ANGLE=         1.8829  SC_DIHED   =         0.0594
 SC_14NB=         0.0000  SC_14EEL=         0.0000  SC_VDW     =         0.0000
 SC_EEL =         0.0000
 SC_RES_DIST=     0.0000  SC_RES_ANG=       0.0000  SC_RES_TORS=         0.0000
 SC_EEL_DER=      0.0000  SC_VDW_DER=      -1.1732  SC_DERIV   =        -1.1732
 ------------------------------------------------------------------------------


| TI region  2


 NSTEP =      150   TIME(PS) =     310.300  TEMP(K) =   302.20  PRESS =     0.0
 Etot   =    -11724.8938  EKtot   =      2708.3631  EPtot      =    -14433.2569
 BOND   =        10.4899  ANGLE   =        36.0729  DIHED      =        41.0021
 1-4 NB =        14.3704  1-4 EEL =      -492.5346  VDWAALS    =      2088.4907
 EELEC  =    -16131.1483  EHBOND  =         0.0000  RESTRAINT  =         0.0000
 EKCMT  =         0.0000  VIRIAL  =         0.0000  VOLUME     =     45544.9542
                                                    Density    =         0.9881
 DV/DL  =      -177.5045
 ------------------------------------------------------------------------------


MBAR Energy analysis:
Energy at 0.0000 =    -14359.553525
Energy at 0.0000 =    -14359.553525
Energy at 0.2000 =    -14393.383831
Energy at 0.2000 =    -14393.383831
Energy at 0.5000 =    -14443.512674
Energy at 0.5000 =    -14443.512674
Energy at 0.6000 =    -14460.155671
Energy at 0.6000 =    -14460.155671
Energy at 1.0000 =    -14526.603519
Energy at 1.0000 =    -14526.603519
 ------------------------------------------------------------------------------


| TI region  1


 NSTEP =      200   TIME(PS) =     310.400  TEMP(K) =   302.61  PRESS =     0.0
 Etot   =    -11729.6853  EKtot   =      2713.8274  EPtot      =    -14443.5127
 BOND   =         8.5633  ANGLE   =        29.9894  DIHED      =        39.2037
 1-4 NB =        14.4807  1-4 EEL =      -482.2836  VDWAALS    =      2067.7530
 EELEC  =    -16121.2192  EHBOND  =         0.0000  RESTRAINT  =         0.0000
 EKCMT  =         0.0000  VIRIAL  =         0.0000  VOLUME     =     45413.2989
                                                    Density    =         0.9911
 DV/DL  =      -166.5363
 ------------------------------------------------------------------------------

  Softcore part of the system:       2 atoms,       TEMP(K)    =         376.48
 SC_Etot=         3.0564  SC_EKtot=         2.2444  SC_EPtot   =         0.8119
 SC_BOND=         0.0804  SC_ANGLE=         0.6094  SC_DIHED   =         0.1222
 SC_14NB=         0.0000  SC_14EEL=         0.0000  SC_VDW     =         0.0000
 SC_EEL =         0.0000
 SC_RES_DIST=     0.0000  SC_RES_ANG=       0.0000  SC_RES_TORS=         0.0000
 SC_EEL_DER=      0.0000  SC_VDW_DER=      -0.3546  SC_DERIV   =        -0.3546
 ------------------------------------------------------------------------------


| TI region  2


 NSTEP =      200   TIME(PS) =     310.400  TEMP(K) =   302.56  PRESS =     0.0
 Etot   =    -11731.9297  EKtot   =      2711.5830  EPtot      =    -14443.5127
 BOND   =         8.5633  ANGLE   =        29.9894  DIHED      =        39.2037
 1-4 NB =        14.4807  1-4 EEL =      -482.2836  VDWAALS    =      2067.7530
 EELEC  =    -16121.2192  EHBOND  =         0.0000  RESTRAINT  =         0.0000
 EKCMT  =         0.0000  VIRIAL  =         0.0000  VOLUME     =     45413.2989
                                                    Density    =         0.9910
 DV/DL  =      -166.5363
 ------------------------------------------------------------------------------


MBAR Energy analysis:
Energy at 0.0000 =    -14345.496360
Energy at 0.0000 =    -14345.496360
Energy at 0.2000 =    -14380.634740
Energy at 0.2000 =    -14380.634740
Energy at 0.5000 =    -14433.005443
Energy at 0.5000 =    -14433.005443
Energy at 0.6000 =    -14450.422532
Energy at 0.6000 =    -14450.422532
Energy at 1.0000 =    -14520.012952
Energy at 1.0000 =    -14520.012952
 ------------------------------------------------------------------------------


| TI region  1


 NSTEP =      250   TIME(PS) =     310.500  TEMP(K) =   299.07  PRESS =     0.0
 Etot   =    -11750.8479  EKtot   =      2682.1575  EPtot      =    -14433.0054
 BOND   =        10.7663  ANGLE   =        22.1881  DIHED      =        35.8908
 1-4 NB =        16.8391  1-4 EEL =      -484.1945  VDWAALS    =      2094.7418
 EELEC  =    -16129.2369  EHBOND  =         0.0000  RESTRAINT  =         0.0000
 EKCMT  =         0.0000  VIRIAL  =         0.0000  VOLUME     =     45413.2989
                                                    Density    =         0.9911
 DV/DL  =      -174.2366
 ------------------------------------------------------------------------------

  Softcore part of the system:       2 atoms,       TEMP(K)    =         535.69
 SC_Etot=         4.6150  SC_EKtot=         3.1935  SC_EPtot   =         1.4214
 SC_BOND=         0.0902  SC_ANGLE=         1.1949  SC_DIHED   =         0.1363
 SC_14NB=         0.0000  SC_14EEL=         0.0000  SC_VDW     =         0.0000
 SC_EEL =         0.0000
 SC_RES_DIST=     0.0000  SC_RES_ANG=       0.0000  SC_RES_TORS=         0.0000
 SC_EEL_DER=      0.0000  SC_VDW_DER=      -0.2216  SC_DERIV   =        -0.2216
 ------------------------------------------------------------------------------


| TI region  2


 NSTEP =      250   TIME(PS) =     310.500  TEMP(K) =   298.92  PRESS =     0.0
 Etot   =    -11754.0415  EKtot   =      2678.9640  EPtot      =    -14433.0054
 BOND   =        10.7663  ANGLE   =        22.1881  DIHED      =        35.8908
 1-4 NB =        16.8391  1-4 EEL =      -484.1945  VDWAALS    =      2094.7418
 EELEC  =    -16129.2369  EHBOND  =         0.0000  RESTRAINT  =         0.0000
 EKCMT  =         0.0000  VIRIAL  =         0.0000  VOLUME     =     45413.2989
                                                    Density    =         0.9910
 DV/DL  =      -174.2366
 ------------------------------------------------------------------------------


MBAR Energy analysis:
Energy at 0.0000 =    -14340.326009
Energy at 0.0000 =    -14340.326009
Energy at 0.2000 =    -14376.286355
Energy at 0.2000 =    -14376.286355
Energy at 0.5000 =    -14430.026454
Energy at 0.5000 =    -14430.026454
Energy at 0.6000 =    -14447.913808
Energy at 0.6000 =    -14447.913808
Energy at 1.0000 =    -14519.408999
Energy at 1.0000 =    -14519.408999
 ------------------------------------------------------------------------------


| TI region  1


 NSTEP =      300   TIME(PS) =     310.600  TEMP(K) =   300.74  PRESS =     0.0
 Etot   =    -11732.9147  EKtot   =      2697.1118  EPtot      =    -14430.0265
 BOND   =         9.0612  ANGLE   =        25.4695  DIHED      =        37.8975
 1-4 NB =        15.1006  1-4 EEL =      -477.0420  VDWAALS    =      2193.0441
 EELEC  =    -16233.5574  EHBOND  =         0.0000  RESTRAINT  =         0.0000
 EKCMT  =         0.0000  VIRIAL  =         0.0000  VOLUME     =     45413.2989
                                                    Density    =         0.9911
 DV/DL  =      -178.9182
 ------------------------------------------------------------------------------

  Softcore part of the system:       2 atoms,       TEMP(K)    =         181.22
 SC_Etot=         4.2572  SC_EKtot=         1.0803  SC_EPtot   =         3.1769
 SC_BOND=         0.3892  SC_ANGLE=         1.6393  SC_DIHED   =         1.1484
 SC_14NB=         0.0000  SC_14EEL=         0.0000  SC_VDW     =         0.0000
 SC_EEL =         0.0000
 SC_RES_DIST=     0.0000  SC_RES_ANG=       0.0000  SC_RES_TORS=         0.0000
 SC_EEL_DER=      0.0000  SC_VDW_DER=      -0.1531  SC_DERIV   =        -0.1531
 ------------------------------------------------------------------------------


| TI region  2


 NSTEP =      300   TIME(PS) =     310.600  TEMP(K) =   300.82  PRESS =     0.0
 Etot   =    -11733.9950  EKtot   =      2696.0315  EPtot      =    -14430.0265
 BOND   =         9.0612  ANGLE   =        25.4695  DIHED      =        37.8975
 1-4 NB =        15.1006  1-4 EEL =      -477.0420  VDWAALS    =      2193.0441
 EELEC  =    -16233.5574  EHBOND  =         0.0000  RESTRAINT  =         0.0000
 EKCMT  =         0.0000  VIRIAL  =         0.0000  VOLUME     =     45413.2989
                                                    Density    =         0.9910
 DV/DL  =      -178.9182
 ------------------------------------------------------------------------------


MBAR Energy analysis:
Energy at 0.0000 =    -14346.275581
Energy at 0.0000 =    -14346.275581
Energy at 0.2000 =    -14380.885699
Energy at 0.2000 =    -14380.885699
Energy at 0.5000 =    -14432.322193
Energy at 0.5000 =    -14432.322193
Energy at 0.6000 =    -14449.411502
Energy at 0.6000 =    -14449.411502
Energy at 1.0000 =    -14517.658516
Energy at 1.0000 =    -14517.658516
 ------------------------------------------------------------------------------


| TI region  1


 NSTEP =      350   TIME(PS) =     310.700  TEMP(K) =   301.32  PRESS =     0.0
 Etot   =    -11730.0373  EKtot   =      2702.2849  EPtot      =    -14432.3222
 BOND   =         9.9807  ANGLE   =        28.6149  DIHED      =        37.9427
 1-4 NB =        18.0654  1-4 EEL =      -489.4314  VDWAALS    =      2116.1458
 EELEC  =    -16153.6403  EHBOND  =         0.0000  RESTRAINT  =         0.0000
 EKCMT  =         0.0000  VIRIAL  =         0.0000  VOLUME     =     45413.2989
                                                    Density    =         0.9911
 DV/DL  =      -170.9857
 ------------------------------------------------------------------------------

  Softcore part of the system:       2 atoms,       TEMP(K)    =         294.68
 SC_Etot=         4.0448  SC_EKtot=         1.7568  SC_EPtot   =         2.2880
 SC_BOND=         0.2793  SC_ANGLE=         0.4906  SC_DIHED   =         1.5181
 SC_14NB=         0.0000  SC_14EEL=         0.0000  SC_VDW     =         0.0000
 SC_EEL =         0.0000
 SC_RES_DIST=     0.0000  SC_RES_ANG=       0.0000  SC_RES_TORS=         0.0000
 SC_EEL_DER=      0.0000  SC_VDW_DER=      -0.3130  SC_DERIV   =        -0.3130
 ------------------------------------------------------------------------------


| TI region  2


 NSTEP =      350   TIME(PS) =     310.700  TEMP(K) =   301.32  PRESS =     0.0
 Etot   =    -11731.7941  EKtot   =      2700.5281  EPtot      =    -14432.3222
 BOND   =         9.9807  ANGLE   =        28.6149  DIHED      =        37.9427
 1-4 NB =        18.0654  1-4 EEL =      -489.4314  VDWAALS    =      2116.1458
 EELEC  =    -16153.6403  EHBOND  =         0.0000  RESTRAINT  =         0.0000
 EKCMT  =         0.0000  VIRIAL  =         0.0000  VOLUME     =     45413.2989
                                                    Density    =         0.9910
 DV/DL  =      -170.9857
 ------------------------------------------------------------------------------


MBAR Energy analysis:
Energy at 0.0000 =    -14397.866046
Energy at 0.0000 =    -14397.866046
Energy at 0.2000 =    -14433.354346
Energy at 0.2000 =    -14433.354346
Energy at 0.5000 =    -14486.149611
Energy at 0.5000 =    -14486.149611
Energy at 0.6000 =    -14503.691920
Energy at 0.6000 =    -14503.691920
Energy at 1.0000 =    -14573.742066
Energy at 1.0000 =    -14573.742066
 ------------------------------------------------------------------------------


| TI region  1


 NSTEP =      400   TIME(PS) =     310.800  TEMP(K) =   304.65  PRESS =     0.0
 Etot   =    -11754.0005  EKtot   =      2732.1491  EPtot      =    -14486.1496
 BOND   =         7.4769  ANGLE   =        25.8790  DIHED      =        41.5868
 1-4 NB =        14.9204  1-4 EEL =      -485.2780  VDWAALS    =      2091.3347
 EELEC  =    -16182.0694  EHBOND  =         0.0000  RESTRAINT  =         0.0000
 EKCMT  =         0.0000  VIRIAL  =         0.0000  VOLUME     =     45487.2306
                                                    Density    =         0.9895
 DV/DL  =      -175.5196
 ------------------------------------------------------------------------------

  Softcore part of the system:       2 atoms,       TEMP(K)    =         274.92
 SC_Etot=         3.1598  SC_EKtot=         1.6390  SC_EPtot   =         1.5208
 SC_BOND=         0.6724  SC_ANGLE=         0.7566  SC_DIHED   =         0.0918
 SC_14NB=         0.0000  SC_14EEL=         0.0000  SC_VDW     =         0.0000
 SC_EEL =         0.0000
 SC_RES_DIST=     0.0000  SC_RES_ANG=       0.0000  SC_RES_TORS=         0.0000
 SC_EEL_DER=      0.0000  SC_VDW_DER=      -0.3346  SC_DERIV   =        -0.3346
 ------------------------------------------------------------------------------


| TI region  2


 NSTEP =      400   TIME(PS) =     310.800  TEMP(K) =   304.67  PRESS =     0.0
 Etot   =    -11755.6395  EKtot   =      2730.5101  EPtot      =    -14486.1496
 BOND   =         7.4769  ANGLE   =        25.8790  DIHED      =        41.5868
 1-4 NB =        14.9204  1-4 EEL =      -485.2780  VDWAALS    =      2091.3347
 EELEC  =    -16182.0694  EHBOND  =         0.0000  RESTRAINT  =         0.0000
 EKCMT  =         0.0000  VIRIAL  =         0.0000  VOLUME     =     45487.2306
                                                    Density    =         0.9894
 DV/DL  =      -175.5196
 ------------------------------------------------------------------------------


MBAR Energy analysis:
Energy at 0.0000 =    -14380.365456
Energy at 0.0000 =    -14380.365456
Energy at 0.2000 =    -14417.461816
Energy at 0.2000 =    -14417.461816
Energy at 0.5000 =    -14473.101286
Energy at 0.5000 =    -14473.101286
Energy at 0.6000 =    -14491.647620
Energy at 0.6000 =    -14491.647620
Energy at 1.0000 =    -14565.836796
Energy at 1.0000 =    -14565.836796
 ------------------------------------------------------------------------------


| TI region  1


 NSTEP =      450   TIME(PS) =     310.900  TEMP(K) =   301.43  PRESS =     0.0
 Etot   =    -11769.7985  EKtot   =      2703.3028  EPtot      =    -14473.1013
 BOND   =         8.1607  ANGLE   =        31.8199  DIHED      =        38.2330
 1-4 NB =        16.1959  1-4 EEL =      -486.7269  VDWAALS    =      2106.9307
 EELEC  =    -16187.7146  EHBOND  =         0.0000  RESTRAINT  =         0.0000
 EKCMT  =         0.0000  VIRIAL  =         0.0000  VOLUME     =     45487.2306
                                                    Density    =         0.9895
 DV/DL  =      -185.4626
 ------------------------------------------------------------------------------

  Softcore part of the system:       2 atoms,       TEMP(K)    =         195.17
 SC_Etot=         2.6520  SC_EKtot=         1.1635  SC_EPtot   =         1.4885
 SC_BOND=         0.8428  SC_ANGLE=         0.5581  SC_DIHED   =         0.0876
 SC_14NB=         0.0000  SC_14EEL=         0.0000  SC_VDW     =         0.0000
 SC_EEL =         0.0000
 SC_RES_DIST=     0.0000  SC_RES_ANG=       0.0000  SC_RES_TORS=         0.0000
 SC_EEL_DER=      0.0000  SC_VDW_DER=       0.0084  SC_DERIV   =         0.0084
 ------------------------------------------------------------------------------


| TI region  2


 NSTEP =      450   TIME(PS) =     310.900  TEMP(K) =   301.50  PRESS =     0.0
 Etot   =    -11770.9620  EKtot   =      2702.1393  EPtot      =    -14473.1013
 BOND   =         8.1607  ANGLE   =        31.8199  DIHED      =        38.2330
 1-4 NB =        16.1959  1-4 EEL =      -486.7269  VDWAALS    =      2106.9307
 EELEC  =    -16187.7146  EHBOND  =         0.0000  RESTRAINT  =         0.0000
 EKCMT  =         0.0000  VIRIAL  =         0.0000  VOLUME     =     45487.2306
                                                    Density    =         0.9894
 DV/DL  =      -185.4626
 ------------------------------------------------------------------------------


MBAR Energy analysis:
Energy at 0.0000 =    -14424.133056
Energy at 0.0000 =    -14424.133056
Energy at 0.2000 =    -14460.500133
Energy at 0.2000 =    -14460.500133
Energy at 0.5000 =    -14514.569621
Energy at 0.5000 =    -14514.569621
Energy at 0.6000 =    -14532.541113
Energy at 0.6000 =    -14532.541113
Energy at 1.0000 =    -14604.333707
Energy at 1.0000 =    -14604.333707
 ------------------------------------------------------------------------------


| TI region  1


 NSTEP =      500   TIME(PS) =     311.000  TEMP(K) =   298.39  PRESS =     0.0
 Etot   =    -11838.5334  EKtot   =      2676.0362  EPtot      =    -14514.5696
 BOND   =         9.5032  ANGLE   =        29.5830  DIHED      =        39.1024
 1-4 NB =        11.6703  1-4 EEL =      -484.3299  VDWAALS    =      2091.0769
 EELEC  =    -16211.1755  EHBOND  =         0.0000  RESTRAINT  =         0.0000
 EKCMT  =         0.0000  VIRIAL  =         0.0000  VOLUME     =     45473.0130
                                                    Density    =         0.9898
 DV/DL  =      -179.7965
 ------------------------------------------------------------------------------

  Softcore part of the system:       2 atoms,       TEMP(K)    =         329.65
 SC_Etot=         3.8507  SC_EKtot=         1.9652  SC_EPtot   =         1.8855
 SC_BOND=         0.6877  SC_ANGLE=         1.1635  SC_DIHED   =         0.0342
 SC_14NB=         0.0000  SC_14EEL=         0.0000  SC_VDW     =         0.0000
 SC_EEL =         0.0000
 SC_RES_DIST=     0.0000  SC_RES_ANG=       0.0000  SC_RES_TORS=         0.0000
 SC_EEL_DER=      0.0000  SC_VDW_DER=      -0.2683  SC_DERIV   =        -0.2683
 ------------------------------------------------------------------------------


| TI region  2


 NSTEP =      500   TIME(PS) =     311.000  TEMP(K) =   298.37  PRESS =     0.0
 Etot   =    -11840.4986  EKtot   =      2674.0710  EPtot      =    -14514.5696
 BOND   =         9.5032  ANGLE   =        29.5830  DIHED      =        39.1024
 1-4 NB =        11.6703  1-4 EEL =      -484.3299  VDWAALS    =      2091.0769
 EELEC  =    -16211.1755  EHBOND  =         0.0000  RESTRAINT  =         0.0000
 EKCMT  =         0.0000  VIRIAL  =         0.0000  VOLUME     =     45473.0130
                                                    Density    =         0.9897
 DV/DL  =      -179.7965
 ------------------------------------------------------------------------------


MBAR Energy analysis:
Energy at 0.0000 =    -14378.699761
Energy at 0.0000 =    -14378.699761
Energy at 0.2000 =    -14415.098070
Energy at 0.2000 =    -14415.098070
Energy at 0.5000 =    -14466.865493
Energy at 0.5000 =    -14466.865493
Energy at 0.6000 =    -14483.884607
Energy at 0.6000 =    -14483.884607
Energy at 1.0000 =    -14551.594372
Energy at 1.0000 =    -14551.594372
 ------------------------------------------------------------------------------


| TI region  1


 NSTEP =      550   TIME(PS) =     311.100  TEMP(K) =   292.08  PRESS =     0.0
 Etot   =    -11847.3914  EKtot   =      2619.4741  EPtot      =    -14466.8655
 BOND   =         6.9936  ANGLE   =        26.5013  DIHED      =        37.0083
 1-4 NB =        15.6106  1-4 EEL =      -482.4954  VDWAALS    =      2166.8551
 EELEC  =    -16237.3389  EHBOND  =         0.0000  RESTRAINT  =         0.0000
 EKCMT  =         0.0000  VIRIAL  =         0.0000  VOLUME     =     45473.0130
                                                    Density    =         0.9898
 DV/DL  =      -170.5289
 ------------------------------------------------------------------------------

  Softcore part of the system:       2 atoms,       TEMP(K)    =         130.86
 SC_Etot=         2.0203  SC_EKtot=         0.7802  SC_EPtot   =         1.2401
 SC_BOND=         0.0824  SC_ANGLE=         0.9664  SC_DIHED   =         0.1913
 SC_14NB=         0.0000  SC_14EEL=         0.0000  SC_VDW     =         0.0000
 SC_EEL =         0.0000
 SC_RES_DIST=     0.0000  SC_RES_ANG=       0.0000  SC_RES_TORS=         0.0000
 SC_EEL_DER=      0.0000  SC_VDW_DER=      -1.0711  SC_DERIV   =        -1.0711
 ------------------------------------------------------------------------------


| TI region  2


 NSTEP =      550   TIME(PS) =     311.100  TEMP(K) =   292.19  PRESS =     0.0
 Etot   =    -11848.1715  EKtot   =      2618.6940  EPtot      =    -14466.8655
 BOND   =         6.9936  ANGLE   =        26.5013  DIHED      =        37.0083
 1-4 NB =        15.6106  1-4 EEL =      -482.4954  VDWAALS    =      2166.8551
 EELEC  =    -16237.3389  EHBOND  =         0.0000  RESTRAINT  =         0.0000
 EKCMT  =         0.0000  VIRIAL  =         0.0000  VOLUME     =     45473.0130
                                                    Density    =         0.9897
 DV/DL  =      -170.5289
 ------------------------------------------------------------------------------


MBAR Energy analysis:
Energy at 0.0000 =    -14352.914381
Energy at 0.0000 =    -14352.914381
Energy at 0.2000 =    -14389.622889
Energy at 0.2000 =    -14389.622889
Energy at 0.5000 =    -14443.615668
Energy at 0.5000 =    -14443.615668
Energy at 0.6000 =    -14461.512166
Energy at 0.6000 =    -14461.512166
Energy at 1.0000 =    -14532.926569
Energy at 1.0000 =    -14532.926569
 ------------------------------------------------------------------------------


| TI region  1


 NSTEP =      600   TIME(PS) =     311.200  TEMP(K) =   295.78  PRESS =     0.0
 Etot   =    -11790.9587  EKtot   =      2652.6570  EPtot      =    -14443.6157
 BOND   =         5.3783  ANGLE   =        38.7631  DIHED      =        35.2248
 1-4 NB =        15.5318  1-4 EEL =      -484.8098  VDWAALS    =      2136.6988
 EELEC  =    -16190.4027  EHBOND  =         0.0000  RESTRAINT  =         0.0000
 EKCMT  =         0.0000  VIRIAL  =         0.0000  VOLUME     =     45612.4729
                                                    Density    =         0.9868
 DV/DL  =      -179.1174
 ------------------------------------------------------------------------------

  Softcore part of the system:       2 atoms,       TEMP(K)    =         167.27
 SC_Etot=         2.9867  SC_EKtot=         0.9972  SC_EPtot   =         1.9895
 SC_BOND=         0.3850  SC_ANGLE=         1.4018  SC_DIHED   =         0.2027
 SC_14NB=         0.0000  SC_14EEL=         0.0000  SC_VDW     =         0.0000
 SC_EEL =         0.0000
 SC_RES_DIST=     0.0000  SC_RES_ANG=       0.0000  SC_RES_TORS=         0.0000
 SC_EEL_DER=      0.0000  SC_VDW_DER=      -0.4956  SC_DERIV   =        -0.4956
 ------------------------------------------------------------------------------


| TI region  2


 NSTEP =      600   TIME(PS) =     311.200  TEMP(K) =   295.87  PRESS =     0.0
 Etot   =    -11791.9558  EKtot   =      2651.6598  EPtot      =    -14443.6157
 BOND   =         5.3783  ANGLE   =        38.7631  DIHED      =        35.2248
 1-4 NB =        15.5318  1-4 EEL =      -484.8098  VDWAALS    =      2136.6988
 EELEC  =    -16190.4027  EHBOND  =         0.0000  RESTRAINT  =         0.0000
 EKCMT  =         0.0000  VIRIAL  =         0.0000  VOLUME     =     45612.4729
                                                    Density    =         0.9867
 DV/DL  =      -179.1174
 ------------------------------------------------------------------------------


MBAR Energy analysis:
Energy at 0.0000 =    -14399.523939
Energy at 0.0000 =    -14399.523939
Energy at 0.2000 =    -14435.698459
Energy at 0.2000 =    -14435.698459
Energy at 0.5000 =    -14489.882407
Energy at 0.5000 =    -14489.882407
Energy at 0.6000 =    -14507.933026
Energy at 0.6000 =    -14507.933026
Energy at 1.0000 =    -14580.114009
Energy at 1.0000 =    -14580.114009
 ------------------------------------------------------------------------------


| TI region  1


 NSTEP =      650   TIME(PS) =     311.300  TEMP(K) =   297.78  PRESS =     0.0
 Etot   =    -11819.3761  EKtot   =      2670.5063  EPtot      =    -14489.8824
 BOND   =        12.1954  ANGLE   =        36.6587  DIHED      =        37.3967
 1-4 NB =        14.0647  1-4 EEL =      -490.2843  VDWAALS    =      2156.6864
 EELEC  =    -16256.6000  EHBOND  =         0.0000  RESTRAINT  =         0.0000
 EKCMT  =         0.0000  VIRIAL  =         0.0000  VOLUME     =     45612.4729
                                                    Density    =         0.9868
 DV/DL  =      -180.5247
 ------------------------------------------------------------------------------

  Softcore part of the system:       2 atoms,       TEMP(K)    =         228.96
 SC_Etot=         2.5120  SC_EKtot=         1.3650  SC_EPtot   =         1.1471
 SC_BOND=         0.3177  SC_ANGLE=         0.7881  SC_DIHED   =         0.0412
 SC_14NB=         0.0000  SC_14EEL=         0.0000  SC_VDW     =         0.0000
 SC_EEL =         0.0000
 SC_RES_DIST=     0.0000  SC_RES_ANG=       0.0000  SC_RES_TORS=         0.0000
 SC_EEL_DER=      0.0000  SC_VDW_DER=      -0.0615  SC_DERIV   =        -0.0615
 ------------------------------------------------------------------------------


| TI region  2


 NSTEP =      650   TIME(PS) =     311.300  TEMP(K) =   297.82  PRESS =     0.0
 Etot   =    -11820.7411  EKtot   =      2669.1413  EPtot      =    -14489.8824
 BOND   =        12.1954  ANGLE   =        36.6587  DIHED      =        37.3967
 1-4 NB =        14.0647  1-4 EEL =      -490.2843  VDWAALS    =      2156.6864
 EELEC  =    -16256.6000  EHBOND  =         0.0000  RESTRAINT  =         0.0000
 EKCMT  =         0.0000  VIRIAL  =         0.0000  VOLUME     =     45612.4729
                                                    Density    =         0.9867
 DV/DL  =      -180.5247
 ------------------------------------------------------------------------------


MBAR Energy analysis:
Energy at 0.0000 =    -14388.780041
Energy at 0.0000 =    -14388.780041
Energy at 0.2000 =    -14427.768980
Energy at 0.2000 =    -14427.768980
Energy at 0.5000 =    -14484.872003
Energy at 0.5000 =    -14484.872003
Energy at 0.6000 =    -14503.785692
Energy at 0.6000 =    -14503.785692
Energy at 1.0000 =    -14579.246784
Energy at 1.0000 =    -14579.246784
 ------------------------------------------------------------------------------


| TI region  1


 NSTEP =      700   TIME(PS) =     311.400  TEMP(K) =   293.16  PRESS =     0.0
 Etot   =    -11855.7665  EKtot   =      2629.1055  EPtot      =    -14484.8720
 BOND   =        11.1148  ANGLE   =        37.2650  DIHED      =        35.6145
 1-4 NB =        16.1662  1-4 EEL =      -492.5044  VDWAALS    =      2081.6325
 EELEC  =    -16174.1606  EHBOND  =         0.0000  RESTRAINT  =         0.0000
 EKCMT  =         0.0000  VIRIAL  =         0.0000  VOLUME     =     45518.2736
                                                    Density    =         0.9888
 DV/DL  =      -189.3128
 ------------------------------------------------------------------------------

  Softcore part of the system:       2 atoms,       TEMP(K)    =         186.67
 SC_Etot=         2.7246  SC_EKtot=         1.1128  SC_EPtot   =         1.6118
 SC_BOND=         0.4944  SC_ANGLE=         0.8329  SC_DIHED   =         0.2846
 SC_14NB=         0.0000  SC_14EEL=         0.0000  SC_VDW     =         0.0000
 SC_EEL =         0.0000
 SC_RES_DIST=     0.0000  SC_RES_ANG=       0.0000  SC_RES_TORS=         0.0000
 SC_EEL_DER=      0.0000  SC_VDW_DER=      -0.5632  SC_DERIV   =        -0.5632
 ------------------------------------------------------------------------------


| TI region  2


 NSTEP =      700   TIME(PS) =     311.400  TEMP(K) =   293.23  PRESS =     0.0
 Etot   =    -11856.8793  EKtot   =      2627.9927  EPtot      =    -14484.8720
 BOND   =        11.1148  ANGLE   =        37.2650  DIHED      =        35.6145
 1-4 NB =        16.1662  1-4 EEL =      -492.5044  VDWAALS    =      2081.6325
 EELEC  =    -16174.1606  EHBOND  =         0.0000  RESTRAINT  =         0.0000
 EKCMT  =         0.0000  VIRIAL  =         0.0000  VOLUME     =     45518.2736
                                                    Density    =         0.9887
 DV/DL  =      -189.3128
 ------------------------------------------------------------------------------


MBAR Energy analysis:
Energy at 0.0000 =    -14425.600361
Energy at 0.0000 =    -14425.600361
Energy at 0.2000 =    -14463.786505
Energy at 0.2000 =    -14463.786505
Energy at 0.5000 =    -14520.618994
Energy at 0.5000 =    -14520.618994
Energy at 0.6000 =    -14539.514540
Energy at 0.6000 =    -14539.514540
Energy at 1.0000 =    -14615.007600
Energy at 1.0000 =    -14615.007600
 ------------------------------------------------------------------------------


| TI region  1


 NSTEP =      750   TIME(PS) =     311.500  TEMP(K) =   296.72  PRESS =     0.0
 Etot   =    -11859.5483  EKtot   =      2661.0706  EPtot      =    -14520.6190
 BOND   =        19.7726  ANGLE   =        31.0702  DIHED      =        37.5384
 1-4 NB =        14.4665  1-4 EEL =      -496.5168  VDWAALS    =      2138.5037
 EELEC  =    -16265.4535  EHBOND  =         0.0000  RESTRAINT  =         0.0000
 EKCMT  =         0.0000  VIRIAL  =         0.0000  VOLUME     =     45518.2736
                                                    Density    =         0.9888
 DV/DL  =      -189.0327
 ------------------------------------------------------------------------------

  Softcore part of the system:       2 atoms,       TEMP(K)    =          18.38
 SC_Etot=         1.4293  SC_EKtot=         0.1095  SC_EPtot   =         1.3198
 SC_BOND=         0.0676  SC_ANGLE=         0.7718  SC_DIHED   =         0.4804
 SC_14NB=         0.0000  SC_14EEL=         0.0000  SC_VDW     =         0.0000
 SC_EEL =         0.0000
 SC_RES_DIST=     0.0000  SC_RES_ANG=       0.0000  SC_RES_TORS=         0.0000
 SC_EEL_DER=      0.0000  SC_VDW_DER=      -0.2555  SC_DERIV   =        -0.2555
 ------------------------------------------------------------------------------


| TI region  2


 NSTEP =      750   TIME(PS) =     311.500  TEMP(K) =   296.91  PRESS =     0.0
 Etot   =    -11859.6579  EKtot   =      2660.9611  EPtot      =    -14520.6190
 BOND   =        19.7726  ANGLE   =        31.0702  DIHED      =        37.5384
 1-4 NB =        14.4665  1-4 EEL =      -496.5168  VDWAALS    =      2138.5037
 EELEC  =    -16265.4535  EHBOND  =         0.0000  RESTRAINT  =         0.0000
 EKCMT  =         0.0000  VIRIAL  =         0.0000  VOLUME     =     45518.2736
                                                    Density    =         0.9887
 DV/DL  =      -189.0327
 ------------------------------------------------------------------------------


MBAR Energy analysis:
Energy at 0.0000 =    -14453.929214
Energy at 0.0000 =    -14453.929214
Energy at 0.2000 =    -14491.241179
Energy at 0.2000 =    -14491.241179
Energy at 0.5000 =    -14546.693926
Energy at 0.5000 =    -14546.693926
Energy at 0.6000 =    -14565.114280
Energy at 0.6000 =    -14565.114280
Energy at 1.0000 =    -14638.663189
Energy at 1.0000 =    -14638.663189
 ------------------------------------------------------------------------------


| TI region  1


 NSTEP =      800   TIME(PS) =     311.600  TEMP(K) =   303.65  PRESS =     0.0
 Etot   =    -11823.4743  EKtot   =      2723.2196  EPtot      =    -14546.6939
 BOND   =        10.1243  ANGLE   =        33.5971  DIHED      =        39.8399
 1-4 NB =        17.4272  1-4 EEL =      -492.1344  VDWAALS    =      2128.4932
 EELEC  =    -16284.0412  EHBOND  =         0.0000  RESTRAINT  =         0.0000
 EKCMT  =         0.0000  VIRIAL  =         0.0000  VOLUME     =     45423.0780
                                                    Density    =         0.9909
 DV/DL  =      -184.3119
 ------------------------------------------------------------------------------

  Softcore part of the system:       2 atoms,       TEMP(K)    =         106.90
 SC_Etot=         3.6012  SC_EKtot=         0.6373  SC_EPtot   =         2.9639
 SC_BOND=         0.9322  SC_ANGLE=         0.7734  SC_DIHED   =         1.2583
 SC_14NB=         0.0000  SC_14EEL=         0.0000  SC_VDW     =         0.0000
 SC_EEL =         0.0000
 SC_RES_DIST=     0.0000  SC_RES_ANG=       0.0000  SC_RES_TORS=         0.0000
 SC_EEL_DER=      0.0000  SC_VDW_DER=      -0.3734  SC_DERIV   =        -0.3734
 ------------------------------------------------------------------------------


| TI region  2


 NSTEP =      800   TIME(PS) =     311.600  TEMP(K) =   303.78  PRESS =     0.0
 Etot   =    -11824.1116  EKtot   =      2722.5823  EPtot      =    -14546.6939
 BOND   =        10.1243  ANGLE   =        33.5971  DIHED      =        39.8399
 1-4 NB =        17.4272  1-4 EEL =      -492.1344  VDWAALS    =      2128.4932
 EELEC  =    -16284.0412  EHBOND  =         0.0000  RESTRAINT  =         0.0000
 EKCMT  =         0.0000  VIRIAL  =         0.0000  VOLUME     =     45423.0780
                                                    Density    =         0.9908
 DV/DL  =      -184.3119
 ------------------------------------------------------------------------------


MBAR Energy analysis:
Energy at 0.0000 =    -14408.120489
Energy at 0.0000 =    -14408.120489
Energy at 0.2000 =    -14448.386572
Energy at 0.2000 =    -14448.386572
Energy at 0.5000 =    -14503.591509
Energy at 0.5000 =    -14503.591509
Energy at 0.6000 =    -14521.602957
Energy at 0.6000 =    -14521.602957
Energy at 1.0000 =    -14593.077606
Energy at 1.0000 =    -14593.077606
 ------------------------------------------------------------------------------


| TI region  1


 NSTEP =      850   TIME(PS) =     311.700  TEMP(K) =   295.98  PRESS =     0.0
 Etot   =    -11849.1501  EKtot   =      2654.4414  EPtot      =    -14503.5915
 BOND   =        14.1175  ANGLE   =        33.2040  DIHED      =        40.0421
 1-4 NB =        16.4335  1-4 EEL =      -487.2022  VDWAALS    =      2032.8079
 EELEC  =    -16152.9943  EHBOND  =         0.0000  RESTRAINT  =         0.0000
 EKCMT  =         0.0000  VIRIAL  =         0.0000  VOLUME     =     45423.0780
                                                    Density    =         0.9909
 DV/DL  =      -180.6505
 ------------------------------------------------------------------------------

  Softcore part of the system:       2 atoms,       TEMP(K)    =         119.74
 SC_Etot=         1.9391  SC_EKtot=         0.7138  SC_EPtot   =         1.2252
 SC_BOND=         0.2182  SC_ANGLE=         0.3252  SC_DIHED   =         0.6818
 SC_14NB=         0.0000  SC_14EEL=         0.0000  SC_VDW     =         0.0000
 SC_EEL =         0.0000
 SC_RES_DIST=     0.0000  SC_RES_ANG=       0.0000  SC_RES_TORS=         0.0000
 SC_EEL_DER=      0.0000  SC_VDW_DER=      -1.6783  SC_DERIV   =        -1.6783
 ------------------------------------------------------------------------------


| TI region  2


 NSTEP =      850   TIME(PS) =     311.700  TEMP(K) =   296.10  PRESS =     0.0
 Etot   =    -11849.8639  EKtot   =      2653.7276  EPtot      =    -14503.5915
 BOND   =        14.1175  ANGLE   =        33.2040  DIHED      =        40.0421
 1-4 NB =        16.4335  1-4 EEL =      -487.2022  VDWAALS    =      2032.8079
 EELEC  =    -16152.9943  EHBOND  =         0.0000  RESTRAINT  =         0.0000
 EKCMT  =         0.0000  VIRIAL  =         0.0000  VOLUME     =     45423.0780
                                                    Density    =         0.9908
 DV/DL  =      -180.6505
 ------------------------------------------------------------------------------


MBAR Energy analysis:
Energy at 0.0000 =    -14377.109489
Energy at 0.0000 =    -14377.109489
Energy at 0.2000 =    -14412.700632
Energy at 0.2000 =    -14412.700632
Energy at 0.5000 =    -14465.060285
Energy at 0.5000 =    -14465.060285
Energy at 0.6000 =    -14482.403131
Energy at 0.6000 =    -14482.403131
Energy at 1.0000 =    -14551.560434
Energy at 1.0000 =    -14551.560434
 ------------------------------------------------------------------------------


| TI region  1


 NSTEP =      900   TIME(PS) =     311.800  TEMP(K) =   295.64  PRESS =     0.0
 Etot   =    -11813.7034  EKtot   =      2651.3569  EPtot      =    -14465.0603
 BOND   =        11.3271  ANGLE   =        36.4998  DIHED      =        39.0559
 1-4 NB =        14.3371  1-4 EEL =      -489.6855  VDWAALS    =      2066.4331
 EELEC  =    -16143.0277  EHBOND  =         0.0000  RESTRAINT  =         0.0000
 EKCMT  =         0.0000  VIRIAL  =         0.0000  VOLUME     =     45526.1167
                                                    Density    =         0.9886
 DV/DL  =      -173.6072
 ------------------------------------------------------------------------------

  Softcore part of the system:       2 atoms,       TEMP(K)    =         166.50
 SC_Etot=         2.7230  SC_EKtot=         0.9926  SC_EPtot   =         1.7304
 SC_BOND=         0.1178  SC_ANGLE=         1.6028  SC_DIHED   =         0.0099
 SC_14NB=         0.0000  SC_14EEL=         0.0000  SC_VDW     =         0.0000
 SC_EEL =         0.0000
 SC_RES_DIST=     0.0000  SC_RES_ANG=       0.0000  SC_RES_TORS=         0.0000
 SC_EEL_DER=      0.0000  SC_VDW_DER=      -0.6069  SC_DERIV   =        -0.6069
 ------------------------------------------------------------------------------


| TI region  2


 NSTEP =      900   TIME(PS) =     311.800  TEMP(K) =   295.73  PRESS =     0.0
 Etot   =    -11814.6960  EKtot   =      2650.3643  EPtot      =    -14465.0603
 BOND   =        11.3271  ANGLE   =        36.4998  DIHED      =        39.0559
 1-4 NB =        14.3371  1-4 EEL =      -489.6855  VDWAALS    =      2066.4331
 EELEC  =    -16143.0277  EHBOND  =         0.0000  RESTRAINT  =         0.0000
 EKCMT  =         0.0000  VIRIAL  =         0.0000  VOLUME     =     45526.1167
                                                    Density    =         0.9886
 DV/DL  =      -173.6072
 ------------------------------------------------------------------------------


MBAR Energy analysis:
Energy at 0.0000 =    -14333.505617
Energy at 0.0000 =    -14333.505617
Energy at 0.2000 =    -14370.336310
Energy at 0.2000 =    -14370.336310
Energy at 0.5000 =    -14424.883752
Energy at 0.5000 =    -14424.883752
Energy at 0.6000 =    -14442.992237
Energy at 0.6000 =    -14442.992237
Energy at 1.0000 =    -14515.289842
Energy at 1.0000 =    -14515.289842
 ------------------------------------------------------------------------------


| TI region  1


 NSTEP =      950   TIME(PS) =     311.900  TEMP(K) =   295.26  PRESS =     0.0
 Etot   =    -11776.9453  EKtot   =      2647.9385  EPtot      =    -14424.8838
 BOND   =        12.2301  ANGLE   =        29.9566  DIHED      =        37.9795
 1-4 NB =        13.4741  1-4 EEL =      -478.1686  VDWAALS    =      2157.0872
 EELEC  =    -16197.4428  EHBOND  =         0.0000  RESTRAINT  =         0.0000
 EKCMT  =         0.0000  VIRIAL  =         0.0000  VOLUME     =     45526.1167
                                                    Density    =         0.9886
 DV/DL  =      -181.2021
 ------------------------------------------------------------------------------

  Softcore part of the system:       2 atoms,       TEMP(K)    =         149.70
 SC_Etot=         3.4817  SC_EKtot=         0.8924  SC_EPtot   =         2.5893
 SC_BOND=         0.1141  SC_ANGLE=         1.5716  SC_DIHED   =         0.9036
 SC_14NB=         0.0000  SC_14EEL=         0.0000  SC_VDW     =         0.0000
 SC_EEL =         0.0000
 SC_RES_DIST=     0.0000  SC_RES_ANG=       0.0000  SC_RES_TORS=         0.0000
 SC_EEL_DER=      0.0000  SC_VDW_DER=      -0.3899  SC_DERIV   =        -0.3899
 ------------------------------------------------------------------------------


| TI region  2


 NSTEP =      950   TIME(PS) =     311.900  TEMP(K) =   295.36  PRESS =     0.0
 Etot   =    -11777.8377  EKtot   =      2647.0461  EPtot      =    -14424.8838
 BOND   =        12.2301  ANGLE   =        29.9566  DIHED      =        37.9795
 1-4 NB =        13.4741  1-4 EEL =      -478.1686  VDWAALS    =      2157.0872
 EELEC  =    -16197.4428  EHBOND  =         0.0000  RESTRAINT  =         0.0000
 EKCMT  =         0.0000  VIRIAL  =         0.0000  VOLUME     =     45526.1167
                                                    Density    =         0.9886
 DV/DL  =      -181.2021
 ------------------------------------------------------------------------------

| MC Barostat: Increasing size of volume moves

MBAR Energy analysis:
Energy at 0.0000 =    -14340.208235
Energy at 0.0000 =    -14340.208235
Energy at 0.2000 =    -14379.064584
Energy at 0.2000 =    -14379.064584
Energy at 0.5000 =    -14436.547554
Energy at 0.5000 =    -14436.547554
Energy at 0.6000 =    -14455.612741
Energy at 0.6000 =    -14455.612741
Energy at 1.0000 =    -14531.679533
Energy at 1.0000 =    -14531.679533
 ------------------------------------------------------------------------------


| TI region  1


 NSTEP =     1000   TIME(PS) =     312.000  TEMP(K) =   296.28  PRESS =     0.0
 Etot   =    -11779.4491  EKtot   =      2657.0985  EPtot      =    -14436.5476
 BOND   =         6.6101  ANGLE   =        32.1380  DIHED      =        45.7007
 1-4 NB =        13.6615  1-4 EEL =      -486.1068  VDWAALS    =      2249.2922
 EELEC  =    -16297.8434  EHBOND  =         0.0000  RESTRAINT  =         0.0000
 EKCMT  =         0.0000  VIRIAL  =         0.0000  VOLUME     =     45526.1167
                                                    Density    =         0.9886
 DV/DL  =      -190.8118
 ------------------------------------------------------------------------------

  Softcore part of the system:       2 atoms,       TEMP(K)    =         277.19
 SC_Etot=         4.3867  SC_EKtot=         1.6525  SC_EPtot   =         2.7342
 SC_BOND=         0.5102  SC_ANGLE=         1.6727  SC_DIHED   =         0.5513
 SC_14NB=         0.0000  SC_14EEL=         0.0000  SC_VDW     =         0.0000
 SC_EEL =         0.0000
 SC_RES_DIST=     0.0000  SC_RES_ANG=       0.0000  SC_RES_TORS=         0.0000
 SC_EEL_DER=      0.0000  SC_VDW_DER=      -0.5478  SC_DERIV   =        -0.5478
 ------------------------------------------------------------------------------


| TI region  2


 NSTEP =     1000   TIME(PS) =     312.000  TEMP(K) =   296.29  PRESS =     0.0
 Etot   =    -11781.1016  EKtot   =      2655.4460  EPtot      =    -14436.5476
 BOND   =         6.6101  ANGLE   =        32.1380  DIHED      =        45.7007
 1-4 NB =        13.6615  1-4 EEL =      -486.1068  VDWAALS    =      2249.2922
 EELEC  =    -16297.8434  EHBOND  =         0.0000  RESTRAINT  =         0.0000
 EKCMT  =         0.0000  VIRIAL  =         0.0000  VOLUME     =     45526.1167
                                                    Density    =         0.9886
 DV/DL  =      -190.8118
 ------------------------------------------------------------------------------

|===============================================================================

| TI region  1


      A V E R A G E S   O V E R    1000 S T E P S


 NSTEP =     1000   TIME(PS) =     312.000  TEMP(K) =   299.16  PRESS =     0.0
 Etot   =    -11785.1672  EKtot   =      2682.8973  EPtot      =    -14468.0644
 BOND   =        11.1121  ANGLE   =        32.0814  DIHED      =        38.6845
 1-4 NB =        15.4246  1-4 EEL =      -488.4932  VDWAALS    =      2110.7916
 EELEC  =    -16187.6656  EHBOND  =         0.0000  RESTRAINT  =         0.0000
 EKCMT  =         0.0000  VIRIAL  =         0.0000  VOLUME     =     45484.9174
                                                    Density    =         0.9895
 DV/DL  =      -181.0568
 ------------------------------------------------------------------------------

  Softcore part of the system:       2 atoms,       TEMP(K)    =         243.42
 SC_Etot=         3.5494  SC_EKtot=         1.4512  SC_EPtot   =         2.0982
 SC_BOND=         0.5156  SC_ANGLE=         1.0555  SC_DIHED   =         0.5272
 SC_14NB=         0.0000  SC_14EEL=         0.0000  SC_VDW     =         0.0000
 SC_EEL =         0.0000
 SC_RES_DIST=     0.0000  SC_RES_ANG=       0.0000  SC_RES_TORS=         0.0000
 SC_EEL_DER=      0.0000  SC_VDW_DER=      -0.7044  SC_DERIV   =        -0.7044
 ------------------------------------------------------------------------------


      R M S  F L U C T U A T I O N S


 NSTEP =     1000   TIME(PS) =     312.000  TEMP(K) =     4.36  PRESS =     0.0
 Etot   =        49.5096  EKtot   =        39.1059  EPtot      =        40.0927
 BOND   =         2.8413  ANGLE   =         4.1308  DIHED      =         2.5171
 1-4 NB =         1.3629  1-4 EEL =         4.7870  VDWAALS    =        48.7307
 EELEC  =        57.1820  EHBOND  =         0.0000  RESTRAINT  =         0.0000
 EKCMT  =         0.0000  VIRIAL  =         0.0000  VOLUME     =        62.6484
                                                    Density    =         0.0014
 DV/DL  =         6.1901
 ------------------------------------------------------------------------------

  Softcore part of the system:       2 atoms,       TEMP(K)    =         143.31
 SC_Etot=         1.2494  SC_EKtot=         0.8544  SC_EPtot   =         0.9263
 SC_BOND=         0.4551  SC_ANGLE=         0.6554  SC_DIHED   =         0.4430
 SC_14NB=         0.0000  SC_14EEL=         0.0000  SC_VDW     =         0.0000
 SC_EEL =         0.0000
 SC_RES_DIST=     0.0000  SC_RES_ANG=       0.0000  SC_RES_TORS=         0.0000
 SC_EEL_DER=      0.0000  SC_VDW_DER=       0.6163  SC_DERIV   =         0.6163
 ------------------------------------------------------------------------------


| TI region  2


      A V E R A G E S   O V E R    1000 S T E P S


 NSTEP =     1000   TIME(PS) =     312.000  TEMP(K) =   299.19  PRESS =     0.0
 Etot   =    -11786.6183  EKtot   =      2681.4461  EPtot      =    -14468.0644
 BOND   =        11.1121  ANGLE   =        32.0814  DIHED      =        38.6845
 1-4 NB =        15.4246  1-4 EEL =      -488.4932  VDWAALS    =      2110.7916
 EELEC  =    -16187.6656  EHBOND  =         0.0000  RESTRAINT  =         0.0000
 EKCMT  =         0.0000  VIRIAL  =         0.0000  VOLUME     =     45484.9174
                                                    Density    =         0.9895
 DV/DL  =      -181.0568
 ------------------------------------------------------------------------------


      R M S  F L U C T U A T I O N S


 NSTEP =     1000   TIME(PS) =     312.000  TEMP(K) =     4.34  PRESS =     0.0
 Etot   =        49.1778  EKtot   =        38.9139  EPtot      =        40.0927
 BOND   =         2.8413  ANGLE   =         4.1308  DIHED      =         2.5171
 1-4 NB =         1.3629  1-4 EEL =         4.7870  VDWAALS    =        48.7307
 EELEC  =        57.1820  EHBOND  =         0.0000  RESTRAINT  =         0.0000
 EKCMT  =         0.0000  VIRIAL  =         0.0000  VOLUME     =        62.6484
                                                    Density    =         0.0014
 DV/DL  =         6.1901
 ------------------------------------------------------------------------------


      DV/DL, AVERAGES OVER    1000 STEPS


 NSTEP =     1000   TIME(PS) =     312.000  TEMP(K) =     4.34  PRESS =     0.0
 Etot   =         0.0000  EKtot   =         0.0000  EPtot      =      -179.2538
 BOND   =         0.0000  ANGLE   =         0.0000  DIHED      =         0.0000
 1-4 NB =        -0.0060  1-4 EEL =      -203.5701  VDWAALS    =        -0.4305
 EELEC  =        23.6541  EHBOND  =         0.0000  RESTRAINT  =         0.0000
 EKCMT  =         0.0000  VIRIAL  =         0.0000  VOLUME     =         0.0000
                                                    Density    =         0.0000
 DV/DL  =      -179.2538
 ------------------------------------------------------------------------------

|===============================================================================

| TI region  1


      A V E R A G E S   O V E R    1000 S T E P S


 NSTEP =     1000   TIME(PS) =     312.000  TEMP(K) =   299.16  PRESS =     0.0
 Etot   =    -11785.1672  EKtot   =      2682.8973  EPtot      =    -14468.0644
 BOND   =        11.1121  ANGLE   =        32.0814  DIHED      =        38.6845
 1-4 NB =        15.4246  1-4 EEL =      -488.4932  VDWAALS    =      2110.7916
 EELEC  =    -16187.6656  EHBOND  =         0.0000  RESTRAINT  =         0.0000
 EKCMT  =         0.0000  VIRIAL  =         0.0000  VOLUME     =     45484.9174
                                                    Density    =         0.9895
 DV/DL  =      -181.0568
 ------------------------------------------------------------------------------

  Softcore part of the system:       2 atoms,       TEMP(K)    =         243.42
 SC_Etot=         3.5494  SC_EKtot=         1.4512  SC_EPtot   =         2.0982
 SC_BOND=         0.5156  SC_ANGLE=         1.0555  SC_DIHED   =         0.5272
 SC_14NB=         0.0000  SC_14EEL=         0.0000  SC_VDW     =         0.0000
 SC_EEL =         0.0000
 SC_RES_DIST=     0.0000  SC_RES_ANG=       0.0000  SC_RES_TORS=         0.0000
 SC_EEL_DER=      0.0000  SC_VDW_DER=      -0.7044  SC_DERIV   =        -0.7044
 ------------------------------------------------------------------------------


      R M S  F L U C T U A T I O N S


 NSTEP =     1000   TIME(PS) =     312.000  TEMP(K) =     4.36  PRESS =     0.0
 Etot   =        49.5096  EKtot   =        39.1059  EPtot      =        40.0927
 BOND   =         2.8413  ANGLE   =         4.1308  DIHED      =         2.5171
 1-4 NB =         1.3629  1-4 EEL =         4.7870  VDWAALS    =        48.7307
 EELEC  =        57.1820  EHBOND  =         0.0000  RESTRAINT  =         0.0000
 EKCMT  =         0.0000  VIRIAL  =         0.0000  VOLUME     =        62.6484
                                                    Density    =         0.0014
 DV/DL  =         6.1901
 ------------------------------------------------------------------------------

  Softcore part of the system:       2 atoms,       TEMP(K)    =         143.31
 SC_Etot=         1.2494  SC_EKtot=         0.8544  SC_EPtot   =         0.9263
 SC_BOND=         0.4551  SC_ANGLE=         0.6554  SC_DIHED   =         0.4430
 SC_14NB=         0.0000  SC_14EEL=         0.0000  SC_VDW     =         0.0000
 SC_EEL =         0.0000
 SC_RES_DIST=     0.0000  SC_RES_ANG=       0.0000  SC_RES_TORS=         0.0000
 SC_EEL_DER=      0.0000  SC_VDW_DER=       0.6163  SC_DERIV   =         0.6163
 ------------------------------------------------------------------------------


| TI region  2


      A V E R A G E S   O V E R    1000 S T E P S


 NSTEP =     1000   TIME(PS) =     312.000  TEMP(K) =   299.19  PRESS =     0.0
 Etot   =    -11786.6183  EKtot   =      2681.4461  EPtot      =    -14468.0644
 BOND   =        11.1121  ANGLE   =        32.0814  DIHED      =        38.6845
 1-4 NB =        15.4246  1-4 EEL =      -488.4932  VDWAALS    =      2110.7916
 EELEC  =    -16187.6656  EHBOND  =         0.0000  RESTRAINT  =         0.0000
 EKCMT  =         0.0000  VIRIAL  =         0.0000  VOLUME     =     45484.9174
                                                    Density    =         0.9895
 DV/DL  =      -181.0568
 ------------------------------------------------------------------------------


      R M S  F L U C T U A T I O N S


 NSTEP =     1000   TIME(PS) =     312.000  TEMP(K) =     4.34  PRESS =     0.0
 Etot   =        49.1778  EKtot   =        38.9139  EPtot      =        40.0927
 BOND   =         2.8413  ANGLE   =         4.1308  DIHED      =         2.5171
 1-4 NB =         1.3629  1-4 EEL =         4.7870  VDWAALS    =        48.7307
 EELEC  =        57.1820  EHBOND  =         0.0000  RESTRAINT  =         0.0000
 EKCMT  =         0.0000  VIRIAL  =         0.0000  VOLUME     =        62.6484
                                                    Density    =         0.0014
 DV/DL  =         6.1901
 ------------------------------------------------------------------------------


      DV/DL, AVERAGES OVER    1000 STEPS


 NSTEP =     1000   TIME(PS) =     312.000  TEMP(K) =     4.34  PRESS =     0.0
 Etot   =         0.0000  EKtot   =         0.0000  EPtot      =      -179.2538
 BOND   =         0.0000  ANGLE   =         0.0000  DIHED      =         0.0000
 1-4 NB =        -0.0060  1-4 EEL =      -203.5701  VDWAALS    =        -0.4305
 EELEC  =        23.6541  EHBOND  =         0.0000  RESTRAINT  =         0.0000
 EKCMT  =         0.0000  VIRIAL  =         0.0000  VOLUME     =         0.0000
                                                    Density    =         0.0000
 DV/DL  =      -179.2538
 ------------------------------------------------------------------------------

| MC Barostat:         10 volume changes attempted.
| MC Barostat:          8 changes successful ( 80.00%)
 ------------------------------------------------------------------------------

--------------------------------------------------------------------------------
   5.  TIMINGS
--------------------------------------------------------------------------------

|  NonSetup CPU Time in Major Routines:
|
|     Routine           Sec        %
|     ------------------------------
|     Nonbond           0.30   79.42
|     Bond              0.00    0.00
|     Angle             0.00    0.00
|     Dihedral          0.00    0.00
|     Shake             0.00    0.78
|     RunMD             0.07   18.43
|     Other             0.01    1.37
|     ------------------------------
|     Total             0.37

|  PME Nonbond Pairlist CPU Time:
|
|     Routine              Sec        %
|     ---------------------------------
|     Set Up Cit           0.00    0.00
|     Build List           0.00    0.00
|     ---------------------------------
|     Total                0.00    0.00

|  PME Direct Force CPU Time:
|
|     Routine              Sec        %
|     ---------------------------------
|     NonBonded Calc       0.00    0.00
|     Exclude Masked       0.00    0.00
|     Other                0.00    0.44
|     ---------------------------------
|     Total                0.00    0.44

|  PME Reciprocal Force CPU Time:
|
|     Routine              Sec        %
|     ---------------------------------
|     1D bspline           0.00    0.00
|     Grid Charges         0.00    0.00
|     Scalar Sum           0.00    0.00
|     Gradient Sum         0.00    0.00
|     FFT                  0.00    0.00
|     ---------------------------------
|     Total                0.00    0.00

|  Final Performance Info:
|     -----------------------------------------------------
|     Average timings for last     950 steps:
|     Elapsed(s) =       0.39 Per Step(ms) =       0.41
|         ns/day =     421.48   seconds/ns =     204.99
|
|     Average timings for all steps:
|     Elapsed(s) =       0.41 Per Step(ms) =       0.41
|         ns/day =     419.20   seconds/ns =     206.11
|     -----------------------------------------------------

|  Setup CPU time:            1.12 seconds
|  NonSetup CPU time:         0.37 seconds
|  Total CPU time:            1.49 seconds     0.00 hours

|  Setup wall time:           1    seconds
|  NonSetup wall time:        0    seconds
|  Total wall time:           1    seconds     0.00 hours
