
          -------------------------------------------------------
          Amber 20 PMEMD                              2020
          -------------------------------------------------------

| PMEMD implementation of SANDER, Release 18

|  Compiled date/time: Tue Apr 28 09:19:54 2020
| Run on 09/12/2024 at 01:49:13

|   Executable path: pmemd.cuda_SPFP
| Working directory: /nfs/zli_gpu2/bin/developed_softwares/test_car/car/car/example/0.0_0.2_0.2
|          Hostname: compute-0-8

  [-O]verwriting output

File Assignments:
|   MDIN: prod0.in                                                              
|  MDOUT: prod0.out                                                             
| INPCRD: prev_cen.rst                                                          
|   PARM: ../lM2A.prmtop                                                        
| RESTRT: prod0.rst                                                             
|   REFC: refc                                                                  
|  MDVEL: mdvel                                                                 
|   MDEN: mden                                                                  
|  MDCRD: prod0.netcdf                                                          
| MDINFO: prod0.mdinfo                                                          
|  MDFRC: mdfrc                                                                 


 Here is the input file:

NVT MD w/No position restraints and PME (sander)                               
 &cntrl                                                                        
  ntx    = 5,                                                                  
  irest  = 1,                                                                  
  ntpr   = 50,                                                                 
  ntwx   = 10000,                                                              
  ntwe   = 10000,                                                              
  ntwr   = 10000,                                                              
  ig     = -1,                                                                 
                                                                               
  ntb    = 2,                                                                  
  ntp = 1, pres0 = 1.0, taup = 2.0,gamma_ln = 2.0,                             
  cut    = 10.0,                                                               
  iwrap  = 1,                                                                  
  barostat = 2,                                                                
                                                                               
  t      = 0.0,                                                                
  dt     = 0.002,                                                              
                                                                               
  temp0  = 300.0,                                                              
  tempi  = 300.0,                                                              
  ntt    = 3,                                                                  
  tautp  = 2.0,                                                                
                                                                               
  ntf    = 1,                                                                  
  ntc    = 2,                                                                  
  iwrap=1, ioutfm=1, ntwv=-1,ntave=1000,                                       
  bar_intervall = 50,                                                          
  icfe = 1, ifsc = 1,                                                          
  timask1=':1,2',                                                              
  timask2=':3',                                                                
  scmask1=':2',                                                                
  scmask2='',                                                                  
  ifmbar = 1,                                                                  
  nstlim = 1000,                                                               
  clambda = 0.2,                                                               
  mbar_states = 8,                                                             
  mbar_lambda = 0.0, 0.0, 0.2, 0.2, 0.5, 0.5, 0.6, 0.6,                        
&end                                                                           
 /                                                                             


Note: ig = -1. Setting random seed to    72071 based on wallclock time in 
      microseconds.
| irandom = 1, using AMBER's internal random number generator (default).
 
|--------------------- INFORMATION ----------------------
| GPU (CUDA) Version of PMEMD in use: NVIDIA GPU IN USE.
|                    Version 18.0.0
| 
|                      03/25/2018
| 
| Implementation by:
|                    Ross C. Walker     (SDSC)
|                    Scott Le Grand     (nVIDIA)
| 
| Version 18 performance extensions by:
|                    David Cerutti     (Rutgers)
| 
| Precision model in use:
|      [SPFP] - Single Precision Forces, 64-bit Fixed Point
|               Accumulation. (Default)
| 
|--------------------------------------------------------
 
|----------------- CITATION INFORMATION -----------------
|
|    When publishing work that utilized the CUDA version
|    of AMBER, please cite the following in addition to
|    the regular AMBER citations:
|
|  - Romelia Salomon-Ferrer; Andreas W. Goetz; Duncan
|    Poole; Scott Le Grand; Ross C. Walker "Routine
|    microsecond molecular dynamics simulations with
|    AMBER - Part II: Particle Mesh Ewald", J. Chem.
|    Theory Comput., 2013, 9 (9), pp3878-3888,
|    DOI: 10.1021/ct400314y.
|
|  - Andreas W. Goetz; Mark J. Williamson; Dong Xu;
|    Duncan Poole; Scott Le Grand; Ross C. Walker
|    "Routine microsecond molecular dynamics simulations
|    with AMBER - Part I: Generalized Born", J. Chem.
|    Theory Comput., 2012, 8 (5), pp1542-1555.
|
|  - Scott Le Grand; Andreas W. Goetz; Ross C. Walker
|    "SPFP: Speed without compromise - a mixed precision
|    model for GPU accelerated molecular dynamics
|    simulations.", Comp. Phys. Comm., 2013, 184
|    pp374-380, DOI: 10.1016/j.cpc.2012.09.022
|
|    When publishing work that utilized the CUDA version
|    of TI, BAR, MBAR or FEP please cite the following 
|    publications in addition to the regular AMBER 
|    GPU citations:
|
|  - Daniel J. Mermelstein; Charles Lin; Gard Nelson; 
|    Rachael Kretsch; J. Andrew McCammon; Ross C. Walker
|    "Fast and Flexible GPU Accelerated Binding 
|    Free Energy Calculations within the AMBER Molecular
|    Dynamics Package" J. Comp. Chem., 2018,
|    DOI: 10.1002/jcc.25187
|
|  - Tai-Sung Lee; Yuan Hu; Brad Sherborne; Zhuyan Guo;
|    Darrin M. York
|    "Toward Fast and Accurate Binding Affinity Prediction with
|    pmemdGTI: An Efficient Implementation of GPU-Accelerated
|    Thermodynamic Integration"
|    J. Chem. Theory Comput., 2017, 13 (7), 3077
|
|
|--------------------------------------------------------
 
|------------------- GPU DEVICE INFO --------------------
|
|            CUDA_VISIBLE_DEVICES: not set
|   CUDA Capable Devices Detected:      8
|           CUDA Device ID in use:      0
|                CUDA Device Name: NVIDIA GeForce RTX 4090
|     CUDA Device Global Mem Size:  24217 MB
| CUDA Device Num Multiprocessors:    128
|           CUDA Device Core Freq:   2.52 GHz
|
|--------------------------------------------------------
 
 
| Conditional Compilation Defines Used:
| PUBFFT
| BINTRAJ
| CUDA
| EMIL

| Largest sphere to fit in unit cell has radius =    17.408

| New format PARM file being parsed.
| Version =    1.000 Date = 08/02/22 Time = 19:36:52

| Note: 1-4 EEL scale factors are being read from the topology file.

| Note: 1-4 VDW scale factors are being read from the topology file.
| Duplicated    0 dihedrals

| Duplicated    0 dihedrals

--------------------------------------------------------------------------------
   1.  RESOURCE   USE: 
--------------------------------------------------------------------------------

 getting new box info from bottom of inpcrd
 NATOM  =    4548 NTYPES =      17 NBONH =    4492 MBONA  =      62
 NTHETH =     105 MTHETA =      88 NPHIH =     188 MPHIA  =     154
 NHPARM =       0 NPARM  =       0 NNB   =    6494 NRES   =    1485
 NBONA  =      62 NTHETA =      88 NPHIA =     154 NUMBND =      22
 NUMANG =      36 NPTRA  =      19 NATYP =      18 NPHB   =       1
 IFBOX  =       1 NMXRS  =      50 IFCAP =       0 NEXTRA =       0
 NCOPY  =       0

| Coordinate Index Table dimensions:     6    6    6
| Direct force subcell size =     5.8911    6.1203    5.8027

     BOX TYPE: RECTILINEAR

--------------------------------------------------------------------------------
   2.  CONTROL  DATA  FOR  THE  RUN
--------------------------------------------------------------------------------

default_name                                                                    

General flags:
     imin    =       0, nmropt  =       0

Nature and format of input:
     ntx     =       5, irest   =       1, ntrx    =       1

Nature and format of output:
     ntxo    =       2, ntpr    =      50, ntrx    =       1, ntwr    =   10000
     iwrap   =       1, ntwx    =   10000, ntwv    =      -1, ntwe    =   10000
     ioutfm  =       1, ntwprt  =       0, idecomp =       0, rbornstat=      0

Potential function:
     ntf     =       1, ntb     =       2, igb     =       0, nsnb    =      25
     ipol    =       0, gbsa    =       0, iesp    =       0
     dielc   =   1.00000, cut     =  10.00000, intdiel =   1.00000

Frozen or restrained atoms:
     ibelly  =       0, ntr     =       0

Molecular dynamics:
     nstlim  =      1000, nscm    =      1000, nrespa  =         1
     t       =   0.00000, dt      =   0.00200, vlimit  =  -1.00000

Langevin dynamics temperature regulation:
     ig      =   72071
     temp0   = 300.00000, tempi   = 300.00000, gamma_ln=   2.00000

Pressure regulation:
     ntp     =       1
     pres0   =   1.00000, comp    =  44.60000, taup    =   2.00000
     Monte-Carlo Barostat:
     mcbarint  =     100

SHAKE:
     ntc     =       2, jfastw  =       0
     tol     =   0.00001

Free energy options:
     icfe    =       1, ifsc    =       1, klambda =       1
     clambda =  0.2000, scalpha =  0.5000, scbeta  = 12.0000
     sceeorder =       2
     dynlmb =  0.0000 logdvdl =       0

FEP MBAR options:
     ifmbar  =       1,  bar_intervall =       50
     mbar_states =       8

| Intermolecular bonds treatment:
|     no_intermolecular_bonds =       1

| Energy averages sample interval:
|     ene_avg_sampling =       1

Ewald parameters:
     verbose =       0, ew_type =       0, nbflag  =       1, use_pme =       1
     vdwmeth =       1, eedmeth =       1, netfrc  =       1
     Box X =   35.347   Box Y =   36.722   Box Z =   34.816
     Alpha =   90.000   Beta  =   90.000   Gamma =   90.000
     NFFT1 =   36       NFFT2 =   40       NFFT3 =   36
     Cutoff=   10.000   Tol   =0.100E-04
     Ewald Coefficient =  0.27511
     Interpolation order =    4
     TI Mask 1 :1,2; matches     52 atoms
     TI Mask 2 :3; matches     50 atoms
     TI region 1:    4498 atoms
     TI region 2:    4496 atoms
     SC Mask 1 :2; matches      2 atoms

    MBAR - lambda values considered:
       8 total:  0.0000 0.0000 0.2000 0.2000 0.5000 0.5000 0.6000 0.6000
    Extra energies will be computed     20 times.
| MONTE CARLO BAROSTAT IMPORTANT NOTE:
|   The Monte-Carlo barostat does not require the virial to adjust the system volume.
|   Since it is an expensive calculation, it is skipped for efficiency. A side-effect
|   is that the reported pressure is always 0 because it is not calculated.

--------------------------------------------------------------------------------
   3.  ATOMIC COORDINATES AND VELOCITIES
--------------------------------------------------------------------------------

Cpptraj Generated Restart                                                       
 begin time read from input coords =   302.000 ps

 
     Molecule     1 is partially softcore
     Molecule     2 is partially softcore
 Number of triangulated 3-point waters found:     1482
   Removing shake constraints from HX1   LBM   2 -- N26   LAM   1
   Removing shake constraints from H23   LBM   2 -- N26   LAM   1
 Number of shake restraints removed in TI region  1 :        2
 Number of shake restraints removed in TI region  2 :        0

     Sum of charges for TI region  1 =  -0.00249680
     Skip neutralizing charges...


     Sum of charges for TI region  2 =  -0.00299999
     Skip neutralizing charges...

| Dynamic Memory, Types Used:
| Reals              376225
| Integers           194647

| Nonbonded Pairs Initial Allocation:     1375656

| GPU memory information (estimate):
| KB of GPU memory in use:     52148
| KB of CPU memory in use:     28214

--------------------------------------------------------------------------------
   4.  RESULTS
--------------------------------------------------------------------------------

   DOF for the SC part  1 of the system:    6

MBAR Energy analysis:
Energy at 0.0000 =    -14313.695657
Energy at 0.0000 =    -14313.695657
Energy at 0.2000 =    -14342.690043
Energy at 0.2000 =    -14342.690043
Energy at 0.5000 =    -14385.937822
Energy at 0.5000 =    -14385.937822
Energy at 0.6000 =    -14400.320063
Energy at 0.6000 =    -14400.320063
 ------------------------------------------------------------------------------


| TI region  1


 NSTEP =       50   TIME(PS) =     302.100  TEMP(K) =   292.85  PRESS =     0.0
 Etot   =    -11716.3110  EKtot   =      2626.3791  EPtot      =    -14342.6900
 BOND   =        10.7875  ANGLE   =        32.1068  DIHED      =        39.9035
 1-4 NB =        18.2424  1-4 EEL =      -430.7924  VDWAALS    =      2113.2073
 EELEC  =    -16126.1450  EHBOND  =         0.0000  RESTRAINT  =         0.0000
 EKCMT  =         0.0000  VIRIAL  =         0.0000  VOLUME     =     45191.7138
                                                    Density    =         0.9959
 DV/DL  =      -144.5385
 ------------------------------------------------------------------------------

  Softcore part of the system:       2 atoms,       TEMP(K)    =         622.84
 SC_Etot=         6.9445  SC_EKtot=         3.7131  SC_EPtot   =         3.2314
 SC_BOND=         1.1565  SC_ANGLE=         1.6957  SC_DIHED   =         0.3791
 SC_14NB=         0.0000  SC_14EEL=         0.0000  SC_VDW     =         0.0000
 SC_EEL =         0.0000
 SC_RES_DIST=     0.0000  SC_RES_ANG=       0.0000  SC_RES_TORS=         0.0000
 SC_EEL_DER=      0.0000  SC_VDW_DER=      -0.6840  SC_DERIV   =        -0.6840
 ------------------------------------------------------------------------------


| TI region  2


 NSTEP =       50   TIME(PS) =     302.100  TEMP(K) =   292.64  PRESS =     0.0
 Etot   =    -11720.0241  EKtot   =      2622.6660  EPtot      =    -14342.6900
 BOND   =        10.7875  ANGLE   =        32.1068  DIHED      =        39.9035
 1-4 NB =        18.2424  1-4 EEL =      -430.7924  VDWAALS    =      2113.2073
 EELEC  =    -16126.1450  EHBOND  =         0.0000  RESTRAINT  =         0.0000
 EKCMT  =         0.0000  VIRIAL  =         0.0000  VOLUME     =     45191.7138
                                                    Density    =         0.9959
 DV/DL  =      -144.5385
 ------------------------------------------------------------------------------


MBAR Energy analysis:
Energy at 0.0000 =    -14397.453995
Energy at 0.0000 =    -14397.453995
Energy at 0.2000 =    -14428.493192
Energy at 0.2000 =    -14428.493192
Energy at 0.5000 =    -14474.938562
Energy at 0.5000 =    -14474.938562
Energy at 0.6000 =    -14490.405170
Energy at 0.6000 =    -14490.405170
 ------------------------------------------------------------------------------


| TI region  1


 NSTEP =      100   TIME(PS) =     302.200  TEMP(K) =   297.46  PRESS =     0.0
 Etot   =    -11760.8556  EKtot   =      2667.6376  EPtot      =    -14428.4932
 BOND   =         9.3295  ANGLE   =        29.7172  DIHED      =        42.6398
 1-4 NB =        14.4058  1-4 EEL =      -422.3552  VDWAALS    =      2105.9635
 EELEC  =    -16208.1937  EHBOND  =         0.0000  RESTRAINT  =         0.0000
 EKCMT  =         0.0000  VIRIAL  =         0.0000  VOLUME     =     45191.7138
                                                    Density    =         0.9959
 DV/DL  =      -154.9930
 ------------------------------------------------------------------------------

  Softcore part of the system:       2 atoms,       TEMP(K)    =         173.54
 SC_Etot=         4.4648  SC_EKtot=         1.0346  SC_EPtot   =         3.4302
 SC_BOND=         1.1246  SC_ANGLE=         2.2995  SC_DIHED   =         0.0061
 SC_14NB=         0.0000  SC_14EEL=         0.0000  SC_VDW     =         0.0000
 SC_EEL =         0.0000
 SC_RES_DIST=     0.0000  SC_RES_ANG=       0.0000  SC_RES_TORS=         0.0000
 SC_EEL_DER=      0.0000  SC_VDW_DER=      -0.3081  SC_DERIV   =        -0.3081
 ------------------------------------------------------------------------------


| TI region  2


 NSTEP =      100   TIME(PS) =     302.200  TEMP(K) =   297.54  PRESS =     0.0
 Etot   =    -11761.8901  EKtot   =      2666.6031  EPtot      =    -14428.4932
 BOND   =         9.3295  ANGLE   =        29.7172  DIHED      =        42.6398
 1-4 NB =        14.4058  1-4 EEL =      -422.3552  VDWAALS    =      2105.9635
 EELEC  =    -16208.1937  EHBOND  =         0.0000  RESTRAINT  =         0.0000
 EKCMT  =         0.0000  VIRIAL  =         0.0000  VOLUME     =     45191.7138
                                                    Density    =         0.9959
 DV/DL  =      -154.9930
 ------------------------------------------------------------------------------


MBAR Energy analysis:
Energy at 0.0000 =    -14434.190619
Energy at 0.0000 =    -14434.190619
Energy at 0.2000 =    -14464.584858
Energy at 0.2000 =    -14464.584858
Energy at 0.5000 =    -14510.128637
Energy at 0.5000 =    -14510.128637
Energy at 0.6000 =    -14525.303151
Energy at 0.6000 =    -14525.303151
 ------------------------------------------------------------------------------


| TI region  1


 NSTEP =      150   TIME(PS) =     302.300  TEMP(K) =   300.76  PRESS =     0.0
 Etot   =    -11767.2895  EKtot   =      2697.2954  EPtot      =    -14464.5849
 BOND   =        11.9483  ANGLE   =        29.3146  DIHED      =        37.2567
 1-4 NB =        17.5159  1-4 EEL =      -429.6609  VDWAALS    =      2144.8191
 EELEC  =    -16275.7785  EHBOND  =         0.0000  RESTRAINT  =         0.0000
 EKCMT  =         0.0000  VIRIAL  =         0.0000  VOLUME     =     45191.7138
                                                    Density    =         0.9959
 DV/DL  =      -151.8886
 ------------------------------------------------------------------------------

  Softcore part of the system:       2 atoms,       TEMP(K)    =         290.51
 SC_Etot=         6.9055  SC_EKtot=         1.7319  SC_EPtot   =         5.1736
 SC_BOND=         1.3807  SC_ANGLE=         3.3634  SC_DIHED   =         0.4296
 SC_14NB=         0.0000  SC_14EEL=         0.0000  SC_VDW     =         0.0000
 SC_EEL =         0.0000
 SC_RES_DIST=     0.0000  SC_RES_ANG=       0.0000  SC_RES_TORS=         0.0000
 SC_EEL_DER=      0.0000  SC_VDW_DER=      -0.1342  SC_DERIV   =        -0.1342
 ------------------------------------------------------------------------------


| TI region  2


 NSTEP =      150   TIME(PS) =     302.300  TEMP(K) =   300.77  PRESS =     0.0
 Etot   =    -11769.0213  EKtot   =      2695.5635  EPtot      =    -14464.5849
 BOND   =        11.9483  ANGLE   =        29.3146  DIHED      =        37.2567
 1-4 NB =        17.5159  1-4 EEL =      -429.6609  VDWAALS    =      2144.8191
 EELEC  =    -16275.7785  EHBOND  =         0.0000  RESTRAINT  =         0.0000
 EKCMT  =         0.0000  VIRIAL  =         0.0000  VOLUME     =     45191.7138
                                                    Density    =         0.9959
 DV/DL  =      -151.8886
 ------------------------------------------------------------------------------


MBAR Energy analysis:
Energy at 0.0000 =    -14455.121552
Energy at 0.0000 =    -14455.121552
Energy at 0.2000 =    -14487.570554
Energy at 0.2000 =    -14487.570554
Energy at 0.5000 =    -14536.222732
Energy at 0.5000 =    -14536.222732
Energy at 0.6000 =    -14552.437396
Energy at 0.6000 =    -14552.437396
 ------------------------------------------------------------------------------


| TI region  1


 NSTEP =      200   TIME(PS) =     302.400  TEMP(K) =   301.27  PRESS =     0.0
 Etot   =    -11785.7554  EKtot   =      2701.8152  EPtot      =    -14487.5706
 BOND   =        10.3572  ANGLE   =        23.6362  DIHED      =        41.5762
 1-4 NB =        16.9011  1-4 EEL =      -422.8531  VDWAALS    =      2118.4154
 EELEC  =    -16275.6037  EHBOND  =         0.0000  RESTRAINT  =         0.0000
 EKCMT  =         0.0000  VIRIAL  =         0.0000  VOLUME     =     45115.0017
                                                    Density    =         0.9976
 DV/DL  =      -162.2072
 ------------------------------------------------------------------------------

  Softcore part of the system:       2 atoms,       TEMP(K)    =         277.05
 SC_Etot=         4.9727  SC_EKtot=         1.6517  SC_EPtot   =         3.3210
 SC_BOND=         0.4798  SC_ANGLE=         2.7972  SC_DIHED   =         0.0441
 SC_14NB=         0.0000  SC_14EEL=         0.0000  SC_VDW     =         0.0000
 SC_EEL =         0.0000
 SC_RES_DIST=     0.0000  SC_RES_ANG=       0.0000  SC_RES_TORS=         0.0000
 SC_EEL_DER=      0.0000  SC_VDW_DER=      -0.0539  SC_DERIV   =        -0.0539
 ------------------------------------------------------------------------------


| TI region  2


 NSTEP =      200   TIME(PS) =     302.400  TEMP(K) =   301.28  PRESS =     0.0
 Etot   =    -11787.4070  EKtot   =      2700.1635  EPtot      =    -14487.5706
 BOND   =        10.3572  ANGLE   =        23.6362  DIHED      =        41.5762
 1-4 NB =        16.9011  1-4 EEL =      -422.8531  VDWAALS    =      2118.4154
 EELEC  =    -16275.6037  EHBOND  =         0.0000  RESTRAINT  =         0.0000
 EKCMT  =         0.0000  VIRIAL  =         0.0000  VOLUME     =     45115.0017
                                                    Density    =         0.9976
 DV/DL  =      -162.2072
 ------------------------------------------------------------------------------


MBAR Energy analysis:
Energy at 0.0000 =    -14452.703768
Energy at 0.0000 =    -14452.703768
Energy at 0.2000 =    -14484.292099
Energy at 0.2000 =    -14484.292099
Energy at 0.5000 =    -14531.321695
Energy at 0.5000 =    -14531.321695
Energy at 0.6000 =    -14546.954288
Energy at 0.6000 =    -14546.954288
 ------------------------------------------------------------------------------


| TI region  1


 NSTEP =      250   TIME(PS) =     302.500  TEMP(K) =   300.81  PRESS =     0.0
 Etot   =    -11786.5683  EKtot   =      2697.7238  EPtot      =    -14484.2921
 BOND   =        11.0175  ANGLE   =        28.4882  DIHED      =        41.3296
 1-4 NB =        15.1924  1-4 EEL =      -421.4908  VDWAALS    =      2032.2622
 EELEC  =    -16191.0911  EHBOND  =         0.0000  RESTRAINT  =         0.0000
 EKCMT  =         0.0000  VIRIAL  =         0.0000  VOLUME     =     45115.0017
                                                    Density    =         0.9976
 DV/DL  =      -157.2882
 ------------------------------------------------------------------------------

  Softcore part of the system:       2 atoms,       TEMP(K)    =         134.05
 SC_Etot=         2.5052  SC_EKtot=         0.7992  SC_EPtot   =         1.7061
 SC_BOND=         0.0315  SC_ANGLE=         1.6700  SC_DIHED   =         0.0045
 SC_14NB=         0.0000  SC_14EEL=         0.0000  SC_VDW     =         0.0000
 SC_EEL =         0.0000
 SC_RES_DIST=     0.0000  SC_RES_ANG=       0.0000  SC_RES_TORS=         0.0000
 SC_EEL_DER=      0.0000  SC_VDW_DER=      -0.9098  SC_DERIV   =        -0.9098
 ------------------------------------------------------------------------------


| TI region  2


 NSTEP =      250   TIME(PS) =     302.500  TEMP(K) =   300.92  PRESS =     0.0
 Etot   =    -11787.3675  EKtot   =      2696.9246  EPtot      =    -14484.2921
 BOND   =        11.0175  ANGLE   =        28.4882  DIHED      =        41.3296
 1-4 NB =        15.1924  1-4 EEL =      -421.4908  VDWAALS    =      2032.2622
 EELEC  =    -16191.0911  EHBOND  =         0.0000  RESTRAINT  =         0.0000
 EKCMT  =         0.0000  VIRIAL  =         0.0000  VOLUME     =     45115.0017
                                                    Density    =         0.9976
 DV/DL  =      -157.2882
 ------------------------------------------------------------------------------


MBAR Energy analysis:
Energy at 0.0000 =    -14475.403625
Energy at 0.0000 =    -14475.403625
Energy at 0.2000 =    -14512.138026
Energy at 0.2000 =    -14512.138026
Energy at 0.5000 =    -14563.212084
Energy at 0.5000 =    -14563.212084
Energy at 0.6000 =    -14579.982407
Energy at 0.6000 =    -14579.982407
 ------------------------------------------------------------------------------


| TI region  1


 NSTEP =      300   TIME(PS) =     302.600  TEMP(K) =   299.31  PRESS =     0.0
 Etot   =    -11827.8316  EKtot   =      2684.3065  EPtot      =    -14512.1380
 BOND   =         8.7238  ANGLE   =        28.9734  DIHED      =        40.0950
 1-4 NB =        16.2914  1-4 EEL =      -425.6098  VDWAALS    =      2148.7409
 EELEC  =    -16329.3528  EHBOND  =         0.0000  RESTRAINT  =         0.0000
 EKCMT  =         0.0000  VIRIAL  =         0.0000  VOLUME     =     45023.2952
                                                    Density    =         0.9997
 DV/DL  =      -174.3429
 ------------------------------------------------------------------------------

  Softcore part of the system:       2 atoms,       TEMP(K)    =         242.64
 SC_Etot=         2.9690  SC_EKtot=         1.4465  SC_EPtot   =         1.5225
 SC_BOND=         0.1121  SC_ANGLE=         0.9216  SC_DIHED   =         0.4888
 SC_14NB=         0.0000  SC_14EEL=         0.0000  SC_VDW     =         0.0000
 SC_EEL =         0.0000
 SC_RES_DIST=     0.0000  SC_RES_ANG=       0.0000  SC_RES_TORS=         0.0000
 SC_EEL_DER=      0.0000  SC_VDW_DER=      -6.1004  SC_DERIV   =        -6.1004
 ------------------------------------------------------------------------------


| TI region  2


 NSTEP =      300   TIME(PS) =     302.600  TEMP(K) =   299.35  PRESS =     0.0
 Etot   =    -11829.2781  EKtot   =      2682.8600  EPtot      =    -14512.1380
 BOND   =         8.7238  ANGLE   =        28.9734  DIHED      =        40.0950
 1-4 NB =        16.2914  1-4 EEL =      -425.6098  VDWAALS    =      2148.7409
 EELEC  =    -16329.3528  EHBOND  =         0.0000  RESTRAINT  =         0.0000
 EKCMT  =         0.0000  VIRIAL  =         0.0000  VOLUME     =     45023.2952
                                                    Density    =         0.9996
 DV/DL  =      -174.3429
 ------------------------------------------------------------------------------


MBAR Energy analysis:
Energy at 0.0000 =    -14430.377884
Energy at 0.0000 =    -14430.377884
Energy at 0.2000 =    -14464.789173
Energy at 0.2000 =    -14464.789173
Energy at 0.5000 =    -14515.523301
Energy at 0.5000 =    -14515.523301
Energy at 0.6000 =    -14532.351980
Energy at 0.6000 =    -14532.351980
 ------------------------------------------------------------------------------


| TI region  1


 NSTEP =      350   TIME(PS) =     302.700  TEMP(K) =   303.01  PRESS =     0.0
 Etot   =    -11747.3247  EKtot   =      2717.4645  EPtot      =    -14464.7892
 BOND   =         7.9742  ANGLE   =        30.4976  DIHED      =        39.4787
 1-4 NB =        15.5102  1-4 EEL =      -423.2738  VDWAALS    =      2147.7335
 EELEC  =    -16282.7097  EHBOND  =         0.0000  RESTRAINT  =         0.0000
 EKCMT  =         0.0000  VIRIAL  =         0.0000  VOLUME     =     45023.2952
                                                    Density    =         0.9997
 DV/DL  =      -170.2458
 ------------------------------------------------------------------------------

  Softcore part of the system:       2 atoms,       TEMP(K)    =         157.47
 SC_Etot=         2.5177  SC_EKtot=         0.9387  SC_EPtot   =         1.5789
 SC_BOND=         0.4833  SC_ANGLE=         1.0185  SC_DIHED   =         0.0771
 SC_14NB=         0.0000  SC_14EEL=         0.0000  SC_VDW     =         0.0000
 SC_EEL =         0.0000
 SC_RES_DIST=     0.0000  SC_RES_ANG=       0.0000  SC_RES_TORS=         0.0000
 SC_EEL_DER=      0.0000  SC_VDW_DER=      -1.8180  SC_DERIV   =        -1.8180
 ------------------------------------------------------------------------------


| TI region  2


 NSTEP =      350   TIME(PS) =     302.700  TEMP(K) =   303.11  PRESS =     0.0
 Etot   =    -11748.2634  EKtot   =      2716.5258  EPtot      =    -14464.7892
 BOND   =         7.9742  ANGLE   =        30.4976  DIHED      =        39.4787
 1-4 NB =        15.5102  1-4 EEL =      -423.2738  VDWAALS    =      2147.7335
 EELEC  =    -16282.7097  EHBOND  =         0.0000  RESTRAINT  =         0.0000
 EKCMT  =         0.0000  VIRIAL  =         0.0000  VOLUME     =     45023.2952
                                                    Density    =         0.9996
 DV/DL  =      -170.2458
 ------------------------------------------------------------------------------


MBAR Energy analysis:
Energy at 0.0000 =    -14396.336048
Energy at 0.0000 =    -14396.336048
Energy at 0.2000 =    -14429.455430
Energy at 0.2000 =    -14429.455430
Energy at 0.5000 =    -14479.123085
Energy at 0.5000 =    -14479.123085
Energy at 0.6000 =    -14495.677683
Energy at 0.6000 =    -14495.677683
 ------------------------------------------------------------------------------


| TI region  1


 NSTEP =      400   TIME(PS) =     302.800  TEMP(K) =   299.61  PRESS =     0.0
 Etot   =    -11742.5126  EKtot   =      2686.9428  EPtot      =    -14429.4554
 BOND   =        11.0563  ANGLE   =        31.7354  DIHED      =        38.6677
 1-4 NB =        15.6094  1-4 EEL =      -427.4473  VDWAALS    =      2078.9482
 EELEC  =    -16178.0252  EHBOND  =         0.0000  RESTRAINT  =         0.0000
 EKCMT  =         0.0000  VIRIAL  =         0.0000  VOLUME     =     45023.2952
                                                    Density    =         0.9997
 DV/DL  =      -165.5762
 ------------------------------------------------------------------------------

  Softcore part of the system:       2 atoms,       TEMP(K)    =         373.26
 SC_Etot=         4.9928  SC_EKtot=         2.2252  SC_EPtot   =         2.7676
 SC_BOND=         0.8859  SC_ANGLE=         1.5487  SC_DIHED   =         0.3330
 SC_14NB=         0.0000  SC_14EEL=         0.0000  SC_VDW     =         0.0000
 SC_EEL =         0.0000
 SC_RES_DIST=     0.0000  SC_RES_ANG=       0.0000  SC_RES_TORS=         0.0000
 SC_EEL_DER=      0.0000  SC_VDW_DER=      -0.0250  SC_DERIV   =        -0.0250
 ------------------------------------------------------------------------------


| TI region  2


 NSTEP =      400   TIME(PS) =     302.800  TEMP(K) =   299.56  PRESS =     0.0
 Etot   =    -11744.7378  EKtot   =      2684.7176  EPtot      =    -14429.4554
 BOND   =        11.0563  ANGLE   =        31.7354  DIHED      =        38.6677
 1-4 NB =        15.6094  1-4 EEL =      -427.4473  VDWAALS    =      2078.9482
 EELEC  =    -16178.0252  EHBOND  =         0.0000  RESTRAINT  =         0.0000
 EKCMT  =         0.0000  VIRIAL  =         0.0000  VOLUME     =     45023.2952
                                                    Density    =         0.9996
 DV/DL  =      -165.5762
 ------------------------------------------------------------------------------


MBAR Energy analysis:
Energy at 0.0000 =    -14413.039332
Energy at 0.0000 =    -14413.039332
Energy at 0.2000 =    -14445.929049
Energy at 0.2000 =    -14445.929049
Energy at 0.5000 =    -14495.051454
Energy at 0.5000 =    -14495.051454
Energy at 0.6000 =    -14511.400001
Energy at 0.6000 =    -14511.400001
 ------------------------------------------------------------------------------


| TI region  1


 NSTEP =      450   TIME(PS) =     302.900  TEMP(K) =   298.36  PRESS =     0.0
 Etot   =    -11770.2067  EKtot   =      2675.7224  EPtot      =    -14445.9290
 BOND   =        15.0097  ANGLE   =        26.5903  DIHED      =        38.3625
 1-4 NB =        13.1376  1-4 EEL =      -425.6659  VDWAALS    =      2032.8086
 EELEC  =    -16146.1718  EHBOND  =         0.0000  RESTRAINT  =         0.0000
 EKCMT  =         0.0000  VIRIAL  =         0.0000  VOLUME     =     45023.2952
                                                    Density    =         0.9997
 DV/DL  =      -164.0518
 ------------------------------------------------------------------------------

  Softcore part of the system:       2 atoms,       TEMP(K)    =         379.97
 SC_Etot=         4.5382  SC_EKtot=         2.2652  SC_EPtot   =         2.2730
 SC_BOND=         0.3412  SC_ANGLE=         1.5363  SC_DIHED   =         0.3954
 SC_14NB=         0.0000  SC_14EEL=         0.0000  SC_VDW     =         0.0000
 SC_EEL =         0.0000
 SC_RES_DIST=     0.0000  SC_RES_ANG=       0.0000  SC_RES_TORS=         0.0000
 SC_EEL_DER=      0.0000  SC_VDW_DER=      -0.5324  SC_DERIV   =        -0.5324
 ------------------------------------------------------------------------------


| TI region  2


 NSTEP =      450   TIME(PS) =     302.900  TEMP(K) =   298.30  PRESS =     0.0
 Etot   =    -11772.4719  EKtot   =      2673.4572  EPtot      =    -14445.9290
 BOND   =        15.0097  ANGLE   =        26.5903  DIHED      =        38.3625
 1-4 NB =        13.1376  1-4 EEL =      -425.6659  VDWAALS    =      2032.8086
 EELEC  =    -16146.1718  EHBOND  =         0.0000  RESTRAINT  =         0.0000
 EKCMT  =         0.0000  VIRIAL  =         0.0000  VOLUME     =     45023.2952
                                                    Density    =         0.9996
 DV/DL  =      -164.0518
 ------------------------------------------------------------------------------


MBAR Energy analysis:
Energy at 0.0000 =    -14365.604985
Energy at 0.0000 =    -14365.604985
Energy at 0.2000 =    -14398.719426
Energy at 0.2000 =    -14398.719426
Energy at 0.5000 =    -14448.163620
Energy at 0.5000 =    -14448.163620
Energy at 0.6000 =    -14464.615370
Energy at 0.6000 =    -14464.615370
 ------------------------------------------------------------------------------


| TI region  1


 NSTEP =      500   TIME(PS) =     303.000  TEMP(K) =   289.99  PRESS =     0.0
 Etot   =    -11798.0464  EKtot   =      2600.6731  EPtot      =    -14398.7194
 BOND   =        10.9381  ANGLE   =        32.5898  DIHED      =        40.9951
 1-4 NB =        17.4030  1-4 EEL =      -428.0448  VDWAALS    =      2087.5188
 EELEC  =    -16160.1193  EHBOND  =         0.0000  RESTRAINT  =         0.0000
 EKCMT  =         0.0000  VIRIAL  =         0.0000  VOLUME     =     45333.8981
                                                    Density    =         0.9928
 DV/DL  =      -165.1584
 ------------------------------------------------------------------------------

  Softcore part of the system:       2 atoms,       TEMP(K)    =         432.89
 SC_Etot=         4.6206  SC_EKtot=         2.5807  SC_EPtot   =         2.0399
 SC_BOND=         0.0586  SC_ANGLE=         1.9365  SC_DIHED   =         0.0448
 SC_14NB=         0.0000  SC_14EEL=         0.0000  SC_VDW     =         0.0000
 SC_EEL =         0.0000
 SC_RES_DIST=     0.0000  SC_RES_ANG=       0.0000  SC_RES_TORS=         0.0000
 SC_EEL_DER=      0.0000  SC_VDW_DER=      -0.6085  SC_DERIV   =        -0.6085
 ------------------------------------------------------------------------------


| TI region  2


 NSTEP =      500   TIME(PS) =     303.000  TEMP(K) =   289.89  PRESS =     0.0
 Etot   =    -11800.6271  EKtot   =      2598.0924  EPtot      =    -14398.7194
 BOND   =        10.9381  ANGLE   =        32.5898  DIHED      =        40.9951
 1-4 NB =        17.4030  1-4 EEL =      -428.0448  VDWAALS    =      2087.5188
 EELEC  =    -16160.1193  EHBOND  =         0.0000  RESTRAINT  =         0.0000
 EKCMT  =         0.0000  VIRIAL  =         0.0000  VOLUME     =     45333.8981
                                                    Density    =         0.9927
 DV/DL  =      -165.1584
 ------------------------------------------------------------------------------


MBAR Energy analysis:
Energy at 0.0000 =    -14378.579129
Energy at 0.0000 =    -14378.579129
Energy at 0.2000 =    -14410.541246
Energy at 0.2000 =    -14410.541246
Energy at 0.5000 =    -14458.433750
Energy at 0.5000 =    -14458.433750
Energy at 0.6000 =    -14474.390857
Energy at 0.6000 =    -14474.390857
 ------------------------------------------------------------------------------


| TI region  1


 NSTEP =      550   TIME(PS) =     303.100  TEMP(K) =   288.95  PRESS =     0.0
 Etot   =    -11819.1855  EKtot   =      2591.3557  EPtot      =    -14410.5412
 BOND   =        11.1612  ANGLE   =        35.6415  DIHED      =        35.2555
 1-4 NB =        14.4053  1-4 EEL =      -427.9735  VDWAALS    =      2034.5493
 EELEC  =    -16113.5806  EHBOND  =         0.0000  RESTRAINT  =         0.0000
 EKCMT  =         0.0000  VIRIAL  =         0.0000  VOLUME     =     45333.8981
                                                    Density    =         0.9928
 DV/DL  =      -159.7217
 ------------------------------------------------------------------------------

  Softcore part of the system:       2 atoms,       TEMP(K)    =         475.38
 SC_Etot=         6.6619  SC_EKtot=         2.8340  SC_EPtot   =         3.8279
 SC_BOND=         0.1313  SC_ANGLE=         3.2944  SC_DIHED   =         0.4022
 SC_14NB=         0.0000  SC_14EEL=         0.0000  SC_VDW     =         0.0000
 SC_EEL =         0.0000
 SC_RES_DIST=     0.0000  SC_RES_ANG=       0.0000  SC_RES_TORS=         0.0000
 SC_EEL_DER=      0.0000  SC_VDW_DER=      -0.1415  SC_DERIV   =        -0.1415
 ------------------------------------------------------------------------------


| TI region  2


 NSTEP =      550   TIME(PS) =     303.100  TEMP(K) =   288.83  PRESS =     0.0
 Etot   =    -11822.0196  EKtot   =      2588.5217  EPtot      =    -14410.5412
 BOND   =        11.1612  ANGLE   =        35.6415  DIHED      =        35.2555
 1-4 NB =        14.4053  1-4 EEL =      -427.9735  VDWAALS    =      2034.5493
 EELEC  =    -16113.5806  EHBOND  =         0.0000  RESTRAINT  =         0.0000
 EKCMT  =         0.0000  VIRIAL  =         0.0000  VOLUME     =     45333.8981
                                                    Density    =         0.9927
 DV/DL  =      -159.7217
 ------------------------------------------------------------------------------


MBAR Energy analysis:
Energy at 0.0000 =    -14391.489557
Energy at 0.0000 =    -14391.489557
Energy at 0.2000 =    -14422.887191
Energy at 0.2000 =    -14422.887191
Energy at 0.5000 =    -14469.978998
Energy at 0.5000 =    -14469.978998
Energy at 0.6000 =    -14485.676126
Energy at 0.6000 =    -14485.676126
 ------------------------------------------------------------------------------


| TI region  1


 NSTEP =      600   TIME(PS) =     303.200  TEMP(K) =   295.97  PRESS =     0.0
 Etot   =    -11768.6049  EKtot   =      2654.2823  EPtot      =    -14422.8872
 BOND   =        12.3472  ANGLE   =        30.4270  DIHED      =        38.2193
 1-4 NB =        16.2600  1-4 EEL =      -432.5666  VDWAALS    =      2112.8608
 EELEC  =    -16200.4348  EHBOND  =         0.0000  RESTRAINT  =         0.0000
 EKCMT  =         0.0000  VIRIAL  =         0.0000  VOLUME     =     45333.8981
                                                    Density    =         0.9928
 DV/DL  =      -156.9786
 ------------------------------------------------------------------------------

  Softcore part of the system:       2 atoms,       TEMP(K)    =         138.31
 SC_Etot=         5.2501  SC_EKtot=         0.8245  SC_EPtot   =         4.4255
 SC_BOND=         0.1877  SC_ANGLE=         3.9859  SC_DIHED   =         0.2519
 SC_14NB=         0.0000  SC_14EEL=         0.0000  SC_VDW     =         0.0000
 SC_EEL =         0.0000
 SC_RES_DIST=     0.0000  SC_RES_ANG=       0.0000  SC_RES_TORS=         0.0000
 SC_EEL_DER=      0.0000  SC_VDW_DER=      -0.0023  SC_DERIV   =        -0.0023
 ------------------------------------------------------------------------------


| TI region  2


 NSTEP =      600   TIME(PS) =     303.200  TEMP(K) =   296.07  PRESS =     0.0
 Etot   =    -11769.4294  EKtot   =      2653.4578  EPtot      =    -14422.8872
 BOND   =        12.3472  ANGLE   =        30.4270  DIHED      =        38.2193
 1-4 NB =        16.2600  1-4 EEL =      -432.5666  VDWAALS    =      2112.8608
 EELEC  =    -16200.4348  EHBOND  =         0.0000  RESTRAINT  =         0.0000
 EKCMT  =         0.0000  VIRIAL  =         0.0000  VOLUME     =     45333.8981
                                                    Density    =         0.9927
 DV/DL  =      -156.9786
 ------------------------------------------------------------------------------


MBAR Energy analysis:
Energy at 0.0000 =    -14422.886917
Energy at 0.0000 =    -14422.886917
Energy at 0.2000 =    -14455.046117
Energy at 0.2000 =    -14455.046117
Energy at 0.5000 =    -14503.142302
Energy at 0.5000 =    -14503.142302
Energy at 0.6000 =    -14519.154937
Energy at 0.6000 =    -14519.154937
 ------------------------------------------------------------------------------


| TI region  1


 NSTEP =      650   TIME(PS) =     303.300  TEMP(K) =   294.70  PRESS =     0.0
 Etot   =    -11812.1578  EKtot   =      2642.8883  EPtot      =    -14455.0461
 BOND   =        11.1655  ANGLE   =        37.8047  DIHED      =        38.1538
 1-4 NB =        17.5528  1-4 EEL =      -432.5602  VDWAALS    =      2099.4462
 EELEC  =    -16226.6090  EHBOND  =         0.0000  RESTRAINT  =         0.0000
 EKCMT  =         0.0000  VIRIAL  =         0.0000  VOLUME     =     45333.8981
                                                    Density    =         0.9928
 DV/DL  =      -160.5420
 ------------------------------------------------------------------------------

  Softcore part of the system:       2 atoms,       TEMP(K)    =          66.20
 SC_Etot=         1.1839  SC_EKtot=         0.3947  SC_EPtot   =         0.7892
 SC_BOND=         0.0027  SC_ANGLE=         0.7816  SC_DIHED   =         0.0049
 SC_14NB=         0.0000  SC_14EEL=         0.0000  SC_VDW     =         0.0000
 SC_EEL =         0.0000
 SC_RES_DIST=     0.0000  SC_RES_ANG=       0.0000  SC_RES_TORS=         0.0000
 SC_EEL_DER=      0.0000  SC_VDW_DER=      -0.3940  SC_DERIV   =        -0.3940
 ------------------------------------------------------------------------------


| TI region  2


 NSTEP =      650   TIME(PS) =     303.300  TEMP(K) =   294.85  PRESS =     0.0
 Etot   =    -11812.5525  EKtot   =      2642.4936  EPtot      =    -14455.0461
 BOND   =        11.1655  ANGLE   =        37.8047  DIHED      =        38.1538
 1-4 NB =        17.5528  1-4 EEL =      -432.5602  VDWAALS    =      2099.4462
 EELEC  =    -16226.6090  EHBOND  =         0.0000  RESTRAINT  =         0.0000
 EKCMT  =         0.0000  VIRIAL  =         0.0000  VOLUME     =     45333.8981
                                                    Density    =         0.9927
 DV/DL  =      -160.5420
 ------------------------------------------------------------------------------


MBAR Energy analysis:
Energy at 0.0000 =    -14433.698325
Energy at 0.0000 =    -14433.698325
Energy at 0.2000 =    -14466.407753
Energy at 0.2000 =    -14466.407753
Energy at 0.5000 =    -14514.707745
Energy at 0.5000 =    -14514.707745
Energy at 0.6000 =    -14530.734179
Energy at 0.6000 =    -14530.734179
 ------------------------------------------------------------------------------


| TI region  1


 NSTEP =      700   TIME(PS) =     303.400  TEMP(K) =   296.85  PRESS =     0.0
 Etot   =    -11804.2238  EKtot   =      2662.1839  EPtot      =    -14466.4078
 BOND   =         9.3993  ANGLE   =        32.9600  DIHED      =        34.8440
 1-4 NB =        15.2542  1-4 EEL =      -429.3561  VDWAALS    =      2058.7259
 EELEC  =    -16188.2350  EHBOND  =         0.0000  RESTRAINT  =         0.0000
 EKCMT  =         0.0000  VIRIAL  =         0.0000  VOLUME     =     45333.8981
                                                    Density    =         0.9928
 DV/DL  =      -161.9952
 ------------------------------------------------------------------------------

  Softcore part of the system:       2 atoms,       TEMP(K)    =         115.40
 SC_Etot=         2.6451  SC_EKtot=         0.6880  SC_EPtot   =         1.9571
 SC_BOND=         0.0592  SC_ANGLE=         1.8145  SC_DIHED   =         0.0835
 SC_14NB=         0.0000  SC_14EEL=         0.0000  SC_VDW     =         0.0000
 SC_EEL =         0.0000
 SC_RES_DIST=     0.0000  SC_RES_ANG=       0.0000  SC_RES_TORS=         0.0000
 SC_EEL_DER=      0.0000  SC_VDW_DER=      -1.6070  SC_DERIV   =        -1.6070
 ------------------------------------------------------------------------------


| TI region  2


 NSTEP =      700   TIME(PS) =     303.400  TEMP(K) =   296.97  PRESS =     0.0
 Etot   =    -11804.9118  EKtot   =      2661.4960  EPtot      =    -14466.4078
 BOND   =         9.3993  ANGLE   =        32.9600  DIHED      =        34.8440
 1-4 NB =        15.2542  1-4 EEL =      -429.3561  VDWAALS    =      2058.7259
 EELEC  =    -16188.2350  EHBOND  =         0.0000  RESTRAINT  =         0.0000
 EKCMT  =         0.0000  VIRIAL  =         0.0000  VOLUME     =     45333.8981
                                                    Density    =         0.9927
 DV/DL  =      -161.9952
 ------------------------------------------------------------------------------


MBAR Energy analysis:
Energy at 0.0000 =    -14425.865199
Energy at 0.0000 =    -14425.865199
Energy at 0.2000 =    -14458.568043
Energy at 0.2000 =    -14458.568043
Energy at 0.5000 =    -14505.069055
Energy at 0.5000 =    -14505.069055
Energy at 0.6000 =    -14520.374877
Energy at 0.6000 =    -14520.374877
 ------------------------------------------------------------------------------


| TI region  1


 NSTEP =      750   TIME(PS) =     303.500  TEMP(K) =   293.14  PRESS =     0.0
 Etot   =    -11829.6310  EKtot   =      2628.9371  EPtot      =    -14458.5680
 BOND   =        12.4788  ANGLE   =        28.9532  DIHED      =        41.9345
 1-4 NB =        16.4595  1-4 EEL =      -428.3948  VDWAALS    =      2109.9166
 EELEC  =    -16239.9159  EHBOND  =         0.0000  RESTRAINT  =         0.0000
 EKCMT  =         0.0000  VIRIAL  =         0.0000  VOLUME     =     45333.8981
                                                    Density    =         0.9928
 DV/DL  =      -157.8972
 ------------------------------------------------------------------------------

  Softcore part of the system:       2 atoms,       TEMP(K)    =         217.55
 SC_Etot=         2.5205  SC_EKtot=         1.2970  SC_EPtot   =         1.2236
 SC_BOND=         0.3950  SC_ANGLE=         0.8188  SC_DIHED   =         0.0098
 SC_14NB=         0.0000  SC_14EEL=         0.0000  SC_VDW     =         0.0000
 SC_EEL =         0.0000
 SC_RES_DIST=     0.0000  SC_RES_ANG=       0.0000  SC_RES_TORS=         0.0000
 SC_EEL_DER=      0.0000  SC_VDW_DER=      -4.4710  SC_DERIV   =        -4.4710
 ------------------------------------------------------------------------------


| TI region  2


 NSTEP =      750   TIME(PS) =     303.500  TEMP(K) =   293.19  PRESS =     0.0
 Etot   =    -11830.9279  EKtot   =      2627.6401  EPtot      =    -14458.5680
 BOND   =        12.4788  ANGLE   =        28.9532  DIHED      =        41.9345
 1-4 NB =        16.4595  1-4 EEL =      -428.3948  VDWAALS    =      2109.9166
 EELEC  =    -16239.9159  EHBOND  =         0.0000  RESTRAINT  =         0.0000
 EKCMT  =         0.0000  VIRIAL  =         0.0000  VOLUME     =     45333.8981
                                                    Density    =         0.9927
 DV/DL  =      -157.8972
 ------------------------------------------------------------------------------


MBAR Energy analysis:
Energy at 0.0000 =    -14341.571831
Energy at 0.0000 =    -14341.571831
Energy at 0.2000 =    -14373.953668
Energy at 0.2000 =    -14373.953668
Energy at 0.5000 =    -14422.357505
Energy at 0.5000 =    -14422.357505
Energy at 0.6000 =    -14438.466882
Energy at 0.6000 =    -14438.466882
 ------------------------------------------------------------------------------


| TI region  1


 NSTEP =      800   TIME(PS) =     303.600  TEMP(K) =   284.07  PRESS =     0.0
 Etot   =    -11826.4029  EKtot   =      2547.5507  EPtot      =    -14373.9537
 BOND   =         7.3735  ANGLE   =        30.1367  DIHED      =        37.1787
 1-4 NB =        14.9256  1-4 EEL =      -422.5885  VDWAALS    =      2030.5106
 EELEC  =    -16071.4903  EHBOND  =         0.0000  RESTRAINT  =         0.0000
 EKCMT  =         0.0000  VIRIAL  =         0.0000  VOLUME     =     45455.0387
                                                    Density    =         0.9902
 DV/DL  =      -161.6190
 ------------------------------------------------------------------------------

  Softcore part of the system:       2 atoms,       TEMP(K)    =         436.76
 SC_Etot=         4.5599  SC_EKtot=         2.6038  SC_EPtot   =         1.9562
 SC_BOND=         1.1466  SC_ANGLE=         0.7793  SC_DIHED   =         0.0303
 SC_14NB=         0.0000  SC_14EEL=         0.0000  SC_VDW     =         0.0000
 SC_EEL =         0.0000
 SC_RES_DIST=     0.0000  SC_RES_ANG=       0.0000  SC_RES_TORS=         0.0000
 SC_EEL_DER=      0.0000  SC_VDW_DER=      -0.5047  SC_DERIV   =        -0.5047
 ------------------------------------------------------------------------------


| TI region  2


 NSTEP =      800   TIME(PS) =     303.600  TEMP(K) =   283.96  PRESS =     0.0
 Etot   =    -11829.0067  EKtot   =      2544.9470  EPtot      =    -14373.9537
 BOND   =         7.3735  ANGLE   =        30.1367  DIHED      =        37.1787
 1-4 NB =        14.9256  1-4 EEL =      -422.5885  VDWAALS    =      2030.5106
 EELEC  =    -16071.4903  EHBOND  =         0.0000  RESTRAINT  =         0.0000
 EKCMT  =         0.0000  VIRIAL  =         0.0000  VOLUME     =     45455.0387
                                                    Density    =         0.9901
 DV/DL  =      -161.6190
 ------------------------------------------------------------------------------


MBAR Energy analysis:
Energy at 0.0000 =    -14421.794058
Energy at 0.0000 =    -14421.794058
Energy at 0.2000 =    -14454.818859
Energy at 0.2000 =    -14454.818859
Energy at 0.5000 =    -14504.156022
Energy at 0.5000 =    -14504.156022
Energy at 0.6000 =    -14520.576077
Energy at 0.6000 =    -14520.576077
 ------------------------------------------------------------------------------


| TI region  1


 NSTEP =      850   TIME(PS) =     303.700  TEMP(K) =   294.15  PRESS =     0.0
 Etot   =    -11816.8338  EKtot   =      2637.9850  EPtot      =    -14454.8189
 BOND   =         7.2150  ANGLE   =        34.9941  DIHED      =        40.5176
 1-4 NB =        17.1523  1-4 EEL =      -433.7765  VDWAALS    =      1923.9826
 EELEC  =    -16044.9040  EHBOND  =         0.0000  RESTRAINT  =         0.0000
 EKCMT  =         0.0000  VIRIAL  =         0.0000  VOLUME     =     45455.0387
                                                    Density    =         0.9902
 DV/DL  =      -164.7585
 ------------------------------------------------------------------------------

  Softcore part of the system:       2 atoms,       TEMP(K)    =         469.20
 SC_Etot=         5.9990  SC_EKtot=         2.7971  SC_EPtot   =         3.2018
 SC_BOND=         0.6551  SC_ANGLE=         2.2862  SC_DIHED   =         0.2606
 SC_14NB=         0.0000  SC_14EEL=         0.0000  SC_VDW     =         0.0000
 SC_EEL =         0.0000
 SC_RES_DIST=     0.0000  SC_RES_ANG=       0.0000  SC_RES_TORS=         0.0000
 SC_EEL_DER=      0.0000  SC_VDW_DER=      -0.5272  SC_DERIV   =        -0.5272
 ------------------------------------------------------------------------------


| TI region  2


 NSTEP =      850   TIME(PS) =     303.700  TEMP(K) =   294.03  PRESS =     0.0
 Etot   =    -11819.6310  EKtot   =      2635.1879  EPtot      =    -14454.8189
 BOND   =         7.2150  ANGLE   =        34.9941  DIHED      =        40.5176
 1-4 NB =        17.1523  1-4 EEL =      -433.7765  VDWAALS    =      1923.9826
 EELEC  =    -16044.9040  EHBOND  =         0.0000  RESTRAINT  =         0.0000
 EKCMT  =         0.0000  VIRIAL  =         0.0000  VOLUME     =     45455.0387
                                                    Density    =         0.9901
 DV/DL  =      -164.7585
 ------------------------------------------------------------------------------


MBAR Energy analysis:
Energy at 0.0000 =    -14392.859137
Energy at 0.0000 =    -14392.859137
Energy at 0.2000 =    -14426.054921
Energy at 0.2000 =    -14426.054921
Energy at 0.5000 =    -14475.716986
Energy at 0.5000 =    -14475.716986
Energy at 0.6000 =    -14492.252150
Energy at 0.6000 =    -14492.252150
 ------------------------------------------------------------------------------


| TI region  1


 NSTEP =      900   TIME(PS) =     303.800  TEMP(K) =   296.22  PRESS =     0.0
 Etot   =    -11769.4809  EKtot   =      2656.5740  EPtot      =    -14426.0549
 BOND   =        11.0958  ANGLE   =        27.1280  DIHED      =        36.5665
 1-4 NB =        14.9867  1-4 EEL =      -423.2097  VDWAALS    =      2051.5545
 EELEC  =    -16144.1766  EHBOND  =         0.0000  RESTRAINT  =         0.0000
 EKCMT  =         0.0000  VIRIAL  =         0.0000  VOLUME     =     45396.8486
                                                    Density    =         0.9914
 DV/DL  =      -165.7492
 ------------------------------------------------------------------------------

  Softcore part of the system:       2 atoms,       TEMP(K)    =         496.88
 SC_Etot=         6.6642  SC_EKtot=         2.9622  SC_EPtot   =         3.7020
 SC_BOND=         1.8962  SC_ANGLE=         1.7828  SC_DIHED   =         0.0229
 SC_14NB=         0.0000  SC_14EEL=         0.0000  SC_VDW     =         0.0000
 SC_EEL =         0.0000
 SC_RES_DIST=     0.0000  SC_RES_ANG=       0.0000  SC_RES_TORS=         0.0000
 SC_EEL_DER=      0.0000  SC_VDW_DER=      -0.3794  SC_DERIV   =        -0.3794
 ------------------------------------------------------------------------------


| TI region  2


 NSTEP =      900   TIME(PS) =     303.800  TEMP(K) =   296.09  PRESS =     0.0
 Etot   =    -11772.4430  EKtot   =      2653.6119  EPtot      =    -14426.0549
 BOND   =        11.0958  ANGLE   =        27.1280  DIHED      =        36.5665
 1-4 NB =        14.9867  1-4 EEL =      -423.2097  VDWAALS    =      2051.5545
 EELEC  =    -16144.1766  EHBOND  =         0.0000  RESTRAINT  =         0.0000
 EKCMT  =         0.0000  VIRIAL  =         0.0000  VOLUME     =     45396.8486
                                                    Density    =         0.9914
 DV/DL  =      -165.7492
 ------------------------------------------------------------------------------


MBAR Energy analysis:
Energy at 0.0000 =    -14398.083284
Energy at 0.0000 =    -14398.083284
Energy at 0.2000 =    -14428.785853
Energy at 0.2000 =    -14428.785853
Energy at 0.5000 =    -14474.774872
Energy at 0.5000 =    -14474.774872
Energy at 0.6000 =    -14490.095571
Energy at 0.6000 =    -14490.095571
 ------------------------------------------------------------------------------


| TI region  1


 NSTEP =      950   TIME(PS) =     303.900  TEMP(K) =   296.40  PRESS =     0.0
 Etot   =    -11770.6233  EKtot   =      2658.1625  EPtot      =    -14428.7859
 BOND   =        11.1069  ANGLE   =        26.2659  DIHED      =        35.4961
 1-4 NB =        17.8648  1-4 EEL =      -428.9644  VDWAALS    =      1925.7897
 EELEC  =    -16016.3449  EHBOND  =         0.0000  RESTRAINT  =         0.0000
 EKCMT  =         0.0000  VIRIAL  =         0.0000  VOLUME     =     45396.8486
                                                    Density    =         0.9914
 DV/DL  =      -153.3987
 ------------------------------------------------------------------------------

  Softcore part of the system:       2 atoms,       TEMP(K)    =         517.73
 SC_Etot=         7.3995  SC_EKtot=         3.0865  SC_EPtot   =         4.3130
 SC_BOND=         3.1462  SC_ANGLE=         1.0522  SC_DIHED   =         0.1146
 SC_14NB=         0.0000  SC_14EEL=         0.0000  SC_VDW     =         0.0000
 SC_EEL =         0.0000
 SC_RES_DIST=     0.0000  SC_RES_ANG=       0.0000  SC_RES_TORS=         0.0000
 SC_EEL_DER=      0.0000  SC_VDW_DER=      -0.1804  SC_DERIV   =        -0.1804
 ------------------------------------------------------------------------------


| TI region  2


 NSTEP =      950   TIME(PS) =     303.900  TEMP(K) =   296.25  PRESS =     0.0
 Etot   =    -11773.7098  EKtot   =      2655.0760  EPtot      =    -14428.7859
 BOND   =        11.1069  ANGLE   =        26.2659  DIHED      =        35.4961
 1-4 NB =        17.8648  1-4 EEL =      -428.9644  VDWAALS    =      1925.7897
 EELEC  =    -16016.3449  EHBOND  =         0.0000  RESTRAINT  =         0.0000
 EKCMT  =         0.0000  VIRIAL  =         0.0000  VOLUME     =     45396.8486
                                                    Density    =         0.9914
 DV/DL  =      -153.3987
 ------------------------------------------------------------------------------


MBAR Energy analysis:
Energy at 0.0000 =    -14379.040742
Energy at 0.0000 =    -14379.040742
Energy at 0.2000 =    -14415.801394
Energy at 0.2000 =    -14415.801394
Energy at 0.5000 =    -14465.518432
Energy at 0.5000 =    -14465.518432
Energy at 0.6000 =    -14481.787957
Energy at 0.6000 =    -14481.787957
 ------------------------------------------------------------------------------


| TI region  1


 NSTEP =     1000   TIME(PS) =     304.000  TEMP(K) =   301.89  PRESS =     0.0
 Etot   =    -11708.3921  EKtot   =      2707.4093  EPtot      =    -14415.8014
 BOND   =        10.8245  ANGLE   =        30.2793  DIHED      =        36.8767
 1-4 NB =        14.0953  1-4 EEL =      -425.9745  VDWAALS    =      2092.8474
 EELEC  =    -16174.7500  EHBOND  =         0.0000  RESTRAINT  =         0.0000
 EKCMT  =         0.0000  VIRIAL  =         0.0000  VOLUME     =     45396.8486
                                                    Density    =         0.9914
 DV/DL  =      -170.8492
 ------------------------------------------------------------------------------

  Softcore part of the system:       2 atoms,       TEMP(K)    =         459.65
 SC_Etot=         5.3203  SC_EKtot=         2.7403  SC_EPtot   =         2.5800
 SC_BOND=         0.2655  SC_ANGLE=         2.2041  SC_DIHED   =         0.1105
 SC_14NB=         0.0000  SC_14EEL=         0.0000  SC_VDW     =         0.0000
 SC_EEL =         0.0000
 SC_RES_DIST=     0.0000  SC_RES_ANG=       0.0000  SC_RES_TORS=         0.0000
 SC_EEL_DER=      0.0000  SC_VDW_DER=      -7.4703  SC_DERIV   =        -7.4703
 ------------------------------------------------------------------------------


| TI region  2


 NSTEP =     1000   TIME(PS) =     304.000  TEMP(K) =   301.79  PRESS =     0.0
 Etot   =    -11711.1323  EKtot   =      2704.6691  EPtot      =    -14415.8014
 BOND   =        10.8245  ANGLE   =        30.2793  DIHED      =        36.8767
 1-4 NB =        14.0953  1-4 EEL =      -425.9745  VDWAALS    =      2092.8474
 EELEC  =    -16174.7500  EHBOND  =         0.0000  RESTRAINT  =         0.0000
 EKCMT  =         0.0000  VIRIAL  =         0.0000  VOLUME     =     45396.8486
                                                    Density    =         0.9914
 DV/DL  =      -170.8492
 ------------------------------------------------------------------------------

|===============================================================================

| TI region  1


      A V E R A G E S   O V E R    1000 S T E P S


 NSTEP =     1000   TIME(PS) =     304.000  TEMP(K) =   296.50  PRESS =     0.0
 Etot   =    -11781.8471  EKtot   =      2659.0979  EPtot      =    -14440.9450
 BOND   =        10.5043  ANGLE   =        29.1787  DIHED      =        39.3562
 1-4 NB =        15.7981  1-4 EEL =      -425.3704  VDWAALS    =      2073.0730
 EELEC  =    -16183.4849  EHBOND  =         0.0000  RESTRAINT  =         0.0000
 EKCMT  =         0.0000  VIRIAL  =         0.0000  VOLUME     =     45240.0653
                                                    Density    =         0.9949
 DV/DL  =      -161.2347
 ------------------------------------------------------------------------------

  Softcore part of the system:       2 atoms,       TEMP(K)    =         290.87
 SC_Etot=         4.0816  SC_EKtot=         1.7341  SC_EPtot   =         2.3475
 SC_BOND=         0.7339  SC_ANGLE=         1.4439  SC_DIHED   =         0.1697
 SC_14NB=         0.0000  SC_14EEL=         0.0000  SC_VDW     =         0.0000
 SC_EEL =         0.0000
 SC_RES_DIST=     0.0000  SC_RES_ANG=       0.0000  SC_RES_TORS=         0.0000
 SC_EEL_DER=      0.0000  SC_VDW_DER=      -1.1028  SC_DERIV   =        -1.1028
 ------------------------------------------------------------------------------


      R M S  F L U C T U A T I O N S


 NSTEP =     1000   TIME(PS) =     304.000  TEMP(K) =     4.58  PRESS =     0.0
 Etot   =        32.7057  EKtot   =        41.0997  EPtot      =        37.6705
 BOND   =         2.5548  ANGLE   =         3.5532  DIHED      =         2.6937
 1-4 NB =         1.2824  1-4 EEL =         3.6639  VDWAALS    =        62.0317
 EELEC  =        80.6155  EHBOND  =         0.0000  RESTRAINT  =         0.0000
 EKCMT  =         0.0000  VIRIAL  =         0.0000  VOLUME     =       145.5081
                                                    Density    =         0.0032
 DV/DL  =         6.6419
 ------------------------------------------------------------------------------

  Softcore part of the system:       2 atoms,       TEMP(K)    =         162.74
 SC_Etot=         1.6028  SC_EKtot=         0.9702  SC_EPtot   =         1.2172
 SC_BOND=         0.7239  SC_ANGLE=         0.8910  SC_DIHED   =         0.1917
 SC_14NB=         0.0000  SC_14EEL=         0.0000  SC_VDW     =         0.0000
 SC_EEL =         0.0000
 SC_RES_DIST=     0.0000  SC_RES_ANG=       0.0000  SC_RES_TORS=         0.0000
 SC_EEL_DER=      0.0000  SC_VDW_DER=       1.5754  SC_DERIV   =         1.5754
 ------------------------------------------------------------------------------


| TI region  2


      A V E R A G E S   O V E R    1000 S T E P S


 NSTEP =     1000   TIME(PS) =     304.000  TEMP(K) =   296.51  PRESS =     0.0
 Etot   =    -11783.5812  EKtot   =      2657.3638  EPtot      =    -14440.9450
 BOND   =        10.5043  ANGLE   =        29.1787  DIHED      =        39.3562
 1-4 NB =        15.7981  1-4 EEL =      -425.3704  VDWAALS    =      2073.0730
 EELEC  =    -16183.4849  EHBOND  =         0.0000  RESTRAINT  =         0.0000
 EKCMT  =         0.0000  VIRIAL  =         0.0000  VOLUME     =     45240.0653
                                                    Density    =         0.9948
 DV/DL  =      -161.2347
 ------------------------------------------------------------------------------


      R M S  F L U C T U A T I O N S


 NSTEP =     1000   TIME(PS) =     304.000  TEMP(K) =     4.59  PRESS =     0.0
 Etot   =        32.4933  EKtot   =        41.1734  EPtot      =        37.6705
 BOND   =         2.5548  ANGLE   =         3.5532  DIHED      =         2.6937
 1-4 NB =         1.2824  1-4 EEL =         3.6639  VDWAALS    =        62.0317
 EELEC  =        80.6155  EHBOND  =         0.0000  RESTRAINT  =         0.0000
 EKCMT  =         0.0000  VIRIAL  =         0.0000  VOLUME     =       145.5081
                                                    Density    =         0.0032
 DV/DL  =         6.6419
 ------------------------------------------------------------------------------


      DV/DL, AVERAGES OVER    1000 STEPS


 NSTEP =     1000   TIME(PS) =     304.000  TEMP(K) =     4.59  PRESS =     0.0
 Etot   =         0.0000  EKtot   =         0.0000  EPtot      =      -159.5952
 BOND   =         0.0000  ANGLE   =         0.0000  DIHED      =         0.0000
 1-4 NB =        -0.0076  1-4 EEL =      -198.3909  VDWAALS    =        -0.3042
 EELEC  =        38.5708  EHBOND  =         0.0000  RESTRAINT  =         0.0000
 EKCMT  =         0.0000  VIRIAL  =         0.0000  VOLUME     =         0.0000
                                                    Density    =         0.0000
 DV/DL  =      -159.5952
 ------------------------------------------------------------------------------

|===============================================================================

| TI region  1


      A V E R A G E S   O V E R    1000 S T E P S


 NSTEP =     1000   TIME(PS) =     304.000  TEMP(K) =   296.50  PRESS =     0.0
 Etot   =    -11781.8471  EKtot   =      2659.0979  EPtot      =    -14440.9450
 BOND   =        10.5043  ANGLE   =        29.1787  DIHED      =        39.3562
 1-4 NB =        15.7981  1-4 EEL =      -425.3704  VDWAALS    =      2073.0730
 EELEC  =    -16183.4849  EHBOND  =         0.0000  RESTRAINT  =         0.0000
 EKCMT  =         0.0000  VIRIAL  =         0.0000  VOLUME     =     45240.0653
                                                    Density    =         0.9949
 DV/DL  =      -161.2347
 ------------------------------------------------------------------------------

  Softcore part of the system:       2 atoms,       TEMP(K)    =         290.87
 SC_Etot=         4.0816  SC_EKtot=         1.7341  SC_EPtot   =         2.3475
 SC_BOND=         0.7339  SC_ANGLE=         1.4439  SC_DIHED   =         0.1697
 SC_14NB=         0.0000  SC_14EEL=         0.0000  SC_VDW     =         0.0000
 SC_EEL =         0.0000
 SC_RES_DIST=     0.0000  SC_RES_ANG=       0.0000  SC_RES_TORS=         0.0000
 SC_EEL_DER=      0.0000  SC_VDW_DER=      -1.1028  SC_DERIV   =        -1.1028
 ------------------------------------------------------------------------------


      R M S  F L U C T U A T I O N S


 NSTEP =     1000   TIME(PS) =     304.000  TEMP(K) =     4.58  PRESS =     0.0
 Etot   =        32.7057  EKtot   =        41.0997  EPtot      =        37.6705
 BOND   =         2.5548  ANGLE   =         3.5532  DIHED      =         2.6937
 1-4 NB =         1.2824  1-4 EEL =         3.6639  VDWAALS    =        62.0317
 EELEC  =        80.6155  EHBOND  =         0.0000  RESTRAINT  =         0.0000
 EKCMT  =         0.0000  VIRIAL  =         0.0000  VOLUME     =       145.5081
                                                    Density    =         0.0032
 DV/DL  =         6.6419
 ------------------------------------------------------------------------------

  Softcore part of the system:       2 atoms,       TEMP(K)    =         162.74
 SC_Etot=         1.6028  SC_EKtot=         0.9702  SC_EPtot   =         1.2172
 SC_BOND=         0.7239  SC_ANGLE=         0.8910  SC_DIHED   =         0.1917
 SC_14NB=         0.0000  SC_14EEL=         0.0000  SC_VDW     =         0.0000
 SC_EEL =         0.0000
 SC_RES_DIST=     0.0000  SC_RES_ANG=       0.0000  SC_RES_TORS=         0.0000
 SC_EEL_DER=      0.0000  SC_VDW_DER=       1.5754  SC_DERIV   =         1.5754
 ------------------------------------------------------------------------------


| TI region  2


      A V E R A G E S   O V E R    1000 S T E P S


 NSTEP =     1000   TIME(PS) =     304.000  TEMP(K) =   296.51  PRESS =     0.0
 Etot   =    -11783.5812  EKtot   =      2657.3638  EPtot      =    -14440.9450
 BOND   =        10.5043  ANGLE   =        29.1787  DIHED      =        39.3562
 1-4 NB =        15.7981  1-4 EEL =      -425.3704  VDWAALS    =      2073.0730
 EELEC  =    -16183.4849  EHBOND  =         0.0000  RESTRAINT  =         0.0000
 EKCMT  =         0.0000  VIRIAL  =         0.0000  VOLUME     =     45240.0653
                                                    Density    =         0.9948
 DV/DL  =      -161.2347
 ------------------------------------------------------------------------------


      R M S  F L U C T U A T I O N S


 NSTEP =     1000   TIME(PS) =     304.000  TEMP(K) =     4.59  PRESS =     0.0
 Etot   =        32.4933  EKtot   =        41.1734  EPtot      =        37.6705
 BOND   =         2.5548  ANGLE   =         3.5532  DIHED      =         2.6937
 1-4 NB =         1.2824  1-4 EEL =         3.6639  VDWAALS    =        62.0317
 EELEC  =        80.6155  EHBOND  =         0.0000  RESTRAINT  =         0.0000
 EKCMT  =         0.0000  VIRIAL  =         0.0000  VOLUME     =       145.5081
                                                    Density    =         0.0032
 DV/DL  =         6.6419
 ------------------------------------------------------------------------------


      DV/DL, AVERAGES OVER    1000 STEPS


 NSTEP =     1000   TIME(PS) =     304.000  TEMP(K) =     4.59  PRESS =     0.0
 Etot   =         0.0000  EKtot   =         0.0000  EPtot      =      -159.5952
 BOND   =         0.0000  ANGLE   =         0.0000  DIHED      =         0.0000
 1-4 NB =        -0.0076  1-4 EEL =      -198.3909  VDWAALS    =        -0.3042
 EELEC  =        38.5708  EHBOND  =         0.0000  RESTRAINT  =         0.0000
 EKCMT  =         0.0000  VIRIAL  =         0.0000  VOLUME     =         0.0000
                                                    Density    =         0.0000
 DV/DL  =      -159.5952
 ------------------------------------------------------------------------------

| MC Barostat:         10 volume changes attempted.
| MC Barostat:          5 changes successful ( 50.00%)
 ------------------------------------------------------------------------------

--------------------------------------------------------------------------------
   5.  TIMINGS
--------------------------------------------------------------------------------

|  NonSetup CPU Time in Major Routines:
|
|     Routine           Sec        %
|     ------------------------------
|     Nonbond           0.30   79.99
|     Bond              0.00    0.00
|     Angle             0.00    0.00
|     Dihedral          0.00    0.00
|     Shake             0.00    0.81
|     RunMD             0.07   17.78
|     Other             0.01    1.42
|     ------------------------------
|     Total             0.37

|  PME Nonbond Pairlist CPU Time:
|
|     Routine              Sec        %
|     ---------------------------------
|     Set Up Cit           0.00    0.00
|     Build List           0.00    0.00
|     ---------------------------------
|     Total                0.00    0.00

|  PME Direct Force CPU Time:
|
|     Routine              Sec        %
|     ---------------------------------
|     NonBonded Calc       0.00    0.00
|     Exclude Masked       0.00    0.00
|     Other                0.00    0.46
|     ---------------------------------
|     Total                0.00    0.46

|  PME Reciprocal Force CPU Time:
|
|     Routine              Sec        %
|     ---------------------------------
|     1D bspline           0.00    0.00
|     Grid Charges         0.00    0.00
|     Scalar Sum           0.00    0.00
|     Gradient Sum         0.00    0.00
|     FFT                  0.00    0.00
|     ---------------------------------
|     Total                0.00    0.00

|  Final Performance Info:
|     -----------------------------------------------------
|     Average timings for last     950 steps:
|     Elapsed(s) =       0.36 Per Step(ms) =       0.38
|         ns/day =     453.20   seconds/ns =     190.65
|
|     Average timings for all steps:
|     Elapsed(s) =       0.38 Per Step(ms) =       0.38
|         ns/day =     448.93   seconds/ns =     192.46
|     -----------------------------------------------------

|  Setup CPU time:            1.10 seconds
|  NonSetup CPU time:         0.37 seconds
|  Total CPU time:            1.47 seconds     0.00 hours

|  Setup wall time:           1    seconds
|  NonSetup wall time:        1    seconds
|  Total wall time:           2    seconds     0.00 hours
