
          -------------------------------------------------------
          Amber 20 PMEMD                              2020
          -------------------------------------------------------

| PMEMD implementation of SANDER, Release 18

|  Compiled date/time: Tue Apr 28 09:19:54 2020
| Run on 09/12/2024 at 01:49:23

|   Executable path: pmemd.cuda_SPFP
| Working directory: /nfs/zli_gpu2/bin/developed_softwares/test_car/car/car/example/0.0_0.2_0.2
|          Hostname: compute-0-8

  [-O]verwriting output

File Assignments:
|   MDIN: prod1.in                                                              
|  MDOUT: prod1.out                                                             
| INPCRD: prev_cen.rst                                                          
|   PARM: ../lM2A.prmtop                                                        
| RESTRT: prod1.rst                                                             
|   REFC: refc                                                                  
|  MDVEL: mdvel                                                                 
|   MDEN: mden                                                                  
|  MDCRD: prod1.netcdf                                                          
| MDINFO: prod1.mdinfo                                                          
|  MDFRC: mdfrc                                                                 


 Here is the input file:

NVT MD w/No position restraints and PME (sander)                               
 &cntrl                                                                        
  ntx    = 5,                                                                  
  irest  = 1,                                                                  
  ntpr   = 50,                                                                 
  ntwx   = 10000,                                                              
  ntwe   = 10000,                                                              
  ntwr   = 10000,                                                              
  ig     = -1,                                                                 
                                                                               
  ntb    = 2,                                                                  
  ntp = 1, pres0 = 1.0, taup = 2.0,gamma_ln = 2.0,                             
  cut    = 10.0,                                                               
  iwrap  = 1,                                                                  
  barostat = 2,                                                                
                                                                               
  t      = 0.0,                                                                
  dt     = 0.002,                                                              
                                                                               
  temp0  = 300.0,                                                              
  tempi  = 300.0,                                                              
  ntt    = 3,                                                                  
  tautp  = 2.0,                                                                
                                                                               
  ntf    = 1,                                                                  
  ntc    = 2,                                                                  
  iwrap=1, ioutfm=1, ntwv=-1,ntave=1000,                                       
  bar_intervall = 50,                                                          
  icfe = 1, ifsc = 1,                                                          
  timask1=':1,2',                                                              
  timask2=':3',                                                                
  scmask1=':2',                                                                
  scmask2='',                                                                  
  ifmbar = 1,                                                                  
  nstlim = 1000,                                                               
  clambda = 0.2,                                                               
  mbar_states = 8,                                                             
  mbar_lambda = 0.0, 0.0, 0.2, 0.2, 0.5, 0.5, 0.6, 0.6,                        
&end                                                                           
 /                                                                             


Note: ig = -1. Setting random seed to   603657 based on wallclock time in 
      microseconds.
| irandom = 1, using AMBER's internal random number generator (default).
 
|--------------------- INFORMATION ----------------------
| GPU (CUDA) Version of PMEMD in use: NVIDIA GPU IN USE.
|                    Version 18.0.0
| 
|                      03/25/2018
| 
| Implementation by:
|                    Ross C. Walker     (SDSC)
|                    Scott Le Grand     (nVIDIA)
| 
| Version 18 performance extensions by:
|                    David Cerutti     (Rutgers)
| 
| Precision model in use:
|      [SPFP] - Single Precision Forces, 64-bit Fixed Point
|               Accumulation. (Default)
| 
|--------------------------------------------------------
 
|----------------- CITATION INFORMATION -----------------
|
|    When publishing work that utilized the CUDA version
|    of AMBER, please cite the following in addition to
|    the regular AMBER citations:
|
|  - Romelia Salomon-Ferrer; Andreas W. Goetz; Duncan
|    Poole; Scott Le Grand; Ross C. Walker "Routine
|    microsecond molecular dynamics simulations with
|    AMBER - Part II: Particle Mesh Ewald", J. Chem.
|    Theory Comput., 2013, 9 (9), pp3878-3888,
|    DOI: 10.1021/ct400314y.
|
|  - Andreas W. Goetz; Mark J. Williamson; Dong Xu;
|    Duncan Poole; Scott Le Grand; Ross C. Walker
|    "Routine microsecond molecular dynamics simulations
|    with AMBER - Part I: Generalized Born", J. Chem.
|    Theory Comput., 2012, 8 (5), pp1542-1555.
|
|  - Scott Le Grand; Andreas W. Goetz; Ross C. Walker
|    "SPFP: Speed without compromise - a mixed precision
|    model for GPU accelerated molecular dynamics
|    simulations.", Comp. Phys. Comm., 2013, 184
|    pp374-380, DOI: 10.1016/j.cpc.2012.09.022
|
|    When publishing work that utilized the CUDA version
|    of TI, BAR, MBAR or FEP please cite the following 
|    publications in addition to the regular AMBER 
|    GPU citations:
|
|  - Daniel J. Mermelstein; Charles Lin; Gard Nelson; 
|    Rachael Kretsch; J. Andrew McCammon; Ross C. Walker
|    "Fast and Flexible GPU Accelerated Binding 
|    Free Energy Calculations within the AMBER Molecular
|    Dynamics Package" J. Comp. Chem., 2018,
|    DOI: 10.1002/jcc.25187
|
|  - Tai-Sung Lee; Yuan Hu; Brad Sherborne; Zhuyan Guo;
|    Darrin M. York
|    "Toward Fast and Accurate Binding Affinity Prediction with
|    pmemdGTI: An Efficient Implementation of GPU-Accelerated
|    Thermodynamic Integration"
|    J. Chem. Theory Comput., 2017, 13 (7), 3077
|
|
|--------------------------------------------------------
 
|------------------- GPU DEVICE INFO --------------------
|
|            CUDA_VISIBLE_DEVICES: not set
|   CUDA Capable Devices Detected:      8
|           CUDA Device ID in use:      0
|                CUDA Device Name: NVIDIA GeForce RTX 4090
|     CUDA Device Global Mem Size:  24217 MB
| CUDA Device Num Multiprocessors:    128
|           CUDA Device Core Freq:   2.52 GHz
|
|--------------------------------------------------------
 
 
| Conditional Compilation Defines Used:
| PUBFFT
| BINTRAJ
| CUDA
| EMIL

| Largest sphere to fit in unit cell has radius =    17.451

| New format PARM file being parsed.
| Version =    1.000 Date = 08/02/22 Time = 19:36:52

| Note: 1-4 EEL scale factors are being read from the topology file.

| Note: 1-4 VDW scale factors are being read from the topology file.
| Duplicated    0 dihedrals

| Duplicated    0 dihedrals

--------------------------------------------------------------------------------
   1.  RESOURCE   USE: 
--------------------------------------------------------------------------------

 getting new box info from bottom of inpcrd
 NATOM  =    4548 NTYPES =      17 NBONH =    4492 MBONA  =      62
 NTHETH =     105 MTHETA =      88 NPHIH =     188 MPHIA  =     154
 NHPARM =       0 NPARM  =       0 NNB   =    6494 NRES   =    1485
 NBONA  =      62 NTHETA =      88 NPHIA =     154 NUMBND =      22
 NUMANG =      36 NPTRA  =      19 NATYP =      18 NPHB   =       1
 IFBOX  =       1 NMXRS  =      50 IFCAP =       0 NEXTRA =       0
 NCOPY  =       0

| Coordinate Index Table dimensions:     6    6    6
| Direct force subcell size =     5.9056    6.1354    5.8170

     BOX TYPE: RECTILINEAR

--------------------------------------------------------------------------------
   2.  CONTROL  DATA  FOR  THE  RUN
--------------------------------------------------------------------------------

default_name                                                                    

General flags:
     imin    =       0, nmropt  =       0

Nature and format of input:
     ntx     =       5, irest   =       1, ntrx    =       1

Nature and format of output:
     ntxo    =       2, ntpr    =      50, ntrx    =       1, ntwr    =   10000
     iwrap   =       1, ntwx    =   10000, ntwv    =      -1, ntwe    =   10000
     ioutfm  =       1, ntwprt  =       0, idecomp =       0, rbornstat=      0

Potential function:
     ntf     =       1, ntb     =       2, igb     =       0, nsnb    =      25
     ipol    =       0, gbsa    =       0, iesp    =       0
     dielc   =   1.00000, cut     =  10.00000, intdiel =   1.00000

Frozen or restrained atoms:
     ibelly  =       0, ntr     =       0

Molecular dynamics:
     nstlim  =      1000, nscm    =      1000, nrespa  =         1
     t       =   0.00000, dt      =   0.00200, vlimit  =  -1.00000

Langevin dynamics temperature regulation:
     ig      =  603657
     temp0   = 300.00000, tempi   = 300.00000, gamma_ln=   2.00000

Pressure regulation:
     ntp     =       1
     pres0   =   1.00000, comp    =  44.60000, taup    =   2.00000
     Monte-Carlo Barostat:
     mcbarint  =     100

SHAKE:
     ntc     =       2, jfastw  =       0
     tol     =   0.00001

Free energy options:
     icfe    =       1, ifsc    =       1, klambda =       1
     clambda =  0.2000, scalpha =  0.5000, scbeta  = 12.0000
     sceeorder =       2
     dynlmb =  0.0000 logdvdl =       0

FEP MBAR options:
     ifmbar  =       1,  bar_intervall =       50
     mbar_states =       8

| Intermolecular bonds treatment:
|     no_intermolecular_bonds =       1

| Energy averages sample interval:
|     ene_avg_sampling =       1

Ewald parameters:
     verbose =       0, ew_type =       0, nbflag  =       1, use_pme =       1
     vdwmeth =       1, eedmeth =       1, netfrc  =       1
     Box X =   35.433   Box Y =   36.812   Box Z =   34.902
     Alpha =   90.000   Beta  =   90.000   Gamma =   90.000
     NFFT1 =   36       NFFT2 =   40       NFFT3 =   36
     Cutoff=   10.000   Tol   =0.100E-04
     Ewald Coefficient =  0.27511
     Interpolation order =    4
     TI Mask 1 :1,2; matches     52 atoms
     TI Mask 2 :3; matches     50 atoms
     TI region 1:    4498 atoms
     TI region 2:    4496 atoms
     SC Mask 1 :2; matches      2 atoms

    MBAR - lambda values considered:
       8 total:  0.0000 0.0000 0.2000 0.2000 0.5000 0.5000 0.6000 0.6000
    Extra energies will be computed     20 times.
| MONTE CARLO BAROSTAT IMPORTANT NOTE:
|   The Monte-Carlo barostat does not require the virial to adjust the system volume.
|   Since it is an expensive calculation, it is skipped for efficiency. A side-effect
|   is that the reported pressure is always 0 because it is not calculated.

--------------------------------------------------------------------------------
   3.  ATOMIC COORDINATES AND VELOCITIES
--------------------------------------------------------------------------------

Cpptraj Generated Restart                                                       
 begin time read from input coords =   312.000 ps

 
     Molecule     1 is partially softcore
     Molecule     2 is partially softcore
 Number of triangulated 3-point waters found:     1482
   Removing shake constraints from HX1   LBM   2 -- N26   LAM   1
   Removing shake constraints from H23   LBM   2 -- N26   LAM   1
 Number of shake restraints removed in TI region  1 :        2
 Number of shake restraints removed in TI region  2 :        0

     Sum of charges for TI region  1 =  -0.00249680
     Skip neutralizing charges...


     Sum of charges for TI region  2 =  -0.00299999
     Skip neutralizing charges...

| Dynamic Memory, Types Used:
| Reals              376225
| Integers           194647

| Nonbonded Pairs Initial Allocation:     1375656

| GPU memory information (estimate):
| KB of GPU memory in use:     52148
| KB of CPU memory in use:     28214

--------------------------------------------------------------------------------
   4.  RESULTS
--------------------------------------------------------------------------------

   DOF for the SC part  1 of the system:    6

MBAR Energy analysis:
Energy at 0.0000 =    -14358.928799
Energy at 0.0000 =    -14358.928799
Energy at 0.2000 =    -14392.656923
Energy at 0.2000 =    -14392.656923
Energy at 0.5000 =    -14443.070391
Energy at 0.5000 =    -14443.070391
Energy at 0.6000 =    -14459.849426
Energy at 0.6000 =    -14459.849426
 ------------------------------------------------------------------------------


| TI region  1


 NSTEP =       50   TIME(PS) =     312.100  TEMP(K) =   304.70  PRESS =     0.0
 Etot   =    -11660.0456  EKtot   =      2732.6113  EPtot      =    -14392.6569
 BOND   =        11.9065  ANGLE   =        29.9069  DIHED      =        41.6866
 1-4 NB =        18.3235  1-4 EEL =      -432.8450  VDWAALS    =      2097.2516
 EELEC  =    -16158.8870  EHBOND  =         0.0000  RESTRAINT  =         0.0000
 EKCMT  =         0.0000  VIRIAL  =         0.0000  VOLUME     =     45526.1167
                                                    Density    =         0.9886
 DV/DL  =      -168.3268
 ------------------------------------------------------------------------------

  Softcore part of the system:       2 atoms,       TEMP(K)    =         186.44
 SC_Etot=         3.9426  SC_EKtot=         1.1115  SC_EPtot   =         2.8312
 SC_BOND=         1.0402  SC_ANGLE=         1.3494  SC_DIHED   =         0.4416
 SC_14NB=         0.0000  SC_14EEL=         0.0000  SC_VDW     =         0.0000
 SC_EEL =         0.0000
 SC_RES_DIST=     0.0000  SC_RES_ANG=       0.0000  SC_RES_TORS=         0.0000
 SC_EEL_DER=      0.0000  SC_VDW_DER=      -0.5140  SC_DERIV   =        -0.5140
 ------------------------------------------------------------------------------


| TI region  2


 NSTEP =       50   TIME(PS) =     312.100  TEMP(K) =   304.78  PRESS =     0.0
 Etot   =    -11661.1571  EKtot   =      2731.4998  EPtot      =    -14392.6569
 BOND   =        11.9065  ANGLE   =        29.9069  DIHED      =        41.6866
 1-4 NB =        18.3235  1-4 EEL =      -432.8450  VDWAALS    =      2097.2516
 EELEC  =    -16158.8870  EHBOND  =         0.0000  RESTRAINT  =         0.0000
 EKCMT  =         0.0000  VIRIAL  =         0.0000  VOLUME     =     45526.1167
                                                    Density    =         0.9886
 DV/DL  =      -168.3268
 ------------------------------------------------------------------------------


MBAR Energy analysis:
Energy at 0.0000 =    -14336.226147
Energy at 0.0000 =    -14336.226147
Energy at 0.2000 =    -14369.352974
Energy at 0.2000 =    -14369.352974
Energy at 0.5000 =    -14418.273613
Energy at 0.5000 =    -14418.273613
Energy at 0.6000 =    -14434.489722
Energy at 0.6000 =    -14434.489722
 ------------------------------------------------------------------------------


| TI region  1


 NSTEP =      100   TIME(PS) =     312.200  TEMP(K) =   299.81  PRESS =     0.0
 Etot   =    -11680.5664  EKtot   =      2688.7866  EPtot      =    -14369.3530
 BOND   =        15.7930  ANGLE   =        30.3317  DIHED      =        37.9048
 1-4 NB =        14.4967  1-4 EEL =      -425.2362  VDWAALS    =      2129.1744
 EELEC  =    -16171.8175  EHBOND  =         0.0000  RESTRAINT  =         0.0000
 EKCMT  =         0.0000  VIRIAL  =         0.0000  VOLUME     =     45541.6621
                                                    Density    =         0.9883
 DV/DL  =      -164.1772
 ------------------------------------------------------------------------------

  Softcore part of the system:       2 atoms,       TEMP(K)    =         398.62
 SC_Etot=         6.0129  SC_EKtot=         2.3764  SC_EPtot   =         3.6365
 SC_BOND=         0.2187  SC_ANGLE=         2.7854  SC_DIHED   =         0.6324
 SC_14NB=         0.0000  SC_14EEL=         0.0000  SC_VDW     =         0.0000
 SC_EEL =         0.0000
 SC_RES_DIST=     0.0000  SC_RES_ANG=       0.0000  SC_RES_TORS=         0.0000
 SC_EEL_DER=      0.0000  SC_VDW_DER=      -1.9022  SC_DERIV   =        -1.9022
 ------------------------------------------------------------------------------


| TI region  2


 NSTEP =      100   TIME(PS) =     312.200  TEMP(K) =   299.75  PRESS =     0.0
 Etot   =    -11682.9427  EKtot   =      2686.4102  EPtot      =    -14369.3530
 BOND   =        15.7930  ANGLE   =        30.3317  DIHED      =        37.9048
 1-4 NB =        14.4967  1-4 EEL =      -425.2362  VDWAALS    =      2129.1744
 EELEC  =    -16171.8175  EHBOND  =         0.0000  RESTRAINT  =         0.0000
 EKCMT  =         0.0000  VIRIAL  =         0.0000  VOLUME     =     45541.6621
                                                    Density    =         0.9882
 DV/DL  =      -164.1772
 ------------------------------------------------------------------------------


MBAR Energy analysis:
Energy at 0.0000 =    -14317.869523
Energy at 0.0000 =    -14317.869523
Energy at 0.2000 =    -14350.113207
Energy at 0.2000 =    -14350.113207
Energy at 0.5000 =    -14398.454624
Energy at 0.5000 =    -14398.454624
Energy at 0.6000 =    -14414.565018
Energy at 0.6000 =    -14414.565018
 ------------------------------------------------------------------------------


| TI region  1


 NSTEP =      150   TIME(PS) =     312.300  TEMP(K) =   302.44  PRESS =     0.0
 Etot   =    -11637.8100  EKtot   =      2712.3032  EPtot      =    -14350.1132
 BOND   =        13.5130  ANGLE   =        33.6898  DIHED      =        40.4405
 1-4 NB =        15.7078  1-4 EEL =      -428.4967  VDWAALS    =      2101.0966
 EELEC  =    -16126.0643  EHBOND  =         0.0000  RESTRAINT  =         0.0000
 EKCMT  =         0.0000  VIRIAL  =         0.0000  VOLUME     =     45541.6621
                                                    Density    =         0.9883
 DV/DL  =      -161.1768
 ------------------------------------------------------------------------------

  Softcore part of the system:       2 atoms,       TEMP(K)    =         300.05
 SC_Etot=         2.8058  SC_EKtot=         1.7888  SC_EPtot   =         1.0170
 SC_BOND=         0.2231  SC_ANGLE=         0.6704  SC_DIHED   =         0.1235
 SC_14NB=         0.0000  SC_14EEL=         0.0000  SC_VDW     =         0.0000
 SC_EEL =         0.0000
 SC_RES_DIST=     0.0000  SC_RES_ANG=       0.0000  SC_RES_TORS=         0.0000
 SC_EEL_DER=      0.0000  SC_VDW_DER=      -0.0673  SC_DERIV   =        -0.0673
 ------------------------------------------------------------------------------


| TI region  2


 NSTEP =      150   TIME(PS) =     312.300  TEMP(K) =   302.44  PRESS =     0.0
 Etot   =    -11639.5988  EKtot   =      2710.5144  EPtot      =    -14350.1132
 BOND   =        13.5130  ANGLE   =        33.6898  DIHED      =        40.4405
 1-4 NB =        15.7078  1-4 EEL =      -428.4967  VDWAALS    =      2101.0966
 EELEC  =    -16126.0643  EHBOND  =         0.0000  RESTRAINT  =         0.0000
 EKCMT  =         0.0000  VIRIAL  =         0.0000  VOLUME     =     45541.6621
                                                    Density    =         0.9882
 DV/DL  =      -161.1768
 ------------------------------------------------------------------------------


MBAR Energy analysis:
Energy at 0.0000 =    -14318.883401
Energy at 0.0000 =    -14318.883401
Energy at 0.2000 =    -14350.642937
Energy at 0.2000 =    -14350.642937
Energy at 0.5000 =    -14398.218397
Energy at 0.5000 =    -14398.218397
Energy at 0.6000 =    -14414.068186
Energy at 0.6000 =    -14414.068186
 ------------------------------------------------------------------------------


| TI region  1


 NSTEP =      200   TIME(PS) =     312.400  TEMP(K) =   300.90  PRESS =     0.0
 Etot   =    -11652.0796  EKtot   =      2698.5634  EPtot      =    -14350.6429
 BOND   =        12.3675  ANGLE   =        28.7586  DIHED      =        39.7659
 1-4 NB =        14.7747  1-4 EEL =      -422.8083  VDWAALS    =      1974.5254
 EELEC  =    -15998.0268  EHBOND  =         0.0000  RESTRAINT  =         0.0000
 EKCMT  =         0.0000  VIRIAL  =         0.0000  VOLUME     =     45953.8538
                                                    Density    =         0.9794
 DV/DL  =      -158.6842
 ------------------------------------------------------------------------------

  Softcore part of the system:       2 atoms,       TEMP(K)    =         181.97
 SC_Etot=         3.6564  SC_EKtot=         1.0848  SC_EPtot   =         2.5716
 SC_BOND=         0.5442  SC_ANGLE=         1.9907  SC_DIHED   =         0.0367
 SC_14NB=         0.0000  SC_14EEL=         0.0000  SC_VDW     =         0.0000
 SC_EEL =         0.0000
 SC_RES_DIST=     0.0000  SC_RES_ANG=       0.0000  SC_RES_TORS=         0.0000
 SC_EEL_DER=      0.0000  SC_VDW_DER=      -0.1757  SC_DERIV   =        -0.1757
 ------------------------------------------------------------------------------


| TI region  2


 NSTEP =      200   TIME(PS) =     312.400  TEMP(K) =   300.98  PRESS =     0.0
 Etot   =    -11653.1644  EKtot   =      2697.4785  EPtot      =    -14350.6429
 BOND   =        12.3675  ANGLE   =        28.7586  DIHED      =        39.7659
 1-4 NB =        14.7747  1-4 EEL =      -422.8083  VDWAALS    =      1974.5254
 EELEC  =    -15998.0268  EHBOND  =         0.0000  RESTRAINT  =         0.0000
 EKCMT  =         0.0000  VIRIAL  =         0.0000  VOLUME     =     45953.8538
                                                    Density    =         0.9794
 DV/DL  =      -158.6842
 ------------------------------------------------------------------------------


MBAR Energy analysis:
Energy at 0.0000 =    -14268.221591
Energy at 0.0000 =    -14268.221591
Energy at 0.2000 =    -14300.434569
Energy at 0.2000 =    -14300.434569
Energy at 0.5000 =    -14348.492327
Energy at 0.5000 =    -14348.492327
Energy at 0.6000 =    -14364.481242
Energy at 0.6000 =    -14364.481242
 ------------------------------------------------------------------------------


| TI region  1


 NSTEP =      250   TIME(PS) =     312.500  TEMP(K) =   295.81  PRESS =     0.0
 Etot   =    -11647.5857  EKtot   =      2652.8489  EPtot      =    -14300.4346
 BOND   =        20.1316  ANGLE   =        30.1316  DIHED      =        43.7976
 1-4 NB =        19.3697  1-4 EEL =      -430.2247  VDWAALS    =      2061.5113
 EELEC  =    -16045.1516  EHBOND  =         0.0000  RESTRAINT  =         0.0000
 EKCMT  =         0.0000  VIRIAL  =         0.0000  VOLUME     =     45953.8538
                                                    Density    =         0.9794
 DV/DL  =      -160.5655
 ------------------------------------------------------------------------------

  Softcore part of the system:       2 atoms,       TEMP(K)    =         208.76
 SC_Etot=         3.7552  SC_EKtot=         1.2446  SC_EPtot   =         2.5106
 SC_BOND=         1.0725  SC_ANGLE=         1.2714  SC_DIHED   =         0.1668
 SC_14NB=         0.0000  SC_14EEL=         0.0000  SC_VDW     =         0.0000
 SC_EEL =         0.0000
 SC_RES_DIST=     0.0000  SC_RES_ANG=       0.0000  SC_RES_TORS=         0.0000
 SC_EEL_DER=      0.0000  SC_VDW_DER=      -0.6367  SC_DERIV   =        -0.6367
 ------------------------------------------------------------------------------


| TI region  2


 NSTEP =      250   TIME(PS) =     312.500  TEMP(K) =   295.86  PRESS =     0.0
 Etot   =    -11648.8302  EKtot   =      2651.6043  EPtot      =    -14300.4346
 BOND   =        20.1316  ANGLE   =        30.1316  DIHED      =        43.7976
 1-4 NB =        19.3697  1-4 EEL =      -430.2247  VDWAALS    =      2061.5113
 EELEC  =    -16045.1516  EHBOND  =         0.0000  RESTRAINT  =         0.0000
 EKCMT  =         0.0000  VIRIAL  =         0.0000  VOLUME     =     45953.8538
                                                    Density    =         0.9794
 DV/DL  =      -160.5655
 ------------------------------------------------------------------------------


MBAR Energy analysis:
Energy at 0.0000 =    -14343.421501
Energy at 0.0000 =    -14343.421501
Energy at 0.2000 =    -14376.205076
Energy at 0.2000 =    -14376.205076
Energy at 0.5000 =    -14425.217631
Energy at 0.5000 =    -14425.217631
Energy at 0.6000 =    -14441.533287
Energy at 0.6000 =    -14441.533287
 ------------------------------------------------------------------------------


| TI region  1


 NSTEP =      300   TIME(PS) =     312.600  TEMP(K) =   304.59  PRESS =     0.0
 Etot   =    -11644.6015  EKtot   =      2731.6036  EPtot      =    -14376.2051
 BOND   =        12.9670  ANGLE   =        40.7031  DIHED      =        43.2640
 1-4 NB =        15.0329  1-4 EEL =      -428.3191  VDWAALS    =      2047.6896
 EELEC  =    -16107.5426  EHBOND  =         0.0000  RESTRAINT  =         0.0000
 EKCMT  =         0.0000  VIRIAL  =         0.0000  VOLUME     =     45953.8538
                                                    Density    =         0.9794
 DV/DL  =      -163.6257
 ------------------------------------------------------------------------------

  Softcore part of the system:       2 atoms,       TEMP(K)    =         155.53
 SC_Etot=         2.6873  SC_EKtot=         0.9272  SC_EPtot   =         1.7601
 SC_BOND=         0.0039  SC_ANGLE=         1.6411  SC_DIHED   =         0.1150
 SC_14NB=         0.0000  SC_14EEL=         0.0000  SC_VDW     =         0.0000
 SC_EEL =         0.0000
 SC_RES_DIST=     0.0000  SC_RES_ANG=       0.0000  SC_RES_TORS=         0.0000
 SC_EEL_DER=      0.0000  SC_VDW_DER=      -0.4456  SC_DERIV   =        -0.4456
 ------------------------------------------------------------------------------


| TI region  2


 NSTEP =      300   TIME(PS) =     312.600  TEMP(K) =   304.69  PRESS =     0.0
 Etot   =    -11645.5287  EKtot   =      2730.6764  EPtot      =    -14376.2051
 BOND   =        12.9670  ANGLE   =        40.7031  DIHED      =        43.2640
 1-4 NB =        15.0329  1-4 EEL =      -428.3191  VDWAALS    =      2047.6896
 EELEC  =    -16107.5426  EHBOND  =         0.0000  RESTRAINT  =         0.0000
 EKCMT  =         0.0000  VIRIAL  =         0.0000  VOLUME     =     45953.8538
                                                    Density    =         0.9794
 DV/DL  =      -163.6257
 ------------------------------------------------------------------------------


MBAR Energy analysis:
Energy at 0.0000 =    -14303.116987
Energy at 0.0000 =    -14303.116987
Energy at 0.2000 =    -14334.620072
Energy at 0.2000 =    -14334.620072
Energy at 0.5000 =    -14381.708601
Energy at 0.5000 =    -14381.708601
Energy at 0.6000 =    -14397.382805
Energy at 0.6000 =    -14397.382805
 ------------------------------------------------------------------------------


| TI region  1


 NSTEP =      350   TIME(PS) =     312.700  TEMP(K) =   301.57  PRESS =     0.0
 Etot   =    -11630.1206  EKtot   =      2704.4995  EPtot      =    -14334.6201
 BOND   =        12.8902  ANGLE   =        37.3152  DIHED      =        43.8357
 1-4 NB =        15.5422  1-4 EEL =      -432.2439  VDWAALS    =      2068.6522
 EELEC  =    -16080.6117  EHBOND  =         0.0000  RESTRAINT  =         0.0000
 EKCMT  =         0.0000  VIRIAL  =         0.0000  VOLUME     =     45953.8538
                                                    Density    =         0.9794
 DV/DL  =      -157.2155
 ------------------------------------------------------------------------------

  Softcore part of the system:       2 atoms,       TEMP(K)    =         227.01
 SC_Etot=         3.3934  SC_EKtot=         1.3533  SC_EPtot   =         2.0400
 SC_BOND=         0.4052  SC_ANGLE=         1.2400  SC_DIHED   =         0.3949
 SC_14NB=         0.0000  SC_14EEL=         0.0000  SC_VDW     =         0.0000
 SC_EEL =         0.0000
 SC_RES_DIST=     0.0000  SC_RES_ANG=       0.0000  SC_RES_TORS=         0.0000
 SC_EEL_DER=      0.0000  SC_VDW_DER=      -0.4492  SC_DERIV   =        -0.4492
 ------------------------------------------------------------------------------


| TI region  2


 NSTEP =      350   TIME(PS) =     312.700  TEMP(K) =   301.62  PRESS =     0.0
 Etot   =    -11631.4739  EKtot   =      2703.1462  EPtot      =    -14334.6201
 BOND   =        12.8902  ANGLE   =        37.3152  DIHED      =        43.8357
 1-4 NB =        15.5422  1-4 EEL =      -432.2439  VDWAALS    =      2068.6522
 EELEC  =    -16080.6117  EHBOND  =         0.0000  RESTRAINT  =         0.0000
 EKCMT  =         0.0000  VIRIAL  =         0.0000  VOLUME     =     45953.8538
                                                    Density    =         0.9794
 DV/DL  =      -157.2155
 ------------------------------------------------------------------------------


MBAR Energy analysis:
Energy at 0.0000 =    -14285.897096
Energy at 0.0000 =    -14285.897096
Energy at 0.2000 =    -14319.751775
Energy at 0.2000 =    -14319.751775
Energy at 0.5000 =    -14370.122553
Energy at 0.5000 =    -14370.122553
Energy at 0.6000 =    -14386.862962
Energy at 0.6000 =    -14386.862962
 ------------------------------------------------------------------------------


| TI region  1


 NSTEP =      400   TIME(PS) =     312.800  TEMP(K) =   293.94  PRESS =     0.0
 Etot   =    -11683.6746  EKtot   =      2636.0771  EPtot      =    -14319.7518
 BOND   =         8.5451  ANGLE   =        34.7860  DIHED      =        39.5408
 1-4 NB =        15.7905  1-4 EEL =      -421.5308  VDWAALS    =      2012.0757
 EELEC  =    -16008.9591  EHBOND  =         0.0000  RESTRAINT  =         0.0000
 EKCMT  =         0.0000  VIRIAL  =         0.0000  VOLUME     =     45953.8538
                                                    Density    =         0.9794
 DV/DL  =      -168.5029
 ------------------------------------------------------------------------------

  Softcore part of the system:       2 atoms,       TEMP(K)    =         158.07
 SC_Etot=         4.0144  SC_EKtot=         0.9423  SC_EPtot   =         3.0720
 SC_BOND=         1.2157  SC_ANGLE=         1.2390  SC_DIHED   =         0.6173
 SC_14NB=         0.0000  SC_14EEL=         0.0000  SC_VDW     =         0.0000
 SC_EEL =         0.0000
 SC_RES_DIST=     0.0000  SC_RES_ANG=       0.0000  SC_RES_TORS=         0.0000
 SC_EEL_DER=      0.0000  SC_VDW_DER=      -1.0383  SC_DERIV   =        -1.0383
 ------------------------------------------------------------------------------


| TI region  2


 NSTEP =      400   TIME(PS) =     312.800  TEMP(K) =   294.03  PRESS =     0.0
 Etot   =    -11684.6170  EKtot   =      2635.1348  EPtot      =    -14319.7518
 BOND   =         8.5451  ANGLE   =        34.7860  DIHED      =        39.5408
 1-4 NB =        15.7905  1-4 EEL =      -421.5308  VDWAALS    =      2012.0757
 EELEC  =    -16008.9591  EHBOND  =         0.0000  RESTRAINT  =         0.0000
 EKCMT  =         0.0000  VIRIAL  =         0.0000  VOLUME     =     45953.8538
                                                    Density    =         0.9794
 DV/DL  =      -168.5029
 ------------------------------------------------------------------------------


MBAR Energy analysis:
Energy at 0.0000 =    -14332.406367
Energy at 0.0000 =    -14332.406367
Energy at 0.2000 =    -14363.565012
Energy at 0.2000 =    -14363.565012
Energy at 0.5000 =    -14410.301630
Energy at 0.5000 =    -14410.301630
Energy at 0.6000 =    -14425.880825
Energy at 0.6000 =    -14425.880825
 ------------------------------------------------------------------------------


| TI region  1


 NSTEP =      450   TIME(PS) =     312.900  TEMP(K) =   299.11  PRESS =     0.0
 Etot   =    -11681.0900  EKtot   =      2682.4750  EPtot      =    -14363.5650
 BOND   =        12.5440  ANGLE   =        31.2497  DIHED      =        39.3411
 1-4 NB =        16.3068  1-4 EEL =      -430.3550  VDWAALS    =      2115.2159
 EELEC  =    -16147.8675  EHBOND  =         0.0000  RESTRAINT  =         0.0000
 EKCMT  =         0.0000  VIRIAL  =         0.0000  VOLUME     =     45953.8538
                                                    Density    =         0.9794
 DV/DL  =      -155.7893
 ------------------------------------------------------------------------------

  Softcore part of the system:       2 atoms,       TEMP(K)    =         235.33
 SC_Etot=         3.4883  SC_EKtot=         1.4030  SC_EPtot   =         2.0853
 SC_BOND=         1.3672  SC_ANGLE=         0.6505  SC_DIHED   =         0.0676
 SC_14NB=         0.0000  SC_14EEL=         0.0000  SC_VDW     =         0.0000
 SC_EEL =         0.0000
 SC_RES_DIST=     0.0000  SC_RES_ANG=       0.0000  SC_RES_TORS=         0.0000
 SC_EEL_DER=      0.0000  SC_VDW_DER=       0.0068  SC_DERIV   =         0.0068
 ------------------------------------------------------------------------------


| TI region  2


 NSTEP =      450   TIME(PS) =     312.900  TEMP(K) =   299.15  PRESS =     0.0
 Etot   =    -11682.4930  EKtot   =      2681.0720  EPtot      =    -14363.5650
 BOND   =        12.5440  ANGLE   =        31.2497  DIHED      =        39.3411
 1-4 NB =        16.3068  1-4 EEL =      -430.3550  VDWAALS    =      2115.2159
 EELEC  =    -16147.8675  EHBOND  =         0.0000  RESTRAINT  =         0.0000
 EKCMT  =         0.0000  VIRIAL  =         0.0000  VOLUME     =     45953.8538
                                                    Density    =         0.9794
 DV/DL  =      -155.7893
 ------------------------------------------------------------------------------


MBAR Energy analysis:
Energy at 0.0000 =    -14317.348461
Energy at 0.0000 =    -14317.348461
Energy at 0.2000 =    -14348.574836
Energy at 0.2000 =    -14348.574836
Energy at 0.5000 =    -14395.326306
Energy at 0.5000 =    -14395.326306
Energy at 0.6000 =    -14410.896836
Energy at 0.6000 =    -14410.896836
 ------------------------------------------------------------------------------


| TI region  1


 NSTEP =      500   TIME(PS) =     313.000  TEMP(K) =   298.12  PRESS =     0.0
 Etot   =    -11674.9783  EKtot   =      2673.5965  EPtot      =    -14348.5748
 BOND   =        11.3071  ANGLE   =        29.6961  DIHED      =        42.2223
 1-4 NB =        16.2601  1-4 EEL =      -424.7818  VDWAALS    =      1990.5092
 EELEC  =    -16013.7879  EHBOND  =         0.0000  RESTRAINT  =         0.0000
 EKCMT  =         0.0000  VIRIAL  =         0.0000  VOLUME     =     46011.7374
                                                    Density    =         0.9782
 DV/DL  =      -155.9814
 ------------------------------------------------------------------------------

  Softcore part of the system:       2 atoms,       TEMP(K)    =         198.14
 SC_Etot=         2.2919  SC_EKtot=         1.1812  SC_EPtot   =         1.1107
 SC_BOND=         0.0009  SC_ANGLE=         1.1023  SC_DIHED   =         0.0075
 SC_14NB=         0.0000  SC_14EEL=         0.0000  SC_VDW     =         0.0000
 SC_EEL =         0.0000
 SC_RES_DIST=     0.0000  SC_RES_ANG=       0.0000  SC_RES_TORS=         0.0000
 SC_EEL_DER=      0.0000  SC_VDW_DER=      -0.2650  SC_DERIV   =        -0.2650
 ------------------------------------------------------------------------------


| TI region  2


 NSTEP =      500   TIME(PS) =     313.000  TEMP(K) =   298.19  PRESS =     0.0
 Etot   =    -11676.1595  EKtot   =      2672.4153  EPtot      =    -14348.5748
 BOND   =        11.3071  ANGLE   =        29.6961  DIHED      =        42.2223
 1-4 NB =        16.2601  1-4 EEL =      -424.7818  VDWAALS    =      1990.5092
 EELEC  =    -16013.7879  EHBOND  =         0.0000  RESTRAINT  =         0.0000
 EKCMT  =         0.0000  VIRIAL  =         0.0000  VOLUME     =     46011.7374
                                                    Density    =         0.9781
 DV/DL  =      -155.9814
 ------------------------------------------------------------------------------


MBAR Energy analysis:
Energy at 0.0000 =    -14283.070929
Energy at 0.0000 =    -14283.070929
Energy at 0.2000 =    -14315.116215
Energy at 0.2000 =    -14315.116215
Energy at 0.5000 =    -14363.105670
Energy at 0.5000 =    -14363.105670
Energy at 0.6000 =    -14379.090367
Energy at 0.6000 =    -14379.090367
 ------------------------------------------------------------------------------


| TI region  1


 NSTEP =      550   TIME(PS) =     313.100  TEMP(K) =   297.56  PRESS =     0.0
 Etot   =    -11646.4973  EKtot   =      2668.6189  EPtot      =    -14315.1162
 BOND   =        13.5228  ANGLE   =        29.3966  DIHED      =        43.1553
 1-4 NB =        16.4411  1-4 EEL =      -422.1403  VDWAALS    =      1989.3229
 EELEC  =    -15984.8148  EHBOND  =         0.0000  RESTRAINT  =         0.0000
 EKCMT  =         0.0000  VIRIAL  =         0.0000  VOLUME     =     46011.7374
                                                    Density    =         0.9782
 DV/DL  =      -160.0923
 ------------------------------------------------------------------------------

  Softcore part of the system:       2 atoms,       TEMP(K)    =         135.05
 SC_Etot=         1.7210  SC_EKtot=         0.8051  SC_EPtot   =         0.9159
 SC_BOND=         0.7164  SC_ANGLE=         0.0596  SC_DIHED   =         0.1398
 SC_14NB=         0.0000  SC_14EEL=         0.0000  SC_VDW     =         0.0000
 SC_EEL =         0.0000
 SC_RES_DIST=     0.0000  SC_RES_ANG=       0.0000  SC_RES_TORS=         0.0000
 SC_EEL_DER=      0.0000  SC_VDW_DER=      -0.2348  SC_DERIV   =        -0.2348
 ------------------------------------------------------------------------------


| TI region  2


 NSTEP =      550   TIME(PS) =     313.100  TEMP(K) =   297.67  PRESS =     0.0
 Etot   =    -11647.3024  EKtot   =      2667.8138  EPtot      =    -14315.1162
 BOND   =        13.5228  ANGLE   =        29.3966  DIHED      =        43.1553
 1-4 NB =        16.4411  1-4 EEL =      -422.1403  VDWAALS    =      1989.3229
 EELEC  =    -15984.8148  EHBOND  =         0.0000  RESTRAINT  =         0.0000
 EKCMT  =         0.0000  VIRIAL  =         0.0000  VOLUME     =     46011.7374
                                                    Density    =         0.9781
 DV/DL  =      -160.0923
 ------------------------------------------------------------------------------


MBAR Energy analysis:
Energy at 0.0000 =    -14304.060939
Energy at 0.0000 =    -14304.060939
Energy at 0.2000 =    -14336.239448
Energy at 0.2000 =    -14336.239448
Energy at 0.5000 =    -14384.134736
Energy at 0.5000 =    -14384.134736
Energy at 0.6000 =    -14400.052211
Energy at 0.6000 =    -14400.052211
 ------------------------------------------------------------------------------


| TI region  1


 NSTEP =      600   TIME(PS) =     313.200  TEMP(K) =   296.40  PRESS =     0.0
 Etot   =    -11678.0446  EKtot   =      2658.1949  EPtot      =    -14336.2394
 BOND   =        15.5220  ANGLE   =        31.1808  DIHED      =        38.8954
 1-4 NB =        14.3898  1-4 EEL =      -423.7654  VDWAALS    =      1991.2972
 EELEC  =    -16003.7592  EHBOND  =         0.0000  RESTRAINT  =         0.0000
 EKCMT  =         0.0000  VIRIAL  =         0.0000  VOLUME     =     46153.8631
                                                    Density    =         0.9752
 DV/DL  =      -160.2092
 ------------------------------------------------------------------------------

  Softcore part of the system:       2 atoms,       TEMP(K)    =         393.70
 SC_Etot=         2.7935  SC_EKtot=         2.3471  SC_EPtot   =         0.4464
 SC_BOND=         0.1269  SC_ANGLE=         0.1549  SC_DIHED   =         0.1646
 SC_14NB=         0.0000  SC_14EEL=         0.0000  SC_VDW     =         0.0000
 SC_EEL =         0.0000
 SC_RES_DIST=     0.0000  SC_RES_ANG=       0.0000  SC_RES_TORS=         0.0000
 SC_EEL_DER=      0.0000  SC_VDW_DER=      -0.9818  SC_DERIV   =        -0.9818
 ------------------------------------------------------------------------------


| TI region  2


 NSTEP =      600   TIME(PS) =     313.200  TEMP(K) =   296.34  PRESS =     0.0
 Etot   =    -11680.3916  EKtot   =      2655.8478  EPtot      =    -14336.2394
 BOND   =        15.5220  ANGLE   =        31.1808  DIHED      =        38.8954
 1-4 NB =        14.3898  1-4 EEL =      -423.7654  VDWAALS    =      1991.2972
 EELEC  =    -16003.7592  EHBOND  =         0.0000  RESTRAINT  =         0.0000
 EKCMT  =         0.0000  VIRIAL  =         0.0000  VOLUME     =     46153.8631
                                                    Density    =         0.9751
 DV/DL  =      -160.2092
 ------------------------------------------------------------------------------


MBAR Energy analysis:
Energy at 0.0000 =    -14312.008825
Energy at 0.0000 =    -14312.008825
Energy at 0.2000 =    -14344.631725
Energy at 0.2000 =    -14344.631725
Energy at 0.5000 =    -14393.466467
Energy at 0.5000 =    -14393.466467
Energy at 0.6000 =    -14409.731853
Energy at 0.6000 =    -14409.731853
 ------------------------------------------------------------------------------


| TI region  1


 NSTEP =      650   TIME(PS) =     313.300  TEMP(K) =   295.78  PRESS =     0.0
 Etot   =    -11691.9833  EKtot   =      2652.6485  EPtot      =    -14344.6317
 BOND   =        14.1965  ANGLE   =        34.8646  DIHED      =        38.2043
 1-4 NB =        17.4750  1-4 EEL =      -419.6206  VDWAALS    =      2068.8098
 EELEC  =    -16098.5614  EHBOND  =         0.0000  RESTRAINT  =         0.0000
 EKCMT  =         0.0000  VIRIAL  =         0.0000  VOLUME     =     46153.8631
                                                    Density    =         0.9752
 DV/DL  =      -162.9330
 ------------------------------------------------------------------------------

  Softcore part of the system:       2 atoms,       TEMP(K)    =         249.13
 SC_Etot=         2.9682  SC_EKtot=         1.4852  SC_EPtot   =         1.4830
 SC_BOND=         0.2530  SC_ANGLE=         1.2294  SC_DIHED   =         0.0007
 SC_14NB=         0.0000  SC_14EEL=         0.0000  SC_VDW     =         0.0000
 SC_EEL =         0.0000
 SC_RES_DIST=     0.0000  SC_RES_ANG=       0.0000  SC_RES_TORS=         0.0000
 SC_EEL_DER=      0.0000  SC_VDW_DER=      -0.2636  SC_DERIV   =        -0.2636
 ------------------------------------------------------------------------------


| TI region  2


 NSTEP =      650   TIME(PS) =     313.300  TEMP(K) =   295.81  PRESS =     0.0
 Etot   =    -11693.4685  EKtot   =      2651.1633  EPtot      =    -14344.6317
 BOND   =        14.1965  ANGLE   =        34.8646  DIHED      =        38.2043
 1-4 NB =        17.4750  1-4 EEL =      -419.6206  VDWAALS    =      2068.8098
 EELEC  =    -16098.5614  EHBOND  =         0.0000  RESTRAINT  =         0.0000
 EKCMT  =         0.0000  VIRIAL  =         0.0000  VOLUME     =     46153.8631
                                                    Density    =         0.9751
 DV/DL  =      -162.9330
 ------------------------------------------------------------------------------


MBAR Energy analysis:
Energy at 0.0000 =    -14374.444979
Energy at 0.0000 =    -14374.444979
Energy at 0.2000 =    -14404.715866
Energy at 0.2000 =    -14404.715866
Energy at 0.5000 =    -14450.024347
Energy at 0.5000 =    -14450.024347
Energy at 0.6000 =    -14465.113084
Energy at 0.6000 =    -14465.113084
 ------------------------------------------------------------------------------


| TI region  1


 NSTEP =      700   TIME(PS) =     313.400  TEMP(K) =   301.46  PRESS =     0.0
 Etot   =    -11701.1205  EKtot   =      2703.5953  EPtot      =    -14404.7159
 BOND   =        14.2717  ANGLE   =        35.0306  DIHED      =        40.2002
 1-4 NB =        13.3276  1-4 EEL =      -423.6870  VDWAALS    =      2115.5879
 EELEC  =    -16199.4469  EHBOND  =         0.0000  RESTRAINT  =         0.0000
 EKCMT  =         0.0000  VIRIAL  =         0.0000  VOLUME     =     46153.8631
                                                    Density    =         0.9752
 DV/DL  =      -151.1837
 ------------------------------------------------------------------------------

  Softcore part of the system:       2 atoms,       TEMP(K)    =         202.28
 SC_Etot=         2.9037  SC_EKtot=         1.2059  SC_EPtot   =         1.6978
 SC_BOND=         0.5987  SC_ANGLE=         0.4934  SC_DIHED   =         0.6056
 SC_14NB=         0.0000  SC_14EEL=         0.0000  SC_VDW     =         0.0000
 SC_EEL =         0.0000
 SC_RES_DIST=     0.0000  SC_RES_ANG=       0.0000  SC_RES_TORS=         0.0000
 SC_EEL_DER=      0.0000  SC_VDW_DER=      -0.2838  SC_DERIV   =        -0.2838
 ------------------------------------------------------------------------------


| TI region  2


 NSTEP =      700   TIME(PS) =     313.400  TEMP(K) =   301.53  PRESS =     0.0
 Etot   =    -11702.3264  EKtot   =      2702.3894  EPtot      =    -14404.7159
 BOND   =        14.2717  ANGLE   =        35.0306  DIHED      =        40.2002
 1-4 NB =        13.3276  1-4 EEL =      -423.6870  VDWAALS    =      2115.5879
 EELEC  =    -16199.4469  EHBOND  =         0.0000  RESTRAINT  =         0.0000
 EKCMT  =         0.0000  VIRIAL  =         0.0000  VOLUME     =     46153.8631
                                                    Density    =         0.9751
 DV/DL  =      -151.1837
 ------------------------------------------------------------------------------


MBAR Energy analysis:
Energy at 0.0000 =    -14434.162451
Energy at 0.0000 =    -14434.162451
Energy at 0.2000 =    -14465.433297
Energy at 0.2000 =    -14465.433297
Energy at 0.5000 =    -14511.974132
Energy at 0.5000 =    -14511.974132
Energy at 0.6000 =    -14527.451115
Energy at 0.6000 =    -14527.451115
 ------------------------------------------------------------------------------


| TI region  1


 NSTEP =      750   TIME(PS) =     313.500  TEMP(K) =   307.33  PRESS =     0.0
 Etot   =    -11709.2326  EKtot   =      2756.2007  EPtot      =    -14465.4333
 BOND   =        17.4510  ANGLE   =        35.2485  DIHED      =        40.9563
 1-4 NB =        14.9719  1-4 EEL =      -425.9037  VDWAALS    =      2164.8673
 EELEC  =    -16313.0246  EHBOND  =         0.0000  RESTRAINT  =         0.0000
 EKCMT  =         0.0000  VIRIAL  =         0.0000  VOLUME     =     46153.8631
                                                    Density    =         0.9752
 DV/DL  =      -155.6192
 ------------------------------------------------------------------------------

  Softcore part of the system:       2 atoms,       TEMP(K)    =         865.70
 SC_Etot=         7.7081  SC_EKtot=         5.1609  SC_EPtot   =         2.5471
 SC_BOND=         0.0366  SC_ANGLE=         2.0377  SC_DIHED   =         0.4729
 SC_14NB=         0.0000  SC_14EEL=         0.0000  SC_VDW     =         0.0000
 SC_EEL =         0.0000
 SC_RES_DIST=     0.0000  SC_RES_ANG=       0.0000  SC_RES_TORS=         0.0000
 SC_EEL_DER=      0.0000  SC_VDW_DER=      -0.7929  SC_DERIV   =        -0.7929
 ------------------------------------------------------------------------------


| TI region  2


 NSTEP =      750   TIME(PS) =     313.500  TEMP(K) =   306.96  PRESS =     0.0
 Etot   =    -11714.3936  EKtot   =      2751.0397  EPtot      =    -14465.4333
 BOND   =        17.4510  ANGLE   =        35.2485  DIHED      =        40.9563
 1-4 NB =        14.9719  1-4 EEL =      -425.9037  VDWAALS    =      2164.8673
 EELEC  =    -16313.0246  EHBOND  =         0.0000  RESTRAINT  =         0.0000
 EKCMT  =         0.0000  VIRIAL  =         0.0000  VOLUME     =     46153.8631
                                                    Density    =         0.9751
 DV/DL  =      -155.6192
 ------------------------------------------------------------------------------


MBAR Energy analysis:
Energy at 0.0000 =    -14403.920983
Energy at 0.0000 =    -14403.920983
Energy at 0.2000 =    -14437.570154
Energy at 0.2000 =    -14437.570154
Energy at 0.5000 =    -14488.024344
Energy at 0.5000 =    -14488.024344
Energy at 0.6000 =    -14504.839720
Energy at 0.6000 =    -14504.839720
 ------------------------------------------------------------------------------


| TI region  1


 NSTEP =      800   TIME(PS) =     313.600  TEMP(K) =   301.49  PRESS =     0.0
 Etot   =    -11733.7054  EKtot   =      2703.8648  EPtot      =    -14437.5702
 BOND   =        13.2722  ANGLE   =        31.5607  DIHED      =        40.0382
 1-4 NB =        16.0278  1-4 EEL =      -426.4164  VDWAALS    =      2149.9682
 EELEC  =    -16262.0209  EHBOND  =         0.0000  RESTRAINT  =         0.0000
 EKCMT  =         0.0000  VIRIAL  =         0.0000  VOLUME     =     46153.8631
                                                    Density    =         0.9752
 DV/DL  =      -168.2116
 ------------------------------------------------------------------------------

  Softcore part of the system:       2 atoms,       TEMP(K)    =         105.72
 SC_Etot=         6.8434  SC_EKtot=         0.6303  SC_EPtot   =         6.2132
 SC_BOND=         1.8070  SC_ANGLE=         3.2834  SC_DIHED   =         1.1227
 SC_14NB=         0.0000  SC_14EEL=         0.0000  SC_VDW     =         0.0000
 SC_EEL =         0.0000
 SC_RES_DIST=     0.0000  SC_RES_ANG=       0.0000  SC_RES_TORS=         0.0000
 SC_EEL_DER=      0.0000  SC_VDW_DER=      -0.0535  SC_DERIV   =        -0.0535
 ------------------------------------------------------------------------------


| TI region  2


 NSTEP =      800   TIME(PS) =     313.600  TEMP(K) =   301.63  PRESS =     0.0
 Etot   =    -11734.3356  EKtot   =      2703.2345  EPtot      =    -14437.5702
 BOND   =        13.2722  ANGLE   =        31.5607  DIHED      =        40.0382
 1-4 NB =        16.0278  1-4 EEL =      -426.4164  VDWAALS    =      2149.9682
 EELEC  =    -16262.0209  EHBOND  =         0.0000  RESTRAINT  =         0.0000
 EKCMT  =         0.0000  VIRIAL  =         0.0000  VOLUME     =     46153.8631
                                                    Density    =         0.9751
 DV/DL  =      -168.2116
 ------------------------------------------------------------------------------


MBAR Energy analysis:
Energy at 0.0000 =    -14362.161065
Energy at 0.0000 =    -14362.161065
Energy at 0.2000 =    -14393.963494
Energy at 0.2000 =    -14393.963494
Energy at 0.5000 =    -14441.666790
Energy at 0.5000 =    -14441.666790
Energy at 0.6000 =    -14457.568378
Energy at 0.6000 =    -14457.568378
 ------------------------------------------------------------------------------


| TI region  1


 NSTEP =      850   TIME(PS) =     313.700  TEMP(K) =   297.98  PRESS =     0.0
 Etot   =    -11721.6439  EKtot   =      2672.3196  EPtot      =    -14393.9635
 BOND   =        10.8414  ANGLE   =        40.3231  DIHED      =        37.2947
 1-4 NB =        13.1166  1-4 EEL =      -426.2995  VDWAALS    =      2046.0568
 EELEC  =    -16115.2965  EHBOND  =         0.0000  RESTRAINT  =         0.0000
 EKCMT  =         0.0000  VIRIAL  =         0.0000  VOLUME     =     46153.8631
                                                    Density    =         0.9752
 DV/DL  =      -159.0099
 ------------------------------------------------------------------------------

  Softcore part of the system:       2 atoms,       TEMP(K)    =         171.52
 SC_Etot=         4.0637  SC_EKtot=         1.0225  SC_EPtot   =         3.0412
 SC_BOND=         0.3741  SC_ANGLE=         2.5612  SC_DIHED   =         0.1059
 SC_14NB=         0.0000  SC_14EEL=         0.0000  SC_VDW     =         0.0000
 SC_EEL =         0.0000
 SC_RES_DIST=     0.0000  SC_RES_ANG=       0.0000  SC_RES_TORS=         0.0000
 SC_EEL_DER=      0.0000  SC_VDW_DER=       0.0101  SC_DERIV   =         0.0101
 ------------------------------------------------------------------------------


| TI region  2


 NSTEP =      850   TIME(PS) =     313.700  TEMP(K) =   298.06  PRESS =     0.0
 Etot   =    -11722.6664  EKtot   =      2671.2971  EPtot      =    -14393.9635
 BOND   =        10.8414  ANGLE   =        40.3231  DIHED      =        37.2947
 1-4 NB =        13.1166  1-4 EEL =      -426.2995  VDWAALS    =      2046.0568
 EELEC  =    -16115.2965  EHBOND  =         0.0000  RESTRAINT  =         0.0000
 EKCMT  =         0.0000  VIRIAL  =         0.0000  VOLUME     =     46153.8631
                                                    Density    =         0.9751
 DV/DL  =      -159.0099
 ------------------------------------------------------------------------------


MBAR Energy analysis:
Energy at 0.0000 =    -14368.407683
Energy at 0.0000 =    -14368.407683
Energy at 0.2000 =    -14400.846005
Energy at 0.2000 =    -14400.846005
Energy at 0.5000 =    -14449.501693
Energy at 0.5000 =    -14449.501693
Energy at 0.6000 =    -14465.720486
Energy at 0.6000 =    -14465.720486
 ------------------------------------------------------------------------------


| TI region  1


 NSTEP =      900   TIME(PS) =     313.800  TEMP(K) =   300.04  PRESS =     0.0
 Etot   =    -11710.0662  EKtot   =      2690.7798  EPtot      =    -14400.8460
 BOND   =        15.1266  ANGLE   =        38.3551  DIHED      =        40.9831
 1-4 NB =        14.8843  1-4 EEL =      -429.0984  VDWAALS    =      1959.9082
 EELEC  =    -16041.0048  EHBOND  =         0.0000  RESTRAINT  =         0.0000
 EKCMT  =         0.0000  VIRIAL  =         0.0000  VOLUME     =     46153.8631
                                                    Density    =         0.9752
 DV/DL  =      -162.1870
 ------------------------------------------------------------------------------

  Softcore part of the system:       2 atoms,       TEMP(K)    =         134.62
 SC_Etot=         1.8314  SC_EKtot=         0.8026  SC_EPtot   =         1.0289
 SC_BOND=         0.0475  SC_ANGLE=         0.7321  SC_DIHED   =         0.2493
 SC_14NB=         0.0000  SC_14EEL=         0.0000  SC_VDW     =         0.0000
 SC_EEL =         0.0000
 SC_RES_DIST=     0.0000  SC_RES_ANG=       0.0000  SC_RES_TORS=         0.0000
 SC_EEL_DER=      0.0000  SC_VDW_DER=       0.0049  SC_DERIV   =         0.0049
 ------------------------------------------------------------------------------


| TI region  2


 NSTEP =      900   TIME(PS) =     313.800  TEMP(K) =   300.15  PRESS =     0.0
 Etot   =    -11710.8687  EKtot   =      2689.9773  EPtot      =    -14400.8460
 BOND   =        15.1266  ANGLE   =        38.3551  DIHED      =        40.9831
 1-4 NB =        14.8843  1-4 EEL =      -429.0984  VDWAALS    =      1959.9082
 EELEC  =    -16041.0048  EHBOND  =         0.0000  RESTRAINT  =         0.0000
 EKCMT  =         0.0000  VIRIAL  =         0.0000  VOLUME     =     46153.8631
                                                    Density    =         0.9751
 DV/DL  =      -162.1870
 ------------------------------------------------------------------------------


MBAR Energy analysis:
Energy at 0.0000 =    -14343.710888
Energy at 0.0000 =    -14343.710888
Energy at 0.2000 =    -14376.424462
Energy at 0.2000 =    -14376.424462
Energy at 0.5000 =    -14425.498779
Energy at 0.5000 =    -14425.498779
Energy at 0.6000 =    -14441.858120
Energy at 0.6000 =    -14441.858120
 ------------------------------------------------------------------------------


| TI region  1


 NSTEP =      950   TIME(PS) =     313.900  TEMP(K) =   296.00  PRESS =     0.0
 Etot   =    -11721.8767  EKtot   =      2654.5477  EPtot      =    -14376.4245
 BOND   =         9.3008  ANGLE   =        38.9084  DIHED      =        43.1693
 1-4 NB =        15.1772  1-4 EEL =      -429.1697  VDWAALS    =      2037.5805
 EELEC  =    -16091.3909  EHBOND  =         0.0000  RESTRAINT  =         0.0000
 EKCMT  =         0.0000  VIRIAL  =         0.0000  VOLUME     =     46153.8631
                                                    Density    =         0.9752
 DV/DL  =      -163.5726
 ------------------------------------------------------------------------------

  Softcore part of the system:       2 atoms,       TEMP(K)    =          86.02
 SC_Etot=         3.3759  SC_EKtot=         0.5128  SC_EPtot   =         2.8631
 SC_BOND=         1.1263  SC_ANGLE=         1.6500  SC_DIHED   =         0.0868
 SC_14NB=         0.0000  SC_14EEL=         0.0000  SC_VDW     =         0.0000
 SC_EEL =         0.0000
 SC_RES_DIST=     0.0000  SC_RES_ANG=       0.0000  SC_RES_TORS=         0.0000
 SC_EEL_DER=      0.0000  SC_VDW_DER=       0.0247  SC_DERIV   =         0.0247
 ------------------------------------------------------------------------------


| TI region  2


 NSTEP =      950   TIME(PS) =     313.900  TEMP(K) =   296.14  PRESS =     0.0
 Etot   =    -11722.3896  EKtot   =      2654.0349  EPtot      =    -14376.4245
 BOND   =         9.3008  ANGLE   =        38.9084  DIHED      =        43.1693
 1-4 NB =        15.1772  1-4 EEL =      -429.1697  VDWAALS    =      2037.5805
 EELEC  =    -16091.3909  EHBOND  =         0.0000  RESTRAINT  =         0.0000
 EKCMT  =         0.0000  VIRIAL  =         0.0000  VOLUME     =     46153.8631
                                                    Density    =         0.9751
 DV/DL  =      -163.5726
 ------------------------------------------------------------------------------


MBAR Energy analysis:
Energy at 0.0000 =    -14367.862845
Energy at 0.0000 =    -14367.862845
Energy at 0.2000 =    -14399.780810
Energy at 0.2000 =    -14399.780810
Energy at 0.5000 =    -14447.644820
Energy at 0.5000 =    -14447.644820
Energy at 0.6000 =    -14463.597922
Energy at 0.6000 =    -14463.597922
 ------------------------------------------------------------------------------


| TI region  1


 NSTEP =     1000   TIME(PS) =     314.000  TEMP(K) =   294.30  PRESS =     0.0
 Etot   =    -11760.4205  EKtot   =      2639.3603  EPtot      =    -14399.7808
 BOND   =        14.6086  ANGLE   =        41.2547  DIHED      =        35.3950
 1-4 NB =        14.1815  1-4 EEL =      -428.2963  VDWAALS    =      2023.6350
 EELEC  =    -16100.5593  EHBOND  =         0.0000  RESTRAINT  =         0.0000
 EKCMT  =         0.0000  VIRIAL  =         0.0000  VOLUME     =     46153.8631
                                                    Density    =         0.9752
 DV/DL  =      -159.5666
 ------------------------------------------------------------------------------

  Softcore part of the system:       2 atoms,       TEMP(K)    =         412.68
 SC_Etot=         3.3472  SC_EKtot=         2.4603  SC_EPtot   =         0.8870
 SC_BOND=         0.3788  SC_ANGLE=         0.5059  SC_DIHED   =         0.0023
 SC_14NB=         0.0000  SC_14EEL=         0.0000  SC_VDW     =         0.0000
 SC_EEL =         0.0000
 SC_RES_DIST=     0.0000  SC_RES_ANG=       0.0000  SC_RES_TORS=         0.0000
 SC_EEL_DER=      0.0000  SC_VDW_DER=      -0.0310  SC_DERIV   =        -0.0310
 ------------------------------------------------------------------------------


| TI region  2


 NSTEP =     1000   TIME(PS) =     314.000  TEMP(K) =   294.22  PRESS =     0.0
 Etot   =    -11762.8808  EKtot   =      2636.9000  EPtot      =    -14399.7808
 BOND   =        14.6086  ANGLE   =        41.2547  DIHED      =        35.3950
 1-4 NB =        14.1815  1-4 EEL =      -428.2963  VDWAALS    =      2023.6350
 EELEC  =    -16100.5593  EHBOND  =         0.0000  RESTRAINT  =         0.0000
 EKCMT  =         0.0000  VIRIAL  =         0.0000  VOLUME     =     46153.8631
                                                    Density    =         0.9751
 DV/DL  =      -159.5666
 ------------------------------------------------------------------------------

|===============================================================================

| TI region  1


      A V E R A G E S   O V E R    1000 S T E P S


 NSTEP =     1000   TIME(PS) =     314.000  TEMP(K) =   299.83  PRESS =     0.0
 Etot   =    -11682.1649  EKtot   =      2688.9732  EPtot      =    -14371.1381
 BOND   =        12.7194  ANGLE   =        32.7359  DIHED      =        40.6408
 1-4 NB =        15.3737  1-4 EEL =      -424.7686  VDWAALS    =      2074.2517
 EELEC  =    -16122.0910  EHBOND  =         0.0000  RESTRAINT  =         0.0000
 EKCMT  =         0.0000  VIRIAL  =         0.0000  VOLUME     =     45956.2808
                                                    Density    =         0.9794
 DV/DL  =      -159.1957
 ------------------------------------------------------------------------------

  Softcore part of the system:       2 atoms,       TEMP(K)    =         269.82
 SC_Etot=         3.7627  SC_EKtot=         1.6086  SC_EPtot   =         2.1541
 SC_BOND=         0.6232  SC_ANGLE=         1.2212  SC_DIHED   =         0.3096
 SC_14NB=         0.0000  SC_14EEL=         0.0000  SC_VDW     =         0.0000
 SC_EEL =         0.0000
 SC_RES_DIST=     0.0000  SC_RES_ANG=       0.0000  SC_RES_TORS=         0.0000
 SC_EEL_DER=      0.0000  SC_VDW_DER=      -0.7219  SC_DERIV   =        -0.7219
 ------------------------------------------------------------------------------


      R M S  F L U C T U A T I O N S


 NSTEP =     1000   TIME(PS) =     314.000  TEMP(K) =     4.12  PRESS =     0.0
 Etot   =        34.4396  EKtot   =        36.9044  EPtot      =        43.1910
 BOND   =         3.0047  ANGLE   =         4.0512  DIHED      =         2.5190
 1-4 NB =         1.4140  1-4 EEL =         3.9538  VDWAALS    =        60.1772
 EELEC  =        81.8945  EHBOND  =         0.0000  RESTRAINT  =         0.0000
 EKCMT  =         0.0000  VIRIAL  =         0.0000  VOLUME     =       226.8784
                                                    Density    =         0.0049
 DV/DL  =         6.3612
 ------------------------------------------------------------------------------

  Softcore part of the system:       2 atoms,       TEMP(K)    =         150.46
 SC_Etot=         1.3326  SC_EKtot=         0.8970  SC_EPtot   =         1.0009
 SC_BOND=         0.4709  SC_ANGLE=         0.7062  SC_DIHED   =         0.3416
 SC_14NB=         0.0000  SC_14EEL=         0.0000  SC_VDW     =         0.0000
 SC_EEL =         0.0000
 SC_RES_DIST=     0.0000  SC_RES_ANG=       0.0000  SC_RES_TORS=         0.0000
 SC_EEL_DER=      0.0000  SC_VDW_DER=       1.4178  SC_DERIV   =         1.4178
 ------------------------------------------------------------------------------


| TI region  2


      A V E R A G E S   O V E R    1000 S T E P S


 NSTEP =     1000   TIME(PS) =     314.000  TEMP(K) =   299.85  PRESS =     0.0
 Etot   =    -11683.7734  EKtot   =      2687.3646  EPtot      =    -14371.1381
 BOND   =        12.7194  ANGLE   =        32.7359  DIHED      =        40.6408
 1-4 NB =        15.3737  1-4 EEL =      -424.7686  VDWAALS    =      2074.2517
 EELEC  =    -16122.0910  EHBOND  =         0.0000  RESTRAINT  =         0.0000
 EKCMT  =         0.0000  VIRIAL  =         0.0000  VOLUME     =     45956.2808
                                                    Density    =         0.9793
 DV/DL  =      -159.1957
 ------------------------------------------------------------------------------


      R M S  F L U C T U A T I O N S


 NSTEP =     1000   TIME(PS) =     314.000  TEMP(K) =     4.10  PRESS =     0.0
 Etot   =        34.4275  EKtot   =        36.7703  EPtot      =        43.1910
 BOND   =         3.0047  ANGLE   =         4.0512  DIHED      =         2.5190
 1-4 NB =         1.4140  1-4 EEL =         3.9538  VDWAALS    =        60.1772
 EELEC  =        81.8945  EHBOND  =         0.0000  RESTRAINT  =         0.0000
 EKCMT  =         0.0000  VIRIAL  =         0.0000  VOLUME     =       226.8784
                                                    Density    =         0.0049
 DV/DL  =         6.3612
 ------------------------------------------------------------------------------


      DV/DL, AVERAGES OVER    1000 STEPS


 NSTEP =     1000   TIME(PS) =     314.000  TEMP(K) =     4.10  PRESS =     0.0
 Etot   =         0.0000  EKtot   =         0.0000  EPtot      =      -157.5834
 BOND   =         0.0000  ANGLE   =         0.0000  DIHED      =         0.0000
 1-4 NB =        -0.0062  1-4 EEL =      -197.6439  VDWAALS    =        -0.1994
 EELEC  =        39.3757  EHBOND  =         0.0000  RESTRAINT  =         0.0000
 EKCMT  =         0.0000  VIRIAL  =         0.0000  VOLUME     =         0.0000
                                                    Density    =         0.0000
 DV/DL  =      -157.5834
 ------------------------------------------------------------------------------

|===============================================================================

| TI region  1


      A V E R A G E S   O V E R    1000 S T E P S


 NSTEP =     1000   TIME(PS) =     314.000  TEMP(K) =   299.83  PRESS =     0.0
 Etot   =    -11682.1649  EKtot   =      2688.9732  EPtot      =    -14371.1381
 BOND   =        12.7194  ANGLE   =        32.7359  DIHED      =        40.6408
 1-4 NB =        15.3737  1-4 EEL =      -424.7686  VDWAALS    =      2074.2517
 EELEC  =    -16122.0910  EHBOND  =         0.0000  RESTRAINT  =         0.0000
 EKCMT  =         0.0000  VIRIAL  =         0.0000  VOLUME     =     45956.2808
                                                    Density    =         0.9794
 DV/DL  =      -159.1957
 ------------------------------------------------------------------------------

  Softcore part of the system:       2 atoms,       TEMP(K)    =         269.82
 SC_Etot=         3.7627  SC_EKtot=         1.6086  SC_EPtot   =         2.1541
 SC_BOND=         0.6232  SC_ANGLE=         1.2212  SC_DIHED   =         0.3096
 SC_14NB=         0.0000  SC_14EEL=         0.0000  SC_VDW     =         0.0000
 SC_EEL =         0.0000
 SC_RES_DIST=     0.0000  SC_RES_ANG=       0.0000  SC_RES_TORS=         0.0000
 SC_EEL_DER=      0.0000  SC_VDW_DER=      -0.7219  SC_DERIV   =        -0.7219
 ------------------------------------------------------------------------------


      R M S  F L U C T U A T I O N S


 NSTEP =     1000   TIME(PS) =     314.000  TEMP(K) =     4.12  PRESS =     0.0
 Etot   =        34.4396  EKtot   =        36.9044  EPtot      =        43.1910
 BOND   =         3.0047  ANGLE   =         4.0512  DIHED      =         2.5190
 1-4 NB =         1.4140  1-4 EEL =         3.9538  VDWAALS    =        60.1772
 EELEC  =        81.8945  EHBOND  =         0.0000  RESTRAINT  =         0.0000
 EKCMT  =         0.0000  VIRIAL  =         0.0000  VOLUME     =       226.8784
                                                    Density    =         0.0049
 DV/DL  =         6.3612
 ------------------------------------------------------------------------------

  Softcore part of the system:       2 atoms,       TEMP(K)    =         150.46
 SC_Etot=         1.3326  SC_EKtot=         0.8970  SC_EPtot   =         1.0009
 SC_BOND=         0.4709  SC_ANGLE=         0.7062  SC_DIHED   =         0.3416
 SC_14NB=         0.0000  SC_14EEL=         0.0000  SC_VDW     =         0.0000
 SC_EEL =         0.0000
 SC_RES_DIST=     0.0000  SC_RES_ANG=       0.0000  SC_RES_TORS=         0.0000
 SC_EEL_DER=      0.0000  SC_VDW_DER=       1.4178  SC_DERIV   =         1.4178
 ------------------------------------------------------------------------------


| TI region  2


      A V E R A G E S   O V E R    1000 S T E P S


 NSTEP =     1000   TIME(PS) =     314.000  TEMP(K) =   299.85  PRESS =     0.0
 Etot   =    -11683.7734  EKtot   =      2687.3646  EPtot      =    -14371.1381
 BOND   =        12.7194  ANGLE   =        32.7359  DIHED      =        40.6408
 1-4 NB =        15.3737  1-4 EEL =      -424.7686  VDWAALS    =      2074.2517
 EELEC  =    -16122.0910  EHBOND  =         0.0000  RESTRAINT  =         0.0000
 EKCMT  =         0.0000  VIRIAL  =         0.0000  VOLUME     =     45956.2808
                                                    Density    =         0.9793
 DV/DL  =      -159.1957
 ------------------------------------------------------------------------------


      R M S  F L U C T U A T I O N S


 NSTEP =     1000   TIME(PS) =     314.000  TEMP(K) =     4.10  PRESS =     0.0
 Etot   =        34.4275  EKtot   =        36.7703  EPtot      =        43.1910
 BOND   =         3.0047  ANGLE   =         4.0512  DIHED      =         2.5190
 1-4 NB =         1.4140  1-4 EEL =         3.9538  VDWAALS    =        60.1772
 EELEC  =        81.8945  EHBOND  =         0.0000  RESTRAINT  =         0.0000
 EKCMT  =         0.0000  VIRIAL  =         0.0000  VOLUME     =       226.8784
                                                    Density    =         0.0049
 DV/DL  =         6.3612
 ------------------------------------------------------------------------------


      DV/DL, AVERAGES OVER    1000 STEPS


 NSTEP =     1000   TIME(PS) =     314.000  TEMP(K) =     4.10  PRESS =     0.0
 Etot   =         0.0000  EKtot   =         0.0000  EPtot      =      -157.5834
 BOND   =         0.0000  ANGLE   =         0.0000  DIHED      =         0.0000
 1-4 NB =        -0.0062  1-4 EEL =      -197.6439  VDWAALS    =        -0.1994
 EELEC  =        39.3757  EHBOND  =         0.0000  RESTRAINT  =         0.0000
 EKCMT  =         0.0000  VIRIAL  =         0.0000  VOLUME     =         0.0000
                                                    Density    =         0.0000
 DV/DL  =      -157.5834
 ------------------------------------------------------------------------------

| MC Barostat:         10 volume changes attempted.
| MC Barostat:          4 changes successful ( 40.00%)
 ------------------------------------------------------------------------------

--------------------------------------------------------------------------------
   5.  TIMINGS
--------------------------------------------------------------------------------

|  NonSetup CPU Time in Major Routines:
|
|     Routine           Sec        %
|     ------------------------------
|     Nonbond           0.29   80.14
|     Bond              0.00    0.00
|     Angle             0.00    0.00
|     Dihedral          0.00    0.00
|     Shake             0.00    0.78
|     RunMD             0.06   17.70
|     Other             0.01    1.38
|     ------------------------------
|     Total             0.37

|  PME Nonbond Pairlist CPU Time:
|
|     Routine              Sec        %
|     ---------------------------------
|     Set Up Cit           0.00    0.00
|     Build List           0.00    0.00
|     ---------------------------------
|     Total                0.00    0.00

|  PME Direct Force CPU Time:
|
|     Routine              Sec        %
|     ---------------------------------
|     NonBonded Calc       0.00    0.00
|     Exclude Masked       0.00    0.00
|     Other                0.00    0.45
|     ---------------------------------
|     Total                0.00    0.45

|  PME Reciprocal Force CPU Time:
|
|     Routine              Sec        %
|     ---------------------------------
|     1D bspline           0.00    0.00
|     Grid Charges         0.00    0.00
|     Scalar Sum           0.00    0.00
|     Gradient Sum         0.00    0.00
|     FFT                  0.00    0.00
|     ---------------------------------
|     Total                0.00    0.00

|  Final Performance Info:
|     -----------------------------------------------------
|     Average timings for last     950 steps:
|     Elapsed(s) =       0.36 Per Step(ms) =       0.38
|         ns/day =     460.20   seconds/ns =     187.75
|
|     Average timings for all steps:
|     Elapsed(s) =       0.38 Per Step(ms) =       0.38
|         ns/day =     455.54   seconds/ns =     189.67
|     -----------------------------------------------------

|  Setup CPU time:            1.07 seconds
|  NonSetup CPU time:         0.37 seconds
|  Total CPU time:            1.44 seconds     0.00 hours

|  Setup wall time:           1    seconds
|  NonSetup wall time:        0    seconds
|  Total wall time:           1    seconds     0.00 hours
