
          -------------------------------------------------------
          Amber 20 PMEMD                              2020
          -------------------------------------------------------

| PMEMD implementation of SANDER, Release 18

|  Compiled date/time: Tue Apr 28 09:19:54 2020
| Run on 09/12/2024 at 01:49:47

|   Executable path: pmemd.cuda_SPFP
| Working directory: /nfs/zli_gpu2/bin/developed_softwares/test_car/car/car/example/0.0_0.6_0.6
|          Hostname: compute-0-8

  [-O]verwriting output

File Assignments:
|   MDIN: prod4.in                                                              
|  MDOUT: prod4.out                                                             
| INPCRD: prev_cen.rst                                                          
|   PARM: ../lM2A.prmtop                                                        
| RESTRT: prod4.rst                                                             
|   REFC: refc                                                                  
|  MDVEL: mdvel                                                                 
|   MDEN: mden                                                                  
|  MDCRD: prod4.netcdf                                                          
| MDINFO: prod4.mdinfo                                                          
|  MDFRC: mdfrc                                                                 


 Here is the input file:

NVT MD w/No position restraints and PME (sander)                               
 &cntrl                                                                        
  ntx    = 5,                                                                  
  irest  = 1,                                                                  
  ntpr   = 50,                                                                 
  ntwx   = 10000,                                                              
  ntwe   = 10000,                                                              
  ntwr   = 10000,                                                              
  ig     = -1,                                                                 
                                                                               
  ntb    = 2,                                                                  
  ntp = 1, pres0 = 1.0, taup = 2.0,gamma_ln = 2.0,                             
  cut    = 10.0,                                                               
  iwrap  = 1,                                                                  
  barostat = 2,                                                                
                                                                               
  t      = 0.0,                                                                
  dt     = 0.002,                                                              
                                                                               
  temp0  = 300.0,                                                              
  tempi  = 300.0,                                                              
  ntt    = 3,                                                                  
  tautp  = 2.0,                                                                
                                                                               
  ntf    = 1,                                                                  
  ntc    = 2,                                                                  
  iwrap=1, ioutfm=1, ntwv=-1,ntave=1000,                                       
  bar_intervall = 50,                                                          
  icfe = 1, ifsc = 1,                                                          
  timask1=':1,2',                                                              
  timask2=':3',                                                                
  scmask1=':2',                                                                
  scmask2='',                                                                  
  ifmbar = 1,                                                                  
  nstlim = 1000,                                                               
  clambda = 0.6,                                                               
  mbar_states = 8,                                                             
  mbar_lambda = 0.2, 0.2, 0.5, 0.5, 0.6, 0.6, 1.0, 1.0,                        
&end                                                                           
 /                                                                             


Note: ig = -1. Setting random seed to   152648 based on wallclock time in 
      microseconds.
| irandom = 1, using AMBER's internal random number generator (default).
 
|--------------------- INFORMATION ----------------------
| GPU (CUDA) Version of PMEMD in use: NVIDIA GPU IN USE.
|                    Version 18.0.0
| 
|                      03/25/2018
| 
| Implementation by:
|                    Ross C. Walker     (SDSC)
|                    Scott Le Grand     (nVIDIA)
| 
| Version 18 performance extensions by:
|                    David Cerutti     (Rutgers)
| 
| Precision model in use:
|      [SPFP] - Single Precision Forces, 64-bit Fixed Point
|               Accumulation. (Default)
| 
|--------------------------------------------------------
 
|----------------- CITATION INFORMATION -----------------
|
|    When publishing work that utilized the CUDA version
|    of AMBER, please cite the following in addition to
|    the regular AMBER citations:
|
|  - Romelia Salomon-Ferrer; Andreas W. Goetz; Duncan
|    Poole; Scott Le Grand; Ross C. Walker "Routine
|    microsecond molecular dynamics simulations with
|    AMBER - Part II: Particle Mesh Ewald", J. Chem.
|    Theory Comput., 2013, 9 (9), pp3878-3888,
|    DOI: 10.1021/ct400314y.
|
|  - Andreas W. Goetz; Mark J. Williamson; Dong Xu;
|    Duncan Poole; Scott Le Grand; Ross C. Walker
|    "Routine microsecond molecular dynamics simulations
|    with AMBER - Part I: Generalized Born", J. Chem.
|    Theory Comput., 2012, 8 (5), pp1542-1555.
|
|  - Scott Le Grand; Andreas W. Goetz; Ross C. Walker
|    "SPFP: Speed without compromise - a mixed precision
|    model for GPU accelerated molecular dynamics
|    simulations.", Comp. Phys. Comm., 2013, 184
|    pp374-380, DOI: 10.1016/j.cpc.2012.09.022
|
|    When publishing work that utilized the CUDA version
|    of TI, BAR, MBAR or FEP please cite the following 
|    publications in addition to the regular AMBER 
|    GPU citations:
|
|  - Daniel J. Mermelstein; Charles Lin; Gard Nelson; 
|    Rachael Kretsch; J. Andrew McCammon; Ross C. Walker
|    "Fast and Flexible GPU Accelerated Binding 
|    Free Energy Calculations within the AMBER Molecular
|    Dynamics Package" J. Comp. Chem., 2018,
|    DOI: 10.1002/jcc.25187
|
|  - Tai-Sung Lee; Yuan Hu; Brad Sherborne; Zhuyan Guo;
|    Darrin M. York
|    "Toward Fast and Accurate Binding Affinity Prediction with
|    pmemdGTI: An Efficient Implementation of GPU-Accelerated
|    Thermodynamic Integration"
|    J. Chem. Theory Comput., 2017, 13 (7), 3077
|
|
|--------------------------------------------------------
 
|------------------- GPU DEVICE INFO --------------------
|
|            CUDA_VISIBLE_DEVICES: not set
|   CUDA Capable Devices Detected:      8
|           CUDA Device ID in use:      0
|                CUDA Device Name: NVIDIA GeForce RTX 4090
|     CUDA Device Global Mem Size:  24217 MB
| CUDA Device Num Multiprocessors:    128
|           CUDA Device Core Freq:   2.52 GHz
|
|--------------------------------------------------------
 
 
| Conditional Compilation Defines Used:
| PUBFFT
| BINTRAJ
| CUDA
| EMIL

| Largest sphere to fit in unit cell has radius =    17.409

| New format PARM file being parsed.
| Version =    1.000 Date = 08/02/22 Time = 19:36:52

| Note: 1-4 EEL scale factors are being read from the topology file.

| Note: 1-4 VDW scale factors are being read from the topology file.
| Duplicated    0 dihedrals

| Duplicated    0 dihedrals

--------------------------------------------------------------------------------
   1.  RESOURCE   USE: 
--------------------------------------------------------------------------------

 getting new box info from bottom of inpcrd
 NATOM  =    4548 NTYPES =      17 NBONH =    4492 MBONA  =      62
 NTHETH =     105 MTHETA =      88 NPHIH =     188 MPHIA  =     154
 NHPARM =       0 NPARM  =       0 NNB   =    6494 NRES   =    1485
 NBONA  =      62 NTHETA =      88 NPHIA =     154 NUMBND =      22
 NUMANG =      36 NPTRA  =      19 NATYP =      18 NPHB   =       1
 IFBOX  =       1 NMXRS  =      50 IFCAP =       0 NEXTRA =       0
 NCOPY  =       0

| Coordinate Index Table dimensions:     6    6    6
| Direct force subcell size =     5.8914    6.1206    5.8030

     BOX TYPE: RECTILINEAR

--------------------------------------------------------------------------------
   2.  CONTROL  DATA  FOR  THE  RUN
--------------------------------------------------------------------------------

default_name                                                                    

General flags:
     imin    =       0, nmropt  =       0

Nature and format of input:
     ntx     =       5, irest   =       1, ntrx    =       1

Nature and format of output:
     ntxo    =       2, ntpr    =      50, ntrx    =       1, ntwr    =   10000
     iwrap   =       1, ntwx    =   10000, ntwv    =      -1, ntwe    =   10000
     ioutfm  =       1, ntwprt  =       0, idecomp =       0, rbornstat=      0

Potential function:
     ntf     =       1, ntb     =       2, igb     =       0, nsnb    =      25
     ipol    =       0, gbsa    =       0, iesp    =       0
     dielc   =   1.00000, cut     =  10.00000, intdiel =   1.00000

Frozen or restrained atoms:
     ibelly  =       0, ntr     =       0

Molecular dynamics:
     nstlim  =      1000, nscm    =      1000, nrespa  =         1
     t       =   0.00000, dt      =   0.00200, vlimit  =  -1.00000

Langevin dynamics temperature regulation:
     ig      =  152648
     temp0   = 300.00000, tempi   = 300.00000, gamma_ln=   2.00000

Pressure regulation:
     ntp     =       1
     pres0   =   1.00000, comp    =  44.60000, taup    =   2.00000
     Monte-Carlo Barostat:
     mcbarint  =     100

SHAKE:
     ntc     =       2, jfastw  =       0
     tol     =   0.00001

Free energy options:
     icfe    =       1, ifsc    =       1, klambda =       1
     clambda =  0.6000, scalpha =  0.5000, scbeta  = 12.0000
     sceeorder =       2
     dynlmb =  0.0000 logdvdl =       0

FEP MBAR options:
     ifmbar  =       1,  bar_intervall =       50
     mbar_states =       8

| Intermolecular bonds treatment:
|     no_intermolecular_bonds =       1

| Energy averages sample interval:
|     ene_avg_sampling =       1

Ewald parameters:
     verbose =       0, ew_type =       0, nbflag  =       1, use_pme =       1
     vdwmeth =       1, eedmeth =       1, netfrc  =       1
     Box X =   35.348   Box Y =   36.724   Box Z =   34.818
     Alpha =   90.000   Beta  =   90.000   Gamma =   90.000
     NFFT1 =   36       NFFT2 =   40       NFFT3 =   36
     Cutoff=   10.000   Tol   =0.100E-04
     Ewald Coefficient =  0.27511
     Interpolation order =    4
     TI Mask 1 :1,2; matches     52 atoms
     TI Mask 2 :3; matches     50 atoms
     TI region 1:    4498 atoms
     TI region 2:    4496 atoms
     SC Mask 1 :2; matches      2 atoms

    MBAR - lambda values considered:
       8 total:  0.2000 0.2000 0.5000 0.5000 0.6000 0.6000 1.0000 1.0000
    Extra energies will be computed     20 times.
| MONTE CARLO BAROSTAT IMPORTANT NOTE:
|   The Monte-Carlo barostat does not require the virial to adjust the system volume.
|   Since it is an expensive calculation, it is skipped for efficiency. A side-effect
|   is that the reported pressure is always 0 because it is not calculated.

--------------------------------------------------------------------------------
   3.  ATOMIC COORDINATES AND VELOCITIES
--------------------------------------------------------------------------------

Cpptraj Generated Restart                                                       
 begin time read from input coords =   330.000 ps

 
     Molecule     1 is partially softcore
     Molecule     2 is partially softcore
 Number of triangulated 3-point waters found:     1482
   Removing shake constraints from HX1   LBM   2 -- N26   LAM   1
   Removing shake constraints from H23   LBM   2 -- N26   LAM   1
 Number of shake restraints removed in TI region  1 :        2
 Number of shake restraints removed in TI region  2 :        0

     Sum of charges for TI region  1 =  -0.00249680
     Skip neutralizing charges...


     Sum of charges for TI region  2 =  -0.00299999
     Skip neutralizing charges...

| Dynamic Memory, Types Used:
| Reals              376225
| Integers           194647

| Nonbonded Pairs Initial Allocation:     1375656

| GPU memory information (estimate):
| KB of GPU memory in use:     52148
| KB of CPU memory in use:     28214

--------------------------------------------------------------------------------
   4.  RESULTS
--------------------------------------------------------------------------------

   DOF for the SC part  1 of the system:    6

MBAR Energy analysis:
Energy at 0.2000 =    -14356.998024
Energy at 0.2000 =    -14356.998024
Energy at 0.5000 =    -14418.636521
Energy at 0.5000 =    -14418.636521
Energy at 0.6000 =    -14438.804666
Energy at 0.6000 =    -14438.804666
Energy at 1.0000 =    -14518.936630
Energy at 1.0000 =    -14518.936630
 ------------------------------------------------------------------------------


| TI region  1


 NSTEP =       50   TIME(PS) =     330.100  TEMP(K) =   295.42  PRESS =     0.0
 Etot   =    -11789.4178  EKtot   =      2649.3868  EPtot      =    -14438.8047
 BOND   =        13.9037  ANGLE   =        35.3970  DIHED      =        36.1646
 1-4 NB =        14.9106  1-4 EEL =      -518.3735  VDWAALS    =      2126.8088
 EELEC  =    -16147.6159  EHBOND  =         0.0000  RESTRAINT  =         0.0000
 EKCMT  =         0.0000  VIRIAL  =         0.0000  VOLUME     =     45198.0415
                                                    Density    =         0.9958
 DV/DL  =      -201.2440
 ------------------------------------------------------------------------------

  Softcore part of the system:       2 atoms,       TEMP(K)    =         252.91
 SC_Etot=         5.0133  SC_EKtot=         1.5078  SC_EPtot   =         3.5056
 SC_BOND=         0.3489  SC_ANGLE=         2.9223  SC_DIHED   =         0.2343
 SC_14NB=         0.0000  SC_14EEL=         0.0000  SC_VDW     =         0.0000
 SC_EEL =         0.0000
 SC_RES_DIST=     0.0000  SC_RES_ANG=       0.0000  SC_RES_TORS=         0.0000
 SC_EEL_DER=      0.0000  SC_VDW_DER=      -0.9141  SC_DERIV   =        -0.9141
 ------------------------------------------------------------------------------


| TI region  2


 NSTEP =       50   TIME(PS) =     330.100  TEMP(K) =   295.45  PRESS =     0.0
 Etot   =    -11790.9256  EKtot   =      2647.8791  EPtot      =    -14438.8047
 BOND   =        13.9037  ANGLE   =        35.3970  DIHED      =        36.1646
 1-4 NB =        14.9106  1-4 EEL =      -518.3735  VDWAALS    =      2126.8088
 EELEC  =    -16147.6159  EHBOND  =         0.0000  RESTRAINT  =         0.0000
 EKCMT  =         0.0000  VIRIAL  =         0.0000  VOLUME     =     45198.0415
                                                    Density    =         0.9957
 DV/DL  =      -201.2440
 ------------------------------------------------------------------------------


MBAR Energy analysis:
Energy at 0.2000 =    -14462.396055
Energy at 0.2000 =    -14462.396055
Energy at 0.5000 =    -14520.227047
Energy at 0.5000 =    -14520.227047
Energy at 0.6000 =    -14539.305768
Energy at 0.6000 =    -14539.305768
Energy at 1.0000 =    -14615.299759
Energy at 1.0000 =    -14615.299759
 ------------------------------------------------------------------------------


| TI region  1


 NSTEP =      100   TIME(PS) =     330.200  TEMP(K) =   302.01  PRESS =     0.0
 Etot   =    -11830.8301  EKtot   =      2708.4757  EPtot      =    -14539.3058
 BOND   =         7.6538  ANGLE   =        29.1184  DIHED      =        38.6088
 1-4 NB =        14.0613  1-4 EEL =      -502.2185  VDWAALS    =      1984.5233
 EELEC  =    -16111.0529  EHBOND  =         0.0000  RESTRAINT  =         0.0000
 EKCMT  =         0.0000  VIRIAL  =         0.0000  VOLUME     =     45198.0415
                                                    Density    =         0.9958
 DV/DL  =      -190.5350
 ------------------------------------------------------------------------------

  Softcore part of the system:       2 atoms,       TEMP(K)    =         387.50
 SC_Etot=         4.3336  SC_EKtot=         2.3101  SC_EPtot   =         2.0235
 SC_BOND=         0.2917  SC_ANGLE=         1.6027  SC_DIHED   =         0.1291
 SC_14NB=         0.0000  SC_14EEL=         0.0000  SC_VDW     =         0.0000
 SC_EEL =         0.0000
 SC_RES_DIST=     0.0000  SC_RES_ANG=       0.0000  SC_RES_TORS=         0.0000
 SC_EEL_DER=      0.0000  SC_VDW_DER=      -0.5500  SC_DERIV   =        -0.5500
 ------------------------------------------------------------------------------


| TI region  2


 NSTEP =      100   TIME(PS) =     330.200  TEMP(K) =   301.95  PRESS =     0.0
 Etot   =    -11833.1402  EKtot   =      2706.1655  EPtot      =    -14539.3058
 BOND   =         7.6538  ANGLE   =        29.1184  DIHED      =        38.6088
 1-4 NB =        14.0613  1-4 EEL =      -502.2185  VDWAALS    =      1984.5233
 EELEC  =    -16111.0529  EHBOND  =         0.0000  RESTRAINT  =         0.0000
 EKCMT  =         0.0000  VIRIAL  =         0.0000  VOLUME     =     45198.0415
                                                    Density    =         0.9957
 DV/DL  =      -190.5350
 ------------------------------------------------------------------------------


MBAR Energy analysis:
Energy at 0.2000 =    -14454.406882
Energy at 0.2000 =    -14454.406882
Energy at 0.5000 =    -14517.921188
Energy at 0.5000 =    -14517.921188
Energy at 0.6000 =    -14538.715129
Energy at 0.6000 =    -14538.715129
Energy at 1.0000 =    -14621.356253
Energy at 1.0000 =    -14621.356253
 ------------------------------------------------------------------------------


| TI region  1


 NSTEP =      150   TIME(PS) =     330.300  TEMP(K) =   306.24  PRESS =     0.0
 Etot   =    -11792.2831  EKtot   =      2746.4321  EPtot      =    -14538.7151
 BOND   =        12.1631  ANGLE   =        27.0564  DIHED      =        40.0322
 1-4 NB =        12.9952  1-4 EEL =      -501.7845  VDWAALS    =      2107.6680
 EELEC  =    -16236.8456  EHBOND  =         0.0000  RESTRAINT  =         0.0000
 EKCMT  =         0.0000  VIRIAL  =         0.0000  VOLUME     =     45198.0415
                                                    Density    =         0.9958
 DV/DL  =      -207.5059
 ------------------------------------------------------------------------------

  Softcore part of the system:       2 atoms,       TEMP(K)    =         226.87
 SC_Etot=         3.1063  SC_EKtot=         1.3525  SC_EPtot   =         1.7538
 SC_BOND=         0.0122  SC_ANGLE=         1.6788  SC_DIHED   =         0.0628
 SC_14NB=         0.0000  SC_14EEL=         0.0000  SC_VDW     =         0.0000
 SC_EEL =         0.0000
 SC_RES_DIST=     0.0000  SC_RES_ANG=       0.0000  SC_RES_TORS=         0.0000
 SC_EEL_DER=      0.0000  SC_VDW_DER=      -0.9031  SC_DERIV   =        -0.9031
 ------------------------------------------------------------------------------


| TI region  2


 NSTEP =      150   TIME(PS) =     330.300  TEMP(K) =   306.29  PRESS =     0.0
 Etot   =    -11793.6355  EKtot   =      2745.0796  EPtot      =    -14538.7151
 BOND   =        12.1631  ANGLE   =        27.0564  DIHED      =        40.0322
 1-4 NB =        12.9952  1-4 EEL =      -501.7845  VDWAALS    =      2107.6680
 EELEC  =    -16236.8456  EHBOND  =         0.0000  RESTRAINT  =         0.0000
 EKCMT  =         0.0000  VIRIAL  =         0.0000  VOLUME     =     45198.0415
                                                    Density    =         0.9957
 DV/DL  =      -207.5059
 ------------------------------------------------------------------------------


MBAR Energy analysis:
Energy at 0.2000 =    -14435.311033
Energy at 0.2000 =    -14435.311033
Energy at 0.5000 =    -14493.353305
Energy at 0.5000 =    -14493.353305
Energy at 0.6000 =    -14512.428778
Energy at 0.6000 =    -14512.428778
Energy at 1.0000 =    -14588.287430
Energy at 1.0000 =    -14588.287430
 ------------------------------------------------------------------------------


| TI region  1


 NSTEP =      200   TIME(PS) =     330.400  TEMP(K) =   304.60  PRESS =     0.0
 Etot   =    -11780.6759  EKtot   =      2731.7529  EPtot      =    -14512.4288
 BOND   =        10.6273  ANGLE   =        32.0630  DIHED      =        39.1360
 1-4 NB =        13.9542  1-4 EEL =      -510.2422  VDWAALS    =      2152.2246
 EELEC  =    -16250.1917  EHBOND  =         0.0000  RESTRAINT  =         0.0000
 EKCMT  =         0.0000  VIRIAL  =         0.0000  VOLUME     =     44923.6912
                                                    Density    =         1.0019
 DV/DL  =      -190.4078
 ------------------------------------------------------------------------------

  Softcore part of the system:       2 atoms,       TEMP(K)    =         119.84
 SC_Etot=         4.0995  SC_EKtot=         0.7144  SC_EPtot   =         3.3851
 SC_BOND=         0.7599  SC_ANGLE=         2.4170  SC_DIHED   =         0.2081
 SC_14NB=         0.0000  SC_14EEL=         0.0000  SC_VDW     =         0.0000
 SC_EEL =         0.0000
 SC_RES_DIST=     0.0000  SC_RES_ANG=       0.0000  SC_RES_TORS=         0.0000
 SC_EEL_DER=      0.0000  SC_VDW_DER=      -0.7612  SC_DERIV   =        -0.7612
 ------------------------------------------------------------------------------


| TI region  2


 NSTEP =      200   TIME(PS) =     330.400  TEMP(K) =   304.73  PRESS =     0.0
 Etot   =    -11781.3903  EKtot   =      2731.0385  EPtot      =    -14512.4288
 BOND   =        10.6273  ANGLE   =        32.0630  DIHED      =        39.1360
 1-4 NB =        13.9542  1-4 EEL =      -510.2422  VDWAALS    =      2152.2246
 EELEC  =    -16250.1917  EHBOND  =         0.0000  RESTRAINT  =         0.0000
 EKCMT  =         0.0000  VIRIAL  =         0.0000  VOLUME     =     44923.6912
                                                    Density    =         1.0018
 DV/DL  =      -190.4078
 ------------------------------------------------------------------------------


MBAR Energy analysis:
Energy at 0.2000 =    -14429.866672
Energy at 0.2000 =    -14429.866672
Energy at 0.5000 =    -14487.977360
Energy at 0.5000 =    -14487.977360
Energy at 0.6000 =    -14506.815168
Energy at 0.6000 =    -14506.815168
Energy at 1.0000 =    -14581.421287
Energy at 1.0000 =    -14581.421287
 ------------------------------------------------------------------------------


| TI region  1


 NSTEP =      250   TIME(PS) =     330.500  TEMP(K) =   302.58  PRESS =     0.0
 Etot   =    -11793.2504  EKtot   =      2713.5647  EPtot      =    -14506.8152
 BOND   =        11.1048  ANGLE   =        26.2427  DIHED      =        38.8644
 1-4 NB =        16.2259  1-4 EEL =      -513.2526  VDWAALS    =      2171.1322
 EELEC  =    -16257.1326  EHBOND  =         0.0000  RESTRAINT  =         0.0000
 EKCMT  =         0.0000  VIRIAL  =         0.0000  VOLUME     =     44923.6912
                                                    Density    =         1.0019
 DV/DL  =      -187.7708
 ------------------------------------------------------------------------------

  Softcore part of the system:       2 atoms,       TEMP(K)    =         156.30
 SC_Etot=         3.5344  SC_EKtot=         0.9318  SC_EPtot   =         2.6026
 SC_BOND=         1.0927  SC_ANGLE=         1.2602  SC_DIHED   =         0.2496
 SC_14NB=         0.0000  SC_14EEL=         0.0000  SC_VDW     =         0.0000
 SC_EEL =         0.0000
 SC_RES_DIST=     0.0000  SC_RES_ANG=       0.0000  SC_RES_TORS=         0.0000
 SC_EEL_DER=      0.0000  SC_VDW_DER=      -1.2555  SC_DERIV   =        -1.2555
 ------------------------------------------------------------------------------


| TI region  2


 NSTEP =      250   TIME(PS) =     330.500  TEMP(K) =   302.67  PRESS =     0.0
 Etot   =    -11794.1822  EKtot   =      2712.6329  EPtot      =    -14506.8152
 BOND   =        11.1048  ANGLE   =        26.2427  DIHED      =        38.8644
 1-4 NB =        16.2259  1-4 EEL =      -513.2526  VDWAALS    =      2171.1322
 EELEC  =    -16257.1326  EHBOND  =         0.0000  RESTRAINT  =         0.0000
 EKCMT  =         0.0000  VIRIAL  =         0.0000  VOLUME     =     44923.6912
                                                    Density    =         1.0018
 DV/DL  =      -187.7708
 ------------------------------------------------------------------------------


MBAR Energy analysis:
Energy at 0.2000 =    -14424.484605
Energy at 0.2000 =    -14424.484605
Energy at 0.5000 =    -14480.245759
Energy at 0.5000 =    -14480.245759
Energy at 0.6000 =    -14498.634083
Energy at 0.6000 =    -14498.634083
Energy at 1.0000 =    -14571.881438
Energy at 1.0000 =    -14571.881438
 ------------------------------------------------------------------------------


| TI region  1


 NSTEP =      300   TIME(PS) =     330.600  TEMP(K) =   295.77  PRESS =     0.0
 Etot   =    -11846.1265  EKtot   =      2652.5076  EPtot      =    -14498.6341
 BOND   =        15.3652  ANGLE   =        31.9684  DIHED      =        40.6604
 1-4 NB =        14.4643  1-4 EEL =      -511.0801  VDWAALS    =      2159.2717
 EELEC  =    -16249.2839  EHBOND  =         0.0000  RESTRAINT  =         0.0000
 EKCMT  =         0.0000  VIRIAL  =         0.0000  VOLUME     =     44923.6912
                                                    Density    =         1.0019
 DV/DL  =      -183.6407
 ------------------------------------------------------------------------------

  Softcore part of the system:       2 atoms,       TEMP(K)    =         326.84
 SC_Etot=         3.6137  SC_EKtot=         1.9485  SC_EPtot   =         1.6652
 SC_BOND=         0.5822  SC_ANGLE=         0.4532  SC_DIHED   =         0.6298
 SC_14NB=         0.0000  SC_14EEL=         0.0000  SC_VDW     =         0.0000
 SC_EEL =         0.0000
 SC_RES_DIST=     0.0000  SC_RES_ANG=       0.0000  SC_RES_TORS=         0.0000
 SC_EEL_DER=      0.0000  SC_VDW_DER=      -0.5223  SC_DERIV   =        -0.5223
 ------------------------------------------------------------------------------


| TI region  2


 NSTEP =      300   TIME(PS) =     330.600  TEMP(K) =   295.75  PRESS =     0.0
 Etot   =    -11848.0749  EKtot   =      2650.5591  EPtot      =    -14498.6341
 BOND   =        15.3652  ANGLE   =        31.9684  DIHED      =        40.6604
 1-4 NB =        14.4643  1-4 EEL =      -511.0801  VDWAALS    =      2159.2717
 EELEC  =    -16249.2839  EHBOND  =         0.0000  RESTRAINT  =         0.0000
 EKCMT  =         0.0000  VIRIAL  =         0.0000  VOLUME     =     44923.6912
                                                    Density    =         1.0018
 DV/DL  =      -183.6407
 ------------------------------------------------------------------------------


MBAR Energy analysis:
Energy at 0.2000 =    -14468.856376
Energy at 0.2000 =    -14468.856376
Energy at 0.5000 =    -14526.985198
Energy at 0.5000 =    -14526.985198
Energy at 0.6000 =    -14545.880221
Energy at 0.6000 =    -14545.880221
Energy at 1.0000 =    -14620.828078
Energy at 1.0000 =    -14620.828078
 ------------------------------------------------------------------------------


| TI region  1


 NSTEP =      350   TIME(PS) =     330.700  TEMP(K) =   305.17  PRESS =     0.0
 Etot   =    -11809.0464  EKtot   =      2736.8338  EPtot      =    -14545.8802
 BOND   =        15.1550  ANGLE   =        29.2485  DIHED      =        39.7537
 1-4 NB =        14.5166  1-4 EEL =      -512.7418  VDWAALS    =      2120.5317
 EELEC  =    -16252.3440  EHBOND  =         0.0000  RESTRAINT  =         0.0000
 EKCMT  =         0.0000  VIRIAL  =         0.0000  VOLUME     =     44923.6912
                                                    Density    =         1.0019
 DV/DL  =      -188.4278
 ------------------------------------------------------------------------------

  Softcore part of the system:       2 atoms,       TEMP(K)    =         759.25
 SC_Etot=         6.2497  SC_EKtot=         4.5263  SC_EPtot   =         1.7233
 SC_BOND=         0.1339  SC_ANGLE=         1.4641  SC_DIHED   =         0.1254
 SC_14NB=         0.0000  SC_14EEL=         0.0000  SC_VDW     =         0.0000
 SC_EEL =         0.0000
 SC_RES_DIST=     0.0000  SC_RES_ANG=       0.0000  SC_RES_TORS=         0.0000
 SC_EEL_DER=      0.0000  SC_VDW_DER=      -1.0581  SC_DERIV   =        -1.0581
 ------------------------------------------------------------------------------


| TI region  2


 NSTEP =      350   TIME(PS) =     330.700  TEMP(K) =   304.87  PRESS =     0.0
 Etot   =    -11813.5728  EKtot   =      2732.3075  EPtot      =    -14545.8802
 BOND   =        15.1550  ANGLE   =        29.2485  DIHED      =        39.7537
 1-4 NB =        14.5166  1-4 EEL =      -512.7418  VDWAALS    =      2120.5317
 EELEC  =    -16252.3440  EHBOND  =         0.0000  RESTRAINT  =         0.0000
 EKCMT  =         0.0000  VIRIAL  =         0.0000  VOLUME     =     44923.6912
                                                    Density    =         1.0018
 DV/DL  =      -188.4278
 ------------------------------------------------------------------------------


MBAR Energy analysis:
Energy at 0.2000 =    -14532.038767
Energy at 0.2000 =    -14532.038767
Energy at 0.5000 =    -14588.522751
Energy at 0.5000 =    -14588.522751
Energy at 0.6000 =    -14607.079676
Energy at 0.6000 =    -14607.079676
Energy at 1.0000 =    -14680.939728
Energy at 1.0000 =    -14680.939728
 ------------------------------------------------------------------------------


| TI region  1


 NSTEP =      400   TIME(PS) =     330.800  TEMP(K) =   310.96  PRESS =     0.0
 Etot   =    -11818.3217  EKtot   =      2788.7580  EPtot      =    -14607.0797
 BOND   =        11.5009  ANGLE   =        33.9108  DIHED      =        37.2075
 1-4 NB =        14.2261  1-4 EEL =      -512.1347  VDWAALS    =      2068.4890
 EELEC  =    -16260.2793  EHBOND  =         0.0000  RESTRAINT  =         0.0000
 EKCMT  =         0.0000  VIRIAL  =         0.0000  VOLUME     =     44923.6912
                                                    Density    =         1.0019
 DV/DL  =      -185.2676
 ------------------------------------------------------------------------------

  Softcore part of the system:       2 atoms,       TEMP(K)    =         284.88
 SC_Etot=         3.3454  SC_EKtot=         1.6983  SC_EPtot   =         1.6471
 SC_BOND=         0.0271  SC_ANGLE=         1.0692  SC_DIHED   =         0.5508
 SC_14NB=         0.0000  SC_14EEL=         0.0000  SC_VDW     =         0.0000
 SC_EEL =         0.0000
 SC_RES_DIST=     0.0000  SC_RES_ANG=       0.0000  SC_RES_TORS=         0.0000
 SC_EEL_DER=      0.0000  SC_VDW_DER=      -0.6175  SC_DERIV   =        -0.6175
 ------------------------------------------------------------------------------


| TI region  2


 NSTEP =      400   TIME(PS) =     330.800  TEMP(K) =   310.98  PRESS =     0.0
 Etot   =    -11820.0200  EKtot   =      2787.0597  EPtot      =    -14607.0797
 BOND   =        11.5009  ANGLE   =        33.9108  DIHED      =        37.2075
 1-4 NB =        14.2261  1-4 EEL =      -512.1347  VDWAALS    =      2068.4890
 EELEC  =    -16260.2793  EHBOND  =         0.0000  RESTRAINT  =         0.0000
 EKCMT  =         0.0000  VIRIAL  =         0.0000  VOLUME     =     44923.6912
                                                    Density    =         1.0018
 DV/DL  =      -185.2676
 ------------------------------------------------------------------------------


MBAR Energy analysis:
Energy at 0.2000 =    -14444.641881
Energy at 0.2000 =    -14444.641881
Energy at 0.5000 =    -14504.043619
Energy at 0.5000 =    -14504.043619
Energy at 0.6000 =    -14522.911520
Energy at 0.6000 =    -14522.911520
Energy at 1.0000 =    -14597.413398
Energy at 1.0000 =    -14597.413398
 ------------------------------------------------------------------------------


| TI region  1


 NSTEP =      450   TIME(PS) =     330.900  TEMP(K) =   302.18  PRESS =     0.0
 Etot   =    -11812.8721  EKtot   =      2710.0395  EPtot      =    -14522.9115
 BOND   =        10.0994  ANGLE   =        31.0500  DIHED      =        39.7358
 1-4 NB =        15.0635  1-4 EEL =      -502.4797  VDWAALS    =      2081.6798
 EELEC  =    -16198.0603  EHBOND  =         0.0000  RESTRAINT  =         0.0000
 EKCMT  =         0.0000  VIRIAL  =         0.0000  VOLUME     =     44923.6912
                                                    Density    =         1.0019
 DV/DL  =      -187.8293
 ------------------------------------------------------------------------------

  Softcore part of the system:       2 atoms,       TEMP(K)    =         161.27
 SC_Etot=         2.6530  SC_EKtot=         0.9614  SC_EPtot   =         1.6915
 SC_BOND=         0.1979  SC_ANGLE=         0.7950  SC_DIHED   =         0.6986
 SC_14NB=         0.0000  SC_14EEL=         0.0000  SC_VDW     =         0.0000
 SC_EEL =         0.0000
 SC_RES_DIST=     0.0000  SC_RES_ANG=       0.0000  SC_RES_TORS=         0.0000
 SC_EEL_DER=      0.0000  SC_VDW_DER=      -1.5746  SC_DERIV   =        -1.5746
 ------------------------------------------------------------------------------


| TI region  2


 NSTEP =      450   TIME(PS) =     330.900  TEMP(K) =   302.28  PRESS =     0.0
 Etot   =    -11813.8335  EKtot   =      2709.0780  EPtot      =    -14522.9115
 BOND   =        10.0994  ANGLE   =        31.0500  DIHED      =        39.7358
 1-4 NB =        15.0635  1-4 EEL =      -502.4797  VDWAALS    =      2081.6798
 EELEC  =    -16198.0603  EHBOND  =         0.0000  RESTRAINT  =         0.0000
 EKCMT  =         0.0000  VIRIAL  =         0.0000  VOLUME     =     44923.6912
                                                    Density    =         1.0018
 DV/DL  =      -187.8293
 ------------------------------------------------------------------------------


MBAR Energy analysis:
Energy at 0.2000 =    -14452.528781
Energy at 0.2000 =    -14452.528781
Energy at 0.5000 =    -14511.524880
Energy at 0.5000 =    -14511.524880
Energy at 0.6000 =    -14531.129923
Energy at 0.6000 =    -14531.129923
Energy at 1.0000 =    -14609.429305
Energy at 1.0000 =    -14609.429305
 ------------------------------------------------------------------------------


| TI region  1


 NSTEP =      500   TIME(PS) =     331.000  TEMP(K) =   299.05  PRESS =     0.0
 Etot   =    -11849.2095  EKtot   =      2681.9204  EPtot      =    -14531.1299
 BOND   =        12.5509  ANGLE   =        31.7427  DIHED      =        40.0344
 1-4 NB =        14.7779  1-4 EEL =      -505.2996  VDWAALS    =      2125.6180
 EELEC  =    -16250.5543  EHBOND  =         0.0000  RESTRAINT  =         0.0000
 EKCMT  =         0.0000  VIRIAL  =         0.0000  VOLUME     =     44924.4454
                                                    Density    =         1.0019
 DV/DL  =      -195.9611
 ------------------------------------------------------------------------------

  Softcore part of the system:       2 atoms,       TEMP(K)    =         323.60
 SC_Etot=         4.3029  SC_EKtot=         1.9292  SC_EPtot   =         2.3737
 SC_BOND=         0.4850  SC_ANGLE=         1.3860  SC_DIHED   =         0.5027
 SC_14NB=         0.0000  SC_14EEL=         0.0000  SC_VDW     =         0.0000
 SC_EEL =         0.0000
 SC_RES_DIST=     0.0000  SC_RES_ANG=       0.0000  SC_RES_TORS=         0.0000
 SC_EEL_DER=      0.0000  SC_VDW_DER=      -0.2127  SC_DERIV   =        -0.2127
 ------------------------------------------------------------------------------


| TI region  2


 NSTEP =      500   TIME(PS) =     331.000  TEMP(K) =   299.03  PRESS =     0.0
 Etot   =    -11851.1387  EKtot   =      2679.9912  EPtot      =    -14531.1299
 BOND   =        12.5509  ANGLE   =        31.7427  DIHED      =        40.0344
 1-4 NB =        14.7779  1-4 EEL =      -505.2996  VDWAALS    =      2125.6180
 EELEC  =    -16250.5543  EHBOND  =         0.0000  RESTRAINT  =         0.0000
 EKCMT  =         0.0000  VIRIAL  =         0.0000  VOLUME     =     44924.4454
                                                    Density    =         1.0018
 DV/DL  =      -195.9611
 ------------------------------------------------------------------------------


MBAR Energy analysis:
Energy at 0.2000 =    -14437.335007
Energy at 0.2000 =    -14437.335007
Energy at 0.5000 =    -14494.314074
Energy at 0.5000 =    -14494.314074
Energy at 0.6000 =    -14512.673224
Energy at 0.6000 =    -14512.673224
Energy at 1.0000 =    -14585.508429
Energy at 1.0000 =    -14585.508429
 ------------------------------------------------------------------------------


| TI region  1


 NSTEP =      550   TIME(PS) =     331.100  TEMP(K) =   301.49  PRESS =     0.0
 Etot   =    -11808.8161  EKtot   =      2703.8572  EPtot      =    -14512.6732
 BOND   =        11.4118  ANGLE   =        30.0023  DIHED      =        38.4067
 1-4 NB =        13.9848  1-4 EEL =      -506.3993  VDWAALS    =      2089.7987
 EELEC  =    -16189.8784  EHBOND  =         0.0000  RESTRAINT  =         0.0000
 EKCMT  =         0.0000  VIRIAL  =         0.0000  VOLUME     =     44924.4454
                                                    Density    =         1.0019
 DV/DL  =      -183.0536
 ------------------------------------------------------------------------------

  Softcore part of the system:       2 atoms,       TEMP(K)    =          81.24
 SC_Etot=         1.0315  SC_EKtot=         0.4843  SC_EPtot   =         0.5472
 SC_BOND=         0.1587  SC_ANGLE=         0.3111  SC_DIHED   =         0.0774
 SC_14NB=         0.0000  SC_14EEL=         0.0000  SC_VDW     =         0.0000
 SC_EEL =         0.0000
 SC_RES_DIST=     0.0000  SC_RES_ANG=       0.0000  SC_RES_TORS=         0.0000
 SC_EEL_DER=      0.0000  SC_VDW_DER=      -0.9656  SC_DERIV   =        -0.9656
 ------------------------------------------------------------------------------


| TI region  2


 NSTEP =      550   TIME(PS) =     331.100  TEMP(K) =   301.64  PRESS =     0.0
 Etot   =    -11809.3004  EKtot   =      2703.3728  EPtot      =    -14512.6732
 BOND   =        11.4118  ANGLE   =        30.0023  DIHED      =        38.4067
 1-4 NB =        13.9848  1-4 EEL =      -506.3993  VDWAALS    =      2089.7987
 EELEC  =    -16189.8784  EHBOND  =         0.0000  RESTRAINT  =         0.0000
 EKCMT  =         0.0000  VIRIAL  =         0.0000  VOLUME     =     44924.4454
                                                    Density    =         1.0018
 DV/DL  =      -183.0536
 ------------------------------------------------------------------------------


MBAR Energy analysis:
Energy at 0.2000 =    -14421.488888
Energy at 0.2000 =    -14421.488888
Energy at 0.5000 =    -14479.536810
Energy at 0.5000 =    -14479.536810
Energy at 0.6000 =    -14498.647718
Energy at 0.6000 =    -14498.647718
Energy at 1.0000 =    -14574.718159
Energy at 1.0000 =    -14574.718159
 ------------------------------------------------------------------------------


| TI region  1


 NSTEP =      600   TIME(PS) =     331.200  TEMP(K) =   302.07  PRESS =     0.0
 Etot   =    -11789.6476  EKtot   =      2709.0001  EPtot      =    -14498.6477
 BOND   =         8.7472  ANGLE   =        36.7833  DIHED      =        36.8750
 1-4 NB =        15.2895  1-4 EEL =      -508.7613  VDWAALS    =      2074.7199
 EELEC  =    -16162.3013  EHBOND  =         0.0000  RESTRAINT  =         0.0000
 EKCMT  =         0.0000  VIRIAL  =         0.0000  VOLUME     =     45161.6765
                                                    Density    =         0.9966
 DV/DL  =      -190.8131
 ------------------------------------------------------------------------------

  Softcore part of the system:       2 atoms,       TEMP(K)    =         248.05
 SC_Etot=         3.0178  SC_EKtot=         1.4788  SC_EPtot   =         1.5391
 SC_BOND=         0.3848  SC_ANGLE=         1.1382  SC_DIHED   =         0.0160
 SC_14NB=         0.0000  SC_14EEL=         0.0000  SC_VDW     =         0.0000
 SC_EEL =         0.0000
 SC_RES_DIST=     0.0000  SC_RES_ANG=       0.0000  SC_RES_TORS=         0.0000
 SC_EEL_DER=      0.0000  SC_VDW_DER=      -0.6370  SC_DERIV   =        -0.6370
 ------------------------------------------------------------------------------


| TI region  2


 NSTEP =      600   TIME(PS) =     331.200  TEMP(K) =   302.10  PRESS =     0.0
 Etot   =    -11791.1264  EKtot   =      2707.5213  EPtot      =    -14498.6477
 BOND   =         8.7472  ANGLE   =        36.7833  DIHED      =        36.8750
 1-4 NB =        15.2895  1-4 EEL =      -508.7613  VDWAALS    =      2074.7199
 EELEC  =    -16162.3013  EHBOND  =         0.0000  RESTRAINT  =         0.0000
 EKCMT  =         0.0000  VIRIAL  =         0.0000  VOLUME     =     45161.6765
                                                    Density    =         0.9965
 DV/DL  =      -190.8131
 ------------------------------------------------------------------------------


MBAR Energy analysis:
Energy at 0.2000 =    -14394.808825
Energy at 0.2000 =    -14394.808825
Energy at 0.5000 =    -14452.243437
Energy at 0.5000 =    -14452.243437
Energy at 0.6000 =    -14470.970558
Energy at 0.6000 =    -14470.970558
Energy at 1.0000 =    -14545.273141
Energy at 1.0000 =    -14545.273141
 ------------------------------------------------------------------------------


| TI region  1


 NSTEP =      650   TIME(PS) =     331.300  TEMP(K) =   293.77  PRESS =     0.0
 Etot   =    -11836.3777  EKtot   =      2634.5928  EPtot      =    -14470.9706
 BOND   =        11.0686  ANGLE   =        33.0541  DIHED      =        38.3239
 1-4 NB =        15.7451  1-4 EEL =      -513.4820  VDWAALS    =      2040.4804
 EELEC  =    -16096.1606  EHBOND  =         0.0000  RESTRAINT  =         0.0000
 EKCMT  =         0.0000  VIRIAL  =         0.0000  VOLUME     =     45161.6765
                                                    Density    =         0.9966
 DV/DL  =      -186.7821
 ------------------------------------------------------------------------------

  Softcore part of the system:       2 atoms,       TEMP(K)    =         314.86
 SC_Etot=         3.3470  SC_EKtot=         1.8771  SC_EPtot   =         1.4699
 SC_BOND=         0.1305  SC_ANGLE=         1.0864  SC_DIHED   =         0.2530
 SC_14NB=         0.0000  SC_14EEL=         0.0000  SC_VDW     =         0.0000
 SC_EEL =         0.0000
 SC_RES_DIST=     0.0000  SC_RES_ANG=       0.0000  SC_RES_TORS=         0.0000
 SC_EEL_DER=      0.0000  SC_VDW_DER=      -1.0257  SC_DERIV   =        -1.0257
 ------------------------------------------------------------------------------


| TI region  2


 NSTEP =      650   TIME(PS) =     331.300  TEMP(K) =   293.76  PRESS =     0.0
 Etot   =    -11838.2548  EKtot   =      2632.7158  EPtot      =    -14470.9706
 BOND   =        11.0686  ANGLE   =        33.0541  DIHED      =        38.3239
 1-4 NB =        15.7451  1-4 EEL =      -513.4820  VDWAALS    =      2040.4804
 EELEC  =    -16096.1606  EHBOND  =         0.0000  RESTRAINT  =         0.0000
 EKCMT  =         0.0000  VIRIAL  =         0.0000  VOLUME     =     45161.6765
                                                    Density    =         0.9965
 DV/DL  =      -186.7821
 ------------------------------------------------------------------------------


MBAR Energy analysis:
Energy at 0.2000 =    -14467.586676
Energy at 0.2000 =    -14467.586676
Energy at 0.5000 =    -14528.570174
Energy at 0.5000 =    -14528.570174
Energy at 0.6000 =    -14548.617601
Energy at 0.6000 =    -14548.617601
Energy at 1.0000 =    -14628.342028
Energy at 1.0000 =    -14628.342028
 ------------------------------------------------------------------------------


| TI region  1


 NSTEP =      700   TIME(PS) =     331.400  TEMP(K) =   296.53  PRESS =     0.0
 Etot   =    -11889.3068  EKtot   =      2659.3108  EPtot      =    -14548.6176
 BOND   =        15.7816  ANGLE   =        40.1916  DIHED      =        33.0548
 1-4 NB =        16.2894  1-4 EEL =      -515.0686  VDWAALS    =      2112.3645
 EELEC  =    -16251.2308  EHBOND  =         0.0000  RESTRAINT  =         0.0000
 EKCMT  =         0.0000  VIRIAL  =         0.0000  VOLUME     =     45278.3956
                                                    Density    =         0.9940
 DV/DL  =      -200.1119
 ------------------------------------------------------------------------------

  Softcore part of the system:       2 atoms,       TEMP(K)    =         565.89
 SC_Etot=         4.5595  SC_EKtot=         3.3736  SC_EPtot   =         1.1859
 SC_BOND=         0.0113  SC_ANGLE=         0.9501  SC_DIHED   =         0.2245
 SC_14NB=         0.0000  SC_14EEL=         0.0000  SC_VDW     =         0.0000
 SC_EEL =         0.0000
 SC_RES_DIST=     0.0000  SC_RES_ANG=       0.0000  SC_RES_TORS=         0.0000
 SC_EEL_DER=      0.0000  SC_VDW_DER=      -0.8009  SC_DERIV   =        -0.8009
 ------------------------------------------------------------------------------


| TI region  2


 NSTEP =      700   TIME(PS) =     331.400  TEMP(K) =   296.35  PRESS =     0.0
 Etot   =    -11892.6804  EKtot   =      2655.9372  EPtot      =    -14548.6176
 BOND   =        15.7816  ANGLE   =        40.1916  DIHED      =        33.0548
 1-4 NB =        16.2894  1-4 EEL =      -515.0686  VDWAALS    =      2112.3645
 EELEC  =    -16251.2308  EHBOND  =         0.0000  RESTRAINT  =         0.0000
 EKCMT  =         0.0000  VIRIAL  =         0.0000  VOLUME     =     45278.3956
                                                    Density    =         0.9940
 DV/DL  =      -200.1119
 ------------------------------------------------------------------------------


MBAR Energy analysis:
Energy at 0.2000 =    -14438.845183
Energy at 0.2000 =    -14438.845183
Energy at 0.5000 =    -14501.438549
Energy at 0.5000 =    -14501.438549
Energy at 0.6000 =    -14521.462307
Energy at 0.6000 =    -14521.462307
Energy at 1.0000 =    -14600.656192
Energy at 1.0000 =    -14600.656192
 ------------------------------------------------------------------------------


| TI region  1


 NSTEP =      750   TIME(PS) =     331.500  TEMP(K) =   304.70  PRESS =     0.0
 Etot   =    -11788.8502  EKtot   =      2732.6121  EPtot      =    -14521.4623
 BOND   =         8.3173  ANGLE   =        36.1654  DIHED      =        36.7110
 1-4 NB =        15.4951  1-4 EEL =      -515.4467  VDWAALS    =      2105.1201
 EELEC  =    -16207.8246  EHBOND  =         0.0000  RESTRAINT  =         0.0000
 EKCMT  =         0.0000  VIRIAL  =         0.0000  VOLUME     =     45278.3956
                                                    Density    =         0.9940
 DV/DL  =      -199.4545
 ------------------------------------------------------------------------------

  Softcore part of the system:       2 atoms,       TEMP(K)    =         287.61
 SC_Etot=         3.8584  SC_EKtot=         1.7146  SC_EPtot   =         2.1438
 SC_BOND=         0.8735  SC_ANGLE=         1.2465  SC_DIHED   =         0.0238
 SC_14NB=         0.0000  SC_14EEL=         0.0000  SC_VDW     =         0.0000
 SC_EEL =         0.0000
 SC_RES_DIST=     0.0000  SC_RES_ANG=       0.0000  SC_RES_TORS=         0.0000
 SC_EEL_DER=      0.0000  SC_VDW_DER=      -1.4698  SC_DERIV   =        -1.4698
 ------------------------------------------------------------------------------


| TI region  2


 NSTEP =      750   TIME(PS) =     331.500  TEMP(K) =   304.71  PRESS =     0.0
 Etot   =    -11790.5648  EKtot   =      2730.8975  EPtot      =    -14521.4623
 BOND   =         8.3173  ANGLE   =        36.1654  DIHED      =        36.7110
 1-4 NB =        15.4951  1-4 EEL =      -515.4467  VDWAALS    =      2105.1201
 EELEC  =    -16207.8246  EHBOND  =         0.0000  RESTRAINT  =         0.0000
 EKCMT  =         0.0000  VIRIAL  =         0.0000  VOLUME     =     45278.3956
                                                    Density    =         0.9940
 DV/DL  =      -199.4545
 ------------------------------------------------------------------------------


MBAR Energy analysis:
Energy at 0.2000 =    -14388.256400
Energy at 0.2000 =    -14388.256400
Energy at 0.5000 =    -14454.585513
Energy at 0.5000 =    -14454.585513
Energy at 0.6000 =    -14475.145856
Energy at 0.6000 =    -14475.145856
Energy at 1.0000 =    -14556.087370
Energy at 1.0000 =    -14556.087370
 ------------------------------------------------------------------------------


| TI region  1


 NSTEP =      800   TIME(PS) =     331.600  TEMP(K) =   300.81  PRESS =     0.0
 Etot   =    -11777.4147  EKtot   =      2697.7311  EPtot      =    -14475.1459
 BOND   =        11.4409  ANGLE   =        33.8898  DIHED      =        34.9321
 1-4 NB =        17.9492  1-4 EEL =      -508.8185  VDWAALS    =      2113.3882
 EELEC  =    -16177.9274  EHBOND  =         0.0000  RESTRAINT  =         0.0000
 EKCMT  =         0.0000  VIRIAL  =         0.0000  VOLUME     =     45278.3956
                                                    Density    =         0.9940
 DV/DL  =      -204.4203
 ------------------------------------------------------------------------------

  Softcore part of the system:       2 atoms,       TEMP(K)    =         446.96
 SC_Etot=         4.9293  SC_EKtot=         2.6646  SC_EPtot   =         2.2647
 SC_BOND=         1.3095  SC_ANGLE=         0.8226  SC_DIHED   =         0.1326
 SC_14NB=         0.0000  SC_14EEL=         0.0000  SC_VDW     =         0.0000
 SC_EEL =         0.0000
 SC_RES_DIST=     0.0000  SC_RES_ANG=       0.0000  SC_RES_TORS=         0.0000
 SC_EEL_DER=      0.0000  SC_VDW_DER=      -2.0665  SC_DERIV   =        -2.0665
 ------------------------------------------------------------------------------


| TI region  2


 NSTEP =      800   TIME(PS) =     331.600  TEMP(K) =   300.71  PRESS =     0.0
 Etot   =    -11780.0793  EKtot   =      2695.0665  EPtot      =    -14475.1459
 BOND   =        11.4409  ANGLE   =        33.8898  DIHED      =        34.9321
 1-4 NB =        17.9492  1-4 EEL =      -508.8185  VDWAALS    =      2113.3882
 EELEC  =    -16177.9274  EHBOND  =         0.0000  RESTRAINT  =         0.0000
 EKCMT  =         0.0000  VIRIAL  =         0.0000  VOLUME     =     45278.3956
                                                    Density    =         0.9940
 DV/DL  =      -204.4203
 ------------------------------------------------------------------------------


MBAR Energy analysis:
Energy at 0.2000 =    -14326.484022
Energy at 0.2000 =    -14326.484022
Energy at 0.5000 =    -14387.850040
Energy at 0.5000 =    -14387.850040
Energy at 0.6000 =    -14407.315550
Energy at 0.6000 =    -14407.315550
Energy at 1.0000 =    -14484.141533
Energy at 1.0000 =    -14484.141533
 ------------------------------------------------------------------------------


| TI region  1


 NSTEP =      850   TIME(PS) =     331.700  TEMP(K) =   299.10  PRESS =     0.0
 Etot   =    -11724.9285  EKtot   =      2682.3870  EPtot      =    -14407.3156
 BOND   =        11.1539  ANGLE   =        35.1926  DIHED      =        37.2624
 1-4 NB =        14.8275  1-4 EEL =      -506.1261  VDWAALS    =      2118.7837
 EELEC  =    -16118.4095  EHBOND  =         0.0000  RESTRAINT  =         0.0000
 EKCMT  =         0.0000  VIRIAL  =         0.0000  VOLUME     =     45278.3956
                                                    Density    =         0.9940
 DV/DL  =      -193.7519
 ------------------------------------------------------------------------------

  Softcore part of the system:       2 atoms,       TEMP(K)    =         183.23
 SC_Etot=         4.3873  SC_EKtot=         1.0923  SC_EPtot   =         3.2949
 SC_BOND=         1.1623  SC_ANGLE=         1.9500  SC_DIHED   =         0.1827
 SC_14NB=         0.0000  SC_14EEL=         0.0000  SC_VDW     =         0.0000
 SC_EEL =         0.0000
 SC_RES_DIST=     0.0000  SC_RES_ANG=       0.0000  SC_RES_TORS=         0.0000
 SC_EEL_DER=      0.0000  SC_VDW_DER=      -1.6870  SC_DERIV   =        -1.6870
 ------------------------------------------------------------------------------


| TI region  2


 NSTEP =      850   TIME(PS) =     331.700  TEMP(K) =   299.18  PRESS =     0.0
 Etot   =    -11726.0209  EKtot   =      2681.2947  EPtot      =    -14407.3156
 BOND   =        11.1539  ANGLE   =        35.1926  DIHED      =        37.2624
 1-4 NB =        14.8275  1-4 EEL =      -506.1261  VDWAALS    =      2118.7837
 EELEC  =    -16118.4095  EHBOND  =         0.0000  RESTRAINT  =         0.0000
 EKCMT  =         0.0000  VIRIAL  =         0.0000  VOLUME     =     45278.3956
                                                    Density    =         0.9940
 DV/DL  =      -193.7519
 ------------------------------------------------------------------------------


MBAR Energy analysis:
Energy at 0.2000 =    -14331.339789
Energy at 0.2000 =    -14331.339789
Energy at 0.5000 =    -14391.945473
Energy at 0.5000 =    -14391.945473
Energy at 0.6000 =    -14411.444426
Energy at 0.6000 =    -14411.444426
Energy at 1.0000 =    -14488.707132
Energy at 1.0000 =    -14488.707132
 ------------------------------------------------------------------------------


| TI region  1


 NSTEP =      900   TIME(PS) =     331.800  TEMP(K) =   306.71  PRESS =     0.0
 Etot   =    -11660.8411  EKtot   =      2750.6033  EPtot      =    -14411.4444
 BOND   =        17.5621  ANGLE   =        35.3358  DIHED      =        36.0055
 1-4 NB =        16.8434  1-4 EEL =      -512.2541  VDWAALS    =      1967.2449
 EELEC  =    -15972.1821  EHBOND  =         0.0000  RESTRAINT  =         0.0000
 EKCMT  =         0.0000  VIRIAL  =         0.0000  VOLUME     =     45547.4741
                                                    Density    =         0.9882
 DV/DL  =      -194.3513
 ------------------------------------------------------------------------------

  Softcore part of the system:       2 atoms,       TEMP(K)    =         484.01
 SC_Etot=         5.1717  SC_EKtot=         2.8855  SC_EPtot   =         2.2862
 SC_BOND=         1.0387  SC_ANGLE=         1.2290  SC_DIHED   =         0.0185
 SC_14NB=         0.0000  SC_14EEL=         0.0000  SC_VDW     =         0.0000
 SC_EEL =         0.0000
 SC_RES_DIST=     0.0000  SC_RES_ANG=       0.0000  SC_RES_TORS=         0.0000
 SC_EEL_DER=      0.0000  SC_VDW_DER=      -1.1945  SC_DERIV   =        -1.1945
 ------------------------------------------------------------------------------


| TI region  2


 NSTEP =      900   TIME(PS) =     331.800  TEMP(K) =   306.59  PRESS =     0.0
 Etot   =    -11663.7266  EKtot   =      2747.7178  EPtot      =    -14411.4444
 BOND   =        17.5621  ANGLE   =        35.3358  DIHED      =        36.0055
 1-4 NB =        16.8434  1-4 EEL =      -512.2541  VDWAALS    =      1967.2449
 EELEC  =    -15972.1821  EHBOND  =         0.0000  RESTRAINT  =         0.0000
 EKCMT  =         0.0000  VIRIAL  =         0.0000  VOLUME     =     45547.4741
                                                    Density    =         0.9881
 DV/DL  =      -194.3513
 ------------------------------------------------------------------------------


MBAR Energy analysis:
Energy at 0.2000 =    -14322.507684
Energy at 0.2000 =    -14322.507684
Energy at 0.5000 =    -14379.995118
Energy at 0.5000 =    -14379.995118
Energy at 0.6000 =    -14398.956819
Energy at 0.6000 =    -14398.956819
Energy at 1.0000 =    -14474.476529
Energy at 1.0000 =    -14474.476529
 ------------------------------------------------------------------------------


| TI region  1


 NSTEP =      950   TIME(PS) =     331.900  TEMP(K) =   300.95  PRESS =     0.0
 Etot   =    -11699.9388  EKtot   =      2699.0180  EPtot      =    -14398.9568
 BOND   =         9.8485  ANGLE   =        39.9542  DIHED      =        40.5935
 1-4 NB =        16.2653  1-4 EEL =      -517.9861  VDWAALS    =      2037.5886
 EELEC  =    -16025.2207  EHBOND  =         0.0000  RESTRAINT  =         0.0000
 EKCMT  =         0.0000  VIRIAL  =         0.0000  VOLUME     =     45547.4741
                                                    Density    =         0.9882
 DV/DL  =      -189.3604
 ------------------------------------------------------------------------------

  Softcore part of the system:       2 atoms,       TEMP(K)    =         395.68
 SC_Etot=         4.7679  SC_EKtot=         2.3589  SC_EPtot   =         2.4090
 SC_BOND=         1.6045  SC_ANGLE=         0.5420  SC_DIHED   =         0.2625
 SC_14NB=         0.0000  SC_14EEL=         0.0000  SC_VDW     =         0.0000
 SC_EEL =         0.0000
 SC_RES_DIST=     0.0000  SC_RES_ANG=       0.0000  SC_RES_TORS=         0.0000
 SC_EEL_DER=      0.0000  SC_VDW_DER=      -0.5611  SC_DERIV   =        -0.5611
 ------------------------------------------------------------------------------


| TI region  2


 NSTEP =      950   TIME(PS) =     331.900  TEMP(K) =   300.89  PRESS =     0.0
 Etot   =    -11702.2977  EKtot   =      2696.6592  EPtot      =    -14398.9568
 BOND   =         9.8485  ANGLE   =        39.9542  DIHED      =        40.5935
 1-4 NB =        16.2653  1-4 EEL =      -517.9861  VDWAALS    =      2037.5886
 EELEC  =    -16025.2207  EHBOND  =         0.0000  RESTRAINT  =         0.0000
 EKCMT  =         0.0000  VIRIAL  =         0.0000  VOLUME     =     45547.4741
                                                    Density    =         0.9881
 DV/DL  =      -189.3604
 ------------------------------------------------------------------------------


MBAR Energy analysis:
Energy at 0.2000 =    -14391.445083
Energy at 0.2000 =    -14391.445083
Energy at 0.5000 =    -14450.351952
Energy at 0.5000 =    -14450.351952
Energy at 0.6000 =    -14469.918159
Energy at 0.6000 =    -14469.918159
Energy at 1.0000 =    -14548.060022
Energy at 1.0000 =    -14548.060022
 ------------------------------------------------------------------------------


| TI region  1


 NSTEP =     1000   TIME(PS) =     332.000  TEMP(K) =   308.68  PRESS =     0.0
 Etot   =    -11701.5815  EKtot   =      2768.3366  EPtot      =    -14469.9182
 BOND   =        18.2875  ANGLE   =        45.6850  DIHED      =        35.2315
 1-4 NB =        14.2141  1-4 EEL =      -518.3182  VDWAALS    =      2032.2967
 EELEC  =    -16097.3147  EHBOND  =         0.0000  RESTRAINT  =         0.0000
 EKCMT  =         0.0000  VIRIAL  =         0.0000  VOLUME     =     45424.1894
                                                    Density    =         0.9908
 DV/DL  =      -195.5674
 ------------------------------------------------------------------------------

  Softcore part of the system:       2 atoms,       TEMP(K)    =         199.59
 SC_Etot=         6.2872  SC_EKtot=         1.1898  SC_EPtot   =         5.0974
 SC_BOND=         0.7163  SC_ANGLE=         3.7538  SC_DIHED   =         0.6273
 SC_14NB=         0.0000  SC_14EEL=         0.0000  SC_VDW     =         0.0000
 SC_EEL =         0.0000
 SC_RES_DIST=     0.0000  SC_RES_ANG=       0.0000  SC_RES_TORS=         0.0000
 SC_EEL_DER=      0.0000  SC_VDW_DER=      -0.2128  SC_DERIV   =        -0.2128
 ------------------------------------------------------------------------------


| TI region  2


 NSTEP =     1000   TIME(PS) =     332.000  TEMP(K) =   308.76  PRESS =     0.0
 Etot   =    -11702.7714  EKtot   =      2767.1468  EPtot      =    -14469.9182
 BOND   =        18.2875  ANGLE   =        45.6850  DIHED      =        35.2315
 1-4 NB =        14.2141  1-4 EEL =      -518.3182  VDWAALS    =      2032.2967
 EELEC  =    -16097.3147  EHBOND  =         0.0000  RESTRAINT  =         0.0000
 EKCMT  =         0.0000  VIRIAL  =         0.0000  VOLUME     =     45424.1894
                                                    Density    =         0.9908
 DV/DL  =      -195.5674
 ------------------------------------------------------------------------------

|===============================================================================

| TI region  1


      A V E R A G E S   O V E R    1000 S T E P S


 NSTEP =     1000   TIME(PS) =     332.000  TEMP(K) =   301.46  PRESS =     0.0
 Etot   =    -11788.8486  EKtot   =      2703.5280  EPtot      =    -14492.3766
 BOND   =        11.3567  ANGLE   =        33.2722  DIHED      =        37.8077
 1-4 NB =        15.1272  1-4 EEL =      -509.2828  VDWAALS    =      2094.8107
 EELEC  =    -16175.4685  EHBOND  =         0.0000  RESTRAINT  =         0.0000
 EKCMT  =         0.0000  VIRIAL  =         0.0000  VOLUME     =     45135.9805
                                                    Density    =         0.9972
 DV/DL  =      -192.8899
 ------------------------------------------------------------------------------

  Softcore part of the system:       2 atoms,       TEMP(K)    =         292.89
 SC_Etot=         4.1359  SC_EKtot=         1.7461  SC_EPtot   =         2.3898
 SC_BOND=         0.4855  SC_ANGLE=         1.7113  SC_DIHED   =         0.1930
 SC_14NB=         0.0000  SC_14EEL=         0.0000  SC_VDW     =         0.0000
 SC_EEL =         0.0000
 SC_RES_DIST=     0.0000  SC_RES_ANG=       0.0000  SC_RES_TORS=         0.0000
 SC_EEL_DER=      0.0000  SC_VDW_DER=      -0.9630  SC_DERIV   =        -0.9630
 ------------------------------------------------------------------------------


      R M S  F L U C T U A T I O N S


 NSTEP =     1000   TIME(PS) =     332.000  TEMP(K) =     4.18  PRESS =     0.0
 Etot   =        50.2823  EKtot   =        37.4742  EPtot      =        43.0251
 BOND   =         2.6485  ANGLE   =         4.1963  DIHED      =         2.1518
 1-4 NB =         1.2558  1-4 EEL =         4.6169  VDWAALS    =        50.8941
 EELEC  =        72.8217  EHBOND  =         0.0000  RESTRAINT  =         0.0000
 EKCMT  =         0.0000  VIRIAL  =         0.0000  VOLUME     =       199.7483
                                                    Density    =         0.0044
 DV/DL  =         7.9263
 ------------------------------------------------------------------------------

  Softcore part of the system:       2 atoms,       TEMP(K)    =         164.04
 SC_Etot=         1.3280  SC_EKtot=         0.9779  SC_EPtot   =         1.0260
 SC_BOND=         0.4113  SC_ANGLE=         0.9570  SC_DIHED   =         0.2072
 SC_14NB=         0.0000  SC_14EEL=         0.0000  SC_VDW     =         0.0000
 SC_EEL =         0.0000
 SC_RES_DIST=     0.0000  SC_RES_ANG=       0.0000  SC_RES_TORS=         0.0000
 SC_EEL_DER=      0.0000  SC_VDW_DER=       0.3897  SC_DERIV   =         0.3897
 ------------------------------------------------------------------------------


| TI region  2


      A V E R A G E S   O V E R    1000 S T E P S


 NSTEP =     1000   TIME(PS) =     332.000  TEMP(K) =   301.46  PRESS =     0.0
 Etot   =    -11790.5947  EKtot   =      2701.7819  EPtot      =    -14492.3766
 BOND   =        11.3567  ANGLE   =        33.2722  DIHED      =        37.8077
 1-4 NB =        15.1272  1-4 EEL =      -509.2828  VDWAALS    =      2094.8107
 EELEC  =    -16175.4685  EHBOND  =         0.0000  RESTRAINT  =         0.0000
 EKCMT  =         0.0000  VIRIAL  =         0.0000  VOLUME     =     45135.9805
                                                    Density    =         0.9971
 DV/DL  =      -192.8899
 ------------------------------------------------------------------------------


      R M S  F L U C T U A T I O N S


 NSTEP =     1000   TIME(PS) =     332.000  TEMP(K) =     4.18  PRESS =     0.0
 Etot   =        50.0877  EKtot   =        37.4654  EPtot      =        43.0251
 BOND   =         2.6485  ANGLE   =         4.1963  DIHED      =         2.1518
 1-4 NB =         1.2558  1-4 EEL =         4.6169  VDWAALS    =        50.8941
 EELEC  =        72.8217  EHBOND  =         0.0000  RESTRAINT  =         0.0000
 EKCMT  =         0.0000  VIRIAL  =         0.0000  VOLUME     =       199.7483
                                                    Density    =         0.0044
 DV/DL  =         7.9263
 ------------------------------------------------------------------------------


      DV/DL, AVERAGES OVER    1000 STEPS


 NSTEP =     1000   TIME(PS) =     332.000  TEMP(K) =     4.18  PRESS =     0.0
 Etot   =         0.0000  EKtot   =         0.0000  EPtot      =      -190.9589
 BOND   =         0.0000  ANGLE   =         0.0000  DIHED      =         0.0000
 1-4 NB =        -0.0230  1-4 EEL =      -205.6433  VDWAALS    =        -0.7850
 EELEC  =        14.5244  EHBOND  =         0.0000  RESTRAINT  =         0.0000
 EKCMT  =         0.0000  VIRIAL  =         0.0000  VOLUME     =         0.0000
                                                    Density    =         0.0000
 DV/DL  =      -190.9589
 ------------------------------------------------------------------------------

|===============================================================================

| TI region  1


      A V E R A G E S   O V E R    1000 S T E P S


 NSTEP =     1000   TIME(PS) =     332.000  TEMP(K) =   301.46  PRESS =     0.0
 Etot   =    -11788.8486  EKtot   =      2703.5280  EPtot      =    -14492.3766
 BOND   =        11.3567  ANGLE   =        33.2722  DIHED      =        37.8077
 1-4 NB =        15.1272  1-4 EEL =      -509.2828  VDWAALS    =      2094.8107
 EELEC  =    -16175.4685  EHBOND  =         0.0000  RESTRAINT  =         0.0000
 EKCMT  =         0.0000  VIRIAL  =         0.0000  VOLUME     =     45135.9805
                                                    Density    =         0.9972
 DV/DL  =      -192.8899
 ------------------------------------------------------------------------------

  Softcore part of the system:       2 atoms,       TEMP(K)    =         292.89
 SC_Etot=         4.1359  SC_EKtot=         1.7461  SC_EPtot   =         2.3898
 SC_BOND=         0.4855  SC_ANGLE=         1.7113  SC_DIHED   =         0.1930
 SC_14NB=         0.0000  SC_14EEL=         0.0000  SC_VDW     =         0.0000
 SC_EEL =         0.0000
 SC_RES_DIST=     0.0000  SC_RES_ANG=       0.0000  SC_RES_TORS=         0.0000
 SC_EEL_DER=      0.0000  SC_VDW_DER=      -0.9630  SC_DERIV   =        -0.9630
 ------------------------------------------------------------------------------


      R M S  F L U C T U A T I O N S


 NSTEP =     1000   TIME(PS) =     332.000  TEMP(K) =     4.18  PRESS =     0.0
 Etot   =        50.2823  EKtot   =        37.4742  EPtot      =        43.0251
 BOND   =         2.6485  ANGLE   =         4.1963  DIHED      =         2.1518
 1-4 NB =         1.2558  1-4 EEL =         4.6169  VDWAALS    =        50.8941
 EELEC  =        72.8217  EHBOND  =         0.0000  RESTRAINT  =         0.0000
 EKCMT  =         0.0000  VIRIAL  =         0.0000  VOLUME     =       199.7483
                                                    Density    =         0.0044
 DV/DL  =         7.9263
 ------------------------------------------------------------------------------

  Softcore part of the system:       2 atoms,       TEMP(K)    =         164.04
 SC_Etot=         1.3280  SC_EKtot=         0.9779  SC_EPtot   =         1.0260
 SC_BOND=         0.4113  SC_ANGLE=         0.9570  SC_DIHED   =         0.2072
 SC_14NB=         0.0000  SC_14EEL=         0.0000  SC_VDW     =         0.0000
 SC_EEL =         0.0000
 SC_RES_DIST=     0.0000  SC_RES_ANG=       0.0000  SC_RES_TORS=         0.0000
 SC_EEL_DER=      0.0000  SC_VDW_DER=       0.3897  SC_DERIV   =         0.3897
 ------------------------------------------------------------------------------


| TI region  2


      A V E R A G E S   O V E R    1000 S T E P S


 NSTEP =     1000   TIME(PS) =     332.000  TEMP(K) =   301.46  PRESS =     0.0
 Etot   =    -11790.5947  EKtot   =      2701.7819  EPtot      =    -14492.3766
 BOND   =        11.3567  ANGLE   =        33.2722  DIHED      =        37.8077
 1-4 NB =        15.1272  1-4 EEL =      -509.2828  VDWAALS    =      2094.8107
 EELEC  =    -16175.4685  EHBOND  =         0.0000  RESTRAINT  =         0.0000
 EKCMT  =         0.0000  VIRIAL  =         0.0000  VOLUME     =     45135.9805
                                                    Density    =         0.9971
 DV/DL  =      -192.8899
 ------------------------------------------------------------------------------


      R M S  F L U C T U A T I O N S


 NSTEP =     1000   TIME(PS) =     332.000  TEMP(K) =     4.18  PRESS =     0.0
 Etot   =        50.0877  EKtot   =        37.4654  EPtot      =        43.0251
 BOND   =         2.6485  ANGLE   =         4.1963  DIHED      =         2.1518
 1-4 NB =         1.2558  1-4 EEL =         4.6169  VDWAALS    =        50.8941
 EELEC  =        72.8217  EHBOND  =         0.0000  RESTRAINT  =         0.0000
 EKCMT  =         0.0000  VIRIAL  =         0.0000  VOLUME     =       199.7483
                                                    Density    =         0.0044
 DV/DL  =         7.9263
 ------------------------------------------------------------------------------


      DV/DL, AVERAGES OVER    1000 STEPS


 NSTEP =     1000   TIME(PS) =     332.000  TEMP(K) =     4.18  PRESS =     0.0
 Etot   =         0.0000  EKtot   =         0.0000  EPtot      =      -190.9589
 BOND   =         0.0000  ANGLE   =         0.0000  DIHED      =         0.0000
 1-4 NB =        -0.0230  1-4 EEL =      -205.6433  VDWAALS    =        -0.7850
 EELEC  =        14.5244  EHBOND  =         0.0000  RESTRAINT  =         0.0000
 EKCMT  =         0.0000  VIRIAL  =         0.0000  VOLUME     =         0.0000
                                                    Density    =         0.0000
 DV/DL  =      -190.9589
 ------------------------------------------------------------------------------

| MC Barostat:         10 volume changes attempted.
| MC Barostat:          6 changes successful ( 60.00%)
 ------------------------------------------------------------------------------

--------------------------------------------------------------------------------
   5.  TIMINGS
--------------------------------------------------------------------------------

|  NonSetup CPU Time in Major Routines:
|
|     Routine           Sec        %
|     ------------------------------
|     Nonbond           0.30   80.18
|     Bond              0.00    0.00
|     Angle             0.00    0.00
|     Dihedral          0.00    0.00
|     Shake             0.00    0.84
|     RunMD             0.07   17.57
|     Other             0.01    1.41
|     ------------------------------
|     Total             0.38

|  PME Nonbond Pairlist CPU Time:
|
|     Routine              Sec        %
|     ---------------------------------
|     Set Up Cit           0.00    0.00
|     Build List           0.00    0.00
|     ---------------------------------
|     Total                0.00    0.00

|  PME Direct Force CPU Time:
|
|     Routine              Sec        %
|     ---------------------------------
|     NonBonded Calc       0.00    0.00
|     Exclude Masked       0.00    0.00
|     Other                0.00    0.44
|     ---------------------------------
|     Total                0.00    0.44

|  PME Reciprocal Force CPU Time:
|
|     Routine              Sec        %
|     ---------------------------------
|     1D bspline           0.00    0.00
|     Grid Charges         0.00    0.00
|     Scalar Sum           0.00    0.00
|     Gradient Sum         0.00    0.00
|     FFT                  0.00    0.00
|     ---------------------------------
|     Total                0.00    0.00

|  Final Performance Info:
|     -----------------------------------------------------
|     Average timings for last     950 steps:
|     Elapsed(s) =       0.37 Per Step(ms) =       0.39
|         ns/day =     448.29   seconds/ns =     192.73
|
|     Average timings for all steps:
|     Elapsed(s) =       0.39 Per Step(ms) =       0.39
|         ns/day =     444.72   seconds/ns =     194.28
|     -----------------------------------------------------

|  Setup CPU time:            1.10 seconds
|  NonSetup CPU time:         0.38 seconds
|  Total CPU time:            1.48 seconds     0.00 hours

|  Setup wall time:           1    seconds
|  NonSetup wall time:        1    seconds
|  Total wall time:           2    seconds     0.00 hours
