
          -------------------------------------------------------
          Amber 20 PMEMD                              2020
          -------------------------------------------------------

| PMEMD implementation of SANDER, Release 18

|  Compiled date/time: Tue Apr 28 09:19:54 2020
| Run on 09/12/2024 at 01:49:33

|   Executable path: pmemd.cuda_SPFP
| Working directory: /nfs/zli_gpu2/bin/developed_softwares/test_car/car/car/example/0.0_0.6_0.6
|          Hostname: compute-0-8

  [-O]verwriting output

File Assignments:
|   MDIN: prod2.in                                                              
|  MDOUT: prod2.out                                                             
| INPCRD: prev_cen.rst                                                          
|   PARM: ../lM2A.prmtop                                                        
| RESTRT: prod2.rst                                                             
|   REFC: refc                                                                  
|  MDVEL: mdvel                                                                 
|   MDEN: mden                                                                  
|  MDCRD: prod2.netcdf                                                          
| MDINFO: prod2.mdinfo                                                          
|  MDFRC: mdfrc                                                                 


 Here is the input file:

NVT MD w/No position restraints and PME (sander)                               
 &cntrl                                                                        
  ntx    = 5,                                                                  
  irest  = 1,                                                                  
  ntpr   = 50,                                                                 
  ntwx   = 10000,                                                              
  ntwe   = 10000,                                                              
  ntwr   = 10000,                                                              
  ig     = -1,                                                                 
                                                                               
  ntb    = 2,                                                                  
  ntp = 1, pres0 = 1.0, taup = 2.0,gamma_ln = 2.0,                             
  cut    = 10.0,                                                               
  iwrap  = 1,                                                                  
  barostat = 2,                                                                
                                                                               
  t      = 0.0,                                                                
  dt     = 0.002,                                                              
                                                                               
  temp0  = 300.0,                                                              
  tempi  = 300.0,                                                              
  ntt    = 3,                                                                  
  tautp  = 2.0,                                                                
                                                                               
  ntf    = 1,                                                                  
  ntc    = 2,                                                                  
  iwrap=1, ioutfm=1, ntwv=-1,ntave=1000,                                       
  bar_intervall = 50,                                                          
  icfe = 1, ifsc = 1,                                                          
  timask1=':1,2',                                                              
  timask2=':3',                                                                
  scmask1=':2',                                                                
  scmask2='',                                                                  
  ifmbar = 1,                                                                  
  nstlim = 1000,                                                               
  clambda = 0.6,                                                               
  mbar_states = 8,                                                             
  mbar_lambda = 0.2, 0.2, 0.5, 0.5, 0.6, 0.6, 1.0, 1.0,                        
&end                                                                           
 /                                                                             


Note: ig = -1. Setting random seed to   877373 based on wallclock time in 
      microseconds.
| irandom = 1, using AMBER's internal random number generator (default).
 
|--------------------- INFORMATION ----------------------
| GPU (CUDA) Version of PMEMD in use: NVIDIA GPU IN USE.
|                    Version 18.0.0
| 
|                      03/25/2018
| 
| Implementation by:
|                    Ross C. Walker     (SDSC)
|                    Scott Le Grand     (nVIDIA)
| 
| Version 18 performance extensions by:
|                    David Cerutti     (Rutgers)
| 
| Precision model in use:
|      [SPFP] - Single Precision Forces, 64-bit Fixed Point
|               Accumulation. (Default)
| 
|--------------------------------------------------------
 
|----------------- CITATION INFORMATION -----------------
|
|    When publishing work that utilized the CUDA version
|    of AMBER, please cite the following in addition to
|    the regular AMBER citations:
|
|  - Romelia Salomon-Ferrer; Andreas W. Goetz; Duncan
|    Poole; Scott Le Grand; Ross C. Walker "Routine
|    microsecond molecular dynamics simulations with
|    AMBER - Part II: Particle Mesh Ewald", J. Chem.
|    Theory Comput., 2013, 9 (9), pp3878-3888,
|    DOI: 10.1021/ct400314y.
|
|  - Andreas W. Goetz; Mark J. Williamson; Dong Xu;
|    Duncan Poole; Scott Le Grand; Ross C. Walker
|    "Routine microsecond molecular dynamics simulations
|    with AMBER - Part I: Generalized Born", J. Chem.
|    Theory Comput., 2012, 8 (5), pp1542-1555.
|
|  - Scott Le Grand; Andreas W. Goetz; Ross C. Walker
|    "SPFP: Speed without compromise - a mixed precision
|    model for GPU accelerated molecular dynamics
|    simulations.", Comp. Phys. Comm., 2013, 184
|    pp374-380, DOI: 10.1016/j.cpc.2012.09.022
|
|    When publishing work that utilized the CUDA version
|    of TI, BAR, MBAR or FEP please cite the following 
|    publications in addition to the regular AMBER 
|    GPU citations:
|
|  - Daniel J. Mermelstein; Charles Lin; Gard Nelson; 
|    Rachael Kretsch; J. Andrew McCammon; Ross C. Walker
|    "Fast and Flexible GPU Accelerated Binding 
|    Free Energy Calculations within the AMBER Molecular
|    Dynamics Package" J. Comp. Chem., 2018,
|    DOI: 10.1002/jcc.25187
|
|  - Tai-Sung Lee; Yuan Hu; Brad Sherborne; Zhuyan Guo;
|    Darrin M. York
|    "Toward Fast and Accurate Binding Affinity Prediction with
|    pmemdGTI: An Efficient Implementation of GPU-Accelerated
|    Thermodynamic Integration"
|    J. Chem. Theory Comput., 2017, 13 (7), 3077
|
|
|--------------------------------------------------------
 
|------------------- GPU DEVICE INFO --------------------
|
|            CUDA_VISIBLE_DEVICES: not set
|   CUDA Capable Devices Detected:      8
|           CUDA Device ID in use:      0
|                CUDA Device Name: NVIDIA GeForce RTX 4090
|     CUDA Device Global Mem Size:  24217 MB
| CUDA Device Num Multiprocessors:    128
|           CUDA Device Core Freq:   2.52 GHz
|
|--------------------------------------------------------
 
 
| Conditional Compilation Defines Used:
| PUBFFT
| BINTRAJ
| CUDA
| EMIL

| Largest sphere to fit in unit cell has radius =    17.464

| New format PARM file being parsed.
| Version =    1.000 Date = 08/02/22 Time = 19:36:52

| Note: 1-4 EEL scale factors are being read from the topology file.

| Note: 1-4 VDW scale factors are being read from the topology file.
| Duplicated    0 dihedrals

| Duplicated    0 dihedrals

--------------------------------------------------------------------------------
   1.  RESOURCE   USE: 
--------------------------------------------------------------------------------

 getting new box info from bottom of inpcrd
 NATOM  =    4548 NTYPES =      17 NBONH =    4492 MBONA  =      62
 NTHETH =     105 MTHETA =      88 NPHIH =     188 MPHIA  =     154
 NHPARM =       0 NPARM  =       0 NNB   =    6494 NRES   =    1485
 NBONA  =      62 NTHETA =      88 NPHIA =     154 NUMBND =      22
 NUMANG =      36 NPTRA  =      19 NATYP =      18 NPHB   =       1
 IFBOX  =       1 NMXRS  =      50 IFCAP =       0 NEXTRA =       0
 NCOPY  =       0

| Coordinate Index Table dimensions:     6    6    6
| Direct force subcell size =     5.9100    6.1400    5.8214

     BOX TYPE: RECTILINEAR

--------------------------------------------------------------------------------
   2.  CONTROL  DATA  FOR  THE  RUN
--------------------------------------------------------------------------------

default_name                                                                    

General flags:
     imin    =       0, nmropt  =       0

Nature and format of input:
     ntx     =       5, irest   =       1, ntrx    =       1

Nature and format of output:
     ntxo    =       2, ntpr    =      50, ntrx    =       1, ntwr    =   10000
     iwrap   =       1, ntwx    =   10000, ntwv    =      -1, ntwe    =   10000
     ioutfm  =       1, ntwprt  =       0, idecomp =       0, rbornstat=      0

Potential function:
     ntf     =       1, ntb     =       2, igb     =       0, nsnb    =      25
     ipol    =       0, gbsa    =       0, iesp    =       0
     dielc   =   1.00000, cut     =  10.00000, intdiel =   1.00000

Frozen or restrained atoms:
     ibelly  =       0, ntr     =       0

Molecular dynamics:
     nstlim  =      1000, nscm    =      1000, nrespa  =         1
     t       =   0.00000, dt      =   0.00200, vlimit  =  -1.00000

Langevin dynamics temperature regulation:
     ig      =  877373
     temp0   = 300.00000, tempi   = 300.00000, gamma_ln=   2.00000

Pressure regulation:
     ntp     =       1
     pres0   =   1.00000, comp    =  44.60000, taup    =   2.00000
     Monte-Carlo Barostat:
     mcbarint  =     100

SHAKE:
     ntc     =       2, jfastw  =       0
     tol     =   0.00001

Free energy options:
     icfe    =       1, ifsc    =       1, klambda =       1
     clambda =  0.6000, scalpha =  0.5000, scbeta  = 12.0000
     sceeorder =       2
     dynlmb =  0.0000 logdvdl =       0

FEP MBAR options:
     ifmbar  =       1,  bar_intervall =       50
     mbar_states =       8

| Intermolecular bonds treatment:
|     no_intermolecular_bonds =       1

| Energy averages sample interval:
|     ene_avg_sampling =       1

Ewald parameters:
     verbose =       0, ew_type =       0, nbflag  =       1, use_pme =       1
     vdwmeth =       1, eedmeth =       1, netfrc  =       1
     Box X =   35.460   Box Y =   36.840   Box Z =   34.929
     Alpha =   90.000   Beta  =   90.000   Gamma =   90.000
     NFFT1 =   36       NFFT2 =   40       NFFT3 =   36
     Cutoff=   10.000   Tol   =0.100E-04
     Ewald Coefficient =  0.27511
     Interpolation order =    4
     TI Mask 1 :1,2; matches     52 atoms
     TI Mask 2 :3; matches     50 atoms
     TI region 1:    4498 atoms
     TI region 2:    4496 atoms
     SC Mask 1 :2; matches      2 atoms

    MBAR - lambda values considered:
       8 total:  0.2000 0.2000 0.5000 0.5000 0.6000 0.6000 1.0000 1.0000
    Extra energies will be computed     20 times.
| MONTE CARLO BAROSTAT IMPORTANT NOTE:
|   The Monte-Carlo barostat does not require the virial to adjust the system volume.
|   Since it is an expensive calculation, it is skipped for efficiency. A side-effect
|   is that the reported pressure is always 0 because it is not calculated.

--------------------------------------------------------------------------------
   3.  ATOMIC COORDINATES AND VELOCITIES
--------------------------------------------------------------------------------

Cpptraj Generated Restart                                                       
 begin time read from input coords =   322.000 ps

 
     Molecule     1 is partially softcore
     Molecule     2 is partially softcore
 Number of triangulated 3-point waters found:     1482
   Removing shake constraints from HX1   LBM   2 -- N26   LAM   1
   Removing shake constraints from H23   LBM   2 -- N26   LAM   1
 Number of shake restraints removed in TI region  1 :        2
 Number of shake restraints removed in TI region  2 :        0

     Sum of charges for TI region  1 =  -0.00249680
     Skip neutralizing charges...


     Sum of charges for TI region  2 =  -0.00299999
     Skip neutralizing charges...

| Dynamic Memory, Types Used:
| Reals              376225
| Integers           194647

| Nonbonded Pairs Initial Allocation:     1375656

| GPU memory information (estimate):
| KB of GPU memory in use:     52148
| KB of CPU memory in use:     28214

--------------------------------------------------------------------------------
   4.  RESULTS
--------------------------------------------------------------------------------

   DOF for the SC part  1 of the system:    6

MBAR Energy analysis:
Energy at 0.2000 =    -14335.937158
Energy at 0.2000 =    -14335.937158
Energy at 0.5000 =    -14389.987595
Energy at 0.5000 =    -14389.987595
Energy at 0.6000 =    -14407.275784
Energy at 0.6000 =    -14407.275784
Energy at 1.0000 =    -14475.776080
Energy at 1.0000 =    -14475.776080
 ------------------------------------------------------------------------------


| TI region  1


 NSTEP =       50   TIME(PS) =     322.100  TEMP(K) =   306.58  PRESS =     0.0
 Etot   =    -11657.8169  EKtot   =      2749.4589  EPtot      =    -14407.2758
 BOND   =        10.2835  ANGLE   =        30.6015  DIHED      =        36.8689
 1-4 NB =        17.8197  1-4 EEL =      -513.2412  VDWAALS    =      2071.2546
 EELEC  =    -16060.8628  EHBOND  =         0.0000  RESTRAINT  =         0.0000
 EKCMT  =         0.0000  VIRIAL  =         0.0000  VOLUME     =     45629.3993
                                                    Density    =         0.9864
 DV/DL  =      -172.2909
 ------------------------------------------------------------------------------

  Softcore part of the system:       2 atoms,       TEMP(K)    =         337.54
 SC_Etot=         5.0963  SC_EKtot=         2.0123  SC_EPtot   =         3.0840
 SC_BOND=         0.7543  SC_ANGLE=         2.1643  SC_DIHED   =         0.1653
 SC_14NB=         0.0000  SC_14EEL=         0.0000  SC_VDW     =         0.0000
 SC_EEL =         0.0000
 SC_RES_DIST=     0.0000  SC_RES_ANG=       0.0000  SC_RES_TORS=         0.0000
 SC_EEL_DER=      0.0000  SC_VDW_DER=      -1.0401  SC_DERIV   =        -1.0401
 ------------------------------------------------------------------------------


| TI region  2


 NSTEP =       50   TIME(PS) =     322.100  TEMP(K) =   306.56  PRESS =     0.0
 Etot   =    -11659.8292  EKtot   =      2747.4466  EPtot      =    -14407.2758
 BOND   =        10.2835  ANGLE   =        30.6015  DIHED      =        36.8689
 1-4 NB =        17.8197  1-4 EEL =      -513.2412  VDWAALS    =      2071.2546
 EELEC  =    -16060.8628  EHBOND  =         0.0000  RESTRAINT  =         0.0000
 EKCMT  =         0.0000  VIRIAL  =         0.0000  VOLUME     =     45629.3993
                                                    Density    =         0.9863
 DV/DL  =      -172.2909
 ------------------------------------------------------------------------------


MBAR Energy analysis:
Energy at 0.2000 =    -14322.350623
Energy at 0.2000 =    -14322.350623
Energy at 0.5000 =    -14377.484873
Energy at 0.5000 =    -14377.484873
Energy at 0.6000 =    -14395.506013
Energy at 0.6000 =    -14395.506013
Energy at 1.0000 =    -14467.158758
Energy at 1.0000 =    -14467.158758
 ------------------------------------------------------------------------------


| TI region  1


 NSTEP =      100   TIME(PS) =     322.200  TEMP(K) =   301.74  PRESS =     0.0
 Etot   =    -11689.4780  EKtot   =      2706.0280  EPtot      =    -14395.5060
 BOND   =         9.1964  ANGLE   =        36.9587  DIHED      =        41.0461
 1-4 NB =        14.6398  1-4 EEL =      -512.0552  VDWAALS    =      2042.9531
 EELEC  =    -16028.2449  EHBOND  =         0.0000  RESTRAINT  =         0.0000
 EKCMT  =         0.0000  VIRIAL  =         0.0000  VOLUME     =     45629.1512
                                                    Density    =         0.9864
 DV/DL  =      -179.8468
 ------------------------------------------------------------------------------

  Softcore part of the system:       2 atoms,       TEMP(K)    =         257.68
 SC_Etot=         3.1989  SC_EKtot=         1.5362  SC_EPtot   =         1.6628
 SC_BOND=         0.5793  SC_ANGLE=         0.6804  SC_DIHED   =         0.4030
 SC_14NB=         0.0000  SC_14EEL=         0.0000  SC_VDW     =         0.0000
 SC_EEL =         0.0000
 SC_RES_DIST=     0.0000  SC_RES_ANG=       0.0000  SC_RES_TORS=         0.0000
 SC_EEL_DER=      0.0000  SC_VDW_DER=      -0.7150  SC_DERIV   =        -0.7150
 ------------------------------------------------------------------------------


| TI region  2


 NSTEP =      100   TIME(PS) =     322.200  TEMP(K) =   301.77  PRESS =     0.0
 Etot   =    -11691.0142  EKtot   =      2704.4918  EPtot      =    -14395.5060
 BOND   =         9.1964  ANGLE   =        36.9587  DIHED      =        41.0461
 1-4 NB =        14.6398  1-4 EEL =      -512.0552  VDWAALS    =      2042.9531
 EELEC  =    -16028.2449  EHBOND  =         0.0000  RESTRAINT  =         0.0000
 EKCMT  =         0.0000  VIRIAL  =         0.0000  VOLUME     =     45629.1512
                                                    Density    =         0.9863
 DV/DL  =      -179.8468
 ------------------------------------------------------------------------------


MBAR Energy analysis:
Energy at 0.2000 =    -14319.119707
Energy at 0.2000 =    -14319.119707
Energy at 0.5000 =    -14375.181620
Energy at 0.5000 =    -14375.181620
Energy at 0.6000 =    -14393.455120
Energy at 0.6000 =    -14393.455120
Energy at 1.0000 =    -14466.077938
Energy at 1.0000 =    -14466.077938
 ------------------------------------------------------------------------------


| TI region  1


 NSTEP =      150   TIME(PS) =     322.300  TEMP(K) =   300.81  PRESS =     0.0
 Etot   =    -11695.7223  EKtot   =      2697.7329  EPtot      =    -14393.4551
 BOND   =        10.8554  ANGLE   =        25.1582  DIHED      =        37.5926
 1-4 NB =        15.3690  1-4 EEL =      -509.2198  VDWAALS    =      2090.9144
 EELEC  =    -16064.1248  EHBOND  =         0.0000  RESTRAINT  =         0.0000
 EKCMT  =         0.0000  VIRIAL  =         0.0000  VOLUME     =     45629.1512
                                                    Density    =         0.9864
 DV/DL  =      -182.3310
 ------------------------------------------------------------------------------

  Softcore part of the system:       2 atoms,       TEMP(K)    =         155.14
 SC_Etot=         1.4409  SC_EKtot=         0.9249  SC_EPtot   =         0.5160
 SC_BOND=         0.2754  SC_ANGLE=         0.2369  SC_DIHED   =         0.0038
 SC_14NB=         0.0000  SC_14EEL=         0.0000  SC_VDW     =         0.0000
 SC_EEL =         0.0000
 SC_RES_DIST=     0.0000  SC_RES_ANG=       0.0000  SC_RES_TORS=         0.0000
 SC_EEL_DER=      0.0000  SC_VDW_DER=      -0.7740  SC_DERIV   =        -0.7740
 ------------------------------------------------------------------------------


| TI region  2


 NSTEP =      150   TIME(PS) =     322.300  TEMP(K) =   300.91  PRESS =     0.0
 Etot   =    -11696.6471  EKtot   =      2696.8080  EPtot      =    -14393.4551
 BOND   =        10.8554  ANGLE   =        25.1582  DIHED      =        37.5926
 1-4 NB =        15.3690  1-4 EEL =      -509.2198  VDWAALS    =      2090.9144
 EELEC  =    -16064.1248  EHBOND  =         0.0000  RESTRAINT  =         0.0000
 EKCMT  =         0.0000  VIRIAL  =         0.0000  VOLUME     =     45629.1512
                                                    Density    =         0.9863
 DV/DL  =      -182.3310
 ------------------------------------------------------------------------------


MBAR Energy analysis:
Energy at 0.2000 =    -14300.158868
Energy at 0.2000 =    -14300.158868
Energy at 0.5000 =    -14362.057582
Energy at 0.5000 =    -14362.057582
Energy at 0.6000 =    -14381.943967
Energy at 0.6000 =    -14381.943967
Energy at 1.0000 =    -14460.786667
Energy at 1.0000 =    -14460.786667
 ------------------------------------------------------------------------------


| TI region  1


 NSTEP =      200   TIME(PS) =     322.400  TEMP(K) =   304.65  PRESS =     0.0
 Etot   =    -11649.8056  EKtot   =      2732.1384  EPtot      =    -14381.9440
 BOND   =         8.1737  ANGLE   =        38.8948  DIHED      =        42.3731
 1-4 NB =        14.2414  1-4 EEL =      -514.2204  VDWAALS    =      2042.1937
 EELEC  =    -16013.6002  EHBOND  =         0.0000  RESTRAINT  =         0.0000
 EKCMT  =         0.0000  VIRIAL  =         0.0000  VOLUME     =     45629.1512
                                                    Density    =         0.9864
 DV/DL  =      -198.2389
 ------------------------------------------------------------------------------

  Softcore part of the system:       2 atoms,       TEMP(K)    =         235.19
 SC_Etot=         4.4009  SC_EKtot=         1.4021  SC_EPtot   =         2.9988
 SC_BOND=         0.7866  SC_ANGLE=         0.7805  SC_DIHED   =         1.4318
 SC_14NB=         0.0000  SC_14EEL=         0.0000  SC_VDW     =         0.0000
 SC_EEL =         0.0000
 SC_RES_DIST=     0.0000  SC_RES_ANG=       0.0000  SC_RES_TORS=         0.0000
 SC_EEL_DER=      0.0000  SC_VDW_DER=      -1.1322  SC_DERIV   =        -1.1322
 ------------------------------------------------------------------------------


| TI region  2


 NSTEP =      200   TIME(PS) =     322.400  TEMP(K) =   304.69  PRESS =     0.0
 Etot   =    -11651.2076  EKtot   =      2730.7363  EPtot      =    -14381.9440
 BOND   =         8.1737  ANGLE   =        38.8948  DIHED      =        42.3731
 1-4 NB =        14.2414  1-4 EEL =      -514.2204  VDWAALS    =      2042.1937
 EELEC  =    -16013.6002  EHBOND  =         0.0000  RESTRAINT  =         0.0000
 EKCMT  =         0.0000  VIRIAL  =         0.0000  VOLUME     =     45629.1512
                                                    Density    =         0.9863
 DV/DL  =      -198.2389
 ------------------------------------------------------------------------------


MBAR Energy analysis:
Energy at 0.2000 =    -14340.007319
Energy at 0.2000 =    -14340.007319
Energy at 0.5000 =    -14398.230646
Energy at 0.5000 =    -14398.230646
Energy at 0.6000 =    -14417.505125
Energy at 0.6000 =    -14417.505125
Energy at 1.0000 =    -14494.352974
Energy at 1.0000 =    -14494.352974
 ------------------------------------------------------------------------------


| TI region  1


 NSTEP =      250   TIME(PS) =     322.500  TEMP(K) =   307.28  PRESS =     0.0
 Etot   =    -11661.7353  EKtot   =      2755.7698  EPtot      =    -14417.5051
 BOND   =        14.4898  ANGLE   =        28.2191  DIHED      =        37.6894
 1-4 NB =        14.5541  1-4 EEL =      -513.8196  VDWAALS    =      2091.9016
 EELEC  =    -16090.5396  EHBOND  =         0.0000  RESTRAINT  =         0.0000
 EKCMT  =         0.0000  VIRIAL  =         0.0000  VOLUME     =     45629.1512
                                                    Density    =         0.9864
 DV/DL  =      -192.5566
 ------------------------------------------------------------------------------

  Softcore part of the system:       2 atoms,       TEMP(K)    =         146.13
 SC_Etot=         3.5858  SC_EKtot=         0.8711  SC_EPtot   =         2.7146
 SC_BOND=         0.2948  SC_ANGLE=         2.3799  SC_DIHED   =         0.0399
 SC_14NB=         0.0000  SC_14EEL=         0.0000  SC_VDW     =         0.0000
 SC_EEL =         0.0000
 SC_RES_DIST=     0.0000  SC_RES_ANG=       0.0000  SC_RES_TORS=         0.0000
 SC_EEL_DER=      0.0000  SC_VDW_DER=      -0.4370  SC_DERIV   =        -0.4370
 ------------------------------------------------------------------------------


| TI region  2


 NSTEP =      250   TIME(PS) =     322.500  TEMP(K) =   307.39  PRESS =     0.0
 Etot   =    -11662.6064  EKtot   =      2754.8987  EPtot      =    -14417.5051
 BOND   =        14.4898  ANGLE   =        28.2191  DIHED      =        37.6894
 1-4 NB =        14.5541  1-4 EEL =      -513.8196  VDWAALS    =      2091.9016
 EELEC  =    -16090.5396  EHBOND  =         0.0000  RESTRAINT  =         0.0000
 EKCMT  =         0.0000  VIRIAL  =         0.0000  VOLUME     =     45629.1512
                                                    Density    =         0.9863
 DV/DL  =      -192.5566
 ------------------------------------------------------------------------------


MBAR Energy analysis:
Energy at 0.2000 =    -14280.825175
Energy at 0.2000 =    -14280.825175
Energy at 0.5000 =    -14335.207716
Energy at 0.5000 =    -14335.207716
Energy at 0.6000 =    -14353.176345
Energy at 0.6000 =    -14353.176345
Energy at 1.0000 =    -14424.753169
Energy at 1.0000 =    -14424.753169
 ------------------------------------------------------------------------------


| TI region  1


 NSTEP =      300   TIME(PS) =     322.600  TEMP(K) =   296.98  PRESS =     0.0
 Etot   =    -11689.7658  EKtot   =      2663.4106  EPtot      =    -14353.1763
 BOND   =         9.9246  ANGLE   =        32.5135  DIHED      =        40.2785
 1-4 NB =        15.6235  1-4 EEL =      -512.2245  VDWAALS    =      1978.2868
 EELEC  =    -15917.5788  EHBOND  =         0.0000  RESTRAINT  =         0.0000
 EKCMT  =         0.0000  VIRIAL  =         0.0000  VOLUME     =     45629.1512
                                                    Density    =         0.9864
 DV/DL  =      -179.4623
 ------------------------------------------------------------------------------

  Softcore part of the system:       2 atoms,       TEMP(K)    =         262.66
 SC_Etot=         4.0607  SC_EKtot=         1.5659  SC_EPtot   =         2.4948
 SC_BOND=         0.3490  SC_ANGLE=         1.3324  SC_DIHED   =         0.8134
 SC_14NB=         0.0000  SC_14EEL=         0.0000  SC_VDW     =         0.0000
 SC_EEL =         0.0000
 SC_RES_DIST=     0.0000  SC_RES_ANG=       0.0000  SC_RES_TORS=         0.0000
 SC_EEL_DER=      0.0000  SC_VDW_DER=      -0.5202  SC_DERIV   =        -0.5202
 ------------------------------------------------------------------------------


| TI region  2


 NSTEP =      300   TIME(PS) =     322.600  TEMP(K) =   297.01  PRESS =     0.0
 Etot   =    -11691.3317  EKtot   =      2661.8447  EPtot      =    -14353.1763
 BOND   =         9.9246  ANGLE   =        32.5135  DIHED      =        40.2785
 1-4 NB =        15.6235  1-4 EEL =      -512.2245  VDWAALS    =      1978.2868
 EELEC  =    -15917.5788  EHBOND  =         0.0000  RESTRAINT  =         0.0000
 EKCMT  =         0.0000  VIRIAL  =         0.0000  VOLUME     =     45629.1512
                                                    Density    =         0.9863
 DV/DL  =      -179.4623
 ------------------------------------------------------------------------------


MBAR Energy analysis:
Energy at 0.2000 =    -14315.857459
Energy at 0.2000 =    -14315.857459
Energy at 0.5000 =    -14371.976112
Energy at 0.5000 =    -14371.976112
Energy at 0.6000 =    -14390.340683
Energy at 0.6000 =    -14390.340683
Energy at 1.0000 =    -14463.253992
Energy at 1.0000 =    -14463.253992
 ------------------------------------------------------------------------------


| TI region  1


 NSTEP =      350   TIME(PS) =     322.700  TEMP(K) =   304.40  PRESS =     0.0
 Etot   =    -11660.3850  EKtot   =      2729.9557  EPtot      =    -14390.3407
 BOND   =        16.4444  ANGLE   =        33.1688  DIHED      =        34.4137
 1-4 NB =        12.6786  1-4 EEL =      -512.5155  VDWAALS    =      2072.1430
 EELEC  =    -16046.6737  EHBOND  =         0.0000  RESTRAINT  =         0.0000
 EKCMT  =         0.0000  VIRIAL  =         0.0000  VOLUME     =     45629.1512
                                                    Density    =         0.9864
 DV/DL  =      -183.2171
 ------------------------------------------------------------------------------

  Softcore part of the system:       2 atoms,       TEMP(K)    =         129.07
 SC_Etot=         4.5062  SC_EKtot=         0.7695  SC_EPtot   =         3.7367
 SC_BOND=         0.1398  SC_ANGLE=         3.4349  SC_DIHED   =         0.1621
 SC_14NB=         0.0000  SC_14EEL=         0.0000  SC_VDW     =         0.0000
 SC_EEL =         0.0000
 SC_RES_DIST=     0.0000  SC_RES_ANG=       0.0000  SC_RES_TORS=         0.0000
 SC_EEL_DER=      0.0000  SC_VDW_DER=      -0.9338  SC_DERIV   =        -0.9338
 ------------------------------------------------------------------------------


| TI region  2


 NSTEP =      350   TIME(PS) =     322.700  TEMP(K) =   304.52  PRESS =     0.0
 Etot   =    -11661.1544  EKtot   =      2729.1862  EPtot      =    -14390.3407
 BOND   =        16.4444  ANGLE   =        33.1688  DIHED      =        34.4137
 1-4 NB =        12.6786  1-4 EEL =      -512.5155  VDWAALS    =      2072.1430
 EELEC  =    -16046.6737  EHBOND  =         0.0000  RESTRAINT  =         0.0000
 EKCMT  =         0.0000  VIRIAL  =         0.0000  VOLUME     =     45629.1512
                                                    Density    =         0.9863
 DV/DL  =      -183.2171
 ------------------------------------------------------------------------------


MBAR Energy analysis:
Energy at 0.2000 =    -14343.279790
Energy at 0.2000 =    -14343.279790
Energy at 0.5000 =    -14395.290500
Energy at 0.5000 =    -14395.290500
Energy at 0.6000 =    -14412.571623
Energy at 0.6000 =    -14412.571623
Energy at 1.0000 =    -14481.588599
Energy at 1.0000 =    -14481.588599
 ------------------------------------------------------------------------------


| TI region  1


 NSTEP =      400   TIME(PS) =     322.800  TEMP(K) =   306.10  PRESS =     0.0
 Etot   =    -11667.3628  EKtot   =      2745.2088  EPtot      =    -14412.5716
 BOND   =         8.5108  ANGLE   =        27.9316  DIHED      =        39.5930
 1-4 NB =        17.4713  1-4 EEL =      -504.5426  VDWAALS    =      1974.7768
 EELEC  =    -15976.3126  EHBOND  =         0.0000  RESTRAINT  =         0.0000
 EKCMT  =         0.0000  VIRIAL  =         0.0000  VOLUME     =     45763.5940
                                                    Density    =         0.9835
 DV/DL  =      -172.7307
 ------------------------------------------------------------------------------

  Softcore part of the system:       2 atoms,       TEMP(K)    =         349.70
 SC_Etot=         5.3612  SC_EKtot=         2.0848  SC_EPtot   =         3.2764
 SC_BOND=         0.4177  SC_ANGLE=         2.8576  SC_DIHED   =         0.0011
 SC_14NB=         0.0000  SC_14EEL=         0.0000  SC_VDW     =         0.0000
 SC_EEL =         0.0000
 SC_RES_DIST=     0.0000  SC_RES_ANG=       0.0000  SC_RES_TORS=         0.0000
 SC_EEL_DER=      0.0000  SC_VDW_DER=      -0.1883  SC_DERIV   =        -0.1883
 ------------------------------------------------------------------------------


| TI region  2


 NSTEP =      400   TIME(PS) =     322.800  TEMP(K) =   306.08  PRESS =     0.0
 Etot   =    -11669.4476  EKtot   =      2743.1240  EPtot      =    -14412.5716
 BOND   =         8.5108  ANGLE   =        27.9316  DIHED      =        39.5930
 1-4 NB =        17.4713  1-4 EEL =      -504.5426  VDWAALS    =      1974.7768
 EELEC  =    -15976.3126  EHBOND  =         0.0000  RESTRAINT  =         0.0000
 EKCMT  =         0.0000  VIRIAL  =         0.0000  VOLUME     =     45763.5940
                                                    Density    =         0.9834
 DV/DL  =      -172.7307
 ------------------------------------------------------------------------------


MBAR Energy analysis:
Energy at 0.2000 =    -14331.208522
Energy at 0.2000 =    -14331.208522
Energy at 0.5000 =    -14384.265891
Energy at 0.5000 =    -14384.265891
Energy at 0.6000 =    -14401.899744
Energy at 0.6000 =    -14401.899744
Energy at 1.0000 =    -14472.342793
Energy at 1.0000 =    -14472.342793
 ------------------------------------------------------------------------------


| TI region  1


 NSTEP =      450   TIME(PS) =     322.900  TEMP(K) =   299.93  PRESS =     0.0
 Etot   =    -11712.0312  EKtot   =      2689.8685  EPtot      =    -14401.8997
 BOND   =        13.1300  ANGLE   =        34.2578  DIHED      =        41.3953
 1-4 NB =        12.7261  1-4 EEL =      -509.8571  VDWAALS    =      2074.8027
 EELEC  =    -16068.3544  EHBOND  =         0.0000  RESTRAINT  =         0.0000
 EKCMT  =         0.0000  VIRIAL  =         0.0000  VOLUME     =     45763.5940
                                                    Density    =         0.9835
 DV/DL  =      -176.2673
 ------------------------------------------------------------------------------

  Softcore part of the system:       2 atoms,       TEMP(K)    =         543.09
 SC_Etot=         3.6503  SC_EKtot=         3.2377  SC_EPtot   =         0.4126
 SC_BOND=         0.1631  SC_ANGLE=         0.2336  SC_DIHED   =         0.0159
 SC_14NB=         0.0000  SC_14EEL=         0.0000  SC_VDW     =         0.0000
 SC_EEL =         0.0000
 SC_RES_DIST=     0.0000  SC_RES_ANG=       0.0000  SC_RES_TORS=         0.0000
 SC_EEL_DER=      0.0000  SC_VDW_DER=      -0.1597  SC_DERIV   =        -0.1597
 ------------------------------------------------------------------------------


| TI region  2


 NSTEP =      450   TIME(PS) =     322.900  TEMP(K) =   299.77  PRESS =     0.0
 Etot   =    -11715.2689  EKtot   =      2686.6309  EPtot      =    -14401.8997
 BOND   =        13.1300  ANGLE   =        34.2578  DIHED      =        41.3953
 1-4 NB =        12.7261  1-4 EEL =      -509.8571  VDWAALS    =      2074.8027
 EELEC  =    -16068.3544  EHBOND  =         0.0000  RESTRAINT  =         0.0000
 EKCMT  =         0.0000  VIRIAL  =         0.0000  VOLUME     =     45763.5940
                                                    Density    =         0.9834
 DV/DL  =      -176.2673
 ------------------------------------------------------------------------------


MBAR Energy analysis:
Energy at 0.2000 =    -14339.793552
Energy at 0.2000 =    -14339.793552
Energy at 0.5000 =    -14397.029889
Energy at 0.5000 =    -14397.029889
Energy at 0.6000 =    -14415.280766
Energy at 0.6000 =    -14415.280766
Energy at 1.0000 =    -14487.551455
Energy at 1.0000 =    -14487.551455
 ------------------------------------------------------------------------------


| TI region  1


 NSTEP =      500   TIME(PS) =     323.000  TEMP(K) =   300.92  PRESS =     0.0
 Etot   =    -11716.6083  EKtot   =      2698.6725  EPtot      =    -14415.2808
 BOND   =        13.2790  ANGLE   =        35.0804  DIHED      =        42.5356
 1-4 NB =        15.3381  1-4 EEL =      -515.7794  VDWAALS    =      2018.3074
 EELEC  =    -16024.0419  EHBOND  =         0.0000  RESTRAINT  =         0.0000
 EKCMT  =         0.0000  VIRIAL  =         0.0000  VOLUME     =     45763.5940
                                                    Density    =         0.9835
 DV/DL  =      -181.8478
 ------------------------------------------------------------------------------

  Softcore part of the system:       2 atoms,       TEMP(K)    =          62.32
 SC_Etot=         4.3037  SC_EKtot=         0.3715  SC_EPtot   =         3.9322
 SC_BOND=         0.5029  SC_ANGLE=         3.3662  SC_DIHED   =         0.0632
 SC_14NB=         0.0000  SC_14EEL=         0.0000  SC_VDW     =         0.0000
 SC_EEL =         0.0000
 SC_RES_DIST=     0.0000  SC_RES_ANG=       0.0000  SC_RES_TORS=         0.0000
 SC_EEL_DER=      0.0000  SC_VDW_DER=      -1.1711  SC_DERIV   =        -1.1711
 ------------------------------------------------------------------------------


| TI region  2


 NSTEP =      500   TIME(PS) =     323.000  TEMP(K) =   301.07  PRESS =     0.0
 Etot   =    -11716.9798  EKtot   =      2698.3010  EPtot      =    -14415.2808
 BOND   =        13.2790  ANGLE   =        35.0804  DIHED      =        42.5356
 1-4 NB =        15.3381  1-4 EEL =      -515.7794  VDWAALS    =      2018.3074
 EELEC  =    -16024.0419  EHBOND  =         0.0000  RESTRAINT  =         0.0000
 EKCMT  =         0.0000  VIRIAL  =         0.0000  VOLUME     =     45763.5940
                                                    Density    =         0.9834
 DV/DL  =      -181.8478
 ------------------------------------------------------------------------------


MBAR Energy analysis:
Energy at 0.2000 =    -14350.406885
Energy at 0.2000 =    -14350.406885
Energy at 0.5000 =    -14403.471967
Energy at 0.5000 =    -14403.471967
Energy at 0.6000 =    -14421.155418
Energy at 0.6000 =    -14421.155418
Energy at 1.0000 =    -14491.880004
Energy at 1.0000 =    -14491.880004
 ------------------------------------------------------------------------------


| TI region  1


 NSTEP =      550   TIME(PS) =     323.100  TEMP(K) =   301.57  PRESS =     0.0
 Etot   =    -11716.6018  EKtot   =      2704.5536  EPtot      =    -14421.1554
 BOND   =        17.9070  ANGLE   =        36.2679  DIHED      =        40.5580
 1-4 NB =        15.5193  1-4 EEL =      -516.8834  VDWAALS    =      2023.5110
 EELEC  =    -16038.0351  EHBOND  =         0.0000  RESTRAINT  =         0.0000
 EKCMT  =         0.0000  VIRIAL  =         0.0000  VOLUME     =     45763.5940
                                                    Density    =         0.9835
 DV/DL  =      -176.8271
 ------------------------------------------------------------------------------

  Softcore part of the system:       2 atoms,       TEMP(K)    =         184.19
 SC_Etot=         3.7570  SC_EKtot=         1.0980  SC_EPtot   =         2.6589
 SC_BOND=         1.4408  SC_ANGLE=         1.1013  SC_DIHED   =         0.1169
 SC_14NB=         0.0000  SC_14EEL=         0.0000  SC_VDW     =         0.0000
 SC_EEL =         0.0000
 SC_RES_DIST=     0.0000  SC_RES_ANG=       0.0000  SC_RES_TORS=         0.0000
 SC_EEL_DER=      0.0000  SC_VDW_DER=      -0.0156  SC_DERIV   =        -0.0156
 ------------------------------------------------------------------------------


| TI region  2


 NSTEP =      550   TIME(PS) =     323.100  TEMP(K) =   301.65  PRESS =     0.0
 Etot   =    -11717.6998  EKtot   =      2703.4556  EPtot      =    -14421.1554
 BOND   =        17.9070  ANGLE   =        36.2679  DIHED      =        40.5580
 1-4 NB =        15.5193  1-4 EEL =      -516.8834  VDWAALS    =      2023.5110
 EELEC  =    -16038.0351  EHBOND  =         0.0000  RESTRAINT  =         0.0000
 EKCMT  =         0.0000  VIRIAL  =         0.0000  VOLUME     =     45763.5940
                                                    Density    =         0.9834
 DV/DL  =      -176.8271
 ------------------------------------------------------------------------------


MBAR Energy analysis:
Energy at 0.2000 =    -14318.926131
Energy at 0.2000 =    -14318.926131
Energy at 0.5000 =    -14375.129895
Energy at 0.5000 =    -14375.129895
Energy at 0.6000 =    -14393.676131
Energy at 0.6000 =    -14393.676131
Energy at 1.0000 =    -14467.605973
Energy at 1.0000 =    -14467.605973
 ------------------------------------------------------------------------------


| TI region  1


 NSTEP =      600   TIME(PS) =     323.200  TEMP(K) =   294.30  PRESS =     0.0
 Etot   =    -11754.3377  EKtot   =      2639.3384  EPtot      =    -14393.6761
 BOND   =         7.6790  ANGLE   =        38.4164  DIHED      =        40.6809
 1-4 NB =        14.9883  1-4 EEL =      -513.2497  VDWAALS    =      2104.2779
 EELEC  =    -16086.4690  EHBOND  =         0.0000  RESTRAINT  =         0.0000
 EKCMT  =         0.0000  VIRIAL  =         0.0000  VOLUME     =     45763.5940
                                                    Density    =         0.9835
 DV/DL  =      -185.2513
 ------------------------------------------------------------------------------

  Softcore part of the system:       2 atoms,       TEMP(K)    =         132.25
 SC_Etot=         3.0816  SC_EKtot=         0.7884  SC_EPtot   =         2.2932
 SC_BOND=         0.4951  SC_ANGLE=         0.3927  SC_DIHED   =         1.4053
 SC_14NB=         0.0000  SC_14EEL=         0.0000  SC_VDW     =         0.0000
 SC_EEL =         0.0000
 SC_RES_DIST=     0.0000  SC_RES_ANG=       0.0000  SC_RES_TORS=         0.0000
 SC_EEL_DER=      0.0000  SC_VDW_DER=      -0.4266  SC_DERIV   =        -0.4266
 ------------------------------------------------------------------------------


| TI region  2


 NSTEP =      600   TIME(PS) =     323.200  TEMP(K) =   294.41  PRESS =     0.0
 Etot   =    -11755.1262  EKtot   =      2638.5500  EPtot      =    -14393.6761
 BOND   =         7.6790  ANGLE   =        38.4164  DIHED      =        40.6809
 1-4 NB =        14.9883  1-4 EEL =      -513.2497  VDWAALS    =      2104.2779
 EELEC  =    -16086.4690  EHBOND  =         0.0000  RESTRAINT  =         0.0000
 EKCMT  =         0.0000  VIRIAL  =         0.0000  VOLUME     =     45763.5940
                                                    Density    =         0.9834
 DV/DL  =      -185.2513
 ------------------------------------------------------------------------------


MBAR Energy analysis:
Energy at 0.2000 =    -14382.390404
Energy at 0.2000 =    -14382.390404
Energy at 0.5000 =    -14438.953598
Energy at 0.5000 =    -14438.953598
Energy at 0.6000 =    -14457.788036
Energy at 0.6000 =    -14457.788036
Energy at 1.0000 =    -14533.086674
Energy at 1.0000 =    -14533.086674
 ------------------------------------------------------------------------------


| TI region  1


 NSTEP =      650   TIME(PS) =     323.300  TEMP(K) =   296.93  PRESS =     0.0
 Etot   =    -11794.9027  EKtot   =      2662.8853  EPtot      =    -14457.7880
 BOND   =        15.0787  ANGLE   =        27.0014  DIHED      =        45.0658
 1-4 NB =        16.7483  1-4 EEL =      -512.5007  VDWAALS    =      2079.1195
 EELEC  =    -16128.3012  EHBOND  =         0.0000  RESTRAINT  =         0.0000
 EKCMT  =         0.0000  VIRIAL  =         0.0000  VOLUME     =     45763.5940
                                                    Density    =         0.9835
 DV/DL  =      -188.3147
 ------------------------------------------------------------------------------

  Softcore part of the system:       2 atoms,       TEMP(K)    =          54.03
 SC_Etot=         3.3334  SC_EKtot=         0.3221  SC_EPtot   =         3.0113
 SC_BOND=         1.3883  SC_ANGLE=         1.5642  SC_DIHED   =         0.0588
 SC_14NB=         0.0000  SC_14EEL=         0.0000  SC_VDW     =         0.0000
 SC_EEL =         0.0000
 SC_RES_DIST=     0.0000  SC_RES_ANG=       0.0000  SC_RES_TORS=         0.0000
 SC_EEL_DER=      0.0000  SC_VDW_DER=      -0.0681  SC_DERIV   =        -0.0681
 ------------------------------------------------------------------------------


| TI region  2


 NSTEP =      650   TIME(PS) =     323.300  TEMP(K) =   297.09  PRESS =     0.0
 Etot   =    -11795.2248  EKtot   =      2662.5632  EPtot      =    -14457.7880
 BOND   =        15.0787  ANGLE   =        27.0014  DIHED      =        45.0658
 1-4 NB =        16.7483  1-4 EEL =      -512.5007  VDWAALS    =      2079.1195
 EELEC  =    -16128.3012  EHBOND  =         0.0000  RESTRAINT  =         0.0000
 EKCMT  =         0.0000  VIRIAL  =         0.0000  VOLUME     =     45763.5940
                                                    Density    =         0.9834
 DV/DL  =      -188.3147
 ------------------------------------------------------------------------------


MBAR Energy analysis:
Energy at 0.2000 =    -14421.026373
Energy at 0.2000 =    -14421.026373
Energy at 0.5000 =    -14480.083161
Energy at 0.5000 =    -14480.083161
Energy at 0.6000 =    -14499.276440
Energy at 0.6000 =    -14499.276440
Energy at 1.0000 =    -14575.545527
Energy at 1.0000 =    -14575.545527
 ------------------------------------------------------------------------------


| TI region  1


 NSTEP =      700   TIME(PS) =     323.400  TEMP(K) =   300.26  PRESS =     0.0
 Etot   =    -11806.4565  EKtot   =      2692.8199  EPtot      =    -14499.2764
 BOND   =        11.4257  ANGLE   =        29.6865  DIHED      =        38.3413
 1-4 NB =        16.9231  1-4 EEL =      -505.6808  VDWAALS    =      2132.2029
 EELEC  =    -16222.1751  EHBOND  =         0.0000  RESTRAINT  =         0.0000
 EKCMT  =         0.0000  VIRIAL  =         0.0000  VOLUME     =     45880.3932
                                                    Density    =         0.9810
 DV/DL  =      -191.4883
 ------------------------------------------------------------------------------

  Softcore part of the system:       2 atoms,       TEMP(K)    =         360.83
 SC_Etot=         3.8667  SC_EKtot=         2.1511  SC_EPtot   =         1.7156
 SC_BOND=         0.0634  SC_ANGLE=         1.0959  SC_DIHED   =         0.5563
 SC_14NB=         0.0000  SC_14EEL=         0.0000  SC_VDW     =         0.0000
 SC_EEL =         0.0000
 SC_RES_DIST=     0.0000  SC_RES_ANG=       0.0000  SC_RES_TORS=         0.0000
 SC_EEL_DER=      0.0000  SC_VDW_DER=      -0.8156  SC_DERIV   =        -0.8156
 ------------------------------------------------------------------------------


| TI region  2


 NSTEP =      700   TIME(PS) =     323.400  TEMP(K) =   300.22  PRESS =     0.0
 Etot   =    -11808.6076  EKtot   =      2690.6688  EPtot      =    -14499.2764
 BOND   =        11.4257  ANGLE   =        29.6865  DIHED      =        38.3413
 1-4 NB =        16.9231  1-4 EEL =      -505.6808  VDWAALS    =      2132.2029
 EELEC  =    -16222.1751  EHBOND  =         0.0000  RESTRAINT  =         0.0000
 EKCMT  =         0.0000  VIRIAL  =         0.0000  VOLUME     =     45880.3932
                                                    Density    =         0.9809
 DV/DL  =      -191.4883
 ------------------------------------------------------------------------------


MBAR Energy analysis:
Energy at 0.2000 =    -14405.812503
Energy at 0.2000 =    -14405.812503
Energy at 0.5000 =    -14463.365980
Energy at 0.5000 =    -14463.365980
Energy at 0.6000 =    -14482.081159
Energy at 0.6000 =    -14482.081159
Energy at 1.0000 =    -14556.449339
Energy at 1.0000 =    -14556.449339
 ------------------------------------------------------------------------------


| TI region  1


 NSTEP =      750   TIME(PS) =     323.500  TEMP(K) =   296.31  PRESS =     0.0
 Etot   =    -11824.7505  EKtot   =      2657.3307  EPtot      =    -14482.0812
 BOND   =        15.1053  ANGLE   =        33.0771  DIHED      =        35.2782
 1-4 NB =        17.3514  1-4 EEL =      -510.7371  VDWAALS    =      2156.5555
 EELEC  =    -16228.7115  EHBOND  =         0.0000  RESTRAINT  =         0.0000
 EKCMT  =         0.0000  VIRIAL  =         0.0000  VOLUME     =     45880.3932
                                                    Density    =         0.9810
 DV/DL  =      -186.7204
 ------------------------------------------------------------------------------

  Softcore part of the system:       2 atoms,       TEMP(K)    =         341.11
 SC_Etot=         4.3435  SC_EKtot=         2.0335  SC_EPtot   =         2.3100
 SC_BOND=         1.3265  SC_ANGLE=         0.9050  SC_DIHED   =         0.0785
 SC_14NB=         0.0000  SC_14EEL=         0.0000  SC_VDW     =         0.0000
 SC_EEL =         0.0000
 SC_RES_DIST=     0.0000  SC_RES_ANG=       0.0000  SC_RES_TORS=         0.0000
 SC_EEL_DER=      0.0000  SC_VDW_DER=      -0.7999  SC_DERIV   =        -0.7999
 ------------------------------------------------------------------------------


| TI region  2


 NSTEP =      750   TIME(PS) =     323.500  TEMP(K) =   296.28  PRESS =     0.0
 Etot   =    -11826.7840  EKtot   =      2655.2971  EPtot      =    -14482.0812
 BOND   =        15.1053  ANGLE   =        33.0771  DIHED      =        35.2782
 1-4 NB =        17.3514  1-4 EEL =      -510.7371  VDWAALS    =      2156.5555
 EELEC  =    -16228.7115  EHBOND  =         0.0000  RESTRAINT  =         0.0000
 EKCMT  =         0.0000  VIRIAL  =         0.0000  VOLUME     =     45880.3932
                                                    Density    =         0.9809
 DV/DL  =      -186.7204
 ------------------------------------------------------------------------------


MBAR Energy analysis:
Energy at 0.2000 =    -14339.464429
Energy at 0.2000 =    -14339.464429
Energy at 0.5000 =    -14400.640837
Energy at 0.5000 =    -14400.640837
Energy at 0.6000 =    -14420.346200
Energy at 0.6000 =    -14420.346200
Energy at 1.0000 =    -14498.508397
Energy at 1.0000 =    -14498.508397
 ------------------------------------------------------------------------------


| TI region  1


 NSTEP =      800   TIME(PS) =     323.600  TEMP(K) =   289.40  PRESS =     0.0
 Etot   =    -11824.9945  EKtot   =      2595.3517  EPtot      =    -14420.3462
 BOND   =        11.1734  ANGLE   =        32.1310  DIHED      =        36.3919
 1-4 NB =        16.5562  1-4 EEL =      -505.5023  VDWAALS    =      2113.6925
 EELEC  =    -16124.7889  EHBOND  =         0.0000  RESTRAINT  =         0.0000
 EKCMT  =         0.0000  VIRIAL  =         0.0000  VOLUME     =     45904.7186
                                                    Density    =         0.9805
 DV/DL  =      -196.4687
 ------------------------------------------------------------------------------

  Softcore part of the system:       2 atoms,       TEMP(K)    =         650.49
 SC_Etot=         5.8081  SC_EKtot=         3.8779  SC_EPtot   =         1.9302
 SC_BOND=         0.8620  SC_ANGLE=         0.9863  SC_DIHED   =         0.0819
 SC_14NB=         0.0000  SC_14EEL=         0.0000  SC_VDW     =         0.0000
 SC_EEL =         0.0000
 SC_RES_DIST=     0.0000  SC_RES_ANG=       0.0000  SC_RES_TORS=         0.0000
 SC_EEL_DER=      0.0000  SC_VDW_DER=      -1.0632  SC_DERIV   =        -1.0632
 ------------------------------------------------------------------------------


| TI region  2


 NSTEP =      800   TIME(PS) =     323.600  TEMP(K) =   289.15  PRESS =     0.0
 Etot   =    -11828.8724  EKtot   =      2591.4738  EPtot      =    -14420.3462
 BOND   =        11.1734  ANGLE   =        32.1310  DIHED      =        36.3919
 1-4 NB =        16.5562  1-4 EEL =      -505.5023  VDWAALS    =      2113.6925
 EELEC  =    -16124.7889  EHBOND  =         0.0000  RESTRAINT  =         0.0000
 EKCMT  =         0.0000  VIRIAL  =         0.0000  VOLUME     =     45904.7186
                                                    Density    =         0.9804
 DV/DL  =      -196.4687
 ------------------------------------------------------------------------------


MBAR Energy analysis:
Energy at 0.2000 =    -14399.949201
Energy at 0.2000 =    -14399.949201
Energy at 0.5000 =    -14456.458292
Energy at 0.5000 =    -14456.458292
Energy at 0.6000 =    -14475.185245
Energy at 0.6000 =    -14475.185245
Energy at 1.0000 =    -14549.889639
Energy at 1.0000 =    -14549.889639
 ------------------------------------------------------------------------------


| TI region  1


 NSTEP =      850   TIME(PS) =     323.700  TEMP(K) =   290.13  PRESS =     0.0
 Etot   =    -11873.2059  EKtot   =      2601.9793  EPtot      =    -14475.1852
 BOND   =         7.3619  ANGLE   =        36.4506  DIHED      =        36.3115
 1-4 NB =        15.2984  1-4 EEL =      -514.2616  VDWAALS    =      2093.5326
 EELEC  =    -16149.8785  EHBOND  =         0.0000  RESTRAINT  =         0.0000
 EKCMT  =         0.0000  VIRIAL  =         0.0000  VOLUME     =     45904.7186
                                                    Density    =         0.9805
 DV/DL  =      -187.1161
 ------------------------------------------------------------------------------

  Softcore part of the system:       2 atoms,       TEMP(K)    =         665.47
 SC_Etot=         6.7552  SC_EKtot=         3.9673  SC_EPtot   =         2.7879
 SC_BOND=         0.6410  SC_ANGLE=         1.7645  SC_DIHED   =         0.3825
 SC_14NB=         0.0000  SC_14EEL=         0.0000  SC_VDW     =         0.0000
 SC_EEL =         0.0000
 SC_RES_DIST=     0.0000  SC_RES_ANG=       0.0000  SC_RES_TORS=         0.0000
 SC_EEL_DER=      0.0000  SC_VDW_DER=      -0.3551  SC_DERIV   =        -0.3551
 ------------------------------------------------------------------------------


| TI region  2


 NSTEP =      850   TIME(PS) =     323.700  TEMP(K) =   289.88  PRESS =     0.0
 Etot   =    -11877.1732  EKtot   =      2598.0121  EPtot      =    -14475.1852
 BOND   =         7.3619  ANGLE   =        36.4506  DIHED      =        36.3115
 1-4 NB =        15.2984  1-4 EEL =      -514.2616  VDWAALS    =      2093.5326
 EELEC  =    -16149.8785  EHBOND  =         0.0000  RESTRAINT  =         0.0000
 EKCMT  =         0.0000  VIRIAL  =         0.0000  VOLUME     =     45904.7186
                                                    Density    =         0.9804
 DV/DL  =      -187.1161
 ------------------------------------------------------------------------------


MBAR Energy analysis:
Energy at 0.2000 =    -14481.830225
Energy at 0.2000 =    -14481.830225
Energy at 0.5000 =    -14539.757190
Energy at 0.5000 =    -14539.757190
Energy at 0.6000 =    -14558.806739
Energy at 0.6000 =    -14558.806739
Energy at 1.0000 =    -14634.651708
Energy at 1.0000 =    -14634.651708
 ------------------------------------------------------------------------------


| TI region  1


 NSTEP =      900   TIME(PS) =     323.800  TEMP(K) =   303.76  PRESS =     0.0
 Etot   =    -11834.6709  EKtot   =      2724.1359  EPtot      =    -14558.8067
 BOND   =         9.9061  ANGLE   =        36.7403  DIHED      =        36.0287
 1-4 NB =        15.9774  1-4 EEL =      -515.2293  VDWAALS    =      2161.7176
 EELEC  =    -16303.9475  EHBOND  =         0.0000  RESTRAINT  =         0.0000
 EKCMT  =         0.0000  VIRIAL  =         0.0000  VOLUME     =     45725.2096
                                                    Density    =         0.9843
 DV/DL  =      -190.2061
 ------------------------------------------------------------------------------

  Softcore part of the system:       2 atoms,       TEMP(K)    =         331.35
 SC_Etot=         4.8958  SC_EKtot=         1.9754  SC_EPtot   =         2.9204
 SC_BOND=         1.1082  SC_ANGLE=         1.5117  SC_DIHED   =         0.3005
 SC_14NB=         0.0000  SC_14EEL=         0.0000  SC_VDW     =         0.0000
 SC_EEL =         0.0000
 SC_RES_DIST=     0.0000  SC_RES_ANG=       0.0000  SC_RES_TORS=         0.0000
 SC_EEL_DER=      0.0000  SC_VDW_DER=      -0.5937  SC_DERIV   =        -0.5937
 ------------------------------------------------------------------------------


| TI region  2


 NSTEP =      900   TIME(PS) =     323.800  TEMP(K) =   303.74  PRESS =     0.0
 Etot   =    -11836.6463  EKtot   =      2722.1605  EPtot      =    -14558.8067
 BOND   =         9.9061  ANGLE   =        36.7403  DIHED      =        36.0287
 1-4 NB =        15.9774  1-4 EEL =      -515.2293  VDWAALS    =      2161.7176
 EELEC  =    -16303.9475  EHBOND  =         0.0000  RESTRAINT  =         0.0000
 EKCMT  =         0.0000  VIRIAL  =         0.0000  VOLUME     =     45725.2096
                                                    Density    =         0.9842
 DV/DL  =      -190.2061
 ------------------------------------------------------------------------------


MBAR Energy analysis:
Energy at 0.2000 =    -14372.295385
Energy at 0.2000 =    -14372.295385
Energy at 0.5000 =    -14428.135911
Energy at 0.5000 =    -14428.135911
Energy at 0.6000 =    -14446.637178
Energy at 0.6000 =    -14446.637178
Energy at 1.0000 =    -14520.467144
Energy at 1.0000 =    -14520.467144
 ------------------------------------------------------------------------------


| TI region  1


 NSTEP =      950   TIME(PS) =     323.900  TEMP(K) =   295.42  PRESS =     0.0
 Etot   =    -11797.2546  EKtot   =      2649.3826  EPtot      =    -14446.6372
 BOND   =        17.6127  ANGLE   =        33.0118  DIHED      =        40.7266
 1-4 NB =        15.6183  1-4 EEL =      -511.2226  VDWAALS    =      2093.1959
 EELEC  =    -16135.5799  EHBOND  =         0.0000  RESTRAINT  =         0.0000
 EKCMT  =         0.0000  VIRIAL  =         0.0000  VOLUME     =     45725.2096
                                                    Density    =         0.9843
 DV/DL  =      -184.8732
 ------------------------------------------------------------------------------

  Softcore part of the system:       2 atoms,       TEMP(K)    =          84.90
 SC_Etot=         2.4996  SC_EKtot=         0.5061  SC_EPtot   =         1.9935
 SC_BOND=         0.2190  SC_ANGLE=         1.5582  SC_DIHED   =         0.2163
 SC_14NB=         0.0000  SC_14EEL=         0.0000  SC_VDW     =         0.0000
 SC_EEL =         0.0000
 SC_RES_DIST=     0.0000  SC_RES_ANG=       0.0000  SC_RES_TORS=         0.0000
 SC_EEL_DER=      0.0000  SC_VDW_DER=      -0.2983  SC_DERIV   =        -0.2983
 ------------------------------------------------------------------------------


| TI region  2


 NSTEP =      950   TIME(PS) =     323.900  TEMP(K) =   295.56  PRESS =     0.0
 Etot   =    -11797.7607  EKtot   =      2648.8765  EPtot      =    -14446.6372
 BOND   =        17.6127  ANGLE   =        33.0118  DIHED      =        40.7266
 1-4 NB =        15.6183  1-4 EEL =      -511.2226  VDWAALS    =      2093.1959
 EELEC  =    -16135.5799  EHBOND  =         0.0000  RESTRAINT  =         0.0000
 EKCMT  =         0.0000  VIRIAL  =         0.0000  VOLUME     =     45725.2096
                                                    Density    =         0.9842
 DV/DL  =      -184.8732
 ------------------------------------------------------------------------------


MBAR Energy analysis:
Energy at 0.2000 =    -14401.325240
Energy at 0.2000 =    -14401.325240
Energy at 0.5000 =    -14456.057103
Energy at 0.5000 =    -14456.057103
Energy at 0.6000 =    -14474.264871
Energy at 0.6000 =    -14474.264871
Energy at 1.0000 =    -14547.026094
Energy at 1.0000 =    -14547.026094
 ------------------------------------------------------------------------------


| TI region  1


 NSTEP =     1000   TIME(PS) =     324.000  TEMP(K) =   295.83  PRESS =     0.0
 Etot   =    -11821.1814  EKtot   =      2653.0835  EPtot      =    -14474.2649
 BOND   =        12.4919  ANGLE   =        29.0608  DIHED      =        36.5794
 1-4 NB =        15.0412  1-4 EEL =      -512.3870  VDWAALS    =      2088.2582
 EELEC  =    -16143.3094  EHBOND  =         0.0000  RESTRAINT  =         0.0000
 EKCMT  =         0.0000  VIRIAL  =         0.0000  VOLUME     =     45721.4549
                                                    Density    =         0.9844
 DV/DL  =      -182.0252
 ------------------------------------------------------------------------------

  Softcore part of the system:       2 atoms,       TEMP(K)    =         316.61
 SC_Etot=         4.1849  SC_EKtot=         1.8875  SC_EPtot   =         2.2975
 SC_BOND=         0.6298  SC_ANGLE=         1.6418  SC_DIHED   =         0.0259
 SC_14NB=         0.0000  SC_14EEL=         0.0000  SC_VDW     =         0.0000
 SC_EEL =         0.0000
 SC_RES_DIST=     0.0000  SC_RES_ANG=       0.0000  SC_RES_TORS=         0.0000
 SC_EEL_DER=      0.0000  SC_VDW_DER=      -0.1221  SC_DERIV   =        -0.1221
 ------------------------------------------------------------------------------


| TI region  2


 NSTEP =     1000   TIME(PS) =     324.000  TEMP(K) =   295.82  PRESS =     0.0
 Etot   =    -11823.0688  EKtot   =      2651.1960  EPtot      =    -14474.2649
 BOND   =        12.4919  ANGLE   =        29.0608  DIHED      =        36.5794
 1-4 NB =        15.0412  1-4 EEL =      -512.3870  VDWAALS    =      2088.2582
 EELEC  =    -16143.3094  EHBOND  =         0.0000  RESTRAINT  =         0.0000
 EKCMT  =         0.0000  VIRIAL  =         0.0000  VOLUME     =     45721.4549
                                                    Density    =         0.9843
 DV/DL  =      -182.0252
 ------------------------------------------------------------------------------

|===============================================================================

| TI region  1


      A V E R A G E S   O V E R    1000 S T E P S


 NSTEP =     1000   TIME(PS) =     324.000  TEMP(K) =   299.53  PRESS =     0.0
 Etot   =    -11739.0481  EKtot   =      2686.2812  EPtot      =    -14425.3293
 BOND   =        11.5198  ANGLE   =        33.9327  DIHED      =        38.5212
 1-4 NB =        15.4595  1-4 EEL =      -512.0469  VDWAALS    =      2067.3579
 EELEC  =    -16080.0735  EHBOND  =         0.0000  RESTRAINT  =         0.0000
 EKCMT  =         0.0000  VIRIAL  =         0.0000  VOLUME     =     45731.8877
                                                    Density    =         0.9842
 DV/DL  =      -185.3473
 ------------------------------------------------------------------------------

  Softcore part of the system:       2 atoms,       TEMP(K)    =         260.29
 SC_Etot=         3.8606  SC_EKtot=         1.5517  SC_EPtot   =         2.3089
 SC_BOND=         0.6452  SC_ANGLE=         1.3398  SC_DIHED   =         0.3238
 SC_14NB=         0.0000  SC_14EEL=         0.0000  SC_VDW     =         0.0000
 SC_EEL =         0.0000
 SC_RES_DIST=     0.0000  SC_RES_ANG=       0.0000  SC_RES_TORS=         0.0000
 SC_EEL_DER=      0.0000  SC_VDW_DER=      -0.5366  SC_DERIV   =        -0.5366
 ------------------------------------------------------------------------------


      R M S  F L U C T U A T I O N S


 NSTEP =     1000   TIME(PS) =     324.000  TEMP(K) =     4.86  PRESS =     0.0
 Etot   =        66.4813  EKtot   =        43.5825  EPtot      =        53.1139
 BOND   =         2.6046  ANGLE   =         4.8823  DIHED      =         2.7947
 1-4 NB =         1.3810  1-4 EEL =         5.1173  VDWAALS    =        41.0834
 EELEC  =        81.7286  EHBOND  =         0.0000  RESTRAINT  =         0.0000
 EKCMT  =         0.0000  VIRIAL  =         0.0000  VOLUME     =        98.5135
                                                    Density    =         0.0021
 DV/DL  =         6.9085
 ------------------------------------------------------------------------------

  Softcore part of the system:       2 atoms,       TEMP(K)    =         138.74
 SC_Etot=         1.1565  SC_EKtot=         0.8271  SC_EPtot   =         0.9218
 SC_BOND=         0.5053  SC_ANGLE=         0.7489  SC_DIHED   =         0.3791
 SC_14NB=         0.0000  SC_14EEL=         0.0000  SC_VDW     =         0.0000
 SC_EEL =         0.0000
 SC_RES_DIST=     0.0000  SC_RES_ANG=       0.0000  SC_RES_TORS=         0.0000
 SC_EEL_DER=      0.0000  SC_VDW_DER=       0.3784  SC_DERIV   =         0.3784
 ------------------------------------------------------------------------------


| TI region  2


      A V E R A G E S   O V E R    1000 S T E P S


 NSTEP =     1000   TIME(PS) =     324.000  TEMP(K) =   299.56  PRESS =     0.0
 Etot   =    -11740.5998  EKtot   =      2684.7295  EPtot      =    -14425.3293
 BOND   =        11.5198  ANGLE   =        33.9327  DIHED      =        38.5212
 1-4 NB =        15.4595  1-4 EEL =      -512.0469  VDWAALS    =      2067.3579
 EELEC  =    -16080.0735  EHBOND  =         0.0000  RESTRAINT  =         0.0000
 EKCMT  =         0.0000  VIRIAL  =         0.0000  VOLUME     =     45731.8877
                                                    Density    =         0.9841
 DV/DL  =      -185.3473
 ------------------------------------------------------------------------------


      R M S  F L U C T U A T I O N S


 NSTEP =     1000   TIME(PS) =     324.000  TEMP(K) =     4.87  PRESS =     0.0
 Etot   =        66.5877  EKtot   =        43.6381  EPtot      =        53.1139
 BOND   =         2.6046  ANGLE   =         4.8823  DIHED      =         2.7947
 1-4 NB =         1.3810  1-4 EEL =         5.1173  VDWAALS    =        41.0834
 EELEC  =        81.7286  EHBOND  =         0.0000  RESTRAINT  =         0.0000
 EKCMT  =         0.0000  VIRIAL  =         0.0000  VOLUME     =        98.5135
                                                    Density    =         0.0021
 DV/DL  =         6.9085
 ------------------------------------------------------------------------------


      DV/DL, AVERAGES OVER    1000 STEPS


 NSTEP =     1000   TIME(PS) =     324.000  TEMP(K) =     4.87  PRESS =     0.0
 Etot   =         0.0000  EKtot   =         0.0000  EPtot      =      -183.4897
 BOND   =         0.0000  ANGLE   =         0.0000  DIHED      =         0.0000
 1-4 NB =         0.0434  1-4 EEL =      -206.4554  VDWAALS    =        -0.5420
 EELEC  =        22.1432  EHBOND  =         0.0000  RESTRAINT  =         0.0000
 EKCMT  =         0.0000  VIRIAL  =         0.0000  VOLUME     =         0.0000
                                                    Density    =         0.0000
 DV/DL  =      -183.4897
 ------------------------------------------------------------------------------

|===============================================================================

| TI region  1


      A V E R A G E S   O V E R    1000 S T E P S


 NSTEP =     1000   TIME(PS) =     324.000  TEMP(K) =   299.53  PRESS =     0.0
 Etot   =    -11739.0481  EKtot   =      2686.2812  EPtot      =    -14425.3293
 BOND   =        11.5198  ANGLE   =        33.9327  DIHED      =        38.5212
 1-4 NB =        15.4595  1-4 EEL =      -512.0469  VDWAALS    =      2067.3579
 EELEC  =    -16080.0735  EHBOND  =         0.0000  RESTRAINT  =         0.0000
 EKCMT  =         0.0000  VIRIAL  =         0.0000  VOLUME     =     45731.8877
                                                    Density    =         0.9842
 DV/DL  =      -185.3473
 ------------------------------------------------------------------------------

  Softcore part of the system:       2 atoms,       TEMP(K)    =         260.29
 SC_Etot=         3.8606  SC_EKtot=         1.5517  SC_EPtot   =         2.3089
 SC_BOND=         0.6452  SC_ANGLE=         1.3398  SC_DIHED   =         0.3238
 SC_14NB=         0.0000  SC_14EEL=         0.0000  SC_VDW     =         0.0000
 SC_EEL =         0.0000
 SC_RES_DIST=     0.0000  SC_RES_ANG=       0.0000  SC_RES_TORS=         0.0000
 SC_EEL_DER=      0.0000  SC_VDW_DER=      -0.5366  SC_DERIV   =        -0.5366
 ------------------------------------------------------------------------------


      R M S  F L U C T U A T I O N S


 NSTEP =     1000   TIME(PS) =     324.000  TEMP(K) =     4.86  PRESS =     0.0
 Etot   =        66.4813  EKtot   =        43.5825  EPtot      =        53.1139
 BOND   =         2.6046  ANGLE   =         4.8823  DIHED      =         2.7947
 1-4 NB =         1.3810  1-4 EEL =         5.1173  VDWAALS    =        41.0834
 EELEC  =        81.7286  EHBOND  =         0.0000  RESTRAINT  =         0.0000
 EKCMT  =         0.0000  VIRIAL  =         0.0000  VOLUME     =        98.5135
                                                    Density    =         0.0021
 DV/DL  =         6.9085
 ------------------------------------------------------------------------------

  Softcore part of the system:       2 atoms,       TEMP(K)    =         138.74
 SC_Etot=         1.1565  SC_EKtot=         0.8271  SC_EPtot   =         0.9218
 SC_BOND=         0.5053  SC_ANGLE=         0.7489  SC_DIHED   =         0.3791
 SC_14NB=         0.0000  SC_14EEL=         0.0000  SC_VDW     =         0.0000
 SC_EEL =         0.0000
 SC_RES_DIST=     0.0000  SC_RES_ANG=       0.0000  SC_RES_TORS=         0.0000
 SC_EEL_DER=      0.0000  SC_VDW_DER=       0.3784  SC_DERIV   =         0.3784
 ------------------------------------------------------------------------------


| TI region  2


      A V E R A G E S   O V E R    1000 S T E P S


 NSTEP =     1000   TIME(PS) =     324.000  TEMP(K) =   299.56  PRESS =     0.0
 Etot   =    -11740.5998  EKtot   =      2684.7295  EPtot      =    -14425.3293
 BOND   =        11.5198  ANGLE   =        33.9327  DIHED      =        38.5212
 1-4 NB =        15.4595  1-4 EEL =      -512.0469  VDWAALS    =      2067.3579
 EELEC  =    -16080.0735  EHBOND  =         0.0000  RESTRAINT  =         0.0000
 EKCMT  =         0.0000  VIRIAL  =         0.0000  VOLUME     =     45731.8877
                                                    Density    =         0.9841
 DV/DL  =      -185.3473
 ------------------------------------------------------------------------------


      R M S  F L U C T U A T I O N S


 NSTEP =     1000   TIME(PS) =     324.000  TEMP(K) =     4.87  PRESS =     0.0
 Etot   =        66.5877  EKtot   =        43.6381  EPtot      =        53.1139
 BOND   =         2.6046  ANGLE   =         4.8823  DIHED      =         2.7947
 1-4 NB =         1.3810  1-4 EEL =         5.1173  VDWAALS    =        41.0834
 EELEC  =        81.7286  EHBOND  =         0.0000  RESTRAINT  =         0.0000
 EKCMT  =         0.0000  VIRIAL  =         0.0000  VOLUME     =        98.5135
                                                    Density    =         0.0021
 DV/DL  =         6.9085
 ------------------------------------------------------------------------------


      DV/DL, AVERAGES OVER    1000 STEPS


 NSTEP =     1000   TIME(PS) =     324.000  TEMP(K) =     4.87  PRESS =     0.0
 Etot   =         0.0000  EKtot   =         0.0000  EPtot      =      -183.4897
 BOND   =         0.0000  ANGLE   =         0.0000  DIHED      =         0.0000
 1-4 NB =         0.0434  1-4 EEL =      -206.4554  VDWAALS    =        -0.5420
 EELEC  =        22.1432  EHBOND  =         0.0000  RESTRAINT  =         0.0000
 EKCMT  =         0.0000  VIRIAL  =         0.0000  VOLUME     =         0.0000
                                                    Density    =         0.0000
 DV/DL  =      -183.4897
 ------------------------------------------------------------------------------

| MC Barostat:         10 volume changes attempted.
| MC Barostat:          6 changes successful ( 60.00%)
 ------------------------------------------------------------------------------

--------------------------------------------------------------------------------
   5.  TIMINGS
--------------------------------------------------------------------------------

|  NonSetup CPU Time in Major Routines:
|
|     Routine           Sec        %
|     ------------------------------
|     Nonbond           0.30   80.23
|     Bond              0.00    0.00
|     Angle             0.00    0.00
|     Dihedral          0.00    0.00
|     Shake             0.00    0.79
|     RunMD             0.07   17.59
|     Other             0.01    1.39
|     ------------------------------
|     Total             0.37

|  PME Nonbond Pairlist CPU Time:
|
|     Routine              Sec        %
|     ---------------------------------
|     Set Up Cit           0.00    0.00
|     Build List           0.00    0.00
|     ---------------------------------
|     Total                0.00    0.00

|  PME Direct Force CPU Time:
|
|     Routine              Sec        %
|     ---------------------------------
|     NonBonded Calc       0.00    0.00
|     Exclude Masked       0.00    0.00
|     Other                0.00    0.46
|     ---------------------------------
|     Total                0.00    0.46

|  PME Reciprocal Force CPU Time:
|
|     Routine              Sec        %
|     ---------------------------------
|     1D bspline           0.00    0.00
|     Grid Charges         0.00    0.00
|     Scalar Sum           0.00    0.00
|     Gradient Sum         0.00    0.00
|     FFT                  0.00    0.00
|     ---------------------------------
|     Total                0.00    0.00

|  Final Performance Info:
|     -----------------------------------------------------
|     Average timings for last     950 steps:
|     Elapsed(s) =       0.36 Per Step(ms) =       0.38
|         ns/day =     453.34   seconds/ns =     190.58
|
|     Average timings for all steps:
|     Elapsed(s) =       0.38 Per Step(ms) =       0.38
|         ns/day =     449.03   seconds/ns =     192.41
|     -----------------------------------------------------

|  Setup CPU time:            1.09 seconds
|  NonSetup CPU time:         0.37 seconds
|  Total CPU time:            1.46 seconds     0.00 hours

|  Setup wall time:           1    seconds
|  NonSetup wall time:        0    seconds
|  Total wall time:           1    seconds     0.00 hours
